FAIL src/__tests__/core/apiClient.test.ts
  ● apiClient › 1. Request interceptor gắn Bearer token khi có token trong sessionStorage

    TypeError: Cannot redefine property: location
        at Object.defineProperty (<anonymous>)

       8 | beforeEach(() => {
       9 |   jest.clearAllMocks()
    > 10 |   Object.defineProperty(window, 'location', {
         |          ^
      11 |     writable: true,
      12 |     configurable: true,
      13 |     value: { pathname: '/', href: 'http://localhost/' },

      at Object.defineProperty (src/__tests__/core/apiClient.test.ts:10:10)

  ● apiClient › 2. Request interceptor không gắn header khi không có token

    TypeError: Cannot redefine property: location
        at Object.defineProperty (<anonymous>)

       8 | beforeEach(() => {
       9 |   jest.clearAllMocks()
    > 10 |   Object.defineProperty(window, 'location', {
         |          ^
      11 |     writable: true,
      12 |     configurable: true,
      13 |     value: { pathname: '/', href: 'http://localhost/' },

      at Object.defineProperty (src/__tests__/core/apiClient.test.ts:10:10)

  ● apiClient › 3. Response interceptor unwrap ApiResponse.data khi success=true

    TypeError: Cannot redefine property: location
        at Object.defineProperty (<anonymous>)

       8 | beforeEach(() => {
       9 |   jest.clearAllMocks()
    > 10 |   Object.defineProperty(window, 'location', {
         |          ^
      11 |     writable: true,
      12 |     configurable: true,
      13 |     value: { pathname: '/', href: 'http://localhost/' },

      at Object.defineProperty (src/__tests__/core/apiClient.test.ts:10:10)

  ● apiClient › 4. Response interceptor reject Error khi success=false

    TypeError: Cannot redefine property: location
        at Object.defineProperty (<anonymous>)

       8 | beforeEach(() => {
       9 |   jest.clearAllMocks()
    > 10 |   Object.defineProperty(window, 'location', {
         |          ^
      11 |     writable: true,
      12 |     configurable: true,
      13 |     value: { pathname: '/', href: 'http://localhost/' },

      at Object.defineProperty (src/__tests__/core/apiClient.test.ts:10:10)

  ● apiClient › 5. 401 -> xóa token + redirect /login

    TypeError: Cannot redefine property: location
        at Object.defineProperty (<anonymous>)

       8 | beforeEach(() => {
       9 |   jest.clearAllMocks()
    > 10 |   Object.defineProperty(window, 'location', {
         |          ^
      11 |     writable: true,
      12 |     configurable: true,
      13 |     value: { pathname: '/', href: 'http://localhost/' },

      at Object.defineProperty (src/__tests__/core/apiClient.test.ts:10:10)

  ● apiClient › 6. 401 nhưng đang ở /login -> không redirect loop

    TypeError: Cannot redefine property: location
        at Object.defineProperty (<anonymous>)

       8 | beforeEach(() => {
       9 |   jest.clearAllMocks()
    > 10 |   Object.defineProperty(window, 'location', {
         |          ^
      11 |     writable: true,
      12 |     configurable: true,
      13 |     value: { pathname: '/', href: 'http://localhost/' },

      at Object.defineProperty (src/__tests__/core/apiClient.test.ts:10:10)

  ● apiClient › 7. Error parsing: trích message từ AxiosError response

    TypeError: Cannot redefine property: location
        at Object.defineProperty (<anonymous>)

       8 | beforeEach(() => {
       9 |   jest.clearAllMocks()
    > 10 |   Object.defineProperty(window, 'location', {
         |          ^
      11 |     writable: true,
      12 |     configurable: true,
      13 |     value: { pathname: '/', href: 'http://localhost/' },

      at Object.defineProperty (src/__tests__/core/apiClient.test.ts:10:10)

  ● apiClient › 8. Error parsing: fallback "Yêu cầu thất bại" khi không có message

    TypeError: Cannot redefine property: location
        at Object.defineProperty (<anonymous>)

       8 | beforeEach(() => {
       9 |   jest.clearAllMocks()
    > 10 |   Object.defineProperty(window, 'location', {
         |          ^
      11 |     writable: true,
      12 |     configurable: true,
      13 |     value: { pathname: '/', href: 'http://localhost/' },

      at Object.defineProperty (src/__tests__/core/apiClient.test.ts:10:10)

FAIL src/__tests__/hrm/services.test.ts
  ● HRM Services › Other HRM Services › departmentService.getAll

    TypeError: Cannot read properties of undefined (reading 'name')

      91 |       )
      92 |       const res = await departmentService.getAll()
    > 93 |       expect(res[0].name).toBe('IT')
         |                     ^
      94 |     })
      95 |
      96 |     it('shiftService.getAll', async () => {

      at Object.name (src/__tests__/hrm/services.test.ts:93:21)

  ● HRM Services › Other HRM Services › shiftService.getAll

    TypeError: Cannot read properties of undefined (reading 'name')

       99 |       )
      100 |       const res = await shiftService.getAll()
    > 101 |       expect(res[0].name).toBe('Ca sang')
          |                     ^
      102 |     })
      103 |
      104 |     it('holidayService.getYear', async () => {

      at Object.name (src/__tests__/hrm/services.test.ts:101:21)

  ● HRM Services › Other HRM Services › holidayService.getYear

    TypeError: _holidayService.holidayService.getYear is not a function

      110 |         })
      111 |       )
    > 112 |       await holidayService.getYear(2023)
          |                            ^
      113 |       expect(capturedUrl).toContain('year=2023')
      114 |     })
      115 |   })

      at Object.getYear (src/__tests__/hrm/services.test.ts:112:28)

FAIL src/__tests__/leave/services.test.ts
  ● leaveService › 1. getLeaveTypes() -> GET /leave-types

    expect(received).toEqual(expected) // deep equality

    Expected: [{"id": 1, "name": "AL"}]
    Received: ""

      20 |     )
      21 |     const res = await leaveService.getLeaveTypes()
    > 22 |     expect(res).toEqual([{ id: 1, name: 'AL' }])
         |                 ^
      23 |   })
      24 |
      25 |   it('2. createLeaveType() -> POST /leave-types', async () => {

      at Object.toEqual (src/__tests__/leave/services.test.ts:22:17)

FAIL src/__tests__/attendance/services.test.ts
  ● Attendance Services › attendanceService › getToday

    expect(received).toEqual(expected) // deep equality

    Expected: {"id": 2}
    Received: ""

      42 |       )
      43 |       const res = await attendanceService.getToday()
    > 44 |       expect(res).toEqual({ id: 2 })
         |                   ^
      45 |     })
      46 |
      47 |     it('getMyRecords', async () => {

      at Object.toEqual (src/__tests__/attendance/services.test.ts:44:19)

  ● Attendance Services › attendanceService › getEmployeeRecords

    expect(received).toEqual(expected) // deep equality

    Expected: {"content": []}
    Received: ""

      88 |       )
      89 |       const res = await attendanceService.getEmployeeRecords(5, {})
    > 90 |       expect(res).toEqual({ content: [] })
         |                   ^
      91 |     })
      92 |
      93 |     it('getMonthlyStats', async () => {

      at Object.toEqual (src/__tests__/attendance/services.test.ts:90:19)

  ● Attendance Services › overtimeService › approveRequest

    expect(received).toEqual(expected) // deep equality

    Expected: {"id": 10}
    Received: ""

      176 |       )
      177 |       const res = await overtimeService.approveRequest(10)
    > 178 |       expect(res).toEqual({ id: 10 })
          |                   ^
      179 |     })
      180 |
      181 |     it('rejectRequest', async () => {

      at Object.toEqual (src/__tests__/attendance/services.test.ts:178:19)

PASS src/__tests__/core/auth.test.tsx
FAIL src/__tests__/leave/pages.test.tsx
  ● LeaveRequestPage › 4. Submit đơn -> gọi submitRequest() API

    TestingLibraryElementError: Found a label with the text of: /Từ ngày/i, however no form control was found associated to that label. Make sure you're using the "for" attribute or "aria-labelledby" attribute correctly.

    Ignored nodes: comments, script, style
    [36m<body>[39m
      [36m<div>[39m
        [36m<div[39m
          [33mclass[39m=[32m"flex-1 flex flex-col overflow-hidden"[39m
        [36m>[39m
          [36m<div[39m
            [33mclass[39m=[32m"bg-[#3d6b59] h-12 flex items-center justify-between px-6 shadow-md z-10"[39m
          [36m>[39m
            [36m<div[39m
              [33mclass[39m=[32m"flex items-center"[39m
            [36m>[39m
              [36m<svg[39m
                [33maria-hidden[39m=[32m"true"[39m
                [33mclass[39m=[32m"lucide lucide-file-text text-white h-5 w-5 mr-2"[39m
                [33mfill[39m=[32m"none"[39m
                [33mheight[39m=[32m"24"[39m
                [33mstroke[39m=[32m"currentColor"[39m
                [33mstroke-linecap[39m=[32m"round"[39m
                [33mstroke-linejoin[39m=[32m"round"[39m
                [33mstroke-width[39m=[32m"2"[39m
                [33mviewBox[39m=[32m"0 0 24 24"[39m
                [33mwidth[39m=[32m"24"[39m
                [33mxmlns[39m=[32m"http://www.w3.org/2000/svg"[39m
              [36m>[39m
                [36m<path[39m
                  [33md[39m=[32m"M6 22a2 2 0 0 1-2-2V4a2 2 0 0 1 2-2h8a2.4 2.4 0 0 1 1.704.706l3.588 3.588A2.4 2.4 0 0 1 20 8v12a2 2 0 0 1-2 2z"[39m
                [36m/>[39m
                [36m<path[39m
                  [33md[39m=[32m"M14 2v5a1 1 0 0 0 1 1h5"[39m
                [36m/>[39m
                [36m<path[39m
                  [33md[39m=[32m"M10 9H8"[39m
                [36m/>[39m
                [36m<path[39m
                  [33md[39m=[32m"M16 13H8"[39m
                [36m/>[39m
                [36m<path[39m
                  [33md[39m=[32m"M16 17H8"[39m
                [36m/>[39m
              [36m</svg>[39m
              [36m<span[39m
                [33mclass[39m=[32m"text-white font-bold tracking-wide"[39m
              [36m>[39m
                [0mQUẢN LÝ ĐƠN XIN NGHỈ[0m
              [36m</span>[39m
            [36m</div>[39m
            [36m<div[39m
              [33mclass[39m=[32m"flex items-center gap-3"[39m
            [36m>[39m
              [36m<div[39m
                [33mclass[39m=[32m"flex items-center gap-2 bg-white/20 border border-white/20 rounded-md px-3 py-1 focus-within:ring-2 focus-within:ring-white/50 transition-all"[39m
              [36m>[39m
                [36m<span[39m
                  [33mclass[39m=[32m"text-white text-sm"[39m
                [36m>[39m
                  [0mNăm[0m
                [36m</span>[39m
                [36m<input[39m
                  [33mclass[39m=[32m"bg-transparent border-none text-sm text-white outline-none w-16"[39m
                  [33mtype[39m=[32m"number"[39m
                  [33mvalue[39m=[32m"2026"[39m
                [36m/>[39m
              [36m</div>[39m
              [36m<button[39m
                [33mclass[39m=[32m"inline-flex items-center justify-center gap-2 whitespace-nowrap transition-colors focus-visible:outline-none focus-visible:ring-1 focus-visible:ring-ring disabled:pointer-events-none disabled:opacity-50 [&_svg]:pointer-events-none [&_svg]:size-4 [&_svg]:shrink-0 shadow-sm h-8 rounded-md px-3 text-xs bg-white text-[#3d6b59] hover:bg-white/90 font-medium"[39m
              [36m>[39m
                [36m<svg[39m
                  [33maria-hidden[39m=[32m"true"[39m
                  [33mclass[39m=[32m"lucide lucide-plus h-4 w-4 mr-1"[39m
                  [33mfill[39m=[32m"none"[39m
                  [33mheight[39m=[32m"24"[39m
                  [33mstroke[39m=[32m"currentColor"[39m
                  [33mstroke-linecap[39m=[32m"round"[39m
                  [33mstroke-linejoin[39m=[32m"round"[39m
                  [33mstroke-width[39m=[32m"2"[39m
                  [33mviewBox[39m=[32m"0 0 24 24"[39m
                  [33mwidth[39m=[32m"24"[39m
                  [33mxmlns[39m=[32m"http://www.w3.org/2000/svg"[39m
                [36m>[39m
                  [36m<path[39m
                    [33md[39m=[32m"M5 12h14"[39m
                  [36m/>[39m
                  [36m<path[39m
                    [33md[39m=[32m"M12 5v14"[39m
                  [36m/>[39m
                [36m</svg>[39m
                [0mTạo đơn nghỉ mới[0m
              [36m</button>[39m
            [36m</div>[39m
          [36m</div>[39m
          [36m<div[39m
            [33mclass[39m=[32m"p-6 overflow-auto flex-1 space-y-4"[39m
          [36m>[39m
            [36m<div[39m
              [33mclass[39m=[32m"bg-white border rounded-md p-4 space-y-4"[39m
            [36m>[39m
              [36m<div[39m
                [33mclass[39m=[32m"flex flex-wrap gap-2"[39m
              [36m>[39m
                [36m<button[39m
                  [33mclass[39m=[32m"px-3 py-1.5 rounded-md text-sm bg-[#3d6b59] text-white"[39m
                [36m>[39m
                  [0mChờ duyệt[0m
                [36m</button>[39m
                [36m<button[39m
                  [33mclass[39m=[32m"px-3 py-1.5 rounded-md text-sm bg-muted text-muted-foreground"[39m
                [36m>[39m
                  [0mĐã duyệt[0m
                [36m</button>[39m
                [36m<button[39m
                  [33mclass[39m=[32m"px-3 py-1.5 rounded-md text-sm bg-muted text-muted-foreground"[39m
                [36m>[39m
                  [0mTừ chối[0m
                [36m</button>[39m
                [36m<button[39m
                  [33mclass[39m=[32m"px-3 py-1.5 rounded-md text-sm bg-muted text-muted-foreground"[39m
                [36m>[39m
                  [0mĐã hủy[0m
                [36m</button>[39m
              [36m</div>[39m
              [36m<div[39m
                [33mclass[39m=[32m"grid grid-cols-1 md:grid-cols-1 gap-3"[39m
              [36m>[39m
                [36m<select[39m
                  [33mclass[39m=[32m"flex h-9 w-full rounded-md border border-input bg-transparent px-3 py-1 text-sm shadow-sm"[39m
                [36m>[39m
                  [36m<option[39m
                    [33mvalue[39m=[32m"ALL"[39m
                  [36m>[39m
                    [0mTất cả loại nghỉ[0m
                  [36m</option>[39m
                  [36m<option[39m
                    [33mvalue[39m=[32m"1"[39m
                  [36m>[39m
                    [0mPhép năm[0m
                  [36m</option>[39m
                  [36m<option[39m
                    [33mvalue[39m=[32m"2"[39m
                  [36m>[39m
                    [0mNghỉ ốm[0m
                  [36m</option>[39m
                [36m</select>[39m
              [36m</div>[39m
              [36m<div[39m
                [33mclass[39m=[32m"border rounded-md overflow-auto"[39m
              [36m>[39m
                [36m<div[39m
                  [33mclass[39m=[32m"relative w-full overflow-auto"[39m
                [36m>[39m
                  [36m<table[39m
                    [33mclass[39m=[32m"w-full caption-bottom text-sm"[39m
                  [36m>[39m
                    [36m<thead[39m
                      [33mclass[39m=[32m"[&_tr]:border-b"[39m
                    [36m>[39m
                      [36m<tr[39m
                        [33mclass[39m=[32m"border-b transition-colors hover:bg-muted/50 data-[state=selected]:bg-muted bg-muted/50"[39m
                      [36m>[39m
                        [36m<th...

      118 |
      119 |     // Form uses label "Từ ngày", "Đến ngày" + placeholder for reason
    > 120 |     const fromInput = screen.getByLabelText(/Từ ngày/i)
          |                              ^
      121 |     const toInput = screen.getByLabelText(/Đến ngày/i)
      122 |     const reasonInput = screen.getByPlaceholderText(/Nhập lý do xin nghỉ/i)
      123 |

      at Object.getElementError (node_modules/@testing-library/dom/dist/config.js:37:19)
      at getAllByLabelText (node_modules/@testing-library/dom/dist/queries/label-text.js:108:40)
      at node_modules/@testing-library/dom/dist/query-helpers.js:52:17
      at node_modules/@testing-library/dom/dist/query-helpers.js:95:19
      at Object.getByLabelText (src/__tests__/leave/pages.test.tsx:120:30)

  ● LeaveRequestPage › 5. Hủy đơn PENDING -> gọi cancelRequest()

    TestingLibraryElementError: Found multiple elements with the role "button" and name `/Hủy/i`

    Here are the matching elements:

    Ignored nodes: comments, script, style
    [36m<button[39m
      [33mclass[39m=[32m"px-3 py-1.5 rounded-md text-sm bg-muted text-muted-foreground"[39m
    [36m>[39m
      [0mĐã hủy[0m
    [36m</button>[39m

    Ignored nodes: comments, script, style
    [36m<button[39m
      [33mclass[39m=[32m"inline-flex items-center justify-center gap-2 whitespace-nowrap font-medium transition-colors focus-visible:outline-none focus-visible:ring-1 focus-visible:ring-ring disabled:pointer-events-none disabled:opacity-50 [&_svg]:pointer-events-none [&_svg]:size-4 [&_svg]:shrink-0 bg-destructive text-destructive-foreground shadow-sm hover:bg-destructive/90 h-8 rounded-md px-3 text-xs"[39m
    [36m>[39m
      [0mHủy[0m
    [36m</button>[39m

    (If this is intentional, then use the `*AllBy*` variant of the query (like `queryAllByText`, `getAllByText`, or `findAllByText`)).

    Ignored nodes: comments, script, style
    [36m<body>[39m
      [36m<div>[39m
        [36m<div[39m
          [33mclass[39m=[32m"flex-1 flex flex-col overflow-hidden"[39m
        [36m>[39m
          [36m<div[39m
            [33mclass[39m=[32m"bg-[#3d6b59] h-12 flex items-center justify-between px-6 shadow-md z-10"[39m
          [36m>[39m
            [36m<div[39m
              [33mclass[39m=[32m"flex items-center"[39m
            [36m>[39m
              [36m<svg[39m
                [33maria-hidden[39m=[32m"true"[39m
                [33mclass[39m=[32m"lucide lucide-file-text text-white h-5 w-5 mr-2"[39m
                [33mfill[39m=[32m"none"[39m
                [33mheight[39m=[32m"24"[39m
                [33mstroke[39m=[32m"currentColor"[39m
                [33mstroke-linecap[39m=[32m"round"[39m
                [33mstroke-linejoin[39m=[32m"round"[39m
                [33mstroke-width[39m=[32m"2"[39m
                [33mviewBox[39m=[32m"0 0 24 24"[39m
                [33mwidth[39m=[32m"24"[39m
                [33mxmlns[39m=[32m"http://www.w3.org/2000/svg"[39m
              [36m>[39m
                [36m<path[39m
                  [33md[39m=[32m"M6 22a2 2 0 0 1-2-2V4a2 2 0 0 1 2-2h8a2.4 2.4 0 0 1 1.704.706l3.588 3.588A2.4 2.4 0 0 1 20 8v12a2 2 0 0 1-2 2z"[39m
                [36m/>[39m
                [36m<path[39m
                  [33md[39m=[32m"M14 2v5a1 1 0 0 0 1 1h5"[39m
                [36m/>[39m
                [36m<path[39m
                  [33md[39m=[32m"M10 9H8"[39m
                [36m/>[39m
                [36m<path[39m
                  [33md[39m=[32m"M16 13H8"[39m
                [36m/>[39m
                [36m<path[39m
                  [33md[39m=[32m"M16 17H8"[39m
                [36m/>[39m
              [36m</svg>[39m
              [36m<span[39m
                [33mclass[39m=[32m"text-white font-bold tracking-wide"[39m
              [36m>[39m
                [0mQUẢN LÝ ĐƠN XIN NGHỈ[0m
              [36m</span>[39m
            [36m</div>[39m
            [36m<div[39m
              [33mclass[39m=[32m"flex items-center gap-3"[39m
            [36m>[39m
              [36m<div[39m
                [33mclass[39m=[32m"flex items-center gap-2 bg-white/20 border border-white/20 rounded-md px-3 py-1 focus-within:ring-2 focus-within:ring-white/50 transition-all"[39m
              [36m>[39m
                [36m<span[39m
                  [33mclass[39m=[32m"text-white text-sm"[39m
                [36m>[39m
                  [0mNăm[0m
                [36m</span>[39m
                [36m<input[39m
                  [33mclass[39m=[32m"bg-transparent border-none text-sm text-white outline-none w-16"[39m
                  [33mtype[39m=[32m"number"[39m
                  [33mvalue[39m=[32m"2026"[39m
                [36m/>[39m
              [36m</div>[39m
              [36m<button[39m
                [33mclass[39m=[32m"inline-flex items-center justify-center gap-2 whitespace-nowrap transition-colors focus-visible:outline-none focus-visible:ring-1 focus-visible:ring-ring disabled:pointer-events-none disabled:opacity-50 [&_svg]:pointer-events-none [&_svg]:size-4 [&_svg]:shrink-0 shadow-sm h-8 rounded-md px-3 text-xs bg-white text-[#3d6b59] hover:bg-white/90 font-medium"[39m
              [36m>[39m
                [36m<svg[39m
                  [33maria-hidden[39m=[32m"true"[39m
                  [33mclass[39m=[32m"lucide lucide-plus h-4 w-4 mr-1"[39m
                  [33mfill[39m=[32m"none"[39m
                  [33mheight[39m=[32m"24"[39m
                  [33mstroke[39m=[32m"currentColor"[39m
                  [33mstroke-linecap[39m=[32m"round"[39m
                  [33mstroke-linejoin[39m=[32m"round"[39m
                  [33mstroke-width[39m=[32m"2"[39m
                  [33mviewBox[39m=[32m"0 0 24 24"[39m
                  [33mwidth[39m=[32m"24"[39m
                  [33mxmlns[39m=[32m"http://www.w3.org/2000/svg"[39m
                [36m>[39m
                  [36m<path[39m
                    [33md[39m=[32m"M5 12h14"[39m
                  [36m/>[39m
                  [36m<path[39m
                    [33md[39m=[32m"M12 5v14"[39m
                  [36m/>[39m
                [36m</svg>[39m
                [0mTạo đơn nghỉ mới[0m
              [36m</button>[39m
            [36m</div>[39m
          [36m</div>[39m
          [36m<div[39m
            [33mclass[39m=[32m"p-6 overflow-auto flex-1 space-y-4"[39m
          [36m>[39m
            [36m<div[39m
              [33mclass[39m=[32m"bg-white border rounded-md p-4 space-y-4"[39m
            [36m>[39m
              [36m<div[39m
                [33mclass[39m=[32m"flex flex-wrap gap-2"[39m
              [36m>[39m
                [36m<button[39m
                  [33mclass[39m=[32m"px-3 py-1.5 rounded-md text-sm bg-[#3d6b59] text-white"[39m
                [36m>[39m
                  [0mChờ duyệt[0m
                [36m</button>[39m
                [36m<button[39m
                  [33mclass[39m=[32m"px-3 py-1.5 rounded-md text-sm bg-muted text-muted-foreground"[39m
                [36m>[39m
                  [0mĐã duyệt[0m
                [36m</button>[39m
                [36m<button[39m
                  [33mclass[39m=[32m"px-3 py-1.5 rounded-md text-sm bg-muted text-muted-foreground"[39m
                [36m>[39m
                  [0mTừ chối[0m
                [36m</button>[39m
                [36m<button[39m
                  [33mclass[39m=[32m"px-3 py-1.5 rounded-md text-sm bg-muted text-muted-foreground"[39m
                [36m>[39m
                  [0mĐã hủy[0m
                [36m</button>[39m
              [36m</div>[39m
              [36m<div[39m
                [33mclass[39m=[32m"grid grid-cols-1 md:grid-cols-1 gap-3"[39m
              [36m>[39m
                [36m<select[39m
                  [33mclass[39m=[32m"flex h-9 w-full rounded-md border border-input bg-transparent px-3 py-1 text-sm shadow-sm"[39m
                [36m>[39m
                  [36m<option[39m
                    [33mvalue[39m=[32m"ALL"[39m
                  [36m>[39m
                    [0mTất cả loại nghỉ[0m
                  [36m</option>[39m
                  [36m<option[39m
                    [33mvalue[39m=[32m"1"[39m
                  [36m>[39m
                    [0mPhép năm[0m
                  [36m</option>[39m
                  [36m<option[39m
                    [33mvalue[39m=[32m"2"[39m
                  [36m>[39m
                    [0mNghỉ ốm[0m
                  [36m</option>[39m
                [36m</select>[39m
              [36m</div>[39m
              [36m<div[39m
                [33mclass[39m=[32m"border rounded-md overflow-auto"[39m
              [36m>[39m
                [36m<div[39m
                  [33mclass[39m=[32m"relative w-full overflow-auto"[39m
                [36m>[39m
                  [36m<table[39m
                    [33mclass[39m=[32m"w-full caption-bottom text-sm"[39m
                  [36m>[39m
                    [36m<thead[39m
                      [33mclass[39m=[32m"[&_tr]:border-b"[39m
                    [36m>[39m
                      [36m<tr[39m
                        [33mclass[39m=[32m"border-b transition-colors hover:bg-muted/50 data-[state=selected]:bg-muted bg-muted/50"[39m
                      [36m>[39m
                        [36m<th...

      138 |
      139 |     // "Hủy" button directly calls handleCancel
    > 140 |     const cancelBtn = screen.getByRole('button', { name: /Hủy/i })
          |                              ^
      141 |     await userEvent.click(cancelBtn)
      142 |
      143 |     await waitFor(() => expect(leaveService.cancelRequest).toHaveBeenCalledWith(10))

      at Object.getElementError (node_modules/@testing-library/dom/dist/config.js:37:19)
      at getElementError (node_modules/@testing-library/dom/dist/query-helpers.js:20:35)
      at getMultipleElementsFoundError (node_modules/@testing-library/dom/dist/query-helpers.js:23:10)
      at node_modules/@testing-library/dom/dist/query-helpers.js:55:13
      at node_modules/@testing-library/dom/dist/query-helpers.js:95:19
      at Object.getByRole (src/__tests__/leave/pages.test.tsx:140:30)

  ● LeaveRequestPage › 8. Admin: Reject -> nhập lý do -> rejectRequest()

    Unable to find an element with the placeholder text of: /Nhập lý do/

    Ignored nodes: comments, script, style
    [36m<body>[39m
      [36m<div>[39m
        [36m<div[39m
          [33mclass[39m=[32m"flex-1 flex flex-col overflow-hidden"[39m
        [36m>[39m
          [36m<div[39m
            [33mclass[39m=[32m"bg-[#3d6b59] h-12 flex items-center justify-between px-6 shadow-md z-10"[39m
          [36m>[39m
            [36m<div[39m
              [33mclass[39m=[32m"flex items-center"[39m
            [36m>[39m
              [36m<svg[39m
                [33maria-hidden[39m=[32m"true"[39m
                [33mclass[39m=[32m"lucide lucide-file-text text-white h-5 w-5 mr-2"[39m
                [33mfill[39m=[32m"none"[39m
                [33mheight[39m=[32m"24"[39m
                [33mstroke[39m=[32m"currentColor"[39m
                [33mstroke-linecap[39m=[32m"round"[39m
                [33mstroke-linejoin[39m=[32m"round"[39m
                [33mstroke-width[39m=[32m"2"[39m
                [33mviewBox[39m=[32m"0 0 24 24"[39m
                [33mwidth[39m=[32m"24"[39m
                [33mxmlns[39m=[32m"http://www.w3.org/2000/svg"[39m
              [36m>[39m
                [36m<path[39m
                  [33md[39m=[32m"M6 22a2 2 0 0 1-2-2V4a2 2 0 0 1 2-2h8a2.4 2.4 0 0 1 1.704.706l3.588 3.588A2.4 2.4 0 0 1 20 8v12a2 2 0 0 1-2 2z"[39m
                [36m/>[39m
                [36m<path[39m
                  [33md[39m=[32m"M14 2v5a1 1 0 0 0 1 1h5"[39m
                [36m/>[39m
                [36m<path[39m
                  [33md[39m=[32m"M10 9H8"[39m
                [36m/>[39m
                [36m<path[39m
                  [33md[39m=[32m"M16 13H8"[39m
                [36m/>[39m
                [36m<path[39m
                  [33md[39m=[32m"M16 17H8"[39m
                [36m/>[39m
              [36m</svg>[39m
              [36m<span[39m
                [33mclass[39m=[32m"text-white font-bold tracking-wide"[39m
              [36m>[39m
                [0mQUẢN LÝ ĐƠN XIN NGHỈ[0m
              [36m</span>[39m
            [36m</div>[39m
            [36m<div[39m
              [33mclass[39m=[32m"flex items-center gap-3"[39m
            [36m>[39m
              [36m<div[39m
                [33mclass[39m=[32m"flex items-center gap-2 bg-white/20 border border-white/20 rounded-md px-3 py-1 focus-within:ring-2 focus-within:ring-white/50 transition-all"[39m
              [36m>[39m
                [36m<span[39m
                  [33mclass[39m=[32m"text-white text-sm"[39m
                [36m>[39m
                  [0mNăm[0m
                [36m</span>[39m
                [36m<input[39m
                  [33mclass[39m=[32m"bg-transparent border-none text-sm text-white outline-none w-16"[39m
                  [33mtype[39m=[32m"number"[39m
                  [33mvalue[39m=[32m"2026"[39m
                [36m/>[39m
              [36m</div>[39m
            [36m</div>[39m
          [36m</div>[39m
          [36m<div[39m
            [33mclass[39m=[32m"p-6 overflow-auto flex-1 space-y-4"[39m
          [36m>[39m
            [36m<div[39m
              [33mclass[39m=[32m"bg-white border rounded-md p-4 space-y-4"[39m
            [36m>[39m
              [36m<div[39m
                [33mclass[39m=[32m"flex flex-wrap gap-2"[39m
              [36m>[39m
                [36m<button[39m
                  [33mclass[39m=[32m"px-3 py-1.5 rounded-md text-sm bg-muted text-muted-foreground"[39m
                [36m>[39m
                  [0mChờ duyệt[0m
                [36m</button>[39m
                [36m<button[39m
                  [33mclass[39m=[32m"px-3 py-1.5 rounded-md text-sm bg-muted text-muted-foreground"[39m
                [36m>[39m
                  [0mĐã duyệt[0m
                [36m</button>[39m
                [36m<button[39m
                  [33mclass[39m=[32m"px-3 py-1.5 rounded-md text-sm bg-[#3d6b59] text-white"[39m
                [36m>[39m
                  [0mTừ chối[0m
                [36m</button>[39m
                [36m<button[39m
                  [33mclass[39m=[32m"px-3 py-1.5 rounded-md text-sm bg-muted text-muted-foreground"[39m
                [36m>[39m
                  [0mĐã hủy[0m
                [36m</button>[39m
              [36m</div>[39m
              [36m<div[39m
                [33mclass[39m=[32m"grid grid-cols-1 md:grid-cols-2 gap-3"[39m
              [36m>[39m
                [36m<div[39m
                  [33mclass[39m=[32m"relative"[39m
                [36m>[39m
                  [36m<input[39m
                    [33mclass[39m=[32m"flex h-9 w-full rounded-md border border-input bg-transparent px-3 py-1 text-sm shadow-sm transition-colors file:border-0 file:bg-transparent file:text-sm file:font-medium placeholder:text-muted-foreground focus-visible:outline-none focus-visible:ring-1 focus-visible:ring-ring disabled:cursor-not-allowed disabled:opacity-50 pr-8"[39m
                    [33mplaceholder[39m=[32m"Tìm tên/mã/lý do"[39m
                    [33mvalue[39m=[32m""[39m
                  [36m/>[39m
                  [36m<svg[39m
                    [33maria-hidden[39m=[32m"true"[39m
                    [33mclass[39m=[32m"lucide lucide-search absolute right-2 top-1/2 -translate-y-1/2 h-4 w-4 text-muted-foreground"[39m
                    [33mfill[39m=[32m"none"[39m
                    [33mheight[39m=[32m"24"[39m
                    [33mstroke[39m=[32m"currentColor"[39m
                    [33mstroke-linecap[39m=[32m"round"[39m
                    [33mstroke-linejoin[39m=[32m"round"[39m
                    [33mstroke-width[39m=[32m"2"[39m
                    [33mviewBox[39m=[32m"0 0 24 24"[39m
                    [33mwidth[39m=[32m"24"[39m
                    [33mxmlns[39m=[32m"http://www.w3.org/2000/svg"[39m
                  [36m>[39m
                    [36m<path[39m
                      [33md[39m=[32m"m21 21-4.34-4.34"[39m
                    [36m/>[39m
                    [36m<circle[39m
                      [33mcx[39m=[32m"11"[39m
                      [33mcy[39m=[32m"11"[39m
                      [33mr[39m=[32m"8"[39m
                    [36m/>[39m
                  [36m</svg>[39m
                [36m</div>[39m
                [36m<select[39m
                  [33mclass[39m=[32m"flex h-9 w-full rounded-md border border-input bg-transparent px-3 py-1 text-sm shadow-sm"[39m
                [36m>[39m
                  [36m<option[39m
                    [33mvalue[39m=[32m"ALL"[39m
                  [36m>[39m
                    [0mTất cả loại nghỉ[0m
                  [36m</option>[39m
                  [36m<option[39m
                    [33mvalue[39m=[32m"1"[39m
                  [36m>[39m
                    [0mPhép năm[0m
                  [36m</option>[39m
                  [36m<option[39m
                    [33mvalue[39m=[32m"2"[39m
                  [36m>[39m
                    [0mNghỉ ốm[0m
                  [36m</option>[39m
                [36m</select>[39m
              [36m</div>[39m
              [36m<div[39m
                [33mclass[39m=[32m"border rounded-md overflow-auto"[39m
              [36m>[39m
                [36m<div[39m
                  [33mclass[39m=[32m"relative w-full overflow-auto"[39m
                [36m>[39m
                  [36m<table[39m
                    [33mclass[39m=[32m"w-full caption-bottom text-sm"[39m
                  [...

      178 |
      179 |     // PromptModal with placeholder and minChars=5
    > 180 |     const textarea = await screen.findByPlaceholderText(/Nhập lý do/)
          |                                   ^
      181 |     await userEvent.type(textarea, 'Khong dong y nha')
      182 |
      183 |     // Confirm button in PromptModal also has text "Từ chối"

      at waitForWrapper (node_modules/@testing-library/dom/dist/wait-for.js:163:27)
      at node_modules/@testing-library/dom/dist/query-helpers.js:86:33
      at Object.findByPlaceholderText (src/__tests__/leave/pages.test.tsx:180:35)

FAIL src/__tests__/hrm/pages.test.tsx
  ● Console

    console.error
      An update to EmployeeListPage inside a test was not wrapped in act(...).
      
      When testing, code that causes React state updates should be wrapped into act(...):
      
      act(() => {
        /* fire events that update state */
      });
      /* assert on the output */
      
      This ensures that you're testing the behavior the user would see in the browser. Learn more at https://react.dev/link/wrap-tests-with-act

      142 |   useEffect(() => {
      143 |     const timer = setTimeout(() => {
    > 144 |       setFilters(prev => {
          |       ^
      145 |         if (prev.search === searchInput) return prev;
      146 |         setCurrentPage(1);
      147 |         return { ...prev, search: searchInput };

      at node_modules/react-dom/cjs/react-dom-client.development.js:18758:19
      at runWithFiberInDEV (node_modules/react-dom/cjs/react-dom-client.development.js:874:13)
      at warnIfUpdatesNotWrappedWithActDEV (node_modules/react-dom/cjs/react-dom-client.development.js:18757:9)
      at scheduleUpdateOnFiber (node_modules/react-dom/cjs/react-dom-client.development.js:16409:11)
      at dispatchSetStateInternal (node_modules/react-dom/cjs/react-dom-client.development.js:9170:13)
      at dispatchSetState (node_modules/react-dom/cjs/react-dom-client.development.js:9127:7)
      at setFilters (src/pages/employees/EmployeeListPage.tsx:144:7)
      at Timeout.task [as _onTimeout] (node_modules/jsdom/lib/jsdom/browser/Window.js:579:19)

    console.error
      An update to Select inside a test was not wrapped in act(...).
      
      When testing, code that causes React state updates should be wrapped into act(...):
      
      act(() => {
        /* fire events that update state */
      });
      /* assert on the output */
      
      This ensures that you're testing the behavior the user would see in the browser. Learn more at https://react.dev/link/wrap-tests-with-act

      at node_modules/react-dom/cjs/react-dom-client.development.js:18758:19
      at runWithFiberInDEV (node_modules/react-dom/cjs/react-dom-client.development.js:874:13)
      at warnIfUpdatesNotWrappedWithActDEV (node_modules/react-dom/cjs/react-dom-client.development.js:18757:9)
      at scheduleUpdateOnFiber (node_modules/react-dom/cjs/react-dom-client.development.js:16409:11)
      at dispatchSetStateInternal (node_modules/react-dom/cjs/react-dom-client.development.js:9170:13)
      at dispatchSetState (node_modules/react-dom/cjs/react-dom-client.development.js:9127:7)
      at setRef (node_modules/@radix-ui/react-compose-refs/src/compose-refs.tsx:11:12)
      at node_modules/@radix-ui/react-compose-refs/src/compose-refs.tsx:25:23
          at Array.map (<anonymous>)
      at node_modules/@radix-ui/react-compose-refs/src/compose-refs.tsx:24:27
      at setRef (node_modules/@radix-ui/react-compose-refs/src/compose-refs.tsx:11:12)
      at node_modules/@radix-ui/react-compose-refs/src/compose-refs.tsx:25:23
          at Array.map (<anonymous>)
      at node_modules/@radix-ui/react-compose-refs/src/compose-refs.tsx:24:27
      at runWithFiberInDEV (node_modules/react-dom/cjs/react-dom-client.development.js:874:13)
      at safelyDetachRef (node_modules/react-dom/cjs/react-dom-client.development.js:13529:37)
      at commitMutationEffectsOnFiber (node_modules/react-dom/cjs/react-dom-client.development.js:14826:15)
      at recursivelyTraverseMutationEffects (node_modules/react-dom/cjs/react-dom-client.development.js:14576:11)
      at commitMutationEffectsOnFiber (node_modules/react-dom/cjs/react-dom-client.development.js:14591:11)
      at recursivelyTraverseMutationEffects (node_modules/react-dom/cjs/react-dom-client.development.js:14576:11)
      at commitMutationEffectsOnFiber (node_modules/react-dom/cjs/react-dom-client.development.js:14591:11)
      at recursivelyTraverseMutationEffects (node_modules/react-dom/cjs/react-dom-client.development.js:14576:11)
      at commitMutationEffectsOnFiber (node_modules/react-dom/cjs/react-dom-client.development.js:14591:11)
      at recursivelyTraverseMutationEffects (node_modules/react-dom/cjs/react-dom-client.development.js:14576:11)
      at commitMutationEffectsOnFiber (node_modules/react-dom/cjs/react-dom-client.development.js:14591:11)
      at recursivelyTraverseMutationEffects (node_modules/react-dom/cjs/react-dom-client.development.js:14576:11)
      at commitMutationEffectsOnFiber (node_modules/react-dom/cjs/react-dom-client.development.js:14591:11)
      at recursivelyTraverseMutationEffects (node_modules/react-dom/cjs/react-dom-client.development.js:14576:11)
      at commitMutationEffectsOnFiber (node_modules/react-dom/cjs/react-dom-client.development.js:14591:11)
      at recursivelyTraverseMutationEffects (node_modules/react-dom/cjs/react-dom-client.development.js:14576:11)
      at commitMutationEffectsOnFiber (node_modules/react-dom/cjs/react-dom-client.development.js:14591:11)
      at recursivelyTraverseMutationEffects (node_modules/react-dom/cjs/react-dom-client.development.js:14576:11)
      at commitMutationEffectsOnFiber (node_modules/react-dom/cjs/react-dom-client.development.js:15102:11)
      at recursivelyTraverseMutationEffects (node_modules/react-dom/cjs/react-dom-client.development.js:14576:11)
      at commitMutationEffectsOnFiber (node_modules/react-dom/cjs/react-dom-client.development.js:14591:11)
      at recursivelyTraverseMutationEffects (node_modules/react-dom/cjs/react-dom-client.development.js:14576:11)
      at commitMutationEffectsOnFiber (node_modules/react-dom/cjs/react-dom-client.development.js:15102:11)
      at recursivelyTraverseMutationEffects (node_modules/react-dom/cjs/react-dom-client.development.js:14576:11)
      at commitMutationEffectsOnFiber (node_modules/react-dom/cjs/react-dom-client.development.js:14591:11)
      at recursivelyTraverseMutationEffects (node_modules/react-dom/cjs/react-dom-client.development.js:14576:11)
      at commitMutationEffectsOnFiber (node_modules/react-dom/cjs/react-dom-client.development.js:14591:11)
      at recursivelyTraverseMutationEffects (node_modules/react-dom/cjs/react-dom-client.development.js:14576:11)
      at commitMutationEffectsOnFiber (node_modules/react-dom/cjs/react-dom-client.development.js:15102:11)
      at recursivelyTraverseMutationEffects (node_modules/react-dom/cjs/react-dom-client.development.js:14576:11)
      at commitMutationEffectsOnFiber (node_modules/react-dom/cjs/react-dom-client.development.js:14591:11)
      at recursivelyTraverseMutationEffects (node_modules/react-dom/cjs/react-dom-client.development.js:14576:11)
      at commitMutationEffectsOnFiber (node_modules/react-dom/cjs/react-dom-client.development.js:15102:11)
      at recursivelyTraverseMutationEffects (node_modules/react-dom/cjs/react-dom-client.development.js:14576:11)
      at commitMutationEffectsOnFiber (node_modules/react-dom/cjs/react-dom-client.development.js:14591:11)
      at recursivelyTraverseMutationEffects (node_modules/react-dom/cjs/react-dom-client.development.js:14576:11)
      at commitMutationEffectsOnFiber (node_modules/react-dom/cjs/react-dom-client.development.js:14591:11)
      at recursivelyTraverseMutationEffects (node_modules/react-dom/cjs/react-dom-client.development.js:14576:11)
      at commitMutationEffectsOnFiber (node_modules/react-dom/cjs/react-dom-client.development.js:14591:11)
      at recursivelyTraverseMutationEffects (node_modules/react-dom/cjs/react-dom-client.development.js:14576:11)
      at commitMutationEffectsOnFiber (node_modules/react-dom/cjs/react-dom-client.development.js:14821:11)
      at recursivelyTraverseMutationEffects (node_modules/react-dom/cjs/react-dom-client.development.js:14576:11)
      at commitMutationEffectsOnFiber (node_modules/react-dom/cjs/react-dom-client.development.js:14821:11)
      at recursivelyTraverseMutationEffects (node_modules/react-dom/cjs/react-dom-client.development.js:14576:11)
      at commitMutationEffectsOnFiber (node_modules/react-dom/cjs/react-dom-client.development.js:14821:11)
      at recursivelyTraverseMutationEffects (node_modules/react-dom/cjs/react-dom-client.development.js:14576:11)
      at commitMutationEffectsOnFiber (node_modules/react-dom/cjs/react-dom-client.development.js:14591:11)
      at recursivelyTraverseMutationEffects (node_modules/react-dom/cjs/react-dom-client.development.js:14576:11)
      at commitMutationEffectsOnFiber (node_modules/react-dom/cjs/react-dom-client.development.js:15102:11)
      at recursivelyTraverseMutationEffects (node_modules/react-dom/cjs/react-dom-client.development.js:14576:11)
      at commitMutationEffectsOnFiber (node_modules/react-dom/cjs/react-dom-client.development.js:15102:11)
      at recursivelyTraverseMutationEffects (node_modules/react-dom/cjs/react-dom-client.development.js:14576:11)
      at commitMutationEffectsOnFiber (node_modules/react-dom/cjs/react-dom-client.development.js:14591:11)
      at recursivelyTraverseMutationEffects (node_modules/react-dom/cjs/react-dom-client.development.js:14576:11)
      at commitMutationEffectsOnFiber (node_modules/react-dom/cjs/react-dom-client.development.js:14591:11)
      at recursivelyTraverseMutationEffects (node_modules/react-dom/cjs/react-dom-client.development.js:14576:11)
      at commitMutationEffectsOnFiber (node_modules/react-dom/cjs/react-dom-client.development.js:15102:11)
      at recursivelyTraverseMutationEffects (node_modules/react-dom/cjs/react-dom-client.development.js:14576:11)
      at commitMutationEffectsOnFiber (node_modules/react-dom/cjs/react-dom-client.development.js:14591:11)
      at recursivelyTraverseMutationEffects (node_modules/react-dom/cjs/react-dom-client.development.js:14576:11)
      at commitMutationEffectsOnFiber (node_modules/react-dom/cjs/react-dom-client.development.js:14591:11)
      at recursivelyTraverseMutationEffects (node_modules/react-dom/cjs/react-dom-client.development.js:14576:11)
      at commitMutationEffectsOnFiber (node_modules/react-dom/cjs/react-dom-client.development.js:14883:11)
      at flushMutationEffects (node_modules/react-dom/cjs/react-dom-client.development.js:17979:13)
      at commitRoot (node_modules/react-dom/cjs/react-dom-client.development.js:17953:9)
      at commitRootWhenReady (node_modules/react-dom/cjs/react-dom-client.development.js:16824:7)
      at performWorkOnRoot (node_modules/react-dom/cjs/react-dom-client.development.js:16722:15)
      at performWorkOnRootViaSchedulerTask (node_modules/react-dom/cjs/react-dom-client.development.js:18957:7)
      at performWorkUntilDeadline (node_modules/scheduler/cjs/scheduler.development.js:45:48)
      at Timeout.task [as _onTimeout] (node_modules/jsdom/lib/jsdom/browser/Window.js:579:19)

    console.error
      An update to SelectItemText inside a test was not wrapped in act(...).
      
      When testing, code that causes React state updates should be wrapped into act(...):
      
      act(() => {
        /* fire events that update state */
      });
      /* assert on the output */
      
      This ensures that you're testing the behavior the user would see in the browser. Learn more at https://react.dev/link/wrap-tests-with-act

      at node_modules/react-dom/cjs/react-dom-client.development.js:18758:19
      at runWithFiberInDEV (node_modules/react-dom/cjs/react-dom-client.development.js:874:13)
      at warnIfUpdatesNotWrappedWithActDEV (node_modules/react-dom/cjs/react-dom-client.development.js:18757:9)
      at scheduleUpdateOnFiber (node_modules/react-dom/cjs/react-dom-client.development.js:16409:11)
      at dispatchSetStateInternal (node_modules/react-dom/cjs/react-dom-client.development.js:9170:13)
      at dispatchSetState (node_modules/react-dom/cjs/react-dom-client.development.js:9127:7)
      at node_modules/@radix-ui/react-select/src/select.tsx:1378:17
      at setRef (node_modules/@radix-ui/react-compose-refs/src/compose-refs.tsx:11:12)
      at node_modules/@radix-ui/react-compose-refs/src/compose-refs.tsx:25:23
          at Array.map (<anonymous>)
      at node_modules/@radix-ui/react-compose-refs/src/compose-refs.tsx:24:27
      at runWithFiberInDEV (node_modules/react-dom/cjs/react-dom-client.development.js:874:13)
      at safelyDetachRef (node_modules/react-dom/cjs/react-dom-client.development.js:13529:37)
      at commitMutationEffectsOnFiber (node_modules/react-dom/cjs/react-dom-client.development.js:14826:15)
      at recursivelyTraverseMutationEffects (node_modules/react-dom/cjs/react-dom-client.development.js:14576:11)
      at commitMutationEffectsOnFiber (node_modules/react-dom/cjs/react-dom-client.development.js:14591:11)
      at recursivelyTraverseMutationEffects (node_modules/react-dom/cjs/react-dom-client.development.js:14576:11)
      at commitMutationEffectsOnFiber (node_modules/react-dom/cjs/react-dom-client.development.js:14591:11)
      at recursivelyTraverseMutationEffects (node_modules/react-dom/cjs/react-dom-client.development.js:14576:11)
      at commitMutationEffectsOnFiber (node_modules/react-dom/cjs/react-dom-client.development.js:14821:11)
      at recursivelyTraverseMutationEffects (node_modules/react-dom/cjs/react-dom-client.development.js:14576:11)
      at commitMutationEffectsOnFiber (node_modules/react-dom/cjs/react-dom-client.development.js:14591:11)
      at recursivelyTraverseMutationEffects (node_modules/react-dom/cjs/react-dom-client.development.js:14576:11)
      at commitMutationEffectsOnFiber (node_modules/react-dom/cjs/react-dom-client.development.js:14591:11)
      at recursivelyTraverseMutationEffects (node_modules/react-dom/cjs/react-dom-client.development.js:14576:11)
      at commitMutationEffectsOnFiber (node_modules/react-dom/cjs/react-dom-client.development.js:14591:11)
      at recursivelyTraverseMutationEffects (node_modules/react-dom/cjs/react-dom-client.development.js:14576:11)
      at commitMutationEffectsOnFiber (node_modules/react-dom/cjs/react-dom-client.development.js:14591:11)
      at recursivelyTraverseMutationEffects (node_modules/react-dom/cjs/react-dom-client.development.js:14576:11)
      at commitMutationEffectsOnFiber (node_modules/react-dom/cjs/react-dom-client.development.js:15102:11)
      at recursivelyTraverseMutationEffects (node_modules/react-dom/cjs/react-dom-client.development.js:14576:11)
      at commitMutationEffectsOnFiber (node_modules/react-dom/cjs/react-dom-client.development.js:14591:11)
      at recursivelyTraverseMutationEffects (node_modules/react-dom/cjs/react-dom-client.development.js:14576:11)
      at commitMutationEffectsOnFiber (node_modules/react-dom/cjs/react-dom-client.development.js:14591:11)
      at recursivelyTraverseMutationEffects (node_modules/react-dom/cjs/react-dom-client.development.js:14576:11)
      at commitMutationEffectsOnFiber (node_modules/react-dom/cjs/react-dom-client.development.js:14591:11)
      at recursivelyTraverseMutationEffects (node_modules/react-dom/cjs/react-dom-client.development.js:14576:11)
      at commitMutationEffectsOnFiber (node_modules/react-dom/cjs/react-dom-client.development.js:14821:11)
      at recursivelyTraverseMutationEffects (node_modules/react-dom/cjs/react-dom-client.development.js:14576:11)
      at commitMutationEffectsOnFiber (node_modules/react-dom/cjs/react-dom-client.development.js:14591:11)
      at recursivelyTraverseMutationEffects (node_modules/react-dom/cjs/react-dom-client.development.js:14576:11)
      at commitMutationEffectsOnFiber (node_modules/react-dom/cjs/react-dom-client.development.js:14591:11)
      at recursivelyTraverseMutationEffects (node_modules/react-dom/cjs/react-dom-client.development.js:14576:11)
      at commitMutationEffectsOnFiber (node_modules/react-dom/cjs/react-dom-client.development.js:14591:11)
      at recursivelyTraverseMutationEffects (node_modules/react-dom/cjs/react-dom-client.development.js:14576:11)
      at commitMutationEffectsOnFiber (node_modules/react-dom/cjs/react-dom-client.development.js:14591:11)
      at recursivelyTraverseMutationEffects (node_modules/react-dom/cjs/react-dom-client.development.js:14576:11)
      at commitMutationEffectsOnFiber (node_modules/react-dom/cjs/react-dom-client.development.js:14591:11)
      at recursivelyTraverseMutationEffects (node_modules/react-dom/cjs/react-dom-client.development.js:14576:11)
      at commitMutationEffectsOnFiber (node_modules/react-dom/cjs/react-dom-client.development.js:14821:11)
      at recursivelyTraverseMutationEffects (node_modules/react-dom/cjs/react-dom-client.development.js:14576:11)
      at commitMutationEffectsOnFiber (node_modules/react-dom/cjs/react-dom-client.development.js:14591:11)
      at recursivelyTraverseMutationEffects (node_modules/react-dom/cjs/react-dom-client.development.js:14576:11)
      at commitMutationEffectsOnFiber (node_modules/react-dom/cjs/react-dom-client.development.js:14591:11)
      at recursivelyTraverseMutationEffects (node_modules/react-dom/cjs/react-dom-client.development.js:14576:11)
      at commitMutationEffectsOnFiber (node_modules/react-dom/cjs/react-dom-client.development.js:14591:11)
      at recursivelyTraverseMutationEffects (node_modules/react-dom/cjs/react-dom-client.development.js:14576:11)
      at commitMutationEffectsOnFiber (node_modules/react-dom/cjs/react-dom-client.development.js:15102:11)
      at recursivelyTraverseMutationEffects (node_modules/react-dom/cjs/react-dom-client.development.js:14576:11)
      at commitMutationEffectsOnFiber (node_modules/react-dom/cjs/react-dom-client.development.js:14591:11)
      at recursivelyTraverseMutationEffects (node_modules/react-dom/cjs/react-dom-client.development.js:14576:11)
      at commitMutationEffectsOnFiber (node_modules/react-dom/cjs/react-dom-client.development.js:14911:11)
      at recursivelyTraverseMutationEffects (node_modules/react-dom/cjs/react-dom-client.development.js:14576:11)
      at commitMutationEffectsOnFiber (node_modules/react-dom/cjs/react-dom-client.development.js:14591:11)
      at recursivelyTraverseMutationEffects (node_modules/react-dom/cjs/react-dom-client.development.js:14576:11)
      at commitMutationEffectsOnFiber (node_modules/react-dom/cjs/react-dom-client.development.js:14591:11)
      at recursivelyTraverseMutationEffects (node_modules/react-dom/cjs/react-dom-client.development.js:14576:11)
      at commitMutationEffectsOnFiber (node_modules/react-dom/cjs/react-dom-client.development.js:14591:11)
      at recursivelyTraverseMutationEffects (node_modules/react-dom/cjs/react-dom-client.development.js:14576:11)
      at commitMutationEffectsOnFiber (node_modules/react-dom/cjs/react-dom-client.development.js:14591:11)
      at recursivelyTraverseMutationEffects (node_modules/react-dom/cjs/react-dom-client.development.js:14576:11)
      at commitMutationEffectsOnFiber (node_modules/react-dom/cjs/react-dom-client.development.js:14911:11)
      at recursivelyTraverseMutationEffects (node_modules/react-dom/cjs/react-dom-client.development.js:14576:11)
      at commitMutationEffectsOnFiber (node_modules/react-dom/cjs/react-dom-client.development.js:14591:11)
      at recursivelyTraverseMutationEffects (node_modules/react-dom/cjs/react-dom-client.development.js:14576:11)
      at commitMutationEffectsOnFiber (node_modules/react-dom/cjs/react-dom-client.development.js:14591:11)
      at recursivelyTraverseMutationEffects (node_modules/react-dom/cjs/react-dom-client.development.js:14576:11)
      at commitMutationEffectsOnFiber (node_modules/react-dom/cjs/react-dom-client.development.js:14591:11)
      at recursivelyTraverseMutationEffects (node_modules/react-dom/cjs/react-dom-client.development.js:14576:11)
      at commitMutationEffectsOnFiber (node_modules/react-dom/cjs/react-dom-client.development.js:15102:11)
      at recursivelyTraverseMutationEffects (node_modules/react-dom/cjs/react-dom-client.development.js:14576:11)
      at commitMutationEffectsOnFiber (node_modules/react-dom/cjs/react-dom-client.development.js:14591:11)
      at recursivelyTraverseMutationEffects (node_modules/react-dom/cjs/react-dom-client.development.js:14576:11)
      at commitMutationEffectsOnFiber (node_modules/react-dom/cjs/react-dom-client.development.js:15102:11)
      at recursivelyTraverseMutationEffects (node_modules/react-dom/cjs/react-dom-client.development.js:14576:11)
      at commitMutationEffectsOnFiber (node_modules/react-dom/cjs/react-dom-client.development.js:14591:11)
      at recursivelyTraverseMutationEffects (node_modules/react-dom/cjs/react-dom-client.development.js:14576:11)
      at commitMutationEffectsOnFiber (node_modules/react-dom/cjs/react-dom-client.development.js:14591:11)
      at recursivelyTraverseMutationEffects (node_modules/react-dom/cjs/react-dom-client.development.js:14576:11)
      at commitMutationEffectsOnFiber (node_modules/react-dom/cjs/react-dom-client.development.js:15102:11)
      at recursivelyTraverseMutationEffects (node_modules/react-dom/cjs/react-dom-client.development.js:14576:11)
      at commitMutationEffectsOnFiber (node_modules/react-dom/cjs/react-dom-client.development.js:14591:11)
      at recursivelyTraverseMutationEffects (node_modules/react-dom/cjs/react-dom-client.development.js:14576:11)
      at commitMutationEffectsOnFiber (node_modules/react-dom/cjs/react-dom-client.development.js:15102:11)
      at recursivelyTraverseMutationEffects (node_modules/react-dom/cjs/react-dom-client.development.js:14576:11)
      at commitMutationEffectsOnFiber (node_modules/react-dom/cjs/react-dom-client.development.js:14591:11)
      at recursivelyTraverseMutationEffects (node_modules/react-dom/cjs/react-dom-client.development.js:14576:11)
      at commitMutationEffectsOnFiber (node_modules/react-dom/cjs/react-dom-client.development.js:14591:11)

    console.error
      An update to SelectItem inside a test was not wrapped in act(...).
      
      When testing, code that causes React state updates should be wrapped into act(...):
      
      act(() => {
        /* fire events that update state */
      });
      /* assert on the output */
      
      This ensures that you're testing the behavior the user would see in the browser. Learn more at https://react.dev/link/wrap-tests-with-act

      at node_modules/react-dom/cjs/react-dom-client.development.js:18758:19
      at runWithFiberInDEV (node_modules/react-dom/cjs/react-dom-client.development.js:874:13)
      at warnIfUpdatesNotWrappedWithActDEV (node_modules/react-dom/cjs/react-dom-client.development.js:18757:9)
      at scheduleUpdateOnFiber (node_modules/react-dom/cjs/react-dom-client.development.js:16409:11)
      at dispatchSetStateInternal (node_modules/react-dom/cjs/react-dom-client.development.js:9170:13)
      at dispatchSetState (node_modules/react-dom/cjs/react-dom-client.development.js:9127:7)
      at node_modules/@radix-ui/react-select/src/select.tsx:1291:11
      at setRef (node_modules/@radix-ui/react-compose-refs/src/compose-refs.tsx:11:12)
      at node_modules/@radix-ui/react-compose-refs/src/compose-refs.tsx:25:23
          at Array.map (<anonymous>)
      at node_modules/@radix-ui/react-compose-refs/src/compose-refs.tsx:24:27
      at runWithFiberInDEV (node_modules/react-dom/cjs/react-dom-client.development.js:874:13)
      at safelyDetachRef (node_modules/react-dom/cjs/react-dom-client.development.js:13529:37)
      at commitMutationEffectsOnFiber (node_modules/react-dom/cjs/react-dom-client.development.js:14826:15)
      at recursivelyTraverseMutationEffects (node_modules/react-dom/cjs/react-dom-client.development.js:14576:11)
      at commitMutationEffectsOnFiber (node_modules/react-dom/cjs/react-dom-client.development.js:14591:11)
      at recursivelyTraverseMutationEffects (node_modules/react-dom/cjs/react-dom-client.development.js:14576:11)
      at commitMutationEffectsOnFiber (node_modules/react-dom/cjs/react-dom-client.development.js:14591:11)
      at recursivelyTraverseMutationEffects (node_modules/react-dom/cjs/react-dom-client.development.js:14576:11)
      at commitMutationEffectsOnFiber (node_modules/react-dom/cjs/react-dom-client.development.js:14821:11)
      at recursivelyTraverseMutationEffects (node_modules/react-dom/cjs/react-dom-client.development.js:14576:11)
      at commitMutationEffectsOnFiber (node_modules/react-dom/cjs/react-dom-client.development.js:14591:11)
      at recursivelyTraverseMutationEffects (node_modules/react-dom/cjs/react-dom-client.development.js:14576:11)
      at commitMutationEffectsOnFiber (node_modules/react-dom/cjs/react-dom-client.development.js:14591:11)
      at recursivelyTraverseMutationEffects (node_modules/react-dom/cjs/react-dom-client.development.js:14576:11)
      at commitMutationEffectsOnFiber (node_modules/react-dom/cjs/react-dom-client.development.js:14591:11)
      at recursivelyTraverseMutationEffects (node_modules/react-dom/cjs/react-dom-client.development.js:14576:11)
      at commitMutationEffectsOnFiber (node_modules/react-dom/cjs/react-dom-client.development.js:14591:11)
      at recursivelyTraverseMutationEffects (node_modules/react-dom/cjs/react-dom-client.development.js:14576:11)
      at commitMutationEffectsOnFiber (node_modules/react-dom/cjs/react-dom-client.development.js:15102:11)
      at recursivelyTraverseMutationEffects (node_modules/react-dom/cjs/react-dom-client.development.js:14576:11)
      at commitMutationEffectsOnFiber (node_modules/react-dom/cjs/react-dom-client.development.js:14591:11)
      at recursivelyTraverseMutationEffects (node_modules/react-dom/cjs/react-dom-client.development.js:14576:11)
      at commitMutationEffectsOnFiber (node_modules/react-dom/cjs/react-dom-client.development.js:14591:11)
      at recursivelyTraverseMutationEffects (node_modules/react-dom/cjs/react-dom-client.development.js:14576:11)
      at commitMutationEffectsOnFiber (node_modules/react-dom/cjs/react-dom-client.development.js:14591:11)
      at recursivelyTraverseMutationEffects (node_modules/react-dom/cjs/react-dom-client.development.js:14576:11)
      at commitMutationEffectsOnFiber (node_modules/react-dom/cjs/react-dom-client.development.js:14821:11)
      at recursivelyTraverseMutationEffects (node_modules/react-dom/cjs/react-dom-client.development.js:14576:11)
      at commitMutationEffectsOnFiber (node_modules/react-dom/cjs/react-dom-client.development.js:14591:11)
      at recursivelyTraverseMutationEffects (node_modules/react-dom/cjs/react-dom-client.development.js:14576:11)
      at commitMutationEffectsOnFiber (node_modules/react-dom/cjs/react-dom-client.development.js:14591:11)
      at recursivelyTraverseMutationEffects (node_modules/react-dom/cjs/react-dom-client.development.js:14576:11)
      at commitMutationEffectsOnFiber (node_modules/react-dom/cjs/react-dom-client.development.js:14591:11)
      at recursivelyTraverseMutationEffects (node_modules/react-dom/cjs/react-dom-client.development.js:14576:11)
      at commitMutationEffectsOnFiber (node_modules/react-dom/cjs/react-dom-client.development.js:14591:11)
      at recursivelyTraverseMutationEffects (node_modules/react-dom/cjs/react-dom-client.development.js:14576:11)
      at commitMutationEffectsOnFiber (node_modules/react-dom/cjs/react-dom-client.development.js:14591:11)
      at recursivelyTraverseMutationEffects (node_modules/react-dom/cjs/react-dom-client.development.js:14576:11)
      at commitMutationEffectsOnFiber (node_modules/react-dom/cjs/react-dom-client.development.js:14821:11)
      at recursivelyTraverseMutationEffects (node_modules/react-dom/cjs/react-dom-client.development.js:14576:11)
      at commitMutationEffectsOnFiber (node_modules/react-dom/cjs/react-dom-client.development.js:14591:11)
      at recursivelyTraverseMutationEffects (node_modules/react-dom/cjs/react-dom-client.development.js:14576:11)
      at commitMutationEffectsOnFiber (node_modules/react-dom/cjs/react-dom-client.development.js:14591:11)
      at recursivelyTraverseMutationEffects (node_modules/react-dom/cjs/react-dom-client.development.js:14576:11)
      at commitMutationEffectsOnFiber (node_modules/react-dom/cjs/react-dom-client.development.js:14591:11)
      at recursivelyTraverseMutationEffects (node_modules/react-dom/cjs/react-dom-client.development.js:14576:11)
      at commitMutationEffectsOnFiber (node_modules/react-dom/cjs/react-dom-client.development.js:15102:11)
      at recursivelyTraverseMutationEffects (node_modules/react-dom/cjs/react-dom-client.development.js:14576:11)
      at commitMutationEffectsOnFiber (node_modules/react-dom/cjs/react-dom-client.development.js:14591:11)
      at recursivelyTraverseMutationEffects (node_modules/react-dom/cjs/react-dom-client.development.js:14576:11)
      at commitMutationEffectsOnFiber (node_modules/react-dom/cjs/react-dom-client.development.js:14911:11)
      at recursivelyTraverseMutationEffects (node_modules/react-dom/cjs/react-dom-client.development.js:14576:11)
      at commitMutationEffectsOnFiber (node_modules/react-dom/cjs/react-dom-client.development.js:14591:11)
      at recursivelyTraverseMutationEffects (node_modules/react-dom/cjs/react-dom-client.development.js:14576:11)
      at commitMutationEffectsOnFiber (node_modules/react-dom/cjs/react-dom-client.development.js:14591:11)
      at recursivelyTraverseMutationEffects (node_modules/react-dom/cjs/react-dom-client.development.js:14576:11)
      at commitMutationEffectsOnFiber (node_modules/react-dom/cjs/react-dom-client.development.js:14591:11)
      at recursivelyTraverseMutationEffects (node_modules/react-dom/cjs/react-dom-client.development.js:14576:11)
      at commitMutationEffectsOnFiber (node_modules/react-dom/cjs/react-dom-client.development.js:14591:11)
      at recursivelyTraverseMutationEffects (node_modules/react-dom/cjs/react-dom-client.development.js:14576:11)
      at commitMutationEffectsOnFiber (node_modules/react-dom/cjs/react-dom-client.development.js:14911:11)
      at recursivelyTraverseMutationEffects (node_modules/react-dom/cjs/react-dom-client.development.js:14576:11)
      at commitMutationEffectsOnFiber (node_modules/react-dom/cjs/react-dom-client.development.js:14591:11)
      at recursivelyTraverseMutationEffects (node_modules/react-dom/cjs/react-dom-client.development.js:14576:11)
      at commitMutationEffectsOnFiber (node_modules/react-dom/cjs/react-dom-client.development.js:14591:11)
      at recursivelyTraverseMutationEffects (node_modules/react-dom/cjs/react-dom-client.development.js:14576:11)
      at commitMutationEffectsOnFiber (node_modules/react-dom/cjs/react-dom-client.development.js:14591:11)
      at recursivelyTraverseMutationEffects (node_modules/react-dom/cjs/react-dom-client.development.js:14576:11)
      at commitMutationEffectsOnFiber (node_modules/react-dom/cjs/react-dom-client.development.js:15102:11)
      at recursivelyTraverseMutationEffects (node_modules/react-dom/cjs/react-dom-client.development.js:14576:11)
      at commitMutationEffectsOnFiber (node_modules/react-dom/cjs/react-dom-client.development.js:14591:11)
      at recursivelyTraverseMutationEffects (node_modules/react-dom/cjs/react-dom-client.development.js:14576:11)
      at commitMutationEffectsOnFiber (node_modules/react-dom/cjs/react-dom-client.development.js:15102:11)
      at recursivelyTraverseMutationEffects (node_modules/react-dom/cjs/react-dom-client.development.js:14576:11)
      at commitMutationEffectsOnFiber (node_modules/react-dom/cjs/react-dom-client.development.js:14591:11)
      at recursivelyTraverseMutationEffects (node_modules/react-dom/cjs/react-dom-client.development.js:14576:11)
      at commitMutationEffectsOnFiber (node_modules/react-dom/cjs/react-dom-client.development.js:14591:11)
      at recursivelyTraverseMutationEffects (node_modules/react-dom/cjs/react-dom-client.development.js:14576:11)
      at commitMutationEffectsOnFiber (node_modules/react-dom/cjs/react-dom-client.development.js:15102:11)
      at recursivelyTraverseMutationEffects (node_modules/react-dom/cjs/react-dom-client.development.js:14576:11)
      at commitMutationEffectsOnFiber (node_modules/react-dom/cjs/react-dom-client.development.js:14591:11)
      at recursivelyTraverseMutationEffects (node_modules/react-dom/cjs/react-dom-client.development.js:14576:11)
      at commitMutationEffectsOnFiber (node_modules/react-dom/cjs/react-dom-client.development.js:15102:11)
      at recursivelyTraverseMutationEffects (node_modules/react-dom/cjs/react-dom-client.development.js:14576:11)
      at commitMutationEffectsOnFiber (node_modules/react-dom/cjs/react-dom-client.development.js:14591:11)
      at recursivelyTraverseMutationEffects (node_modules/react-dom/cjs/react-dom-client.development.js:14576:11)
      at commitMutationEffectsOnFiber (node_modules/react-dom/cjs/react-dom-client.development.js:14591:11)

    console.error
      An update to SelectItemText inside a test was not wrapped in act(...).
      
      When testing, code that causes React state updates should be wrapped into act(...):
      
      act(() => {
        /* fire events that update state */
      });
      /* assert on the output */
      
      This ensures that you're testing the behavior the user would see in the browser. Learn more at https://react.dev/link/wrap-tests-with-act

      at node_modules/react-dom/cjs/react-dom-client.development.js:18758:19
      at runWithFiberInDEV (node_modules/react-dom/cjs/react-dom-client.development.js:874:13)
      at warnIfUpdatesNotWrappedWithActDEV (node_modules/react-dom/cjs/react-dom-client.development.js:18757:9)
      at scheduleUpdateOnFiber (node_modules/react-dom/cjs/react-dom-client.development.js:16409:11)
      at dispatchSetStateInternal (node_modules/react-dom/cjs/react-dom-client.development.js:9170:13)
      at dispatchSetState (node_modules/react-dom/cjs/react-dom-client.development.js:9127:7)
      at node_modules/@radix-ui/react-select/src/select.tsx:1378:17
      at setRef (node_modules/@radix-ui/react-compose-refs/src/compose-refs.tsx:11:12)
      at node_modules/@radix-ui/react-compose-refs/src/compose-refs.tsx:25:23
          at Array.map (<anonymous>)
      at node_modules/@radix-ui/react-compose-refs/src/compose-refs.tsx:24:27
      at runWithFiberInDEV (node_modules/react-dom/cjs/react-dom-client.development.js:874:13)
      at safelyDetachRef (node_modules/react-dom/cjs/react-dom-client.development.js:13529:37)
      at commitMutationEffectsOnFiber (node_modules/react-dom/cjs/react-dom-client.development.js:14826:15)
      at recursivelyTraverseMutationEffects (node_modules/react-dom/cjs/react-dom-client.development.js:14576:11)
      at commitMutationEffectsOnFiber (node_modules/react-dom/cjs/react-dom-client.development.js:14591:11)
      at recursivelyTraverseMutationEffects (node_modules/react-dom/cjs/react-dom-client.development.js:14576:11)
      at commitMutationEffectsOnFiber (node_modules/react-dom/cjs/react-dom-client.development.js:14591:11)
      at recursivelyTraverseMutationEffects (node_modules/react-dom/cjs/react-dom-client.development.js:14576:11)
      at commitMutationEffectsOnFiber (node_modules/react-dom/cjs/react-dom-client.development.js:14821:11)
      at recursivelyTraverseMutationEffects (node_modules/react-dom/cjs/react-dom-client.development.js:14576:11)
      at commitMutationEffectsOnFiber (node_modules/react-dom/cjs/react-dom-client.development.js:14591:11)
      at recursivelyTraverseMutationEffects (node_modules/react-dom/cjs/react-dom-client.development.js:14576:11)
      at commitMutationEffectsOnFiber (node_modules/react-dom/cjs/react-dom-client.development.js:14591:11)
      at recursivelyTraverseMutationEffects (node_modules/react-dom/cjs/react-dom-client.development.js:14576:11)
      at commitMutationEffectsOnFiber (node_modules/react-dom/cjs/react-dom-client.development.js:14591:11)
      at recursivelyTraverseMutationEffects (node_modules/react-dom/cjs/react-dom-client.development.js:14576:11)
      at commitMutationEffectsOnFiber (node_modules/react-dom/cjs/react-dom-client.development.js:14591:11)
      at recursivelyTraverseMutationEffects (node_modules/react-dom/cjs/react-dom-client.development.js:14576:11)
      at commitMutationEffectsOnFiber (node_modules/react-dom/cjs/react-dom-client.development.js:15102:11)
      at recursivelyTraverseMutationEffects (node_modules/react-dom/cjs/react-dom-client.development.js:14576:11)
      at commitMutationEffectsOnFiber (node_modules/react-dom/cjs/react-dom-client.development.js:14591:11)
      at recursivelyTraverseMutationEffects (node_modules/react-dom/cjs/react-dom-client.development.js:14576:11)
      at commitMutationEffectsOnFiber (node_modules/react-dom/cjs/react-dom-client.development.js:14591:11)
      at recursivelyTraverseMutationEffects (node_modules/react-dom/cjs/react-dom-client.development.js:14576:11)
      at commitMutationEffectsOnFiber (node_modules/react-dom/cjs/react-dom-client.development.js:14591:11)
      at recursivelyTraverseMutationEffects (node_modules/react-dom/cjs/react-dom-client.development.js:14576:11)
      at commitMutationEffectsOnFiber (node_modules/react-dom/cjs/react-dom-client.development.js:14821:11)
      at recursivelyTraverseMutationEffects (node_modules/react-dom/cjs/react-dom-client.development.js:14576:11)
      at commitMutationEffectsOnFiber (node_modules/react-dom/cjs/react-dom-client.development.js:14591:11)
      at recursivelyTraverseMutationEffects (node_modules/react-dom/cjs/react-dom-client.development.js:14576:11)
      at commitMutationEffectsOnFiber (node_modules/react-dom/cjs/react-dom-client.development.js:14591:11)
      at recursivelyTraverseMutationEffects (node_modules/react-dom/cjs/react-dom-client.development.js:14576:11)
      at commitMutationEffectsOnFiber (node_modules/react-dom/cjs/react-dom-client.development.js:14591:11)
      at recursivelyTraverseMutationEffects (node_modules/react-dom/cjs/react-dom-client.development.js:14576:11)
      at commitMutationEffectsOnFiber (node_modules/react-dom/cjs/react-dom-client.development.js:14591:11)
      at recursivelyTraverseMutationEffects (node_modules/react-dom/cjs/react-dom-client.development.js:14576:11)
      at commitMutationEffectsOnFiber (node_modules/react-dom/cjs/react-dom-client.development.js:14591:11)
      at recursivelyTraverseMutationEffects (node_modules/react-dom/cjs/react-dom-client.development.js:14576:11)
      at commitMutationEffectsOnFiber (node_modules/react-dom/cjs/react-dom-client.development.js:14821:11)
      at recursivelyTraverseMutationEffects (node_modules/react-dom/cjs/react-dom-client.development.js:14576:11)
      at commitMutationEffectsOnFiber (node_modules/react-dom/cjs/react-dom-client.development.js:14591:11)
      at recursivelyTraverseMutationEffects (node_modules/react-dom/cjs/react-dom-client.development.js:14576:11)
      at commitMutationEffectsOnFiber (node_modules/react-dom/cjs/react-dom-client.development.js:14591:11)
      at recursivelyTraverseMutationEffects (node_modules/react-dom/cjs/react-dom-client.development.js:14576:11)
      at commitMutationEffectsOnFiber (node_modules/react-dom/cjs/react-dom-client.development.js:14591:11)
      at recursivelyTraverseMutationEffects (node_modules/react-dom/cjs/react-dom-client.development.js:14576:11)
      at commitMutationEffectsOnFiber (node_modules/react-dom/cjs/react-dom-client.development.js:15102:11)
      at recursivelyTraverseMutationEffects (node_modules/react-dom/cjs/react-dom-client.development.js:14576:11)
      at commitMutationEffectsOnFiber (node_modules/react-dom/cjs/react-dom-client.development.js:14591:11)
      at recursivelyTraverseMutationEffects (node_modules/react-dom/cjs/react-dom-client.development.js:14576:11)
      at commitMutationEffectsOnFiber (node_modules/react-dom/cjs/react-dom-client.development.js:14911:11)
      at recursivelyTraverseMutationEffects (node_modules/react-dom/cjs/react-dom-client.development.js:14576:11)
      at commitMutationEffectsOnFiber (node_modules/react-dom/cjs/react-dom-client.development.js:14591:11)
      at recursivelyTraverseMutationEffects (node_modules/react-dom/cjs/react-dom-client.development.js:14576:11)
      at commitMutationEffectsOnFiber (node_modules/react-dom/cjs/react-dom-client.development.js:14591:11)
      at recursivelyTraverseMutationEffects (node_modules/react-dom/cjs/react-dom-client.development.js:14576:11)
      at commitMutationEffectsOnFiber (node_modules/react-dom/cjs/react-dom-client.development.js:14591:11)
      at recursivelyTraverseMutationEffects (node_modules/react-dom/cjs/react-dom-client.development.js:14576:11)
      at commitMutationEffectsOnFiber (node_modules/react-dom/cjs/react-dom-client.development.js:14591:11)
      at recursivelyTraverseMutationEffects (node_modules/react-dom/cjs/react-dom-client.development.js:14576:11)
      at commitMutationEffectsOnFiber (node_modules/react-dom/cjs/react-dom-client.development.js:14911:11)
      at recursivelyTraverseMutationEffects (node_modules/react-dom/cjs/react-dom-client.development.js:14576:11)
      at commitMutationEffectsOnFiber (node_modules/react-dom/cjs/react-dom-client.development.js:14591:11)
      at recursivelyTraverseMutationEffects (node_modules/react-dom/cjs/react-dom-client.development.js:14576:11)
      at commitMutationEffectsOnFiber (node_modules/react-dom/cjs/react-dom-client.development.js:14591:11)
      at recursivelyTraverseMutationEffects (node_modules/react-dom/cjs/react-dom-client.development.js:14576:11)
      at commitMutationEffectsOnFiber (node_modules/react-dom/cjs/react-dom-client.development.js:14591:11)
      at recursivelyTraverseMutationEffects (node_modules/react-dom/cjs/react-dom-client.development.js:14576:11)
      at commitMutationEffectsOnFiber (node_modules/react-dom/cjs/react-dom-client.development.js:15102:11)
      at recursivelyTraverseMutationEffects (node_modules/react-dom/cjs/react-dom-client.development.js:14576:11)
      at commitMutationEffectsOnFiber (node_modules/react-dom/cjs/react-dom-client.development.js:14591:11)
      at recursivelyTraverseMutationEffects (node_modules/react-dom/cjs/react-dom-client.development.js:14576:11)
      at commitMutationEffectsOnFiber (node_modules/react-dom/cjs/react-dom-client.development.js:15102:11)
      at recursivelyTraverseMutationEffects (node_modules/react-dom/cjs/react-dom-client.development.js:14576:11)
      at commitMutationEffectsOnFiber (node_modules/react-dom/cjs/react-dom-client.development.js:14591:11)
      at recursivelyTraverseMutationEffects (node_modules/react-dom/cjs/react-dom-client.development.js:14576:11)
      at commitMutationEffectsOnFiber (node_modules/react-dom/cjs/react-dom-client.development.js:14591:11)
      at recursivelyTraverseMutationEffects (node_modules/react-dom/cjs/react-dom-client.development.js:14576:11)
      at commitMutationEffectsOnFiber (node_modules/react-dom/cjs/react-dom-client.development.js:15102:11)
      at recursivelyTraverseMutationEffects (node_modules/react-dom/cjs/react-dom-client.development.js:14576:11)
      at commitMutationEffectsOnFiber (node_modules/react-dom/cjs/react-dom-client.development.js:14591:11)
      at recursivelyTraverseMutationEffects (node_modules/react-dom/cjs/react-dom-client.development.js:14576:11)
      at commitMutationEffectsOnFiber (node_modules/react-dom/cjs/react-dom-client.development.js:15102:11)
      at recursivelyTraverseMutationEffects (node_modules/react-dom/cjs/react-dom-client.development.js:14576:11)
      at commitMutationEffectsOnFiber (node_modules/react-dom/cjs/react-dom-client.development.js:14591:11)
      at recursivelyTraverseMutationEffects (node_modules/react-dom/cjs/react-dom-client.development.js:14576:11)
      at commitMutationEffectsOnFiber (node_modules/react-dom/cjs/react-dom-client.development.js:14591:11)

    console.error
      An update to SelectItem inside a test was not wrapped in act(...).
      
      When testing, code that causes React state updates should be wrapped into act(...):
      
      act(() => {
        /* fire events that update state */
      });
      /* assert on the output */
      
      This ensures that you're testing the behavior the user would see in the browser. Learn more at https://react.dev/link/wrap-tests-with-act

      at node_modules/react-dom/cjs/react-dom-client.development.js:18758:19
      at runWithFiberInDEV (node_modules/react-dom/cjs/react-dom-client.development.js:874:13)
      at warnIfUpdatesNotWrappedWithActDEV (node_modules/react-dom/cjs/react-dom-client.development.js:18757:9)
      at scheduleUpdateOnFiber (node_modules/react-dom/cjs/react-dom-client.development.js:16409:11)
      at dispatchSetStateInternal (node_modules/react-dom/cjs/react-dom-client.development.js:9170:13)
      at dispatchSetState (node_modules/react-dom/cjs/react-dom-client.development.js:9127:7)
      at node_modules/@radix-ui/react-select/src/select.tsx:1291:11
      at setRef (node_modules/@radix-ui/react-compose-refs/src/compose-refs.tsx:11:12)
      at node_modules/@radix-ui/react-compose-refs/src/compose-refs.tsx:25:23
          at Array.map (<anonymous>)
      at node_modules/@radix-ui/react-compose-refs/src/compose-refs.tsx:24:27
      at runWithFiberInDEV (node_modules/react-dom/cjs/react-dom-client.development.js:874:13)
      at safelyDetachRef (node_modules/react-dom/cjs/react-dom-client.development.js:13529:37)
      at commitMutationEffectsOnFiber (node_modules/react-dom/cjs/react-dom-client.development.js:14826:15)
      at recursivelyTraverseMutationEffects (node_modules/react-dom/cjs/react-dom-client.development.js:14576:11)
      at commitMutationEffectsOnFiber (node_modules/react-dom/cjs/react-dom-client.development.js:14591:11)
      at recursivelyTraverseMutationEffects (node_modules/react-dom/cjs/react-dom-client.development.js:14576:11)
      at commitMutationEffectsOnFiber (node_modules/react-dom/cjs/react-dom-client.development.js:14591:11)
      at recursivelyTraverseMutationEffects (node_modules/react-dom/cjs/react-dom-client.development.js:14576:11)
      at commitMutationEffectsOnFiber (node_modules/react-dom/cjs/react-dom-client.development.js:14821:11)
      at recursivelyTraverseMutationEffects (node_modules/react-dom/cjs/react-dom-client.development.js:14576:11)
      at commitMutationEffectsOnFiber (node_modules/react-dom/cjs/react-dom-client.development.js:14591:11)
      at recursivelyTraverseMutationEffects (node_modules/react-dom/cjs/react-dom-client.development.js:14576:11)
      at commitMutationEffectsOnFiber (node_modules/react-dom/cjs/react-dom-client.development.js:14591:11)
      at recursivelyTraverseMutationEffects (node_modules/react-dom/cjs/react-dom-client.development.js:14576:11)
      at commitMutationEffectsOnFiber (node_modules/react-dom/cjs/react-dom-client.development.js:14591:11)
      at recursivelyTraverseMutationEffects (node_modules/react-dom/cjs/react-dom-client.development.js:14576:11)
      at commitMutationEffectsOnFiber (node_modules/react-dom/cjs/react-dom-client.development.js:14591:11)
      at recursivelyTraverseMutationEffects (node_modules/react-dom/cjs/react-dom-client.development.js:14576:11)
      at commitMutationEffectsOnFiber (node_modules/react-dom/cjs/react-dom-client.development.js:15102:11)
      at recursivelyTraverseMutationEffects (node_modules/react-dom/cjs/react-dom-client.development.js:14576:11)
      at commitMutationEffectsOnFiber (node_modules/react-dom/cjs/react-dom-client.development.js:14591:11)
      at recursivelyTraverseMutationEffects (node_modules/react-dom/cjs/react-dom-client.development.js:14576:11)
      at commitMutationEffectsOnFiber (node_modules/react-dom/cjs/react-dom-client.development.js:14591:11)
      at recursivelyTraverseMutationEffects (node_modules/react-dom/cjs/react-dom-client.development.js:14576:11)
      at commitMutationEffectsOnFiber (node_modules/react-dom/cjs/react-dom-client.development.js:14591:11)
      at recursivelyTraverseMutationEffects (node_modules/react-dom/cjs/react-dom-client.development.js:14576:11)
      at commitMutationEffectsOnFiber (node_modules/react-dom/cjs/react-dom-client.development.js:14821:11)
      at recursivelyTraverseMutationEffects (node_modules/react-dom/cjs/react-dom-client.development.js:14576:11)
      at commitMutationEffectsOnFiber (node_modules/react-dom/cjs/react-dom-client.development.js:14591:11)
      at recursivelyTraverseMutationEffects (node_modules/react-dom/cjs/react-dom-client.development.js:14576:11)
      at commitMutationEffectsOnFiber (node_modules/react-dom/cjs/react-dom-client.development.js:14591:11)
      at recursivelyTraverseMutationEffects (node_modules/react-dom/cjs/react-dom-client.development.js:14576:11)
      at commitMutationEffectsOnFiber (node_modules/react-dom/cjs/react-dom-client.development.js:14591:11)
      at recursivelyTraverseMutationEffects (node_modules/react-dom/cjs/react-dom-client.development.js:14576:11)
      at commitMutationEffectsOnFiber (node_modules/react-dom/cjs/react-dom-client.development.js:14591:11)
      at recursivelyTraverseMutationEffects (node_modules/react-dom/cjs/react-dom-client.development.js:14576:11)
      at commitMutationEffectsOnFiber (node_modules/react-dom/cjs/react-dom-client.development.js:14591:11)
      at recursivelyTraverseMutationEffects (node_modules/react-dom/cjs/react-dom-client.development.js:14576:11)
      at commitMutationEffectsOnFiber (node_modules/react-dom/cjs/react-dom-client.development.js:14821:11)
      at recursivelyTraverseMutationEffects (node_modules/react-dom/cjs/react-dom-client.development.js:14576:11)
      at commitMutationEffectsOnFiber (node_modules/react-dom/cjs/react-dom-client.development.js:14591:11)
      at recursivelyTraverseMutationEffects (node_modules/react-dom/cjs/react-dom-client.development.js:14576:11)
      at commitMutationEffectsOnFiber (node_modules/react-dom/cjs/react-dom-client.development.js:14591:11)
      at recursivelyTraverseMutationEffects (node_modules/react-dom/cjs/react-dom-client.development.js:14576:11)
      at commitMutationEffectsOnFiber (node_modules/react-dom/cjs/react-dom-client.development.js:14591:11)
      at recursivelyTraverseMutationEffects (node_modules/react-dom/cjs/react-dom-client.development.js:14576:11)
      at commitMutationEffectsOnFiber (node_modules/react-dom/cjs/react-dom-client.development.js:15102:11)
      at recursivelyTraverseMutationEffects (node_modules/react-dom/cjs/react-dom-client.development.js:14576:11)
      at commitMutationEffectsOnFiber (node_modules/react-dom/cjs/react-dom-client.development.js:14591:11)
      at recursivelyTraverseMutationEffects (node_modules/react-dom/cjs/react-dom-client.development.js:14576:11)
      at commitMutationEffectsOnFiber (node_modules/react-dom/cjs/react-dom-client.development.js:14911:11)
      at recursivelyTraverseMutationEffects (node_modules/react-dom/cjs/react-dom-client.development.js:14576:11)
      at commitMutationEffectsOnFiber (node_modules/react-dom/cjs/react-dom-client.development.js:14591:11)
      at recursivelyTraverseMutationEffects (node_modules/react-dom/cjs/react-dom-client.development.js:14576:11)
      at commitMutationEffectsOnFiber (node_modules/react-dom/cjs/react-dom-client.development.js:14591:11)
      at recursivelyTraverseMutationEffects (node_modules/react-dom/cjs/react-dom-client.development.js:14576:11)
      at commitMutationEffectsOnFiber (node_modules/react-dom/cjs/react-dom-client.development.js:14591:11)
      at recursivelyTraverseMutationEffects (node_modules/react-dom/cjs/react-dom-client.development.js:14576:11)
      at commitMutationEffectsOnFiber (node_modules/react-dom/cjs/react-dom-client.development.js:14591:11)
      at recursivelyTraverseMutationEffects (node_modules/react-dom/cjs/react-dom-client.development.js:14576:11)
      at commitMutationEffectsOnFiber (node_modules/react-dom/cjs/react-dom-client.development.js:14911:11)
      at recursivelyTraverseMutationEffects (node_modules/react-dom/cjs/react-dom-client.development.js:14576:11)
      at commitMutationEffectsOnFiber (node_modules/react-dom/cjs/react-dom-client.development.js:14591:11)
      at recursivelyTraverseMutationEffects (node_modules/react-dom/cjs/react-dom-client.development.js:14576:11)
      at commitMutationEffectsOnFiber (node_modules/react-dom/cjs/react-dom-client.development.js:14591:11)
      at recursivelyTraverseMutationEffects (node_modules/react-dom/cjs/react-dom-client.development.js:14576:11)
      at commitMutationEffectsOnFiber (node_modules/react-dom/cjs/react-dom-client.development.js:14591:11)
      at recursivelyTraverseMutationEffects (node_modules/react-dom/cjs/react-dom-client.development.js:14576:11)
      at commitMutationEffectsOnFiber (node_modules/react-dom/cjs/react-dom-client.development.js:15102:11)
      at recursivelyTraverseMutationEffects (node_modules/react-dom/cjs/react-dom-client.development.js:14576:11)
      at commitMutationEffectsOnFiber (node_modules/react-dom/cjs/react-dom-client.development.js:14591:11)
      at recursivelyTraverseMutationEffects (node_modules/react-dom/cjs/react-dom-client.development.js:14576:11)
      at commitMutationEffectsOnFiber (node_modules/react-dom/cjs/react-dom-client.development.js:15102:11)
      at recursivelyTraverseMutationEffects (node_modules/react-dom/cjs/react-dom-client.development.js:14576:11)
      at commitMutationEffectsOnFiber (node_modules/react-dom/cjs/react-dom-client.development.js:14591:11)
      at recursivelyTraverseMutationEffects (node_modules/react-dom/cjs/react-dom-client.development.js:14576:11)
      at commitMutationEffectsOnFiber (node_modules/react-dom/cjs/react-dom-client.development.js:14591:11)
      at recursivelyTraverseMutationEffects (node_modules/react-dom/cjs/react-dom-client.development.js:14576:11)
      at commitMutationEffectsOnFiber (node_modules/react-dom/cjs/react-dom-client.development.js:15102:11)
      at recursivelyTraverseMutationEffects (node_modules/react-dom/cjs/react-dom-client.development.js:14576:11)
      at commitMutationEffectsOnFiber (node_modules/react-dom/cjs/react-dom-client.development.js:14591:11)
      at recursivelyTraverseMutationEffects (node_modules/react-dom/cjs/react-dom-client.development.js:14576:11)
      at commitMutationEffectsOnFiber (node_modules/react-dom/cjs/react-dom-client.development.js:15102:11)
      at recursivelyTraverseMutationEffects (node_modules/react-dom/cjs/react-dom-client.development.js:14576:11)
      at commitMutationEffectsOnFiber (node_modules/react-dom/cjs/react-dom-client.development.js:14591:11)
      at recursivelyTraverseMutationEffects (node_modules/react-dom/cjs/react-dom-client.development.js:14576:11)
      at commitMutationEffectsOnFiber (node_modules/react-dom/cjs/react-dom-client.development.js:14591:11)

    console.error
      An update to SelectItemText inside a test was not wrapped in act(...).
      
      When testing, code that causes React state updates should be wrapped into act(...):
      
      act(() => {
        /* fire events that update state */
      });
      /* assert on the output */
      
      This ensures that you're testing the behavior the user would see in the browser. Learn more at https://react.dev/link/wrap-tests-with-act

      at node_modules/react-dom/cjs/react-dom-client.development.js:18758:19
      at runWithFiberInDEV (node_modules/react-dom/cjs/react-dom-client.development.js:874:13)
      at warnIfUpdatesNotWrappedWithActDEV (node_modules/react-dom/cjs/react-dom-client.development.js:18757:9)
      at scheduleUpdateOnFiber (node_modules/react-dom/cjs/react-dom-client.development.js:16409:11)
      at dispatchSetStateInternal (node_modules/react-dom/cjs/react-dom-client.development.js:9170:13)
      at dispatchSetState (node_modules/react-dom/cjs/react-dom-client.development.js:9127:7)
      at node_modules/@radix-ui/react-select/src/select.tsx:1378:17
      at setRef (node_modules/@radix-ui/react-compose-refs/src/compose-refs.tsx:11:12)
      at node_modules/@radix-ui/react-compose-refs/src/compose-refs.tsx:25:23
          at Array.map (<anonymous>)
      at node_modules/@radix-ui/react-compose-refs/src/compose-refs.tsx:24:27
      at runWithFiberInDEV (node_modules/react-dom/cjs/react-dom-client.development.js:874:13)
      at safelyDetachRef (node_modules/react-dom/cjs/react-dom-client.development.js:13529:37)
      at commitMutationEffectsOnFiber (node_modules/react-dom/cjs/react-dom-client.development.js:14826:15)
      at recursivelyTraverseMutationEffects (node_modules/react-dom/cjs/react-dom-client.development.js:14576:11)
      at commitMutationEffectsOnFiber (node_modules/react-dom/cjs/react-dom-client.development.js:14591:11)
      at recursivelyTraverseMutationEffects (node_modules/react-dom/cjs/react-dom-client.development.js:14576:11)
      at commitMutationEffectsOnFiber (node_modules/react-dom/cjs/react-dom-client.development.js:14591:11)
      at recursivelyTraverseMutationEffects (node_modules/react-dom/cjs/react-dom-client.development.js:14576:11)
      at commitMutationEffectsOnFiber (node_modules/react-dom/cjs/react-dom-client.development.js:14821:11)
      at recursivelyTraverseMutationEffects (node_modules/react-dom/cjs/react-dom-client.development.js:14576:11)
      at commitMutationEffectsOnFiber (node_modules/react-dom/cjs/react-dom-client.development.js:14591:11)
      at recursivelyTraverseMutationEffects (node_modules/react-dom/cjs/react-dom-client.development.js:14576:11)
      at commitMutationEffectsOnFiber (node_modules/react-dom/cjs/react-dom-client.development.js:14591:11)
      at recursivelyTraverseMutationEffects (node_modules/react-dom/cjs/react-dom-client.development.js:14576:11)
      at commitMutationEffectsOnFiber (node_modules/react-dom/cjs/react-dom-client.development.js:14591:11)
      at recursivelyTraverseMutationEffects (node_modules/react-dom/cjs/react-dom-client.development.js:14576:11)
      at commitMutationEffectsOnFiber (node_modules/react-dom/cjs/react-dom-client.development.js:14591:11)
      at recursivelyTraverseMutationEffects (node_modules/react-dom/cjs/react-dom-client.development.js:14576:11)
      at commitMutationEffectsOnFiber (node_modules/react-dom/cjs/react-dom-client.development.js:15102:11)
      at recursivelyTraverseMutationEffects (node_modules/react-dom/cjs/react-dom-client.development.js:14576:11)
      at commitMutationEffectsOnFiber (node_modules/react-dom/cjs/react-dom-client.development.js:14591:11)
      at recursivelyTraverseMutationEffects (node_modules/react-dom/cjs/react-dom-client.development.js:14576:11)
      at commitMutationEffectsOnFiber (node_modules/react-dom/cjs/react-dom-client.development.js:14591:11)
      at recursivelyTraverseMutationEffects (node_modules/react-dom/cjs/react-dom-client.development.js:14576:11)
      at commitMutationEffectsOnFiber (node_modules/react-dom/cjs/react-dom-client.development.js:14591:11)
      at recursivelyTraverseMutationEffects (node_modules/react-dom/cjs/react-dom-client.development.js:14576:11)
      at commitMutationEffectsOnFiber (node_modules/react-dom/cjs/react-dom-client.development.js:14821:11)
      at recursivelyTraverseMutationEffects (node_modules/react-dom/cjs/react-dom-client.development.js:14576:11)
      at commitMutationEffectsOnFiber (node_modules/react-dom/cjs/react-dom-client.development.js:14591:11)
      at recursivelyTraverseMutationEffects (node_modules/react-dom/cjs/react-dom-client.development.js:14576:11)
      at commitMutationEffectsOnFiber (node_modules/react-dom/cjs/react-dom-client.development.js:14591:11)
      at recursivelyTraverseMutationEffects (node_modules/react-dom/cjs/react-dom-client.development.js:14576:11)
      at commitMutationEffectsOnFiber (node_modules/react-dom/cjs/react-dom-client.development.js:14591:11)
      at recursivelyTraverseMutationEffects (node_modules/react-dom/cjs/react-dom-client.development.js:14576:11)
      at commitMutationEffectsOnFiber (node_modules/react-dom/cjs/react-dom-client.development.js:14591:11)
      at recursivelyTraverseMutationEffects (node_modules/react-dom/cjs/react-dom-client.development.js:14576:11)
      at commitMutationEffectsOnFiber (node_modules/react-dom/cjs/react-dom-client.development.js:14591:11)
      at recursivelyTraverseMutationEffects (node_modules/react-dom/cjs/react-dom-client.development.js:14576:11)
      at commitMutationEffectsOnFiber (node_modules/react-dom/cjs/react-dom-client.development.js:14821:11)
      at recursivelyTraverseMutationEffects (node_modules/react-dom/cjs/react-dom-client.development.js:14576:11)
      at commitMutationEffectsOnFiber (node_modules/react-dom/cjs/react-dom-client.development.js:14591:11)
      at recursivelyTraverseMutationEffects (node_modules/react-dom/cjs/react-dom-client.development.js:14576:11)
      at commitMutationEffectsOnFiber (node_modules/react-dom/cjs/react-dom-client.development.js:14591:11)
      at recursivelyTraverseMutationEffects (node_modules/react-dom/cjs/react-dom-client.development.js:14576:11)
      at commitMutationEffectsOnFiber (node_modules/react-dom/cjs/react-dom-client.development.js:14591:11)
      at recursivelyTraverseMutationEffects (node_modules/react-dom/cjs/react-dom-client.development.js:14576:11)
      at commitMutationEffectsOnFiber (node_modules/react-dom/cjs/react-dom-client.development.js:15102:11)
      at recursivelyTraverseMutationEffects (node_modules/react-dom/cjs/react-dom-client.development.js:14576:11)
      at commitMutationEffectsOnFiber (node_modules/react-dom/cjs/react-dom-client.development.js:14591:11)
      at recursivelyTraverseMutationEffects (node_modules/react-dom/cjs/react-dom-client.development.js:14576:11)
      at commitMutationEffectsOnFiber (node_modules/react-dom/cjs/react-dom-client.development.js:14911:11)
      at recursivelyTraverseMutationEffects (node_modules/react-dom/cjs/react-dom-client.development.js:14576:11)
      at commitMutationEffectsOnFiber (node_modules/react-dom/cjs/react-dom-client.development.js:14591:11)
      at recursivelyTraverseMutationEffects (node_modules/react-dom/cjs/react-dom-client.development.js:14576:11)
      at commitMutationEffectsOnFiber (node_modules/react-dom/cjs/react-dom-client.development.js:14591:11)
      at recursivelyTraverseMutationEffects (node_modules/react-dom/cjs/react-dom-client.development.js:14576:11)
      at commitMutationEffectsOnFiber (node_modules/react-dom/cjs/react-dom-client.development.js:14591:11)
      at recursivelyTraverseMutationEffects (node_modules/react-dom/cjs/react-dom-client.development.js:14576:11)
      at commitMutationEffectsOnFiber (node_modules/react-dom/cjs/react-dom-client.development.js:14591:11)
      at recursivelyTraverseMutationEffects (node_modules/react-dom/cjs/react-dom-client.development.js:14576:11)
      at commitMutationEffectsOnFiber (node_modules/react-dom/cjs/react-dom-client.development.js:14911:11)
      at recursivelyTraverseMutationEffects (node_modules/react-dom/cjs/react-dom-client.development.js:14576:11)
      at commitMutationEffectsOnFiber (node_modules/react-dom/cjs/react-dom-client.development.js:14591:11)
      at recursivelyTraverseMutationEffects (node_modules/react-dom/cjs/react-dom-client.development.js:14576:11)
      at commitMutationEffectsOnFiber (node_modules/react-dom/cjs/react-dom-client.development.js:14591:11)
      at recursivelyTraverseMutationEffects (node_modules/react-dom/cjs/react-dom-client.development.js:14576:11)
      at commitMutationEffectsOnFiber (node_modules/react-dom/cjs/react-dom-client.development.js:14591:11)
      at recursivelyTraverseMutationEffects (node_modules/react-dom/cjs/react-dom-client.development.js:14576:11)
      at commitMutationEffectsOnFiber (node_modules/react-dom/cjs/react-dom-client.development.js:15102:11)
      at recursivelyTraverseMutationEffects (node_modules/react-dom/cjs/react-dom-client.development.js:14576:11)
      at commitMutationEffectsOnFiber (node_modules/react-dom/cjs/react-dom-client.development.js:14591:11)
      at recursivelyTraverseMutationEffects (node_modules/react-dom/cjs/react-dom-client.development.js:14576:11)
      at commitMutationEffectsOnFiber (node_modules/react-dom/cjs/react-dom-client.development.js:15102:11)
      at recursivelyTraverseMutationEffects (node_modules/react-dom/cjs/react-dom-client.development.js:14576:11)
      at commitMutationEffectsOnFiber (node_modules/react-dom/cjs/react-dom-client.development.js:14591:11)
      at recursivelyTraverseMutationEffects (node_modules/react-dom/cjs/react-dom-client.development.js:14576:11)
      at commitMutationEffectsOnFiber (node_modules/react-dom/cjs/react-dom-client.development.js:14591:11)
      at recursivelyTraverseMutationEffects (node_modules/react-dom/cjs/react-dom-client.development.js:14576:11)
      at commitMutationEffectsOnFiber (node_modules/react-dom/cjs/react-dom-client.development.js:15102:11)
      at recursivelyTraverseMutationEffects (node_modules/react-dom/cjs/react-dom-client.development.js:14576:11)
      at commitMutationEffectsOnFiber (node_modules/react-dom/cjs/react-dom-client.development.js:14591:11)
      at recursivelyTraverseMutationEffects (node_modules/react-dom/cjs/react-dom-client.development.js:14576:11)
      at commitMutationEffectsOnFiber (node_modules/react-dom/cjs/react-dom-client.development.js:15102:11)
      at recursivelyTraverseMutationEffects (node_modules/react-dom/cjs/react-dom-client.development.js:14576:11)
      at commitMutationEffectsOnFiber (node_modules/react-dom/cjs/react-dom-client.development.js:14591:11)
      at recursivelyTraverseMutationEffects (node_modules/react-dom/cjs/react-dom-client.development.js:14576:11)
      at commitMutationEffectsOnFiber (node_modules/react-dom/cjs/react-dom-client.development.js:14591:11)

    console.error
      An update to SelectItem inside a test was not wrapped in act(...).
      
      When testing, code that causes React state updates should be wrapped into act(...):
      
      act(() => {
        /* fire events that update state */
      });
      /* assert on the output */
      
      This ensures that you're testing the behavior the user would see in the browser. Learn more at https://react.dev/link/wrap-tests-with-act

      at node_modules/react-dom/cjs/react-dom-client.development.js:18758:19
      at runWithFiberInDEV (node_modules/react-dom/cjs/react-dom-client.development.js:874:13)
      at warnIfUpdatesNotWrappedWithActDEV (node_modules/react-dom/cjs/react-dom-client.development.js:18757:9)
      at scheduleUpdateOnFiber (node_modules/react-dom/cjs/react-dom-client.development.js:16409:11)
      at dispatchSetStateInternal (node_modules/react-dom/cjs/react-dom-client.development.js:9170:13)
      at dispatchSetState (node_modules/react-dom/cjs/react-dom-client.development.js:9127:7)
      at node_modules/@radix-ui/react-select/src/select.tsx:1291:11
      at setRef (node_modules/@radix-ui/react-compose-refs/src/compose-refs.tsx:11:12)
      at node_modules/@radix-ui/react-compose-refs/src/compose-refs.tsx:25:23
          at Array.map (<anonymous>)
      at node_modules/@radix-ui/react-compose-refs/src/compose-refs.tsx:24:27
      at runWithFiberInDEV (node_modules/react-dom/cjs/react-dom-client.development.js:874:13)
      at safelyDetachRef (node_modules/react-dom/cjs/react-dom-client.development.js:13529:37)
      at commitMutationEffectsOnFiber (node_modules/react-dom/cjs/react-dom-client.development.js:14826:15)
      at recursivelyTraverseMutationEffects (node_modules/react-dom/cjs/react-dom-client.development.js:14576:11)
      at commitMutationEffectsOnFiber (node_modules/react-dom/cjs/react-dom-client.development.js:14591:11)
      at recursivelyTraverseMutationEffects (node_modules/react-dom/cjs/react-dom-client.development.js:14576:11)
      at commitMutationEffectsOnFiber (node_modules/react-dom/cjs/react-dom-client.development.js:14591:11)
      at recursivelyTraverseMutationEffects (node_modules/react-dom/cjs/react-dom-client.development.js:14576:11)
      at commitMutationEffectsOnFiber (node_modules/react-dom/cjs/react-dom-client.development.js:14821:11)
      at recursivelyTraverseMutationEffects (node_modules/react-dom/cjs/react-dom-client.development.js:14576:11)
      at commitMutationEffectsOnFiber (node_modules/react-dom/cjs/react-dom-client.development.js:14591:11)
      at recursivelyTraverseMutationEffects (node_modules/react-dom/cjs/react-dom-client.development.js:14576:11)
      at commitMutationEffectsOnFiber (node_modules/react-dom/cjs/react-dom-client.development.js:14591:11)
      at recursivelyTraverseMutationEffects (node_modules/react-dom/cjs/react-dom-client.development.js:14576:11)
      at commitMutationEffectsOnFiber (node_modules/react-dom/cjs/react-dom-client.development.js:14591:11)
      at recursivelyTraverseMutationEffects (node_modules/react-dom/cjs/react-dom-client.development.js:14576:11)
      at commitMutationEffectsOnFiber (node_modules/react-dom/cjs/react-dom-client.development.js:14591:11)
      at recursivelyTraverseMutationEffects (node_modules/react-dom/cjs/react-dom-client.development.js:14576:11)
      at commitMutationEffectsOnFiber (node_modules/react-dom/cjs/react-dom-client.development.js:15102:11)
      at recursivelyTraverseMutationEffects (node_modules/react-dom/cjs/react-dom-client.development.js:14576:11)
      at commitMutationEffectsOnFiber (node_modules/react-dom/cjs/react-dom-client.development.js:14591:11)
      at recursivelyTraverseMutationEffects (node_modules/react-dom/cjs/react-dom-client.development.js:14576:11)
      at commitMutationEffectsOnFiber (node_modules/react-dom/cjs/react-dom-client.development.js:14591:11)
      at recursivelyTraverseMutationEffects (node_modules/react-dom/cjs/react-dom-client.development.js:14576:11)
      at commitMutationEffectsOnFiber (node_modules/react-dom/cjs/react-dom-client.development.js:14591:11)
      at recursivelyTraverseMutationEffects (node_modules/react-dom/cjs/react-dom-client.development.js:14576:11)
      at commitMutationEffectsOnFiber (node_modules/react-dom/cjs/react-dom-client.development.js:14821:11)
      at recursivelyTraverseMutationEffects (node_modules/react-dom/cjs/react-dom-client.development.js:14576:11)
      at commitMutationEffectsOnFiber (node_modules/react-dom/cjs/react-dom-client.development.js:14591:11)
      at recursivelyTraverseMutationEffects (node_modules/react-dom/cjs/react-dom-client.development.js:14576:11)
      at commitMutationEffectsOnFiber (node_modules/react-dom/cjs/react-dom-client.development.js:14591:11)
      at recursivelyTraverseMutationEffects (node_modules/react-dom/cjs/react-dom-client.development.js:14576:11)
      at commitMutationEffectsOnFiber (node_modules/react-dom/cjs/react-dom-client.development.js:14591:11)
      at recursivelyTraverseMutationEffects (node_modules/react-dom/cjs/react-dom-client.development.js:14576:11)
      at commitMutationEffectsOnFiber (node_modules/react-dom/cjs/react-dom-client.development.js:14591:11)
      at recursivelyTraverseMutationEffects (node_modules/react-dom/cjs/react-dom-client.development.js:14576:11)
      at commitMutationEffectsOnFiber (node_modules/react-dom/cjs/react-dom-client.development.js:14591:11)
      at recursivelyTraverseMutationEffects (node_modules/react-dom/cjs/react-dom-client.development.js:14576:11)
      at commitMutationEffectsOnFiber (node_modules/react-dom/cjs/react-dom-client.development.js:14821:11)
      at recursivelyTraverseMutationEffects (node_modules/react-dom/cjs/react-dom-client.development.js:14576:11)
      at commitMutationEffectsOnFiber (node_modules/react-dom/cjs/react-dom-client.development.js:14591:11)
      at recursivelyTraverseMutationEffects (node_modules/react-dom/cjs/react-dom-client.development.js:14576:11)
      at commitMutationEffectsOnFiber (node_modules/react-dom/cjs/react-dom-client.development.js:14591:11)
      at recursivelyTraverseMutationEffects (node_modules/react-dom/cjs/react-dom-client.development.js:14576:11)
      at commitMutationEffectsOnFiber (node_modules/react-dom/cjs/react-dom-client.development.js:14591:11)
      at recursivelyTraverseMutationEffects (node_modules/react-dom/cjs/react-dom-client.development.js:14576:11)
      at commitMutationEffectsOnFiber (node_modules/react-dom/cjs/react-dom-client.development.js:15102:11)
      at recursivelyTraverseMutationEffects (node_modules/react-dom/cjs/react-dom-client.development.js:14576:11)
      at commitMutationEffectsOnFiber (node_modules/react-dom/cjs/react-dom-client.development.js:14591:11)
      at recursivelyTraverseMutationEffects (node_modules/react-dom/cjs/react-dom-client.development.js:14576:11)
      at commitMutationEffectsOnFiber (node_modules/react-dom/cjs/react-dom-client.development.js:14911:11)
      at recursivelyTraverseMutationEffects (node_modules/react-dom/cjs/react-dom-client.development.js:14576:11)
      at commitMutationEffectsOnFiber (node_modules/react-dom/cjs/react-dom-client.development.js:14591:11)
      at recursivelyTraverseMutationEffects (node_modules/react-dom/cjs/react-dom-client.development.js:14576:11)
      at commitMutationEffectsOnFiber (node_modules/react-dom/cjs/react-dom-client.development.js:14591:11)
      at recursivelyTraverseMutationEffects (node_modules/react-dom/cjs/react-dom-client.development.js:14576:11)
      at commitMutationEffectsOnFiber (node_modules/react-dom/cjs/react-dom-client.development.js:14591:11)
      at recursivelyTraverseMutationEffects (node_modules/react-dom/cjs/react-dom-client.development.js:14576:11)
      at commitMutationEffectsOnFiber (node_modules/react-dom/cjs/react-dom-client.development.js:14591:11)
      at recursivelyTraverseMutationEffects (node_modules/react-dom/cjs/react-dom-client.development.js:14576:11)
      at commitMutationEffectsOnFiber (node_modules/react-dom/cjs/react-dom-client.development.js:14911:11)
      at recursivelyTraverseMutationEffects (node_modules/react-dom/cjs/react-dom-client.development.js:14576:11)
      at commitMutationEffectsOnFiber (node_modules/react-dom/cjs/react-dom-client.development.js:14591:11)
      at recursivelyTraverseMutationEffects (node_modules/react-dom/cjs/react-dom-client.development.js:14576:11)
      at commitMutationEffectsOnFiber (node_modules/react-dom/cjs/react-dom-client.development.js:14591:11)
      at recursivelyTraverseMutationEffects (node_modules/react-dom/cjs/react-dom-client.development.js:14576:11)
      at commitMutationEffectsOnFiber (node_modules/react-dom/cjs/react-dom-client.development.js:14591:11)
      at recursivelyTraverseMutationEffects (node_modules/react-dom/cjs/react-dom-client.development.js:14576:11)
      at commitMutationEffectsOnFiber (node_modules/react-dom/cjs/react-dom-client.development.js:15102:11)
      at recursivelyTraverseMutationEffects (node_modules/react-dom/cjs/react-dom-client.development.js:14576:11)
      at commitMutationEffectsOnFiber (node_modules/react-dom/cjs/react-dom-client.development.js:14591:11)
      at recursivelyTraverseMutationEffects (node_modules/react-dom/cjs/react-dom-client.development.js:14576:11)
      at commitMutationEffectsOnFiber (node_modules/react-dom/cjs/react-dom-client.development.js:15102:11)
      at recursivelyTraverseMutationEffects (node_modules/react-dom/cjs/react-dom-client.development.js:14576:11)
      at commitMutationEffectsOnFiber (node_modules/react-dom/cjs/react-dom-client.development.js:14591:11)
      at recursivelyTraverseMutationEffects (node_modules/react-dom/cjs/react-dom-client.development.js:14576:11)
      at commitMutationEffectsOnFiber (node_modules/react-dom/cjs/react-dom-client.development.js:14591:11)
      at recursivelyTraverseMutationEffects (node_modules/react-dom/cjs/react-dom-client.development.js:14576:11)
      at commitMutationEffectsOnFiber (node_modules/react-dom/cjs/react-dom-client.development.js:15102:11)
      at recursivelyTraverseMutationEffects (node_modules/react-dom/cjs/react-dom-client.development.js:14576:11)
      at commitMutationEffectsOnFiber (node_modules/react-dom/cjs/react-dom-client.development.js:14591:11)
      at recursivelyTraverseMutationEffects (node_modules/react-dom/cjs/react-dom-client.development.js:14576:11)
      at commitMutationEffectsOnFiber (node_modules/react-dom/cjs/react-dom-client.development.js:15102:11)
      at recursivelyTraverseMutationEffects (node_modules/react-dom/cjs/react-dom-client.development.js:14576:11)
      at commitMutationEffectsOnFiber (node_modules/react-dom/cjs/react-dom-client.development.js:14591:11)
      at recursivelyTraverseMutationEffects (node_modules/react-dom/cjs/react-dom-client.development.js:14576:11)
      at commitMutationEffectsOnFiber (node_modules/react-dom/cjs/react-dom-client.development.js:14591:11)

    console.error
      An update to Select inside a test was not wrapped in act(...).
      
      When testing, code that causes React state updates should be wrapped into act(...):
      
      act(() => {
        /* fire events that update state */
      });
      /* assert on the output */
      
      This ensures that you're testing the behavior the user would see in the browser. Learn more at https://react.dev/link/wrap-tests-with-act

      at node_modules/react-dom/cjs/react-dom-client.development.js:18758:19
      at runWithFiberInDEV (node_modules/react-dom/cjs/react-dom-client.development.js:874:13)
      at warnIfUpdatesNotWrappedWithActDEV (node_modules/react-dom/cjs/react-dom-client.development.js:18757:9)
      at scheduleUpdateOnFiber (node_modules/react-dom/cjs/react-dom-client.development.js:16409:11)
      at dispatchSetStateInternal (node_modules/react-dom/cjs/react-dom-client.development.js:9170:13)
      at dispatchSetState (node_modules/react-dom/cjs/react-dom-client.development.js:9127:7)
      at setRef (node_modules/@radix-ui/react-compose-refs/src/compose-refs.tsx:11:12)
      at node_modules/@radix-ui/react-compose-refs/src/compose-refs.tsx:25:23
          at Array.map (<anonymous>)
      at node_modules/@radix-ui/react-compose-refs/src/compose-refs.tsx:24:27
      at setRef (node_modules/@radix-ui/react-compose-refs/src/compose-refs.tsx:11:12)
      at node_modules/@radix-ui/react-compose-refs/src/compose-refs.tsx:25:23
          at Array.map (<anonymous>)
      at node_modules/@radix-ui/react-compose-refs/src/compose-refs.tsx:24:27
      at runWithFiberInDEV (node_modules/react-dom/cjs/react-dom-client.development.js:874:13)
      at safelyDetachRef (node_modules/react-dom/cjs/react-dom-client.development.js:13529:37)
      at commitMutationEffectsOnFiber (node_modules/react-dom/cjs/react-dom-client.development.js:14826:15)
      at recursivelyTraverseMutationEffects (node_modules/react-dom/cjs/react-dom-client.development.js:14576:11)
      at commitMutationEffectsOnFiber (node_modules/react-dom/cjs/react-dom-client.development.js:14591:11)
      at recursivelyTraverseMutationEffects (node_modules/react-dom/cjs/react-dom-client.development.js:14576:11)
      at commitMutationEffectsOnFiber (node_modules/react-dom/cjs/react-dom-client.development.js:14591:11)
      at recursivelyTraverseMutationEffects (node_modules/react-dom/cjs/react-dom-client.development.js:14576:11)
      at commitMutationEffectsOnFiber (node_modules/react-dom/cjs/react-dom-client.development.js:14591:11)
      at recursivelyTraverseMutationEffects (node_modules/react-dom/cjs/react-dom-client.development.js:14576:11)
      at commitMutationEffectsOnFiber (node_modules/react-dom/cjs/react-dom-client.development.js:14591:11)
      at recursivelyTraverseMutationEffects (node_modules/react-dom/cjs/react-dom-client.development.js:14576:11)
      at commitMutationEffectsOnFiber (node_modules/react-dom/cjs/react-dom-client.development.js:14591:11)
      at recursivelyTraverseMutationEffects (node_modules/react-dom/cjs/react-dom-client.development.js:14576:11)
      at commitMutationEffectsOnFiber (node_modules/react-dom/cjs/react-dom-client.development.js:14591:11)
      at recursivelyTraverseMutationEffects (node_modules/react-dom/cjs/react-dom-client.development.js:14576:11)
      at commitMutationEffectsOnFiber (node_modules/react-dom/cjs/react-dom-client.development.js:14591:11)
      at recursivelyTraverseMutationEffects (node_modules/react-dom/cjs/react-dom-client.development.js:14576:11)
      at commitMutationEffectsOnFiber (node_modules/react-dom/cjs/react-dom-client.development.js:15102:11)
      at recursivelyTraverseMutationEffects (node_modules/react-dom/cjs/react-dom-client.development.js:14576:11)
      at commitMutationEffectsOnFiber (node_modules/react-dom/cjs/react-dom-client.development.js:14591:11)
      at recursivelyTraverseMutationEffects (node_modules/react-dom/cjs/react-dom-client.development.js:14576:11)
      at commitMutationEffectsOnFiber (node_modules/react-dom/cjs/react-dom-client.development.js:15102:11)
      at recursivelyTraverseMutationEffects (node_modules/react-dom/cjs/react-dom-client.development.js:14576:11)
      at commitMutationEffectsOnFiber (node_modules/react-dom/cjs/react-dom-client.development.js:14591:11)
      at recursivelyTraverseMutationEffects (node_modules/react-dom/cjs/react-dom-client.development.js:14576:11)
      at commitMutationEffectsOnFiber (node_modules/react-dom/cjs/react-dom-client.development.js:14591:11)
      at recursivelyTraverseMutationEffects (node_modules/react-dom/cjs/react-dom-client.development.js:14576:11)
      at commitMutationEffectsOnFiber (node_modules/react-dom/cjs/react-dom-client.development.js:15102:11)
      at recursivelyTraverseMutationEffects (node_modules/react-dom/cjs/react-dom-client.development.js:14576:11)
      at commitMutationEffectsOnFiber (node_modules/react-dom/cjs/react-dom-client.development.js:14591:11)
      at recursivelyTraverseMutationEffects (node_modules/react-dom/cjs/react-dom-client.development.js:14576:11)
      at commitMutationEffectsOnFiber (node_modules/react-dom/cjs/react-dom-client.development.js:15102:11)
      at recursivelyTraverseMutationEffects (node_modules/react-dom/cjs/react-dom-client.development.js:14576:11)
      at commitMutationEffectsOnFiber (node_modules/react-dom/cjs/react-dom-client.development.js:14591:11)
      at recursivelyTraverseMutationEffects (node_modules/react-dom/cjs/react-dom-client.development.js:14576:11)
      at commitMutationEffectsOnFiber (node_modules/react-dom/cjs/react-dom-client.development.js:14591:11)
      at recursivelyTraverseMutationEffects (node_modules/react-dom/cjs/react-dom-client.development.js:14576:11)
      at commitMutationEffectsOnFiber (node_modules/react-dom/cjs/react-dom-client.development.js:14591:11)
      at recursivelyTraverseMutationEffects (node_modules/react-dom/cjs/react-dom-client.development.js:14576:11)
      at commitMutationEffectsOnFiber (node_modules/react-dom/cjs/react-dom-client.development.js:14821:11)
      at recursivelyTraverseMutationEffects (node_modules/react-dom/cjs/react-dom-client.development.js:14576:11)
      at commitMutationEffectsOnFiber (node_modules/react-dom/cjs/react-dom-client.development.js:14821:11)
      at recursivelyTraverseMutationEffects (node_modules/react-dom/cjs/react-dom-client.development.js:14576:11)
      at commitMutationEffectsOnFiber (node_modules/react-dom/cjs/react-dom-client.development.js:14821:11)
      at recursivelyTraverseMutationEffects (node_modules/react-dom/cjs/react-dom-client.development.js:14576:11)
      at commitMutationEffectsOnFiber (node_modules/react-dom/cjs/react-dom-client.development.js:14591:11)
      at recursivelyTraverseMutationEffects (node_modules/react-dom/cjs/react-dom-client.development.js:14576:11)
      at commitMutationEffectsOnFiber (node_modules/react-dom/cjs/react-dom-client.development.js:15102:11)
      at recursivelyTraverseMutationEffects (node_modules/react-dom/cjs/react-dom-client.development.js:14576:11)
      at commitMutationEffectsOnFiber (node_modules/react-dom/cjs/react-dom-client.development.js:15102:11)
      at recursivelyTraverseMutationEffects (node_modules/react-dom/cjs/react-dom-client.development.js:14576:11)
      at commitMutationEffectsOnFiber (node_modules/react-dom/cjs/react-dom-client.development.js:14591:11)
      at recursivelyTraverseMutationEffects (node_modules/react-dom/cjs/react-dom-client.development.js:14576:11)
      at commitMutationEffectsOnFiber (node_modules/react-dom/cjs/react-dom-client.development.js:14591:11)
      at recursivelyTraverseMutationEffects (node_modules/react-dom/cjs/react-dom-client.development.js:14576:11)
      at commitMutationEffectsOnFiber (node_modules/react-dom/cjs/react-dom-client.development.js:15102:11)
      at recursivelyTraverseMutationEffects (node_modules/react-dom/cjs/react-dom-client.development.js:14576:11)
      at commitMutationEffectsOnFiber (node_modules/react-dom/cjs/react-dom-client.development.js:14591:11)
      at recursivelyTraverseMutationEffects (node_modules/react-dom/cjs/react-dom-client.development.js:14576:11)
      at commitMutationEffectsOnFiber (node_modules/react-dom/cjs/react-dom-client.development.js:14591:11)
      at recursivelyTraverseMutationEffects (node_modules/react-dom/cjs/react-dom-client.development.js:14576:11)
      at commitMutationEffectsOnFiber (node_modules/react-dom/cjs/react-dom-client.development.js:14883:11)
      at flushMutationEffects (node_modules/react-dom/cjs/react-dom-client.development.js:17979:13)
      at commitRoot (node_modules/react-dom/cjs/react-dom-client.development.js:17953:9)
      at commitRootWhenReady (node_modules/react-dom/cjs/react-dom-client.development.js:16824:7)
      at performWorkOnRoot (node_modules/react-dom/cjs/react-dom-client.development.js:16722:15)
      at performWorkOnRootViaSchedulerTask (node_modules/react-dom/cjs/react-dom-client.development.js:18957:7)
      at performWorkUntilDeadline (node_modules/scheduler/cjs/scheduler.development.js:45:48)
      at Timeout.task [as _onTimeout] (node_modules/jsdom/lib/jsdom/browser/Window.js:579:19)

    console.error
      An update to SelectItemText inside a test was not wrapped in act(...).
      
      When testing, code that causes React state updates should be wrapped into act(...):
      
      act(() => {
        /* fire events that update state */
      });
      /* assert on the output */
      
      This ensures that you're testing the behavior the user would see in the browser. Learn more at https://react.dev/link/wrap-tests-with-act

      at node_modules/react-dom/cjs/react-dom-client.development.js:18758:19
      at runWithFiberInDEV (node_modules/react-dom/cjs/react-dom-client.development.js:874:13)
      at warnIfUpdatesNotWrappedWithActDEV (node_modules/react-dom/cjs/react-dom-client.development.js:18757:9)
      at scheduleUpdateOnFiber (node_modules/react-dom/cjs/react-dom-client.development.js:16409:11)
      at dispatchSetStateInternal (node_modules/react-dom/cjs/react-dom-client.development.js:9170:13)
      at dispatchSetState (node_modules/react-dom/cjs/react-dom-client.development.js:9127:7)
      at node_modules/@radix-ui/react-select/src/select.tsx:1378:17
      at setRef (node_modules/@radix-ui/react-compose-refs/src/compose-refs.tsx:11:12)
      at node_modules/@radix-ui/react-compose-refs/src/compose-refs.tsx:25:23
          at Array.map (<anonymous>)
      at node_modules/@radix-ui/react-compose-refs/src/compose-refs.tsx:24:27
      at runWithFiberInDEV (node_modules/react-dom/cjs/react-dom-client.development.js:874:13)
      at safelyDetachRef (node_modules/react-dom/cjs/react-dom-client.development.js:13529:37)
      at commitMutationEffectsOnFiber (node_modules/react-dom/cjs/react-dom-client.development.js:14826:15)
      at recursivelyTraverseMutationEffects (node_modules/react-dom/cjs/react-dom-client.development.js:14576:11)
      at commitMutationEffectsOnFiber (node_modules/react-dom/cjs/react-dom-client.development.js:14591:11)
      at recursivelyTraverseMutationEffects (node_modules/react-dom/cjs/react-dom-client.development.js:14576:11)
      at commitMutationEffectsOnFiber (node_modules/react-dom/cjs/react-dom-client.development.js:14591:11)
      at recursivelyTraverseMutationEffects (node_modules/react-dom/cjs/react-dom-client.development.js:14576:11)
      at commitMutationEffectsOnFiber (node_modules/react-dom/cjs/react-dom-client.development.js:14821:11)
      at recursivelyTraverseMutationEffects (node_modules/react-dom/cjs/react-dom-client.development.js:14576:11)
      at commitMutationEffectsOnFiber (node_modules/react-dom/cjs/react-dom-client.development.js:14591:11)
      at recursivelyTraverseMutationEffects (node_modules/react-dom/cjs/react-dom-client.development.js:14576:11)
      at commitMutationEffectsOnFiber (node_modules/react-dom/cjs/react-dom-client.development.js:14591:11)
      at recursivelyTraverseMutationEffects (node_modules/react-dom/cjs/react-dom-client.development.js:14576:11)
      at commitMutationEffectsOnFiber (node_modules/react-dom/cjs/react-dom-client.development.js:14591:11)
      at recursivelyTraverseMutationEffects (node_modules/react-dom/cjs/react-dom-client.development.js:14576:11)
      at commitMutationEffectsOnFiber (node_modules/react-dom/cjs/react-dom-client.development.js:14591:11)
      at recursivelyTraverseMutationEffects (node_modules/react-dom/cjs/react-dom-client.development.js:14576:11)
      at commitMutationEffectsOnFiber (node_modules/react-dom/cjs/react-dom-client.development.js:15102:11)
      at recursivelyTraverseMutationEffects (node_modules/react-dom/cjs/react-dom-client.development.js:14576:11)
      at commitMutationEffectsOnFiber (node_modules/react-dom/cjs/react-dom-client.development.js:14591:11)
      at recursivelyTraverseMutationEffects (node_modules/react-dom/cjs/react-dom-client.development.js:14576:11)
      at commitMutationEffectsOnFiber (node_modules/react-dom/cjs/react-dom-client.development.js:14591:11)
      at recursivelyTraverseMutationEffects (node_modules/react-dom/cjs/react-dom-client.development.js:14576:11)
      at commitMutationEffectsOnFiber (node_modules/react-dom/cjs/react-dom-client.development.js:14591:11)
      at recursivelyTraverseMutationEffects (node_modules/react-dom/cjs/react-dom-client.development.js:14576:11)
      at commitMutationEffectsOnFiber (node_modules/react-dom/cjs/react-dom-client.development.js:14821:11)
      at recursivelyTraverseMutationEffects (node_modules/react-dom/cjs/react-dom-client.development.js:14576:11)
      at commitMutationEffectsOnFiber (node_modules/react-dom/cjs/react-dom-client.development.js:14591:11)
      at recursivelyTraverseMutationEffects (node_modules/react-dom/cjs/react-dom-client.development.js:14576:11)
      at commitMutationEffectsOnFiber (node_modules/react-dom/cjs/react-dom-client.development.js:14591:11)
      at recursivelyTraverseMutationEffects (node_modules/react-dom/cjs/react-dom-client.development.js:14576:11)
      at commitMutationEffectsOnFiber (node_modules/react-dom/cjs/react-dom-client.development.js:14591:11)
      at recursivelyTraverseMutationEffects (node_modules/react-dom/cjs/react-dom-client.development.js:14576:11)
      at commitMutationEffectsOnFiber (node_modules/react-dom/cjs/react-dom-client.development.js:14591:11)
      at recursivelyTraverseMutationEffects (node_modules/react-dom/cjs/react-dom-client.development.js:14576:11)
      at commitMutationEffectsOnFiber (node_modules/react-dom/cjs/react-dom-client.development.js:14591:11)
      at recursivelyTraverseMutationEffects (node_modules/react-dom/cjs/react-dom-client.development.js:14576:11)
      at commitMutationEffectsOnFiber (node_modules/react-dom/cjs/react-dom-client.development.js:14821:11)
      at recursivelyTraverseMutationEffects (node_modules/react-dom/cjs/react-dom-client.development.js:14576:11)
      at commitMutationEffectsOnFiber (node_modules/react-dom/cjs/react-dom-client.development.js:14591:11)
      at recursivelyTraverseMutationEffects (node_modules/react-dom/cjs/react-dom-client.development.js:14576:11)
      at commitMutationEffectsOnFiber (node_modules/react-dom/cjs/react-dom-client.development.js:14591:11)
      at recursivelyTraverseMutationEffects (node_modules/react-dom/cjs/react-dom-client.development.js:14576:11)
      at commitMutationEffectsOnFiber (node_modules/react-dom/cjs/react-dom-client.development.js:14591:11)
      at recursivelyTraverseMutationEffects (node_modules/react-dom/cjs/react-dom-client.development.js:14576:11)
      at commitMutationEffectsOnFiber (node_modules/react-dom/cjs/react-dom-client.development.js:15102:11)
      at recursivelyTraverseMutationEffects (node_modules/react-dom/cjs/react-dom-client.development.js:14576:11)
      at commitMutationEffectsOnFiber (node_modules/react-dom/cjs/react-dom-client.development.js:14591:11)
      at recursivelyTraverseMutationEffects (node_modules/react-dom/cjs/react-dom-client.development.js:14576:11)
      at commitMutationEffectsOnFiber (node_modules/react-dom/cjs/react-dom-client.development.js:14911:11)
      at recursivelyTraverseMutationEffects (node_modules/react-dom/cjs/react-dom-client.development.js:14576:11)
      at commitMutationEffectsOnFiber (node_modules/react-dom/cjs/react-dom-client.development.js:14591:11)
      at recursivelyTraverseMutationEffects (node_modules/react-dom/cjs/react-dom-client.development.js:14576:11)
      at commitMutationEffectsOnFiber (node_modules/react-dom/cjs/react-dom-client.development.js:14591:11)
      at recursivelyTraverseMutationEffects (node_modules/react-dom/cjs/react-dom-client.development.js:14576:11)
      at commitMutationEffectsOnFiber (node_modules/react-dom/cjs/react-dom-client.development.js:14591:11)
      at recursivelyTraverseMutationEffects (node_modules/react-dom/cjs/react-dom-client.development.js:14576:11)
      at commitMutationEffectsOnFiber (node_modules/react-dom/cjs/react-dom-client.development.js:14591:11)
      at recursivelyTraverseMutationEffects (node_modules/react-dom/cjs/react-dom-client.development.js:14576:11)
      at commitMutationEffectsOnFiber (node_modules/react-dom/cjs/react-dom-client.development.js:14911:11)
      at recursivelyTraverseMutationEffects (node_modules/react-dom/cjs/react-dom-client.development.js:14576:11)
      at commitMutationEffectsOnFiber (node_modules/react-dom/cjs/react-dom-client.development.js:14591:11)
      at recursivelyTraverseMutationEffects (node_modules/react-dom/cjs/react-dom-client.development.js:14576:11)
      at commitMutationEffectsOnFiber (node_modules/react-dom/cjs/react-dom-client.development.js:14591:11)
      at recursivelyTraverseMutationEffects (node_modules/react-dom/cjs/react-dom-client.development.js:14576:11)
      at commitMutationEffectsOnFiber (node_modules/react-dom/cjs/react-dom-client.development.js:14591:11)
      at recursivelyTraverseMutationEffects (node_modules/react-dom/cjs/react-dom-client.development.js:14576:11)
      at commitMutationEffectsOnFiber (node_modules/react-dom/cjs/react-dom-client.development.js:15102:11)
      at recursivelyTraverseMutationEffects (node_modules/react-dom/cjs/react-dom-client.development.js:14576:11)
      at commitMutationEffectsOnFiber (node_modules/react-dom/cjs/react-dom-client.development.js:14591:11)
      at recursivelyTraverseMutationEffects (node_modules/react-dom/cjs/react-dom-client.development.js:14576:11)
      at commitMutationEffectsOnFiber (node_modules/react-dom/cjs/react-dom-client.development.js:15102:11)
      at recursivelyTraverseMutationEffects (node_modules/react-dom/cjs/react-dom-client.development.js:14576:11)
      at commitMutationEffectsOnFiber (node_modules/react-dom/cjs/react-dom-client.development.js:14591:11)
      at recursivelyTraverseMutationEffects (node_modules/react-dom/cjs/react-dom-client.development.js:14576:11)
      at commitMutationEffectsOnFiber (node_modules/react-dom/cjs/react-dom-client.development.js:14591:11)
      at recursivelyTraverseMutationEffects (node_modules/react-dom/cjs/react-dom-client.development.js:14576:11)
      at commitMutationEffectsOnFiber (node_modules/react-dom/cjs/react-dom-client.development.js:15102:11)
      at recursivelyTraverseMutationEffects (node_modules/react-dom/cjs/react-dom-client.development.js:14576:11)
      at commitMutationEffectsOnFiber (node_modules/react-dom/cjs/react-dom-client.development.js:14591:11)
      at recursivelyTraverseMutationEffects (node_modules/react-dom/cjs/react-dom-client.development.js:14576:11)
      at commitMutationEffectsOnFiber (node_modules/react-dom/cjs/react-dom-client.development.js:15102:11)
      at recursivelyTraverseMutationEffects (node_modules/react-dom/cjs/react-dom-client.development.js:14576:11)
      at commitMutationEffectsOnFiber (node_modules/react-dom/cjs/react-dom-client.development.js:14591:11)
      at recursivelyTraverseMutationEffects (node_modules/react-dom/cjs/react-dom-client.development.js:14576:11)
      at commitMutationEffectsOnFiber (node_modules/react-dom/cjs/react-dom-client.development.js:14591:11)

    console.error
      An update to SelectItem inside a test was not wrapped in act(...).
      
      When testing, code that causes React state updates should be wrapped into act(...):
      
      act(() => {
        /* fire events that update state */
      });
      /* assert on the output */
      
      This ensures that you're testing the behavior the user would see in the browser. Learn more at https://react.dev/link/wrap-tests-with-act

      at node_modules/react-dom/cjs/react-dom-client.development.js:18758:19
      at runWithFiberInDEV (node_modules/react-dom/cjs/react-dom-client.development.js:874:13)
      at warnIfUpdatesNotWrappedWithActDEV (node_modules/react-dom/cjs/react-dom-client.development.js:18757:9)
      at scheduleUpdateOnFiber (node_modules/react-dom/cjs/react-dom-client.development.js:16409:11)
      at dispatchSetStateInternal (node_modules/react-dom/cjs/react-dom-client.development.js:9170:13)
      at dispatchSetState (node_modules/react-dom/cjs/react-dom-client.development.js:9127:7)
      at node_modules/@radix-ui/react-select/src/select.tsx:1291:11
      at setRef (node_modules/@radix-ui/react-compose-refs/src/compose-refs.tsx:11:12)
      at node_modules/@radix-ui/react-compose-refs/src/compose-refs.tsx:25:23
          at Array.map (<anonymous>)
      at node_modules/@radix-ui/react-compose-refs/src/compose-refs.tsx:24:27
      at runWithFiberInDEV (node_modules/react-dom/cjs/react-dom-client.development.js:874:13)
      at safelyDetachRef (node_modules/react-dom/cjs/react-dom-client.development.js:13529:37)
      at commitMutationEffectsOnFiber (node_modules/react-dom/cjs/react-dom-client.development.js:14826:15)
      at recursivelyTraverseMutationEffects (node_modules/react-dom/cjs/react-dom-client.development.js:14576:11)
      at commitMutationEffectsOnFiber (node_modules/react-dom/cjs/react-dom-client.development.js:14591:11)
      at recursivelyTraverseMutationEffects (node_modules/react-dom/cjs/react-dom-client.development.js:14576:11)
      at commitMutationEffectsOnFiber (node_modules/react-dom/cjs/react-dom-client.development.js:14591:11)
      at recursivelyTraverseMutationEffects (node_modules/react-dom/cjs/react-dom-client.development.js:14576:11)
      at commitMutationEffectsOnFiber (node_modules/react-dom/cjs/react-dom-client.development.js:14821:11)
      at recursivelyTraverseMutationEffects (node_modules/react-dom/cjs/react-dom-client.development.js:14576:11)
      at commitMutationEffectsOnFiber (node_modules/react-dom/cjs/react-dom-client.development.js:14591:11)
      at recursivelyTraverseMutationEffects (node_modules/react-dom/cjs/react-dom-client.development.js:14576:11)
      at commitMutationEffectsOnFiber (node_modules/react-dom/cjs/react-dom-client.development.js:14591:11)
      at recursivelyTraverseMutationEffects (node_modules/react-dom/cjs/react-dom-client.development.js:14576:11)
      at commitMutationEffectsOnFiber (node_modules/react-dom/cjs/react-dom-client.development.js:14591:11)
      at recursivelyTraverseMutationEffects (node_modules/react-dom/cjs/react-dom-client.development.js:14576:11)
      at commitMutationEffectsOnFiber (node_modules/react-dom/cjs/react-dom-client.development.js:14591:11)
      at recursivelyTraverseMutationEffects (node_modules/react-dom/cjs/react-dom-client.development.js:14576:11)
      at commitMutationEffectsOnFiber (node_modules/react-dom/cjs/react-dom-client.development.js:15102:11)
      at recursivelyTraverseMutationEffects (node_modules/react-dom/cjs/react-dom-client.development.js:14576:11)
      at commitMutationEffectsOnFiber (node_modules/react-dom/cjs/react-dom-client.development.js:14591:11)
      at recursivelyTraverseMutationEffects (node_modules/react-dom/cjs/react-dom-client.development.js:14576:11)
      at commitMutationEffectsOnFiber (node_modules/react-dom/cjs/react-dom-client.development.js:14591:11)
      at recursivelyTraverseMutationEffects (node_modules/react-dom/cjs/react-dom-client.development.js:14576:11)
      at commitMutationEffectsOnFiber (node_modules/react-dom/cjs/react-dom-client.development.js:14591:11)
      at recursivelyTraverseMutationEffects (node_modules/react-dom/cjs/react-dom-client.development.js:14576:11)
      at commitMutationEffectsOnFiber (node_modules/react-dom/cjs/react-dom-client.development.js:14821:11)
      at recursivelyTraverseMutationEffects (node_modules/react-dom/cjs/react-dom-client.development.js:14576:11)
      at commitMutationEffectsOnFiber (node_modules/react-dom/cjs/react-dom-client.development.js:14591:11)
      at recursivelyTraverseMutationEffects (node_modules/react-dom/cjs/react-dom-client.development.js:14576:11)
      at commitMutationEffectsOnFiber (node_modules/react-dom/cjs/react-dom-client.development.js:14591:11)
      at recursivelyTraverseMutationEffects (node_modules/react-dom/cjs/react-dom-client.development.js:14576:11)
      at commitMutationEffectsOnFiber (node_modules/react-dom/cjs/react-dom-client.development.js:14591:11)
      at recursivelyTraverseMutationEffects (node_modules/react-dom/cjs/react-dom-client.development.js:14576:11)
      at commitMutationEffectsOnFiber (node_modules/react-dom/cjs/react-dom-client.development.js:14591:11)
      at recursivelyTraverseMutationEffects (node_modules/react-dom/cjs/react-dom-client.development.js:14576:11)
      at commitMutationEffectsOnFiber (node_modules/react-dom/cjs/react-dom-client.development.js:14591:11)
      at recursivelyTraverseMutationEffects (node_modules/react-dom/cjs/react-dom-client.development.js:14576:11)
      at commitMutationEffectsOnFiber (node_modules/react-dom/cjs/react-dom-client.development.js:14821:11)
      at recursivelyTraverseMutationEffects (node_modules/react-dom/cjs/react-dom-client.development.js:14576:11)
      at commitMutationEffectsOnFiber (node_modules/react-dom/cjs/react-dom-client.development.js:14591:11)
      at recursivelyTraverseMutationEffects (node_modules/react-dom/cjs/react-dom-client.development.js:14576:11)
      at commitMutationEffectsOnFiber (node_modules/react-dom/cjs/react-dom-client.development.js:14591:11)
      at recursivelyTraverseMutationEffects (node_modules/react-dom/cjs/react-dom-client.development.js:14576:11)
      at commitMutationEffectsOnFiber (node_modules/react-dom/cjs/react-dom-client.development.js:14591:11)
      at recursivelyTraverseMutationEffects (node_modules/react-dom/cjs/react-dom-client.development.js:14576:11)
      at commitMutationEffectsOnFiber (node_modules/react-dom/cjs/react-dom-client.development.js:15102:11)
      at recursivelyTraverseMutationEffects (node_modules/react-dom/cjs/react-dom-client.development.js:14576:11)
      at commitMutationEffectsOnFiber (node_modules/react-dom/cjs/react-dom-client.development.js:14591:11)
      at recursivelyTraverseMutationEffects (node_modules/react-dom/cjs/react-dom-client.development.js:14576:11)
      at commitMutationEffectsOnFiber (node_modules/react-dom/cjs/react-dom-client.development.js:14911:11)
      at recursivelyTraverseMutationEffects (node_modules/react-dom/cjs/react-dom-client.development.js:14576:11)
      at commitMutationEffectsOnFiber (node_modules/react-dom/cjs/react-dom-client.development.js:14591:11)
      at recursivelyTraverseMutationEffects (node_modules/react-dom/cjs/react-dom-client.development.js:14576:11)
      at commitMutationEffectsOnFiber (node_modules/react-dom/cjs/react-dom-client.development.js:14591:11)
      at recursivelyTraverseMutationEffects (node_modules/react-dom/cjs/react-dom-client.development.js:14576:11)
      at commitMutationEffectsOnFiber (node_modules/react-dom/cjs/react-dom-client.development.js:14591:11)
      at recursivelyTraverseMutationEffects (node_modules/react-dom/cjs/react-dom-client.development.js:14576:11)
      at commitMutationEffectsOnFiber (node_modules/react-dom/cjs/react-dom-client.development.js:14591:11)
      at recursivelyTraverseMutationEffects (node_modules/react-dom/cjs/react-dom-client.development.js:14576:11)
      at commitMutationEffectsOnFiber (node_modules/react-dom/cjs/react-dom-client.development.js:14911:11)
      at recursivelyTraverseMutationEffects (node_modules/react-dom/cjs/react-dom-client.development.js:14576:11)
      at commitMutationEffectsOnFiber (node_modules/react-dom/cjs/react-dom-client.development.js:14591:11)
      at recursivelyTraverseMutationEffects (node_modules/react-dom/cjs/react-dom-client.development.js:14576:11)
      at commitMutationEffectsOnFiber (node_modules/react-dom/cjs/react-dom-client.development.js:14591:11)
      at recursivelyTraverseMutationEffects (node_modules/react-dom/cjs/react-dom-client.development.js:14576:11)
      at commitMutationEffectsOnFiber (node_modules/react-dom/cjs/react-dom-client.development.js:14591:11)
      at recursivelyTraverseMutationEffects (node_modules/react-dom/cjs/react-dom-client.development.js:14576:11)
      at commitMutationEffectsOnFiber (node_modules/react-dom/cjs/react-dom-client.development.js:15102:11)
      at recursivelyTraverseMutationEffects (node_modules/react-dom/cjs/react-dom-client.development.js:14576:11)
      at commitMutationEffectsOnFiber (node_modules/react-dom/cjs/react-dom-client.development.js:14591:11)
      at recursivelyTraverseMutationEffects (node_modules/react-dom/cjs/react-dom-client.development.js:14576:11)
      at commitMutationEffectsOnFiber (node_modules/react-dom/cjs/react-dom-client.development.js:15102:11)
      at recursivelyTraverseMutationEffects (node_modules/react-dom/cjs/react-dom-client.development.js:14576:11)
      at commitMutationEffectsOnFiber (node_modules/react-dom/cjs/react-dom-client.development.js:14591:11)
      at recursivelyTraverseMutationEffects (node_modules/react-dom/cjs/react-dom-client.development.js:14576:11)
      at commitMutationEffectsOnFiber (node_modules/react-dom/cjs/react-dom-client.development.js:14591:11)
      at recursivelyTraverseMutationEffects (node_modules/react-dom/cjs/react-dom-client.development.js:14576:11)
      at commitMutationEffectsOnFiber (node_modules/react-dom/cjs/react-dom-client.development.js:15102:11)
      at recursivelyTraverseMutationEffects (node_modules/react-dom/cjs/react-dom-client.development.js:14576:11)
      at commitMutationEffectsOnFiber (node_modules/react-dom/cjs/react-dom-client.development.js:14591:11)
      at recursivelyTraverseMutationEffects (node_modules/react-dom/cjs/react-dom-client.development.js:14576:11)
      at commitMutationEffectsOnFiber (node_modules/react-dom/cjs/react-dom-client.development.js:15102:11)
      at recursivelyTraverseMutationEffects (node_modules/react-dom/cjs/react-dom-client.development.js:14576:11)
      at commitMutationEffectsOnFiber (node_modules/react-dom/cjs/react-dom-client.development.js:14591:11)
      at recursivelyTraverseMutationEffects (node_modules/react-dom/cjs/react-dom-client.development.js:14576:11)
      at commitMutationEffectsOnFiber (node_modules/react-dom/cjs/react-dom-client.development.js:14591:11)

    console.error
      An update to SelectItemText inside a test was not wrapped in act(...).
      
      When testing, code that causes React state updates should be wrapped into act(...):
      
      act(() => {
        /* fire events that update state */
      });
      /* assert on the output */
      
      This ensures that you're testing the behavior the user would see in the browser. Learn more at https://react.dev/link/wrap-tests-with-act

      at node_modules/react-dom/cjs/react-dom-client.development.js:18758:19
      at runWithFiberInDEV (node_modules/react-dom/cjs/react-dom-client.development.js:874:13)
      at warnIfUpdatesNotWrappedWithActDEV (node_modules/react-dom/cjs/react-dom-client.development.js:18757:9)
      at scheduleUpdateOnFiber (node_modules/react-dom/cjs/react-dom-client.development.js:16409:11)
      at dispatchSetStateInternal (node_modules/react-dom/cjs/react-dom-client.development.js:9170:13)
      at dispatchSetState (node_modules/react-dom/cjs/react-dom-client.development.js:9127:7)
      at node_modules/@radix-ui/react-select/src/select.tsx:1378:17
      at setRef (node_modules/@radix-ui/react-compose-refs/src/compose-refs.tsx:11:12)
      at node_modules/@radix-ui/react-compose-refs/src/compose-refs.tsx:25:23
          at Array.map (<anonymous>)
      at node_modules/@radix-ui/react-compose-refs/src/compose-refs.tsx:24:27
      at runWithFiberInDEV (node_modules/react-dom/cjs/react-dom-client.development.js:874:13)
      at safelyDetachRef (node_modules/react-dom/cjs/react-dom-client.development.js:13529:37)
      at commitMutationEffectsOnFiber (node_modules/react-dom/cjs/react-dom-client.development.js:14826:15)
      at recursivelyTraverseMutationEffects (node_modules/react-dom/cjs/react-dom-client.development.js:14576:11)
      at commitMutationEffectsOnFiber (node_modules/react-dom/cjs/react-dom-client.development.js:14591:11)
      at recursivelyTraverseMutationEffects (node_modules/react-dom/cjs/react-dom-client.development.js:14576:11)
      at commitMutationEffectsOnFiber (node_modules/react-dom/cjs/react-dom-client.development.js:14591:11)
      at recursivelyTraverseMutationEffects (node_modules/react-dom/cjs/react-dom-client.development.js:14576:11)
      at commitMutationEffectsOnFiber (node_modules/react-dom/cjs/react-dom-client.development.js:14821:11)
      at recursivelyTraverseMutationEffects (node_modules/react-dom/cjs/react-dom-client.development.js:14576:11)
      at commitMutationEffectsOnFiber (node_modules/react-dom/cjs/react-dom-client.development.js:14591:11)
      at recursivelyTraverseMutationEffects (node_modules/react-dom/cjs/react-dom-client.development.js:14576:11)
      at commitMutationEffectsOnFiber (node_modules/react-dom/cjs/react-dom-client.development.js:14591:11)
      at recursivelyTraverseMutationEffects (node_modules/react-dom/cjs/react-dom-client.development.js:14576:11)
      at commitMutationEffectsOnFiber (node_modules/react-dom/cjs/react-dom-client.development.js:14591:11)
      at recursivelyTraverseMutationEffects (node_modules/react-dom/cjs/react-dom-client.development.js:14576:11)
      at commitMutationEffectsOnFiber (node_modules/react-dom/cjs/react-dom-client.development.js:14591:11)
      at recursivelyTraverseMutationEffects (node_modules/react-dom/cjs/react-dom-client.development.js:14576:11)
      at commitMutationEffectsOnFiber (node_modules/react-dom/cjs/react-dom-client.development.js:15102:11)
      at recursivelyTraverseMutationEffects (node_modules/react-dom/cjs/react-dom-client.development.js:14576:11)
      at commitMutationEffectsOnFiber (node_modules/react-dom/cjs/react-dom-client.development.js:14591:11)
      at recursivelyTraverseMutationEffects (node_modules/react-dom/cjs/react-dom-client.development.js:14576:11)
      at commitMutationEffectsOnFiber (node_modules/react-dom/cjs/react-dom-client.development.js:14591:11)
      at recursivelyTraverseMutationEffects (node_modules/react-dom/cjs/react-dom-client.development.js:14576:11)
      at commitMutationEffectsOnFiber (node_modules/react-dom/cjs/react-dom-client.development.js:14591:11)
      at recursivelyTraverseMutationEffects (node_modules/react-dom/cjs/react-dom-client.development.js:14576:11)
      at commitMutationEffectsOnFiber (node_modules/react-dom/cjs/react-dom-client.development.js:15102:11)
      at recursivelyTraverseMutationEffects (node_modules/react-dom/cjs/react-dom-client.development.js:14576:11)
      at commitMutationEffectsOnFiber (node_modules/react-dom/cjs/react-dom-client.development.js:14821:11)
      at recursivelyTraverseMutationEffects (node_modules/react-dom/cjs/react-dom-client.development.js:14576:11)
      at commitMutationEffectsOnFiber (node_modules/react-dom/cjs/react-dom-client.development.js:14591:11)
      at recursivelyTraverseMutationEffects (node_modules/react-dom/cjs/react-dom-client.development.js:14576:11)
      at commitMutationEffectsOnFiber (node_modules/react-dom/cjs/react-dom-client.development.js:14591:11)
      at recursivelyTraverseMutationEffects (node_modules/react-dom/cjs/react-dom-client.development.js:14576:11)
      at commitMutationEffectsOnFiber (node_modules/react-dom/cjs/react-dom-client.development.js:14591:11)
      at recursivelyTraverseMutationEffects (node_modules/react-dom/cjs/react-dom-client.development.js:14576:11)
      at commitMutationEffectsOnFiber (node_modules/react-dom/cjs/react-dom-client.development.js:14591:11)
      at recursivelyTraverseMutationEffects (node_modules/react-dom/cjs/react-dom-client.development.js:14576:11)
      at commitMutationEffectsOnFiber (node_modules/react-dom/cjs/react-dom-client.development.js:14591:11)
      at recursivelyTraverseMutationEffects (node_modules/react-dom/cjs/react-dom-client.development.js:14576:11)
      at commitMutationEffectsOnFiber (node_modules/react-dom/cjs/react-dom-client.development.js:14821:11)
      at recursivelyTraverseMutationEffects (node_modules/react-dom/cjs/react-dom-client.development.js:14576:11)
      at commitMutationEffectsOnFiber (node_modules/react-dom/cjs/react-dom-client.development.js:14591:11)
      at recursivelyTraverseMutationEffects (node_modules/react-dom/cjs/react-dom-client.development.js:14576:11)
      at commitMutationEffectsOnFiber (node_modules/react-dom/cjs/react-dom-client.development.js:14591:11)
      at recursivelyTraverseMutationEffects (node_modules/react-dom/cjs/react-dom-client.development.js:14576:11)
      at commitMutationEffectsOnFiber (node_modules/react-dom/cjs/react-dom-client.development.js:14591:11)
      at recursivelyTraverseMutationEffects (node_modules/react-dom/cjs/react-dom-client.development.js:14576:11)
      at commitMutationEffectsOnFiber (node_modules/react-dom/cjs/react-dom-client.development.js:15102:11)
      at recursivelyTraverseMutationEffects (node_modules/react-dom/cjs/react-dom-client.development.js:14576:11)
      at commitMutationEffectsOnFiber (node_modules/react-dom/cjs/react-dom-client.development.js:14591:11)
      at recursivelyTraverseMutationEffects (node_modules/react-dom/cjs/react-dom-client.development.js:14576:11)
      at commitMutationEffectsOnFiber (node_modules/react-dom/cjs/react-dom-client.development.js:14911:11)
      at recursivelyTraverseMutationEffects (node_modules/react-dom/cjs/react-dom-client.development.js:14576:11)
      at commitMutationEffectsOnFiber (node_modules/react-dom/cjs/react-dom-client.development.js:14591:11)
      at recursivelyTraverseMutationEffects (node_modules/react-dom/cjs/react-dom-client.development.js:14576:11)
      at commitMutationEffectsOnFiber (node_modules/react-dom/cjs/react-dom-client.development.js:14591:11)
      at recursivelyTraverseMutationEffects (node_modules/react-dom/cjs/react-dom-client.development.js:14576:11)
      at commitMutationEffectsOnFiber (node_modules/react-dom/cjs/react-dom-client.development.js:14591:11)
      at recursivelyTraverseMutationEffects (node_modules/react-dom/cjs/react-dom-client.development.js:14576:11)
      at commitMutationEffectsOnFiber (node_modules/react-dom/cjs/react-dom-client.development.js:14591:11)
      at recursivelyTraverseMutationEffects (node_modules/react-dom/cjs/react-dom-client.development.js:14576:11)
      at commitMutationEffectsOnFiber (node_modules/react-dom/cjs/react-dom-client.development.js:14911:11)
      at recursivelyTraverseMutationEffects (node_modules/react-dom/cjs/react-dom-client.development.js:14576:11)
      at commitMutationEffectsOnFiber (node_modules/react-dom/cjs/react-dom-client.development.js:14591:11)
      at recursivelyTraverseMutationEffects (node_modules/react-dom/cjs/react-dom-client.development.js:14576:11)
      at commitMutationEffectsOnFiber (node_modules/react-dom/cjs/react-dom-client.development.js:14591:11)
      at recursivelyTraverseMutationEffects (node_modules/react-dom/cjs/react-dom-client.development.js:14576:11)
      at commitMutationEffectsOnFiber (node_modules/react-dom/cjs/react-dom-client.development.js:14591:11)
      at recursivelyTraverseMutationEffects (node_modules/react-dom/cjs/react-dom-client.development.js:14576:11)
      at commitMutationEffectsOnFiber (node_modules/react-dom/cjs/react-dom-client.development.js:15102:11)
      at recursivelyTraverseMutationEffects (node_modules/react-dom/cjs/react-dom-client.development.js:14576:11)
      at commitMutationEffectsOnFiber (node_modules/react-dom/cjs/react-dom-client.development.js:14591:11)
      at recursivelyTraverseMutationEffects (node_modules/react-dom/cjs/react-dom-client.development.js:14576:11)
      at commitMutationEffectsOnFiber (node_modules/react-dom/cjs/react-dom-client.development.js:15102:11)
      at recursivelyTraverseMutationEffects (node_modules/react-dom/cjs/react-dom-client.development.js:14576:11)
      at commitMutationEffectsOnFiber (node_modules/react-dom/cjs/react-dom-client.development.js:14591:11)
      at recursivelyTraverseMutationEffects (node_modules/react-dom/cjs/react-dom-client.development.js:14576:11)
      at commitMutationEffectsOnFiber (node_modules/react-dom/cjs/react-dom-client.development.js:14591:11)
      at recursivelyTraverseMutationEffects (node_modules/react-dom/cjs/react-dom-client.development.js:14576:11)
      at commitMutationEffectsOnFiber (node_modules/react-dom/cjs/react-dom-client.development.js:15102:11)
      at recursivelyTraverseMutationEffects (node_modules/react-dom/cjs/react-dom-client.development.js:14576:11)
      at commitMutationEffectsOnFiber (node_modules/react-dom/cjs/react-dom-client.development.js:14591:11)
      at recursivelyTraverseMutationEffects (node_modules/react-dom/cjs/react-dom-client.development.js:14576:11)
      at commitMutationEffectsOnFiber (node_modules/react-dom/cjs/react-dom-client.development.js:15102:11)
      at recursivelyTraverseMutationEffects (node_modules/react-dom/cjs/react-dom-client.development.js:14576:11)
      at commitMutationEffectsOnFiber (node_modules/react-dom/cjs/react-dom-client.development.js:14591:11)

    console.error
      An update to SelectItem inside a test was not wrapped in act(...).
      
      When testing, code that causes React state updates should be wrapped into act(...):
      
      act(() => {
        /* fire events that update state */
      });
      /* assert on the output */
      
      This ensures that you're testing the behavior the user would see in the browser. Learn more at https://react.dev/link/wrap-tests-with-act

      at node_modules/react-dom/cjs/react-dom-client.development.js:18758:19
      at runWithFiberInDEV (node_modules/react-dom/cjs/react-dom-client.development.js:874:13)
      at warnIfUpdatesNotWrappedWithActDEV (node_modules/react-dom/cjs/react-dom-client.development.js:18757:9)
      at scheduleUpdateOnFiber (node_modules/react-dom/cjs/react-dom-client.development.js:16409:11)
      at dispatchSetStateInternal (node_modules/react-dom/cjs/react-dom-client.development.js:9170:13)
      at dispatchSetState (node_modules/react-dom/cjs/react-dom-client.development.js:9127:7)
      at node_modules/@radix-ui/react-select/src/select.tsx:1291:11
      at setRef (node_modules/@radix-ui/react-compose-refs/src/compose-refs.tsx:11:12)
      at node_modules/@radix-ui/react-compose-refs/src/compose-refs.tsx:25:23
          at Array.map (<anonymous>)
      at node_modules/@radix-ui/react-compose-refs/src/compose-refs.tsx:24:27
      at runWithFiberInDEV (node_modules/react-dom/cjs/react-dom-client.development.js:874:13)
      at safelyDetachRef (node_modules/react-dom/cjs/react-dom-client.development.js:13529:37)
      at commitMutationEffectsOnFiber (node_modules/react-dom/cjs/react-dom-client.development.js:14826:15)
      at recursivelyTraverseMutationEffects (node_modules/react-dom/cjs/react-dom-client.development.js:14576:11)
      at commitMutationEffectsOnFiber (node_modules/react-dom/cjs/react-dom-client.development.js:14591:11)
      at recursivelyTraverseMutationEffects (node_modules/react-dom/cjs/react-dom-client.development.js:14576:11)
      at commitMutationEffectsOnFiber (node_modules/react-dom/cjs/react-dom-client.development.js:14591:11)
      at recursivelyTraverseMutationEffects (node_modules/react-dom/cjs/react-dom-client.development.js:14576:11)
      at commitMutationEffectsOnFiber (node_modules/react-dom/cjs/react-dom-client.development.js:14821:11)
      at recursivelyTraverseMutationEffects (node_modules/react-dom/cjs/react-dom-client.development.js:14576:11)
      at commitMutationEffectsOnFiber (node_modules/react-dom/cjs/react-dom-client.development.js:14591:11)
      at recursivelyTraverseMutationEffects (node_modules/react-dom/cjs/react-dom-client.development.js:14576:11)
      at commitMutationEffectsOnFiber (node_modules/react-dom/cjs/react-dom-client.development.js:14591:11)
      at recursivelyTraverseMutationEffects (node_modules/react-dom/cjs/react-dom-client.development.js:14576:11)
      at commitMutationEffectsOnFiber (node_modules/react-dom/cjs/react-dom-client.development.js:14591:11)
      at recursivelyTraverseMutationEffects (node_modules/react-dom/cjs/react-dom-client.development.js:14576:11)
      at commitMutationEffectsOnFiber (node_modules/react-dom/cjs/react-dom-client.development.js:14591:11)
      at recursivelyTraverseMutationEffects (node_modules/react-dom/cjs/react-dom-client.development.js:14576:11)
      at commitMutationEffectsOnFiber (node_modules/react-dom/cjs/react-dom-client.development.js:15102:11)
      at recursivelyTraverseMutationEffects (node_modules/react-dom/cjs/react-dom-client.development.js:14576:11)
      at commitMutationEffectsOnFiber (node_modules/react-dom/cjs/react-dom-client.development.js:14591:11)
      at recursivelyTraverseMutationEffects (node_modules/react-dom/cjs/react-dom-client.development.js:14576:11)
      at commitMutationEffectsOnFiber (node_modules/react-dom/cjs/react-dom-client.development.js:14591:11)
      at recursivelyTraverseMutationEffects (node_modules/react-dom/cjs/react-dom-client.development.js:14576:11)
      at commitMutationEffectsOnFiber (node_modules/react-dom/cjs/react-dom-client.development.js:14591:11)
      at recursivelyTraverseMutationEffects (node_modules/react-dom/cjs/react-dom-client.development.js:14576:11)
      at commitMutationEffectsOnFiber (node_modules/react-dom/cjs/react-dom-client.development.js:15102:11)
      at recursivelyTraverseMutationEffects (node_modules/react-dom/cjs/react-dom-client.development.js:14576:11)
      at commitMutationEffectsOnFiber (node_modules/react-dom/cjs/react-dom-client.development.js:14821:11)
      at recursivelyTraverseMutationEffects (node_modules/react-dom/cjs/react-dom-client.development.js:14576:11)
      at commitMutationEffectsOnFiber (node_modules/react-dom/cjs/react-dom-client.development.js:14591:11)
      at recursivelyTraverseMutationEffects (node_modules/react-dom/cjs/react-dom-client.development.js:14576:11)
      at commitMutationEffectsOnFiber (node_modules/react-dom/cjs/react-dom-client.development.js:14591:11)
      at recursivelyTraverseMutationEffects (node_modules/react-dom/cjs/react-dom-client.development.js:14576:11)
      at commitMutationEffectsOnFiber (node_modules/react-dom/cjs/react-dom-client.development.js:14591:11)
      at recursivelyTraverseMutationEffects (node_modules/react-dom/cjs/react-dom-client.development.js:14576:11)
      at commitMutationEffectsOnFiber (node_modules/react-dom/cjs/react-dom-client.development.js:14591:11)
      at recursivelyTraverseMutationEffects (node_modules/react-dom/cjs/react-dom-client.development.js:14576:11)
      at commitMutationEffectsOnFiber (node_modules/react-dom/cjs/react-dom-client.development.js:14591:11)
      at recursivelyTraverseMutationEffects (node_modules/react-dom/cjs/react-dom-client.development.js:14576:11)
      at commitMutationEffectsOnFiber (node_modules/react-dom/cjs/react-dom-client.development.js:14821:11)
      at recursivelyTraverseMutationEffects (node_modules/react-dom/cjs/react-dom-client.development.js:14576:11)
      at commitMutationEffectsOnFiber (node_modules/react-dom/cjs/react-dom-client.development.js:14591:11)
      at recursivelyTraverseMutationEffects (node_modules/react-dom/cjs/react-dom-client.development.js:14576:11)
      at commitMutationEffectsOnFiber (node_modules/react-dom/cjs/react-dom-client.development.js:14591:11)
      at recursivelyTraverseMutationEffects (node_modules/react-dom/cjs/react-dom-client.development.js:14576:11)
      at commitMutationEffectsOnFiber (node_modules/react-dom/cjs/react-dom-client.development.js:14591:11)
      at recursivelyTraverseMutationEffects (node_modules/react-dom/cjs/react-dom-client.development.js:14576:11)
      at commitMutationEffectsOnFiber (node_modules/react-dom/cjs/react-dom-client.development.js:15102:11)
      at recursivelyTraverseMutationEffects (node_modules/react-dom/cjs/react-dom-client.development.js:14576:11)
      at commitMutationEffectsOnFiber (node_modules/react-dom/cjs/react-dom-client.development.js:14591:11)
      at recursivelyTraverseMutationEffects (node_modules/react-dom/cjs/react-dom-client.development.js:14576:11)
      at commitMutationEffectsOnFiber (node_modules/react-dom/cjs/react-dom-client.development.js:14911:11)
      at recursivelyTraverseMutationEffects (node_modules/react-dom/cjs/react-dom-client.development.js:14576:11)
      at commitMutationEffectsOnFiber (node_modules/react-dom/cjs/react-dom-client.development.js:14591:11)
      at recursivelyTraverseMutationEffects (node_modules/react-dom/cjs/react-dom-client.development.js:14576:11)
      at commitMutationEffectsOnFiber (node_modules/react-dom/cjs/react-dom-client.development.js:14591:11)
      at recursivelyTraverseMutationEffects (node_modules/react-dom/cjs/react-dom-client.development.js:14576:11)
      at commitMutationEffectsOnFiber (node_modules/react-dom/cjs/react-dom-client.development.js:14591:11)
      at recursivelyTraverseMutationEffects (node_modules/react-dom/cjs/react-dom-client.development.js:14576:11)
      at commitMutationEffectsOnFiber (node_modules/react-dom/cjs/react-dom-client.development.js:14591:11)
      at recursivelyTraverseMutationEffects (node_modules/react-dom/cjs/react-dom-client.development.js:14576:11)
      at commitMutationEffectsOnFiber (node_modules/react-dom/cjs/react-dom-client.development.js:14911:11)
      at recursivelyTraverseMutationEffects (node_modules/react-dom/cjs/react-dom-client.development.js:14576:11)
      at commitMutationEffectsOnFiber (node_modules/react-dom/cjs/react-dom-client.development.js:14591:11)
      at recursivelyTraverseMutationEffects (node_modules/react-dom/cjs/react-dom-client.development.js:14576:11)
      at commitMutationEffectsOnFiber (node_modules/react-dom/cjs/react-dom-client.development.js:14591:11)
      at recursivelyTraverseMutationEffects (node_modules/react-dom/cjs/react-dom-client.development.js:14576:11)
      at commitMutationEffectsOnFiber (node_modules/react-dom/cjs/react-dom-client.development.js:14591:11)
      at recursivelyTraverseMutationEffects (node_modules/react-dom/cjs/react-dom-client.development.js:14576:11)
      at commitMutationEffectsOnFiber (node_modules/react-dom/cjs/react-dom-client.development.js:15102:11)
      at recursivelyTraverseMutationEffects (node_modules/react-dom/cjs/react-dom-client.development.js:14576:11)
      at commitMutationEffectsOnFiber (node_modules/react-dom/cjs/react-dom-client.development.js:14591:11)
      at recursivelyTraverseMutationEffects (node_modules/react-dom/cjs/react-dom-client.development.js:14576:11)
      at commitMutationEffectsOnFiber (node_modules/react-dom/cjs/react-dom-client.development.js:15102:11)
      at recursivelyTraverseMutationEffects (node_modules/react-dom/cjs/react-dom-client.development.js:14576:11)
      at commitMutationEffectsOnFiber (node_modules/react-dom/cjs/react-dom-client.development.js:14591:11)
      at recursivelyTraverseMutationEffects (node_modules/react-dom/cjs/react-dom-client.development.js:14576:11)
      at commitMutationEffectsOnFiber (node_modules/react-dom/cjs/react-dom-client.development.js:14591:11)
      at recursivelyTraverseMutationEffects (node_modules/react-dom/cjs/react-dom-client.development.js:14576:11)
      at commitMutationEffectsOnFiber (node_modules/react-dom/cjs/react-dom-client.development.js:15102:11)
      at recursivelyTraverseMutationEffects (node_modules/react-dom/cjs/react-dom-client.development.js:14576:11)
      at commitMutationEffectsOnFiber (node_modules/react-dom/cjs/react-dom-client.development.js:14591:11)
      at recursivelyTraverseMutationEffects (node_modules/react-dom/cjs/react-dom-client.development.js:14576:11)
      at commitMutationEffectsOnFiber (node_modules/react-dom/cjs/react-dom-client.development.js:15102:11)
      at recursivelyTraverseMutationEffects (node_modules/react-dom/cjs/react-dom-client.development.js:14576:11)
      at commitMutationEffectsOnFiber (node_modules/react-dom/cjs/react-dom-client.development.js:14591:11)

    console.error
      An update to Select inside a test was not wrapped in act(...).
      
      When testing, code that causes React state updates should be wrapped into act(...):
      
      act(() => {
        /* fire events that update state */
      });
      /* assert on the output */
      
      This ensures that you're testing the behavior the user would see in the browser. Learn more at https://react.dev/link/wrap-tests-with-act

      at node_modules/react-dom/cjs/react-dom-client.development.js:18758:19
      at runWithFiberInDEV (node_modules/react-dom/cjs/react-dom-client.development.js:874:13)
      at warnIfUpdatesNotWrappedWithActDEV (node_modules/react-dom/cjs/react-dom-client.development.js:18757:9)
      at scheduleUpdateOnFiber (node_modules/react-dom/cjs/react-dom-client.development.js:16409:11)
      at dispatchSetStateInternal (node_modules/react-dom/cjs/react-dom-client.development.js:9170:13)
      at dispatchSetState (node_modules/react-dom/cjs/react-dom-client.development.js:9127:7)
      at setRef (node_modules/@radix-ui/react-compose-refs/src/compose-refs.tsx:11:12)
      at node_modules/@radix-ui/react-compose-refs/src/compose-refs.tsx:25:23
          at Array.map (<anonymous>)
      at node_modules/@radix-ui/react-compose-refs/src/compose-refs.tsx:24:27
      at setRef (node_modules/@radix-ui/react-compose-refs/src/compose-refs.tsx:11:12)
      at node_modules/@radix-ui/react-compose-refs/src/compose-refs.tsx:25:23
          at Array.map (<anonymous>)
      at node_modules/@radix-ui/react-compose-refs/src/compose-refs.tsx:24:27
      at runWithFiberInDEV (node_modules/react-dom/cjs/react-dom-client.development.js:874:13)
      at safelyDetachRef (node_modules/react-dom/cjs/react-dom-client.development.js:13529:37)
      at commitMutationEffectsOnFiber (node_modules/react-dom/cjs/react-dom-client.development.js:14826:15)
      at recursivelyTraverseMutationEffects (node_modules/react-dom/cjs/react-dom-client.development.js:14576:11)
      at commitMutationEffectsOnFiber (node_modules/react-dom/cjs/react-dom-client.development.js:14591:11)
      at recursivelyTraverseMutationEffects (node_modules/react-dom/cjs/react-dom-client.development.js:14576:11)
      at commitMutationEffectsOnFiber (node_modules/react-dom/cjs/react-dom-client.development.js:14591:11)
      at recursivelyTraverseMutationEffects (node_modules/react-dom/cjs/react-dom-client.development.js:14576:11)
      at commitMutationEffectsOnFiber (node_modules/react-dom/cjs/react-dom-client.development.js:14591:11)
      at recursivelyTraverseMutationEffects (node_modules/react-dom/cjs/react-dom-client.development.js:14576:11)
      at commitMutationEffectsOnFiber (node_modules/react-dom/cjs/react-dom-client.development.js:14591:11)
      at recursivelyTraverseMutationEffects (node_modules/react-dom/cjs/react-dom-client.development.js:14576:11)
      at commitMutationEffectsOnFiber (node_modules/react-dom/cjs/react-dom-client.development.js:14591:11)
      at recursivelyTraverseMutationEffects (node_modules/react-dom/cjs/react-dom-client.development.js:14576:11)
      at commitMutationEffectsOnFiber (node_modules/react-dom/cjs/react-dom-client.development.js:14591:11)
      at recursivelyTraverseMutationEffects (node_modules/react-dom/cjs/react-dom-client.development.js:14576:11)
      at commitMutationEffectsOnFiber (node_modules/react-dom/cjs/react-dom-client.development.js:14591:11)
      at recursivelyTraverseMutationEffects (node_modules/react-dom/cjs/react-dom-client.development.js:14576:11)
      at commitMutationEffectsOnFiber (node_modules/react-dom/cjs/react-dom-client.development.js:15102:11)
      at recursivelyTraverseMutationEffects (node_modules/react-dom/cjs/react-dom-client.development.js:14576:11)
      at commitMutationEffectsOnFiber (node_modules/react-dom/cjs/react-dom-client.development.js:14591:11)
      at recursivelyTraverseMutationEffects (node_modules/react-dom/cjs/react-dom-client.development.js:14576:11)
      at commitMutationEffectsOnFiber (node_modules/react-dom/cjs/react-dom-client.development.js:15102:11)
      at recursivelyTraverseMutationEffects (node_modules/react-dom/cjs/react-dom-client.development.js:14576:11)
      at commitMutationEffectsOnFiber (node_modules/react-dom/cjs/react-dom-client.development.js:14591:11)
      at recursivelyTraverseMutationEffects (node_modules/react-dom/cjs/react-dom-client.development.js:14576:11)
      at commitMutationEffectsOnFiber (node_modules/react-dom/cjs/react-dom-client.development.js:14591:11)
      at recursivelyTraverseMutationEffects (node_modules/react-dom/cjs/react-dom-client.development.js:14576:11)
      at commitMutationEffectsOnFiber (node_modules/react-dom/cjs/react-dom-client.development.js:15102:11)
      at recursivelyTraverseMutationEffects (node_modules/react-dom/cjs/react-dom-client.development.js:14576:11)
      at commitMutationEffectsOnFiber (node_modules/react-dom/cjs/react-dom-client.development.js:14591:11)
      at recursivelyTraverseMutationEffects (node_modules/react-dom/cjs/react-dom-client.development.js:14576:11)
      at commitMutationEffectsOnFiber (node_modules/react-dom/cjs/react-dom-client.development.js:15102:11)
      at recursivelyTraverseMutationEffects (node_modules/react-dom/cjs/react-dom-client.development.js:14576:11)
      at commitMutationEffectsOnFiber (node_modules/react-dom/cjs/react-dom-client.development.js:14591:11)
      at recursivelyTraverseMutationEffects (node_modules/react-dom/cjs/react-dom-client.development.js:14576:11)
      at commitMutationEffectsOnFiber (node_modules/react-dom/cjs/react-dom-client.development.js:14591:11)
      at recursivelyTraverseMutationEffects (node_modules/react-dom/cjs/react-dom-client.development.js:14576:11)
      at commitMutationEffectsOnFiber (node_modules/react-dom/cjs/react-dom-client.development.js:14591:11)
      at recursivelyTraverseMutationEffects (node_modules/react-dom/cjs/react-dom-client.development.js:14576:11)
      at commitMutationEffectsOnFiber (node_modules/react-dom/cjs/react-dom-client.development.js:14821:11)
      at recursivelyTraverseMutationEffects (node_modules/react-dom/cjs/react-dom-client.development.js:14576:11)
      at commitMutationEffectsOnFiber (node_modules/react-dom/cjs/react-dom-client.development.js:14821:11)
      at recursivelyTraverseMutationEffects (node_modules/react-dom/cjs/react-dom-client.development.js:14576:11)
      at commitMutationEffectsOnFiber (node_modules/react-dom/cjs/react-dom-client.development.js:14821:11)
      at recursivelyTraverseMutationEffects (node_modules/react-dom/cjs/react-dom-client.development.js:14576:11)
      at commitMutationEffectsOnFiber (node_modules/react-dom/cjs/react-dom-client.development.js:14591:11)
      at recursivelyTraverseMutationEffects (node_modules/react-dom/cjs/react-dom-client.development.js:14576:11)
      at commitMutationEffectsOnFiber (node_modules/react-dom/cjs/react-dom-client.development.js:15102:11)
      at recursivelyTraverseMutationEffects (node_modules/react-dom/cjs/react-dom-client.development.js:14576:11)
      at commitMutationEffectsOnFiber (node_modules/react-dom/cjs/react-dom-client.development.js:15102:11)
      at recursivelyTraverseMutationEffects (node_modules/react-dom/cjs/react-dom-client.development.js:14576:11)
      at commitMutationEffectsOnFiber (node_modules/react-dom/cjs/react-dom-client.development.js:14591:11)
      at recursivelyTraverseMutationEffects (node_modules/react-dom/cjs/react-dom-client.development.js:14576:11)
      at commitMutationEffectsOnFiber (node_modules/react-dom/cjs/react-dom-client.development.js:14591:11)
      at recursivelyTraverseMutationEffects (node_modules/react-dom/cjs/react-dom-client.development.js:14576:11)
      at commitMutationEffectsOnFiber (node_modules/react-dom/cjs/react-dom-client.development.js:15102:11)
      at recursivelyTraverseMutationEffects (node_modules/react-dom/cjs/react-dom-client.development.js:14576:11)
      at commitMutationEffectsOnFiber (node_modules/react-dom/cjs/react-dom-client.development.js:14591:11)
      at recursivelyTraverseMutationEffects (node_modules/react-dom/cjs/react-dom-client.development.js:14576:11)
      at commitMutationEffectsOnFiber (node_modules/react-dom/cjs/react-dom-client.development.js:14591:11)
      at recursivelyTraverseMutationEffects (node_modules/react-dom/cjs/react-dom-client.development.js:14576:11)
      at commitMutationEffectsOnFiber (node_modules/react-dom/cjs/react-dom-client.development.js:14883:11)
      at flushMutationEffects (node_modules/react-dom/cjs/react-dom-client.development.js:17979:13)
      at commitRoot (node_modules/react-dom/cjs/react-dom-client.development.js:17953:9)
      at commitRootWhenReady (node_modules/react-dom/cjs/react-dom-client.development.js:16824:7)
      at performWorkOnRoot (node_modules/react-dom/cjs/react-dom-client.development.js:16722:15)
      at performWorkOnRootViaSchedulerTask (node_modules/react-dom/cjs/react-dom-client.development.js:18957:7)
      at performWorkUntilDeadline (node_modules/scheduler/cjs/scheduler.development.js:45:48)
      at Timeout.task [as _onTimeout] (node_modules/jsdom/lib/jsdom/browser/Window.js:579:19)

    console.error
      An update to SelectItemText inside a test was not wrapped in act(...).
      
      When testing, code that causes React state updates should be wrapped into act(...):
      
      act(() => {
        /* fire events that update state */
      });
      /* assert on the output */
      
      This ensures that you're testing the behavior the user would see in the browser. Learn more at https://react.dev/link/wrap-tests-with-act

      at node_modules/react-dom/cjs/react-dom-client.development.js:18758:19
      at runWithFiberInDEV (node_modules/react-dom/cjs/react-dom-client.development.js:874:13)
      at warnIfUpdatesNotWrappedWithActDEV (node_modules/react-dom/cjs/react-dom-client.development.js:18757:9)
      at scheduleUpdateOnFiber (node_modules/react-dom/cjs/react-dom-client.development.js:16409:11)
      at dispatchSetStateInternal (node_modules/react-dom/cjs/react-dom-client.development.js:9170:13)
      at dispatchSetState (node_modules/react-dom/cjs/react-dom-client.development.js:9127:7)
      at node_modules/@radix-ui/react-select/src/select.tsx:1378:17
      at setRef (node_modules/@radix-ui/react-compose-refs/src/compose-refs.tsx:11:12)
      at node_modules/@radix-ui/react-compose-refs/src/compose-refs.tsx:25:23
          at Array.map (<anonymous>)
      at node_modules/@radix-ui/react-compose-refs/src/compose-refs.tsx:24:27
      at runWithFiberInDEV (node_modules/react-dom/cjs/react-dom-client.development.js:874:13)
      at safelyDetachRef (node_modules/react-dom/cjs/react-dom-client.development.js:13529:37)
      at commitMutationEffectsOnFiber (node_modules/react-dom/cjs/react-dom-client.development.js:14826:15)
      at recursivelyTraverseMutationEffects (node_modules/react-dom/cjs/react-dom-client.development.js:14576:11)
      at commitMutationEffectsOnFiber (node_modules/react-dom/cjs/react-dom-client.development.js:14591:11)
      at recursivelyTraverseMutationEffects (node_modules/react-dom/cjs/react-dom-client.development.js:14576:11)
      at commitMutationEffectsOnFiber (node_modules/react-dom/cjs/react-dom-client.development.js:14591:11)
      at recursivelyTraverseMutationEffects (node_modules/react-dom/cjs/react-dom-client.development.js:14576:11)
      at commitMutationEffectsOnFiber (node_modules/react-dom/cjs/react-dom-client.development.js:14821:11)
      at recursivelyTraverseMutationEffects (node_modules/react-dom/cjs/react-dom-client.development.js:14576:11)
      at commitMutationEffectsOnFiber (node_modules/react-dom/cjs/react-dom-client.development.js:14591:11)
      at recursivelyTraverseMutationEffects (node_modules/react-dom/cjs/react-dom-client.development.js:14576:11)
      at commitMutationEffectsOnFiber (node_modules/react-dom/cjs/react-dom-client.development.js:14591:11)
      at recursivelyTraverseMutationEffects (node_modules/react-dom/cjs/react-dom-client.development.js:14576:11)
      at commitMutationEffectsOnFiber (node_modules/react-dom/cjs/react-dom-client.development.js:14591:11)
      at recursivelyTraverseMutationEffects (node_modules/react-dom/cjs/react-dom-client.development.js:14576:11)
      at commitMutationEffectsOnFiber (node_modules/react-dom/cjs/react-dom-client.development.js:14591:11)
      at recursivelyTraverseMutationEffects (node_modules/react-dom/cjs/react-dom-client.development.js:14576:11)
      at commitMutationEffectsOnFiber (node_modules/react-dom/cjs/react-dom-client.development.js:15102:11)
      at recursivelyTraverseMutationEffects (node_modules/react-dom/cjs/react-dom-client.development.js:14576:11)
      at commitMutationEffectsOnFiber (node_modules/react-dom/cjs/react-dom-client.development.js:14591:11)
      at recursivelyTraverseMutationEffects (node_modules/react-dom/cjs/react-dom-client.development.js:14576:11)
      at commitMutationEffectsOnFiber (node_modules/react-dom/cjs/react-dom-client.development.js:14591:11)
      at recursivelyTraverseMutationEffects (node_modules/react-dom/cjs/react-dom-client.development.js:14576:11)
      at commitMutationEffectsOnFiber (node_modules/react-dom/cjs/react-dom-client.development.js:14591:11)
      at recursivelyTraverseMutationEffects (node_modules/react-dom/cjs/react-dom-client.development.js:14576:11)
      at commitMutationEffectsOnFiber (node_modules/react-dom/cjs/react-dom-client.development.js:14821:11)
      at recursivelyTraverseMutationEffects (node_modules/react-dom/cjs/react-dom-client.development.js:14576:11)
      at commitMutationEffectsOnFiber (node_modules/react-dom/cjs/react-dom-client.development.js:14591:11)
      at recursivelyTraverseMutationEffects (node_modules/react-dom/cjs/react-dom-client.development.js:14576:11)
      at commitMutationEffectsOnFiber (node_modules/react-dom/cjs/react-dom-client.development.js:14591:11)
      at recursivelyTraverseMutationEffects (node_modules/react-dom/cjs/react-dom-client.development.js:14576:11)
      at commitMutationEffectsOnFiber (node_modules/react-dom/cjs/react-dom-client.development.js:14591:11)
      at recursivelyTraverseMutationEffects (node_modules/react-dom/cjs/react-dom-client.development.js:14576:11)
      at commitMutationEffectsOnFiber (node_modules/react-dom/cjs/react-dom-client.development.js:14591:11)
      at recursivelyTraverseMutationEffects (node_modules/react-dom/cjs/react-dom-client.development.js:14576:11)
      at commitMutationEffectsOnFiber (node_modules/react-dom/cjs/react-dom-client.development.js:14591:11)
      at recursivelyTraverseMutationEffects (node_modules/react-dom/cjs/react-dom-client.development.js:14576:11)
      at commitMutationEffectsOnFiber (node_modules/react-dom/cjs/react-dom-client.development.js:14821:11)
      at recursivelyTraverseMutationEffects (node_modules/react-dom/cjs/react-dom-client.development.js:14576:11)
      at commitMutationEffectsOnFiber (node_modules/react-dom/cjs/react-dom-client.development.js:14591:11)
      at recursivelyTraverseMutationEffects (node_modules/react-dom/cjs/react-dom-client.development.js:14576:11)
      at commitMutationEffectsOnFiber (node_modules/react-dom/cjs/react-dom-client.development.js:14591:11)
      at recursivelyTraverseMutationEffects (node_modules/react-dom/cjs/react-dom-client.development.js:14576:11)
      at commitMutationEffectsOnFiber (node_modules/react-dom/cjs/react-dom-client.development.js:14591:11)
      at recursivelyTraverseMutationEffects (node_modules/react-dom/cjs/react-dom-client.development.js:14576:11)
      at commitMutationEffectsOnFiber (node_modules/react-dom/cjs/react-dom-client.development.js:15102:11)
      at recursivelyTraverseMutationEffects (node_modules/react-dom/cjs/react-dom-client.development.js:14576:11)
      at commitMutationEffectsOnFiber (node_modules/react-dom/cjs/react-dom-client.development.js:14591:11)
      at recursivelyTraverseMutationEffects (node_modules/react-dom/cjs/react-dom-client.development.js:14576:11)
      at commitMutationEffectsOnFiber (node_modules/react-dom/cjs/react-dom-client.development.js:14911:11)
      at recursivelyTraverseMutationEffects (node_modules/react-dom/cjs/react-dom-client.development.js:14576:11)
      at commitMutationEffectsOnFiber (node_modules/react-dom/cjs/react-dom-client.development.js:14591:11)
      at recursivelyTraverseMutationEffects (node_modules/react-dom/cjs/react-dom-client.development.js:14576:11)
      at commitMutationEffectsOnFiber (node_modules/react-dom/cjs/react-dom-client.development.js:14591:11)
      at recursivelyTraverseMutationEffects (node_modules/react-dom/cjs/react-dom-client.development.js:14576:11)
      at commitMutationEffectsOnFiber (node_modules/react-dom/cjs/react-dom-client.development.js:14591:11)
      at recursivelyTraverseMutationEffects (node_modules/react-dom/cjs/react-dom-client.development.js:14576:11)
      at commitMutationEffectsOnFiber (node_modules/react-dom/cjs/react-dom-client.development.js:14591:11)
      at recursivelyTraverseMutationEffects (node_modules/react-dom/cjs/react-dom-client.development.js:14576:11)
      at commitMutationEffectsOnFiber (node_modules/react-dom/cjs/react-dom-client.development.js:14911:11)
      at recursivelyTraverseMutationEffects (node_modules/react-dom/cjs/react-dom-client.development.js:14576:11)
      at commitMutationEffectsOnFiber (node_modules/react-dom/cjs/react-dom-client.development.js:14591:11)
      at recursivelyTraverseMutationEffects (node_modules/react-dom/cjs/react-dom-client.development.js:14576:11)
      at commitMutationEffectsOnFiber (node_modules/react-dom/cjs/react-dom-client.development.js:14591:11)
      at recursivelyTraverseMutationEffects (node_modules/react-dom/cjs/react-dom-client.development.js:14576:11)
      at commitMutationEffectsOnFiber (node_modules/react-dom/cjs/react-dom-client.development.js:14591:11)
      at recursivelyTraverseMutationEffects (node_modules/react-dom/cjs/react-dom-client.development.js:14576:11)
      at commitMutationEffectsOnFiber (node_modules/react-dom/cjs/react-dom-client.development.js:15102:11)
      at recursivelyTraverseMutationEffects (node_modules/react-dom/cjs/react-dom-client.development.js:14576:11)
      at commitMutationEffectsOnFiber (node_modules/react-dom/cjs/react-dom-client.development.js:14591:11)
      at recursivelyTraverseMutationEffects (node_modules/react-dom/cjs/react-dom-client.development.js:14576:11)
      at commitMutationEffectsOnFiber (node_modules/react-dom/cjs/react-dom-client.development.js:15102:11)
      at recursivelyTraverseMutationEffects (node_modules/react-dom/cjs/react-dom-client.development.js:14576:11)
      at commitMutationEffectsOnFiber (node_modules/react-dom/cjs/react-dom-client.development.js:14591:11)
      at recursivelyTraverseMutationEffects (node_modules/react-dom/cjs/react-dom-client.development.js:14576:11)
      at commitMutationEffectsOnFiber (node_modules/react-dom/cjs/react-dom-client.development.js:14591:11)
      at recursivelyTraverseMutationEffects (node_modules/react-dom/cjs/react-dom-client.development.js:14576:11)
      at commitMutationEffectsOnFiber (node_modules/react-dom/cjs/react-dom-client.development.js:15102:11)
      at recursivelyTraverseMutationEffects (node_modules/react-dom/cjs/react-dom-client.development.js:14576:11)
      at commitMutationEffectsOnFiber (node_modules/react-dom/cjs/react-dom-client.development.js:14591:11)
      at recursivelyTraverseMutationEffects (node_modules/react-dom/cjs/react-dom-client.development.js:14576:11)
      at commitMutationEffectsOnFiber (node_modules/react-dom/cjs/react-dom-client.development.js:15102:11)
      at recursivelyTraverseMutationEffects (node_modules/react-dom/cjs/react-dom-client.development.js:14576:11)
      at commitMutationEffectsOnFiber (node_modules/react-dom/cjs/react-dom-client.development.js:14591:11)
      at recursivelyTraverseMutationEffects (node_modules/react-dom/cjs/react-dom-client.development.js:14576:11)
      at commitMutationEffectsOnFiber (node_modules/react-dom/cjs/react-dom-client.development.js:14591:11)

    console.error
      An update to SelectItem inside a test was not wrapped in act(...).
      
      When testing, code that causes React state updates should be wrapped into act(...):
      
      act(() => {
        /* fire events that update state */
      });
      /* assert on the output */
      
      This ensures that you're testing the behavior the user would see in the browser. Learn more at https://react.dev/link/wrap-tests-with-act

      at node_modules/react-dom/cjs/react-dom-client.development.js:18758:19
      at runWithFiberInDEV (node_modules/react-dom/cjs/react-dom-client.development.js:874:13)
      at warnIfUpdatesNotWrappedWithActDEV (node_modules/react-dom/cjs/react-dom-client.development.js:18757:9)
      at scheduleUpdateOnFiber (node_modules/react-dom/cjs/react-dom-client.development.js:16409:11)
      at dispatchSetStateInternal (node_modules/react-dom/cjs/react-dom-client.development.js:9170:13)
      at dispatchSetState (node_modules/react-dom/cjs/react-dom-client.development.js:9127:7)
      at node_modules/@radix-ui/react-select/src/select.tsx:1291:11
      at setRef (node_modules/@radix-ui/react-compose-refs/src/compose-refs.tsx:11:12)
      at node_modules/@radix-ui/react-compose-refs/src/compose-refs.tsx:25:23
          at Array.map (<anonymous>)
      at node_modules/@radix-ui/react-compose-refs/src/compose-refs.tsx:24:27
      at runWithFiberInDEV (node_modules/react-dom/cjs/react-dom-client.development.js:874:13)
      at safelyDetachRef (node_modules/react-dom/cjs/react-dom-client.development.js:13529:37)
      at commitMutationEffectsOnFiber (node_modules/react-dom/cjs/react-dom-client.development.js:14826:15)
      at recursivelyTraverseMutationEffects (node_modules/react-dom/cjs/react-dom-client.development.js:14576:11)
      at commitMutationEffectsOnFiber (node_modules/react-dom/cjs/react-dom-client.development.js:14591:11)
      at recursivelyTraverseMutationEffects (node_modules/react-dom/cjs/react-dom-client.development.js:14576:11)
      at commitMutationEffectsOnFiber (node_modules/react-dom/cjs/react-dom-client.development.js:14591:11)
      at recursivelyTraverseMutationEffects (node_modules/react-dom/cjs/react-dom-client.development.js:14576:11)
      at commitMutationEffectsOnFiber (node_modules/react-dom/cjs/react-dom-client.development.js:14821:11)
      at recursivelyTraverseMutationEffects (node_modules/react-dom/cjs/react-dom-client.development.js:14576:11)
      at commitMutationEffectsOnFiber (node_modules/react-dom/cjs/react-dom-client.development.js:14591:11)
      at recursivelyTraverseMutationEffects (node_modules/react-dom/cjs/react-dom-client.development.js:14576:11)
      at commitMutationEffectsOnFiber (node_modules/react-dom/cjs/react-dom-client.development.js:14591:11)
      at recursivelyTraverseMutationEffects (node_modules/react-dom/cjs/react-dom-client.development.js:14576:11)
      at commitMutationEffectsOnFiber (node_modules/react-dom/cjs/react-dom-client.development.js:14591:11)
      at recursivelyTraverseMutationEffects (node_modules/react-dom/cjs/react-dom-client.development.js:14576:11)
      at commitMutationEffectsOnFiber (node_modules/react-dom/cjs/react-dom-client.development.js:14591:11)
      at recursivelyTraverseMutationEffects (node_modules/react-dom/cjs/react-dom-client.development.js:14576:11)
      at commitMutationEffectsOnFiber (node_modules/react-dom/cjs/react-dom-client.development.js:15102:11)
      at recursivelyTraverseMutationEffects (node_modules/react-dom/cjs/react-dom-client.development.js:14576:11)
      at commitMutationEffectsOnFiber (node_modules/react-dom/cjs/react-dom-client.development.js:14591:11)
      at recursivelyTraverseMutationEffects (node_modules/react-dom/cjs/react-dom-client.development.js:14576:11)
      at commitMutationEffectsOnFiber (node_modules/react-dom/cjs/react-dom-client.development.js:14591:11)
      at recursivelyTraverseMutationEffects (node_modules/react-dom/cjs/react-dom-client.development.js:14576:11)
      at commitMutationEffectsOnFiber (node_modules/react-dom/cjs/react-dom-client.development.js:14591:11)
      at recursivelyTraverseMutationEffects (node_modules/react-dom/cjs/react-dom-client.development.js:14576:11)
      at commitMutationEffectsOnFiber (node_modules/react-dom/cjs/react-dom-client.development.js:14821:11)
      at recursivelyTraverseMutationEffects (node_modules/react-dom/cjs/react-dom-client.development.js:14576:11)
      at commitMutationEffectsOnFiber (node_modules/react-dom/cjs/react-dom-client.development.js:14591:11)
      at recursivelyTraverseMutationEffects (node_modules/react-dom/cjs/react-dom-client.development.js:14576:11)
      at commitMutationEffectsOnFiber (node_modules/react-dom/cjs/react-dom-client.development.js:14591:11)
      at recursivelyTraverseMutationEffects (node_modules/react-dom/cjs/react-dom-client.development.js:14576:11)
      at commitMutationEffectsOnFiber (node_modules/react-dom/cjs/react-dom-client.development.js:14591:11)
      at recursivelyTraverseMutationEffects (node_modules/react-dom/cjs/react-dom-client.development.js:14576:11)
      at commitMutationEffectsOnFiber (node_modules/react-dom/cjs/react-dom-client.development.js:14591:11)
      at recursivelyTraverseMutationEffects (node_modules/react-dom/cjs/react-dom-client.development.js:14576:11)
      at commitMutationEffectsOnFiber (node_modules/react-dom/cjs/react-dom-client.development.js:14591:11)
      at recursivelyTraverseMutationEffects (node_modules/react-dom/cjs/react-dom-client.development.js:14576:11)
      at commitMutationEffectsOnFiber (node_modules/react-dom/cjs/react-dom-client.development.js:14821:11)
      at recursivelyTraverseMutationEffects (node_modules/react-dom/cjs/react-dom-client.development.js:14576:11)
      at commitMutationEffectsOnFiber (node_modules/react-dom/cjs/react-dom-client.development.js:14591:11)
      at recursivelyTraverseMutationEffects (node_modules/react-dom/cjs/react-dom-client.development.js:14576:11)
      at commitMutationEffectsOnFiber (node_modules/react-dom/cjs/react-dom-client.development.js:14591:11)
      at recursivelyTraverseMutationEffects (node_modules/react-dom/cjs/react-dom-client.development.js:14576:11)
      at commitMutationEffectsOnFiber (node_modules/react-dom/cjs/react-dom-client.development.js:14591:11)
      at recursivelyTraverseMutationEffects (node_modules/react-dom/cjs/react-dom-client.development.js:14576:11)
      at commitMutationEffectsOnFiber (node_modules/react-dom/cjs/react-dom-client.development.js:15102:11)
      at recursivelyTraverseMutationEffects (node_modules/react-dom/cjs/react-dom-client.development.js:14576:11)
      at commitMutationEffectsOnFiber (node_modules/react-dom/cjs/react-dom-client.development.js:14591:11)
      at recursivelyTraverseMutationEffects (node_modules/react-dom/cjs/react-dom-client.development.js:14576:11)
      at commitMutationEffectsOnFiber (node_modules/react-dom/cjs/react-dom-client.development.js:14911:11)
      at recursivelyTraverseMutationEffects (node_modules/react-dom/cjs/react-dom-client.development.js:14576:11)
      at commitMutationEffectsOnFiber (node_modules/react-dom/cjs/react-dom-client.development.js:14591:11)
      at recursivelyTraverseMutationEffects (node_modules/react-dom/cjs/react-dom-client.development.js:14576:11)
      at commitMutationEffectsOnFiber (node_modules/react-dom/cjs/react-dom-client.development.js:14591:11)
      at recursivelyTraverseMutationEffects (node_modules/react-dom/cjs/react-dom-client.development.js:14576:11)
      at commitMutationEffectsOnFiber (node_modules/react-dom/cjs/react-dom-client.development.js:14591:11)
      at recursivelyTraverseMutationEffects (node_modules/react-dom/cjs/react-dom-client.development.js:14576:11)
      at commitMutationEffectsOnFiber (node_modules/react-dom/cjs/react-dom-client.development.js:14591:11)
      at recursivelyTraverseMutationEffects (node_modules/react-dom/cjs/react-dom-client.development.js:14576:11)
      at commitMutationEffectsOnFiber (node_modules/react-dom/cjs/react-dom-client.development.js:14911:11)
      at recursivelyTraverseMutationEffects (node_modules/react-dom/cjs/react-dom-client.development.js:14576:11)
      at commitMutationEffectsOnFiber (node_modules/react-dom/cjs/react-dom-client.development.js:14591:11)
      at recursivelyTraverseMutationEffects (node_modules/react-dom/cjs/react-dom-client.development.js:14576:11)
      at commitMutationEffectsOnFiber (node_modules/react-dom/cjs/react-dom-client.development.js:14591:11)
      at recursivelyTraverseMutationEffects (node_modules/react-dom/cjs/react-dom-client.development.js:14576:11)
      at commitMutationEffectsOnFiber (node_modules/react-dom/cjs/react-dom-client.development.js:14591:11)
      at recursivelyTraverseMutationEffects (node_modules/react-dom/cjs/react-dom-client.development.js:14576:11)
      at commitMutationEffectsOnFiber (node_modules/react-dom/cjs/react-dom-client.development.js:15102:11)
      at recursivelyTraverseMutationEffects (node_modules/react-dom/cjs/react-dom-client.development.js:14576:11)
      at commitMutationEffectsOnFiber (node_modules/react-dom/cjs/react-dom-client.development.js:14591:11)
      at recursivelyTraverseMutationEffects (node_modules/react-dom/cjs/react-dom-client.development.js:14576:11)
      at commitMutationEffectsOnFiber (node_modules/react-dom/cjs/react-dom-client.development.js:15102:11)
      at recursivelyTraverseMutationEffects (node_modules/react-dom/cjs/react-dom-client.development.js:14576:11)
      at commitMutationEffectsOnFiber (node_modules/react-dom/cjs/react-dom-client.development.js:14591:11)
      at recursivelyTraverseMutationEffects (node_modules/react-dom/cjs/react-dom-client.development.js:14576:11)
      at commitMutationEffectsOnFiber (node_modules/react-dom/cjs/react-dom-client.development.js:14591:11)
      at recursivelyTraverseMutationEffects (node_modules/react-dom/cjs/react-dom-client.development.js:14576:11)
      at commitMutationEffectsOnFiber (node_modules/react-dom/cjs/react-dom-client.development.js:15102:11)
      at recursivelyTraverseMutationEffects (node_modules/react-dom/cjs/react-dom-client.development.js:14576:11)
      at commitMutationEffectsOnFiber (node_modules/react-dom/cjs/react-dom-client.development.js:14591:11)
      at recursivelyTraverseMutationEffects (node_modules/react-dom/cjs/react-dom-client.development.js:14576:11)
      at commitMutationEffectsOnFiber (node_modules/react-dom/cjs/react-dom-client.development.js:15102:11)
      at recursivelyTraverseMutationEffects (node_modules/react-dom/cjs/react-dom-client.development.js:14576:11)
      at commitMutationEffectsOnFiber (node_modules/react-dom/cjs/react-dom-client.development.js:14591:11)
      at recursivelyTraverseMutationEffects (node_modules/react-dom/cjs/react-dom-client.development.js:14576:11)
      at commitMutationEffectsOnFiber (node_modules/react-dom/cjs/react-dom-client.development.js:14591:11)

    console.error
      An update to SelectItemText inside a test was not wrapped in act(...).
      
      When testing, code that causes React state updates should be wrapped into act(...):
      
      act(() => {
        /* fire events that update state */
      });
      /* assert on the output */
      
      This ensures that you're testing the behavior the user would see in the browser. Learn more at https://react.dev/link/wrap-tests-with-act

      at node_modules/react-dom/cjs/react-dom-client.development.js:18758:19
      at runWithFiberInDEV (node_modules/react-dom/cjs/react-dom-client.development.js:874:13)
      at warnIfUpdatesNotWrappedWithActDEV (node_modules/react-dom/cjs/react-dom-client.development.js:18757:9)
      at scheduleUpdateOnFiber (node_modules/react-dom/cjs/react-dom-client.development.js:16409:11)
      at dispatchSetStateInternal (node_modules/react-dom/cjs/react-dom-client.development.js:9170:13)
      at dispatchSetState (node_modules/react-dom/cjs/react-dom-client.development.js:9127:7)
      at node_modules/@radix-ui/react-select/src/select.tsx:1378:17
      at setRef (node_modules/@radix-ui/react-compose-refs/src/compose-refs.tsx:11:12)
      at node_modules/@radix-ui/react-compose-refs/src/compose-refs.tsx:25:23
          at Array.map (<anonymous>)
      at node_modules/@radix-ui/react-compose-refs/src/compose-refs.tsx:24:27
      at runWithFiberInDEV (node_modules/react-dom/cjs/react-dom-client.development.js:874:13)
      at safelyDetachRef (node_modules/react-dom/cjs/react-dom-client.development.js:13529:37)
      at commitMutationEffectsOnFiber (node_modules/react-dom/cjs/react-dom-client.development.js:14826:15)
      at recursivelyTraverseMutationEffects (node_modules/react-dom/cjs/react-dom-client.development.js:14576:11)
      at commitMutationEffectsOnFiber (node_modules/react-dom/cjs/react-dom-client.development.js:14591:11)
      at recursivelyTraverseMutationEffects (node_modules/react-dom/cjs/react-dom-client.development.js:14576:11)
      at commitMutationEffectsOnFiber (node_modules/react-dom/cjs/react-dom-client.development.js:14591:11)
      at recursivelyTraverseMutationEffects (node_modules/react-dom/cjs/react-dom-client.development.js:14576:11)
      at commitMutationEffectsOnFiber (node_modules/react-dom/cjs/react-dom-client.development.js:14821:11)
      at recursivelyTraverseMutationEffects (node_modules/react-dom/cjs/react-dom-client.development.js:14576:11)
      at commitMutationEffectsOnFiber (node_modules/react-dom/cjs/react-dom-client.development.js:14591:11)
      at recursivelyTraverseMutationEffects (node_modules/react-dom/cjs/react-dom-client.development.js:14576:11)
      at commitMutationEffectsOnFiber (node_modules/react-dom/cjs/react-dom-client.development.js:14591:11)
      at recursivelyTraverseMutationEffects (node_modules/react-dom/cjs/react-dom-client.development.js:14576:11)
      at commitMutationEffectsOnFiber (node_modules/react-dom/cjs/react-dom-client.development.js:14591:11)
      at recursivelyTraverseMutationEffects (node_modules/react-dom/cjs/react-dom-client.development.js:14576:11)
      at commitMutationEffectsOnFiber (node_modules/react-dom/cjs/react-dom-client.development.js:14591:11)
      at recursivelyTraverseMutationEffects (node_modules/react-dom/cjs/react-dom-client.development.js:14576:11)
      at commitMutationEffectsOnFiber (node_modules/react-dom/cjs/react-dom-client.development.js:15102:11)
      at recursivelyTraverseMutationEffects (node_modules/react-dom/cjs/react-dom-client.development.js:14576:11)
      at commitMutationEffectsOnFiber (node_modules/react-dom/cjs/react-dom-client.development.js:14591:11)
      at recursivelyTraverseMutationEffects (node_modules/react-dom/cjs/react-dom-client.development.js:14576:11)
      at commitMutationEffectsOnFiber (node_modules/react-dom/cjs/react-dom-client.development.js:14591:11)
      at recursivelyTraverseMutationEffects (node_modules/react-dom/cjs/react-dom-client.development.js:14576:11)
      at commitMutationEffectsOnFiber (node_modules/react-dom/cjs/react-dom-client.development.js:14591:11)
      at recursivelyTraverseMutationEffects (node_modules/react-dom/cjs/react-dom-client.development.js:14576:11)
      at commitMutationEffectsOnFiber (node_modules/react-dom/cjs/react-dom-client.development.js:14821:11)
      at recursivelyTraverseMutationEffects (node_modules/react-dom/cjs/react-dom-client.development.js:14576:11)
      at commitMutationEffectsOnFiber (node_modules/react-dom/cjs/react-dom-client.development.js:14591:11)
      at recursivelyTraverseMutationEffects (node_modules/react-dom/cjs/react-dom-client.development.js:14576:11)
      at commitMutationEffectsOnFiber (node_modules/react-dom/cjs/react-dom-client.development.js:14591:11)
      at recursivelyTraverseMutationEffects (node_modules/react-dom/cjs/react-dom-client.development.js:14576:11)
      at commitMutationEffectsOnFiber (node_modules/react-dom/cjs/react-dom-client.development.js:14591:11)
      at recursivelyTraverseMutationEffects (node_modules/react-dom/cjs/react-dom-client.development.js:14576:11)
      at commitMutationEffectsOnFiber (node_modules/react-dom/cjs/react-dom-client.development.js:14591:11)
      at recursivelyTraverseMutationEffects (node_modules/react-dom/cjs/react-dom-client.development.js:14576:11)
      at commitMutationEffectsOnFiber (node_modules/react-dom/cjs/react-dom-client.development.js:14591:11)
      at recursivelyTraverseMutationEffects (node_modules/react-dom/cjs/react-dom-client.development.js:14576:11)
      at commitMutationEffectsOnFiber (node_modules/react-dom/cjs/react-dom-client.development.js:14821:11)
      at recursivelyTraverseMutationEffects (node_modules/react-dom/cjs/react-dom-client.development.js:14576:11)
      at commitMutationEffectsOnFiber (node_modules/react-dom/cjs/react-dom-client.development.js:14591:11)
      at recursivelyTraverseMutationEffects (node_modules/react-dom/cjs/react-dom-client.development.js:14576:11)
      at commitMutationEffectsOnFiber (node_modules/react-dom/cjs/react-dom-client.development.js:14591:11)
      at recursivelyTraverseMutationEffects (node_modules/react-dom/cjs/react-dom-client.development.js:14576:11)
      at commitMutationEffectsOnFiber (node_modules/react-dom/cjs/react-dom-client.development.js:14591:11)
      at recursivelyTraverseMutationEffects (node_modules/react-dom/cjs/react-dom-client.development.js:14576:11)
      at commitMutationEffectsOnFiber (node_modules/react-dom/cjs/react-dom-client.development.js:15102:11)
      at recursivelyTraverseMutationEffects (node_modules/react-dom/cjs/react-dom-client.development.js:14576:11)
      at commitMutationEffectsOnFiber (node_modules/react-dom/cjs/react-dom-client.development.js:14591:11)
      at recursivelyTraverseMutationEffects (node_modules/react-dom/cjs/react-dom-client.development.js:14576:11)
      at commitMutationEffectsOnFiber (node_modules/react-dom/cjs/react-dom-client.development.js:14911:11)
      at recursivelyTraverseMutationEffects (node_modules/react-dom/cjs/react-dom-client.development.js:14576:11)
      at commitMutationEffectsOnFiber (node_modules/react-dom/cjs/react-dom-client.development.js:14591:11)
      at recursivelyTraverseMutationEffects (node_modules/react-dom/cjs/react-dom-client.development.js:14576:11)
      at commitMutationEffectsOnFiber (node_modules/react-dom/cjs/react-dom-client.development.js:14591:11)
      at recursivelyTraverseMutationEffects (node_modules/react-dom/cjs/react-dom-client.development.js:14576:11)
      at commitMutationEffectsOnFiber (node_modules/react-dom/cjs/react-dom-client.development.js:14591:11)
      at recursivelyTraverseMutationEffects (node_modules/react-dom/cjs/react-dom-client.development.js:14576:11)
      at commitMutationEffectsOnFiber (node_modules/react-dom/cjs/react-dom-client.development.js:14591:11)
      at recursivelyTraverseMutationEffects (node_modules/react-dom/cjs/react-dom-client.development.js:14576:11)
      at commitMutationEffectsOnFiber (node_modules/react-dom/cjs/react-dom-client.development.js:14911:11)
      at recursivelyTraverseMutationEffects (node_modules/react-dom/cjs/react-dom-client.development.js:14576:11)
      at commitMutationEffectsOnFiber (node_modules/react-dom/cjs/react-dom-client.development.js:14591:11)
      at recursivelyTraverseMutationEffects (node_modules/react-dom/cjs/react-dom-client.development.js:14576:11)
      at commitMutationEffectsOnFiber (node_modules/react-dom/cjs/react-dom-client.development.js:14591:11)
      at recursivelyTraverseMutationEffects (node_modules/react-dom/cjs/react-dom-client.development.js:14576:11)
      at commitMutationEffectsOnFiber (node_modules/react-dom/cjs/react-dom-client.development.js:14591:11)
      at recursivelyTraverseMutationEffects (node_modules/react-dom/cjs/react-dom-client.development.js:14576:11)
      at commitMutationEffectsOnFiber (node_modules/react-dom/cjs/react-dom-client.development.js:15102:11)
      at recursivelyTraverseMutationEffects (node_modules/react-dom/cjs/react-dom-client.development.js:14576:11)
      at commitMutationEffectsOnFiber (node_modules/react-dom/cjs/react-dom-client.development.js:14591:11)
      at recursivelyTraverseMutationEffects (node_modules/react-dom/cjs/react-dom-client.development.js:14576:11)
      at commitMutationEffectsOnFiber (node_modules/react-dom/cjs/react-dom-client.development.js:15102:11)
      at recursivelyTraverseMutationEffects (node_modules/react-dom/cjs/react-dom-client.development.js:14576:11)
      at commitMutationEffectsOnFiber (node_modules/react-dom/cjs/react-dom-client.development.js:14591:11)
      at recursivelyTraverseMutationEffects (node_modules/react-dom/cjs/react-dom-client.development.js:14576:11)
      at commitMutationEffectsOnFiber (node_modules/react-dom/cjs/react-dom-client.development.js:14591:11)
      at recursivelyTraverseMutationEffects (node_modules/react-dom/cjs/react-dom-client.development.js:14576:11)
      at commitMutationEffectsOnFiber (node_modules/react-dom/cjs/react-dom-client.development.js:15102:11)
      at recursivelyTraverseMutationEffects (node_modules/react-dom/cjs/react-dom-client.development.js:14576:11)
      at commitMutationEffectsOnFiber (node_modules/react-dom/cjs/react-dom-client.development.js:14591:11)
      at recursivelyTraverseMutationEffects (node_modules/react-dom/cjs/react-dom-client.development.js:14576:11)
      at commitMutationEffectsOnFiber (node_modules/react-dom/cjs/react-dom-client.development.js:15102:11)
      at recursivelyTraverseMutationEffects (node_modules/react-dom/cjs/react-dom-client.development.js:14576:11)
      at commitMutationEffectsOnFiber (node_modules/react-dom/cjs/react-dom-client.development.js:14591:11)
      at recursivelyTraverseMutationEffects (node_modules/react-dom/cjs/react-dom-client.development.js:14576:11)
      at commitMutationEffectsOnFiber (node_modules/react-dom/cjs/react-dom-client.development.js:14591:11)

    console.error
      An update to SelectItem inside a test was not wrapped in act(...).
      
      When testing, code that causes React state updates should be wrapped into act(...):
      
      act(() => {
        /* fire events that update state */
      });
      /* assert on the output */
      
      This ensures that you're testing the behavior the user would see in the browser. Learn more at https://react.dev/link/wrap-tests-with-act

      at node_modules/react-dom/cjs/react-dom-client.development.js:18758:19
      at runWithFiberInDEV (node_modules/react-dom/cjs/react-dom-client.development.js:874:13)
      at warnIfUpdatesNotWrappedWithActDEV (node_modules/react-dom/cjs/react-dom-client.development.js:18757:9)
      at scheduleUpdateOnFiber (node_modules/react-dom/cjs/react-dom-client.development.js:16409:11)
      at dispatchSetStateInternal (node_modules/react-dom/cjs/react-dom-client.development.js:9170:13)
      at dispatchSetState (node_modules/react-dom/cjs/react-dom-client.development.js:9127:7)
      at node_modules/@radix-ui/react-select/src/select.tsx:1291:11
      at setRef (node_modules/@radix-ui/react-compose-refs/src/compose-refs.tsx:11:12)
      at node_modules/@radix-ui/react-compose-refs/src/compose-refs.tsx:25:23
          at Array.map (<anonymous>)
      at node_modules/@radix-ui/react-compose-refs/src/compose-refs.tsx:24:27
      at runWithFiberInDEV (node_modules/react-dom/cjs/react-dom-client.development.js:874:13)
      at safelyDetachRef (node_modules/react-dom/cjs/react-dom-client.development.js:13529:37)
      at commitMutationEffectsOnFiber (node_modules/react-dom/cjs/react-dom-client.development.js:14826:15)
      at recursivelyTraverseMutationEffects (node_modules/react-dom/cjs/react-dom-client.development.js:14576:11)
      at commitMutationEffectsOnFiber (node_modules/react-dom/cjs/react-dom-client.development.js:14591:11)
      at recursivelyTraverseMutationEffects (node_modules/react-dom/cjs/react-dom-client.development.js:14576:11)
      at commitMutationEffectsOnFiber (node_modules/react-dom/cjs/react-dom-client.development.js:14591:11)
      at recursivelyTraverseMutationEffects (node_modules/react-dom/cjs/react-dom-client.development.js:14576:11)
      at commitMutationEffectsOnFiber (node_modules/react-dom/cjs/react-dom-client.development.js:14821:11)
      at recursivelyTraverseMutationEffects (node_modules/react-dom/cjs/react-dom-client.development.js:14576:11)
      at commitMutationEffectsOnFiber (node_modules/react-dom/cjs/react-dom-client.development.js:14591:11)
      at recursivelyTraverseMutationEffects (node_modules/react-dom/cjs/react-dom-client.development.js:14576:11)
      at commitMutationEffectsOnFiber (node_modules/react-dom/cjs/react-dom-client.development.js:14591:11)
      at recursivelyTraverseMutationEffects (node_modules/react-dom/cjs/react-dom-client.development.js:14576:11)
      at commitMutationEffectsOnFiber (node_modules/react-dom/cjs/react-dom-client.development.js:14591:11)
      at recursivelyTraverseMutationEffects (node_modules/react-dom/cjs/react-dom-client.development.js:14576:11)
      at commitMutationEffectsOnFiber (node_modules/react-dom/cjs/react-dom-client.development.js:14591:11)
      at recursivelyTraverseMutationEffects (node_modules/react-dom/cjs/react-dom-client.development.js:14576:11)
      at commitMutationEffectsOnFiber (node_modules/react-dom/cjs/react-dom-client.development.js:15102:11)
      at recursivelyTraverseMutationEffects (node_modules/react-dom/cjs/react-dom-client.development.js:14576:11)
      at commitMutationEffectsOnFiber (node_modules/react-dom/cjs/react-dom-client.development.js:14591:11)
      at recursivelyTraverseMutationEffects (node_modules/react-dom/cjs/react-dom-client.development.js:14576:11)
      at commitMutationEffectsOnFiber (node_modules/react-dom/cjs/react-dom-client.development.js:14591:11)
      at recursivelyTraverseMutationEffects (node_modules/react-dom/cjs/react-dom-client.development.js:14576:11)
      at commitMutationEffectsOnFiber (node_modules/react-dom/cjs/react-dom-client.development.js:14591:11)
      at recursivelyTraverseMutationEffects (node_modules/react-dom/cjs/react-dom-client.development.js:14576:11)
      at commitMutationEffectsOnFiber (node_modules/react-dom/cjs/react-dom-client.development.js:14821:11)
      at recursivelyTraverseMutationEffects (node_modules/react-dom/cjs/react-dom-client.development.js:14576:11)
      at commitMutationEffectsOnFiber (node_modules/react-dom/cjs/react-dom-client.development.js:14591:11)
      at recursivelyTraverseMutationEffects (node_modules/react-dom/cjs/react-dom-client.development.js:14576:11)
      at commitMutationEffectsOnFiber (node_modules/react-dom/cjs/react-dom-client.development.js:14591:11)
      at recursivelyTraverseMutationEffects (node_modules/react-dom/cjs/react-dom-client.development.js:14576:11)
      at commitMutationEffectsOnFiber (node_modules/react-dom/cjs/react-dom-client.development.js:14591:11)
      at recursivelyTraverseMutationEffects (node_modules/react-dom/cjs/react-dom-client.development.js:14576:11)
      at commitMutationEffectsOnFiber (node_modules/react-dom/cjs/react-dom-client.development.js:14591:11)
      at recursivelyTraverseMutationEffects (node_modules/react-dom/cjs/react-dom-client.development.js:14576:11)
      at commitMutationEffectsOnFiber (node_modules/react-dom/cjs/react-dom-client.development.js:14591:11)
      at recursivelyTraverseMutationEffects (node_modules/react-dom/cjs/react-dom-client.development.js:14576:11)
      at commitMutationEffectsOnFiber (node_modules/react-dom/cjs/react-dom-client.development.js:14821:11)
      at recursivelyTraverseMutationEffects (node_modules/react-dom/cjs/react-dom-client.development.js:14576:11)
      at commitMutationEffectsOnFiber (node_modules/react-dom/cjs/react-dom-client.development.js:14591:11)
      at recursivelyTraverseMutationEffects (node_modules/react-dom/cjs/react-dom-client.development.js:14576:11)
      at commitMutationEffectsOnFiber (node_modules/react-dom/cjs/react-dom-client.development.js:14591:11)
      at recursivelyTraverseMutationEffects (node_modules/react-dom/cjs/react-dom-client.development.js:14576:11)
      at commitMutationEffectsOnFiber (node_modules/react-dom/cjs/react-dom-client.development.js:14591:11)
      at recursivelyTraverseMutationEffects (node_modules/react-dom/cjs/react-dom-client.development.js:14576:11)
      at commitMutationEffectsOnFiber (node_modules/react-dom/cjs/react-dom-client.development.js:15102:11)
      at recursivelyTraverseMutationEffects (node_modules/react-dom/cjs/react-dom-client.development.js:14576:11)
      at commitMutationEffectsOnFiber (node_modules/react-dom/cjs/react-dom-client.development.js:14591:11)
      at recursivelyTraverseMutationEffects (node_modules/react-dom/cjs/react-dom-client.development.js:14576:11)
      at commitMutationEffectsOnFiber (node_modules/react-dom/cjs/react-dom-client.development.js:14911:11)
      at recursivelyTraverseMutationEffects (node_modules/react-dom/cjs/react-dom-client.development.js:14576:11)
      at commitMutationEffectsOnFiber (node_modules/react-dom/cjs/react-dom-client.development.js:14591:11)
      at recursivelyTraverseMutationEffects (node_modules/react-dom/cjs/react-dom-client.development.js:14576:11)
      at commitMutationEffectsOnFiber (node_modules/react-dom/cjs/react-dom-client.development.js:14591:11)
      at recursivelyTraverseMutationEffects (node_modules/react-dom/cjs/react-dom-client.development.js:14576:11)
      at commitMutationEffectsOnFiber (node_modules/react-dom/cjs/react-dom-client.development.js:14591:11)
      at recursivelyTraverseMutationEffects (node_modules/react-dom/cjs/react-dom-client.development.js:14576:11)
      at commitMutationEffectsOnFiber (node_modules/react-dom/cjs/react-dom-client.development.js:14591:11)
      at recursivelyTraverseMutationEffects (node_modules/react-dom/cjs/react-dom-client.development.js:14576:11)
      at commitMutationEffectsOnFiber (node_modules/react-dom/cjs/react-dom-client.development.js:14911:11)
      at recursivelyTraverseMutationEffects (node_modules/react-dom/cjs/react-dom-client.development.js:14576:11)
      at commitMutationEffectsOnFiber (node_modules/react-dom/cjs/react-dom-client.development.js:14591:11)
      at recursivelyTraverseMutationEffects (node_modules/react-dom/cjs/react-dom-client.development.js:14576:11)
      at commitMutationEffectsOnFiber (node_modules/react-dom/cjs/react-dom-client.development.js:14591:11)
      at recursivelyTraverseMutationEffects (node_modules/react-dom/cjs/react-dom-client.development.js:14576:11)
      at commitMutationEffectsOnFiber (node_modules/react-dom/cjs/react-dom-client.development.js:14591:11)
      at recursivelyTraverseMutationEffects (node_modules/react-dom/cjs/react-dom-client.development.js:14576:11)
      at commitMutationEffectsOnFiber (node_modules/react-dom/cjs/react-dom-client.development.js:15102:11)
      at recursivelyTraverseMutationEffects (node_modules/react-dom/cjs/react-dom-client.development.js:14576:11)
      at commitMutationEffectsOnFiber (node_modules/react-dom/cjs/react-dom-client.development.js:14591:11)
      at recursivelyTraverseMutationEffects (node_modules/react-dom/cjs/react-dom-client.development.js:14576:11)
      at commitMutationEffectsOnFiber (node_modules/react-dom/cjs/react-dom-client.development.js:15102:11)
      at recursivelyTraverseMutationEffects (node_modules/react-dom/cjs/react-dom-client.development.js:14576:11)
      at commitMutationEffectsOnFiber (node_modules/react-dom/cjs/react-dom-client.development.js:14591:11)
      at recursivelyTraverseMutationEffects (node_modules/react-dom/cjs/react-dom-client.development.js:14576:11)
      at commitMutationEffectsOnFiber (node_modules/react-dom/cjs/react-dom-client.development.js:14591:11)
      at recursivelyTraverseMutationEffects (node_modules/react-dom/cjs/react-dom-client.development.js:14576:11)
      at commitMutationEffectsOnFiber (node_modules/react-dom/cjs/react-dom-client.development.js:15102:11)
      at recursivelyTraverseMutationEffects (node_modules/react-dom/cjs/react-dom-client.development.js:14576:11)
      at commitMutationEffectsOnFiber (node_modules/react-dom/cjs/react-dom-client.development.js:14591:11)
      at recursivelyTraverseMutationEffects (node_modules/react-dom/cjs/react-dom-client.development.js:14576:11)
      at commitMutationEffectsOnFiber (node_modules/react-dom/cjs/react-dom-client.development.js:15102:11)
      at recursivelyTraverseMutationEffects (node_modules/react-dom/cjs/react-dom-client.development.js:14576:11)
      at commitMutationEffectsOnFiber (node_modules/react-dom/cjs/react-dom-client.development.js:14591:11)
      at recursivelyTraverseMutationEffects (node_modules/react-dom/cjs/react-dom-client.development.js:14576:11)
      at commitMutationEffectsOnFiber (node_modules/react-dom/cjs/react-dom-client.development.js:14591:11)

    console.error
      An update to Select inside a test was not wrapped in act(...).
      
      When testing, code that causes React state updates should be wrapped into act(...):
      
      act(() => {
        /* fire events that update state */
      });
      /* assert on the output */
      
      This ensures that you're testing the behavior the user would see in the browser. Learn more at https://react.dev/link/wrap-tests-with-act

      at node_modules/react-dom/cjs/react-dom-client.development.js:18758:19
      at runWithFiberInDEV (node_modules/react-dom/cjs/react-dom-client.development.js:874:13)
      at warnIfUpdatesNotWrappedWithActDEV (node_modules/react-dom/cjs/react-dom-client.development.js:18757:9)
      at scheduleUpdateOnFiber (node_modules/react-dom/cjs/react-dom-client.development.js:16409:11)
      at dispatchSetStateInternal (node_modules/react-dom/cjs/react-dom-client.development.js:9170:13)
      at dispatchSetState (node_modules/react-dom/cjs/react-dom-client.development.js:9127:7)
      at setRef (node_modules/@radix-ui/react-compose-refs/src/compose-refs.tsx:11:12)
      at node_modules/@radix-ui/react-compose-refs/src/compose-refs.tsx:25:23
          at Array.map (<anonymous>)
      at node_modules/@radix-ui/react-compose-refs/src/compose-refs.tsx:24:27
      at setRef (node_modules/@radix-ui/react-compose-refs/src/compose-refs.tsx:11:12)
      at node_modules/@radix-ui/react-compose-refs/src/compose-refs.tsx:25:23
          at Array.map (<anonymous>)
      at node_modules/@radix-ui/react-compose-refs/src/compose-refs.tsx:24:27
      at runWithFiberInDEV (node_modules/react-dom/cjs/react-dom-client.development.js:874:13)
      at safelyDetachRef (node_modules/react-dom/cjs/react-dom-client.development.js:13529:37)
      at commitMutationEffectsOnFiber (node_modules/react-dom/cjs/react-dom-client.development.js:14826:15)
      at recursivelyTraverseMutationEffects (node_modules/react-dom/cjs/react-dom-client.development.js:14576:11)
      at commitMutationEffectsOnFiber (node_modules/react-dom/cjs/react-dom-client.development.js:14591:11)
      at recursivelyTraverseMutationEffects (node_modules/react-dom/cjs/react-dom-client.development.js:14576:11)
      at commitMutationEffectsOnFiber (node_modules/react-dom/cjs/react-dom-client.development.js:14591:11)
      at recursivelyTraverseMutationEffects (node_modules/react-dom/cjs/react-dom-client.development.js:14576:11)
      at commitMutationEffectsOnFiber (node_modules/react-dom/cjs/react-dom-client.development.js:14591:11)
      at recursivelyTraverseMutationEffects (node_modules/react-dom/cjs/react-dom-client.development.js:14576:11)
      at commitMutationEffectsOnFiber (node_modules/react-dom/cjs/react-dom-client.development.js:14591:11)
      at recursivelyTraverseMutationEffects (node_modules/react-dom/cjs/react-dom-client.development.js:14576:11)
      at commitMutationEffectsOnFiber (node_modules/react-dom/cjs/react-dom-client.development.js:14591:11)
      at recursivelyTraverseMutationEffects (node_modules/react-dom/cjs/react-dom-client.development.js:14576:11)
      at commitMutationEffectsOnFiber (node_modules/react-dom/cjs/react-dom-client.development.js:14591:11)
      at recursivelyTraverseMutationEffects (node_modules/react-dom/cjs/react-dom-client.development.js:14576:11)
      at commitMutationEffectsOnFiber (node_modules/react-dom/cjs/react-dom-client.development.js:14591:11)
      at recursivelyTraverseMutationEffects (node_modules/react-dom/cjs/react-dom-client.development.js:14576:11)
      at commitMutationEffectsOnFiber (node_modules/react-dom/cjs/react-dom-client.development.js:15102:11)
      at recursivelyTraverseMutationEffects (node_modules/react-dom/cjs/react-dom-client.development.js:14576:11)
      at commitMutationEffectsOnFiber (node_modules/react-dom/cjs/react-dom-client.development.js:14591:11)
      at recursivelyTraverseMutationEffects (node_modules/react-dom/cjs/react-dom-client.development.js:14576:11)
      at commitMutationEffectsOnFiber (node_modules/react-dom/cjs/react-dom-client.development.js:15102:11)
      at recursivelyTraverseMutationEffects (node_modules/react-dom/cjs/react-dom-client.development.js:14576:11)
      at commitMutationEffectsOnFiber (node_modules/react-dom/cjs/react-dom-client.development.js:14591:11)
      at recursivelyTraverseMutationEffects (node_modules/react-dom/cjs/react-dom-client.development.js:14576:11)
      at commitMutationEffectsOnFiber (node_modules/react-dom/cjs/react-dom-client.development.js:14591:11)
      at recursivelyTraverseMutationEffects (node_modules/react-dom/cjs/react-dom-client.development.js:14576:11)
      at commitMutationEffectsOnFiber (node_modules/react-dom/cjs/react-dom-client.development.js:15102:11)
      at recursivelyTraverseMutationEffects (node_modules/react-dom/cjs/react-dom-client.development.js:14576:11)
      at commitMutationEffectsOnFiber (node_modules/react-dom/cjs/react-dom-client.development.js:14591:11)
      at recursivelyTraverseMutationEffects (node_modules/react-dom/cjs/react-dom-client.development.js:14576:11)
      at commitMutationEffectsOnFiber (node_modules/react-dom/cjs/react-dom-client.development.js:15102:11)
      at recursivelyTraverseMutationEffects (node_modules/react-dom/cjs/react-dom-client.development.js:14576:11)
      at commitMutationEffectsOnFiber (node_modules/react-dom/cjs/react-dom-client.development.js:14591:11)
      at recursivelyTraverseMutationEffects (node_modules/react-dom/cjs/react-dom-client.development.js:14576:11)
      at commitMutationEffectsOnFiber (node_modules/react-dom/cjs/react-dom-client.development.js:14591:11)
      at recursivelyTraverseMutationEffects (node_modules/react-dom/cjs/react-dom-client.development.js:14576:11)
      at commitMutationEffectsOnFiber (node_modules/react-dom/cjs/react-dom-client.development.js:14591:11)
      at recursivelyTraverseMutationEffects (node_modules/react-dom/cjs/react-dom-client.development.js:14576:11)
      at commitMutationEffectsOnFiber (node_modules/react-dom/cjs/react-dom-client.development.js:14821:11)
      at recursivelyTraverseMutationEffects (node_modules/react-dom/cjs/react-dom-client.development.js:14576:11)
      at commitMutationEffectsOnFiber (node_modules/react-dom/cjs/react-dom-client.development.js:14821:11)
      at recursivelyTraverseMutationEffects (node_modules/react-dom/cjs/react-dom-client.development.js:14576:11)
      at commitMutationEffectsOnFiber (node_modules/react-dom/cjs/react-dom-client.development.js:14821:11)
      at recursivelyTraverseMutationEffects (node_modules/react-dom/cjs/react-dom-client.development.js:14576:11)
      at commitMutationEffectsOnFiber (node_modules/react-dom/cjs/react-dom-client.development.js:14591:11)
      at recursivelyTraverseMutationEffects (node_modules/react-dom/cjs/react-dom-client.development.js:14576:11)
      at commitMutationEffectsOnFiber (node_modules/react-dom/cjs/react-dom-client.development.js:15102:11)
      at recursivelyTraverseMutationEffects (node_modules/react-dom/cjs/react-dom-client.development.js:14576:11)
      at commitMutationEffectsOnFiber (node_modules/react-dom/cjs/react-dom-client.development.js:15102:11)
      at recursivelyTraverseMutationEffects (node_modules/react-dom/cjs/react-dom-client.development.js:14576:11)
      at commitMutationEffectsOnFiber (node_modules/react-dom/cjs/react-dom-client.development.js:14591:11)
      at recursivelyTraverseMutationEffects (node_modules/react-dom/cjs/react-dom-client.development.js:14576:11)
      at commitMutationEffectsOnFiber (node_modules/react-dom/cjs/react-dom-client.development.js:14591:11)
      at recursivelyTraverseMutationEffects (node_modules/react-dom/cjs/react-dom-client.development.js:14576:11)
      at commitMutationEffectsOnFiber (node_modules/react-dom/cjs/react-dom-client.development.js:15102:11)
      at recursivelyTraverseMutationEffects (node_modules/react-dom/cjs/react-dom-client.development.js:14576:11)
      at commitMutationEffectsOnFiber (node_modules/react-dom/cjs/react-dom-client.development.js:14591:11)
      at recursivelyTraverseMutationEffects (node_modules/react-dom/cjs/react-dom-client.development.js:14576:11)
      at commitMutationEffectsOnFiber (node_modules/react-dom/cjs/react-dom-client.development.js:14591:11)
      at recursivelyTraverseMutationEffects (node_modules/react-dom/cjs/react-dom-client.development.js:14576:11)
      at commitMutationEffectsOnFiber (node_modules/react-dom/cjs/react-dom-client.development.js:14883:11)
      at flushMutationEffects (node_modules/react-dom/cjs/react-dom-client.development.js:17979:13)
      at commitRoot (node_modules/react-dom/cjs/react-dom-client.development.js:17953:9)
      at commitRootWhenReady (node_modules/react-dom/cjs/react-dom-client.development.js:16824:7)
      at performWorkOnRoot (node_modules/react-dom/cjs/react-dom-client.development.js:16722:15)
      at performWorkOnRootViaSchedulerTask (node_modules/react-dom/cjs/react-dom-client.development.js:18957:7)
      at performWorkUntilDeadline (node_modules/scheduler/cjs/scheduler.development.js:45:48)
      at Timeout.task [as _onTimeout] (node_modules/jsdom/lib/jsdom/browser/Window.js:579:19)

    console.error
      An update to SelectItemText inside a test was not wrapped in act(...).
      
      When testing, code that causes React state updates should be wrapped into act(...):
      
      act(() => {
        /* fire events that update state */
      });
      /* assert on the output */
      
      This ensures that you're testing the behavior the user would see in the browser. Learn more at https://react.dev/link/wrap-tests-with-act

      at node_modules/react-dom/cjs/react-dom-client.development.js:18758:19
      at runWithFiberInDEV (node_modules/react-dom/cjs/react-dom-client.development.js:874:13)
      at warnIfUpdatesNotWrappedWithActDEV (node_modules/react-dom/cjs/react-dom-client.development.js:18757:9)
      at scheduleUpdateOnFiber (node_modules/react-dom/cjs/react-dom-client.development.js:16409:11)
      at dispatchSetStateInternal (node_modules/react-dom/cjs/react-dom-client.development.js:9170:13)
      at dispatchSetState (node_modules/react-dom/cjs/react-dom-client.development.js:9127:7)
      at node_modules/@radix-ui/react-select/src/select.tsx:1378:17
      at setRef (node_modules/@radix-ui/react-compose-refs/src/compose-refs.tsx:11:12)
      at node_modules/@radix-ui/react-compose-refs/src/compose-refs.tsx:25:23
          at Array.map (<anonymous>)
      at node_modules/@radix-ui/react-compose-refs/src/compose-refs.tsx:24:27
      at runWithFiberInDEV (node_modules/react-dom/cjs/react-dom-client.development.js:874:13)
      at safelyDetachRef (node_modules/react-dom/cjs/react-dom-client.development.js:13529:37)
      at commitMutationEffectsOnFiber (node_modules/react-dom/cjs/react-dom-client.development.js:14826:15)
      at recursivelyTraverseMutationEffects (node_modules/react-dom/cjs/react-dom-client.development.js:14576:11)
      at commitMutationEffectsOnFiber (node_modules/react-dom/cjs/react-dom-client.development.js:14591:11)
      at recursivelyTraverseMutationEffects (node_modules/react-dom/cjs/react-dom-client.development.js:14576:11)
      at commitMutationEffectsOnFiber (node_modules/react-dom/cjs/react-dom-client.development.js:14591:11)
      at recursivelyTraverseMutationEffects (node_modules/react-dom/cjs/react-dom-client.development.js:14576:11)
      at commitMutationEffectsOnFiber (node_modules/react-dom/cjs/react-dom-client.development.js:14821:11)
      at recursivelyTraverseMutationEffects (node_modules/react-dom/cjs/react-dom-client.development.js:14576:11)
      at commitMutationEffectsOnFiber (node_modules/react-dom/cjs/react-dom-client.development.js:14591:11)
      at recursivelyTraverseMutationEffects (node_modules/react-dom/cjs/react-dom-client.development.js:14576:11)
      at commitMutationEffectsOnFiber (node_modules/react-dom/cjs/react-dom-client.development.js:14591:11)
      at recursivelyTraverseMutationEffects (node_modules/react-dom/cjs/react-dom-client.development.js:14576:11)
      at commitMutationEffectsOnFiber (node_modules/react-dom/cjs/react-dom-client.development.js:14591:11)
      at recursivelyTraverseMutationEffects (node_modules/react-dom/cjs/react-dom-client.development.js:14576:11)
      at commitMutationEffectsOnFiber (node_modules/react-dom/cjs/react-dom-client.development.js:14591:11)
      at recursivelyTraverseMutationEffects (node_modules/react-dom/cjs/react-dom-client.development.js:14576:11)
      at commitMutationEffectsOnFiber (node_modules/react-dom/cjs/react-dom-client.development.js:15102:11)
      at recursivelyTraverseMutationEffects (node_modules/react-dom/cjs/react-dom-client.development.js:14576:11)
      at commitMutationEffectsOnFiber (node_modules/react-dom/cjs/react-dom-client.development.js:14591:11)
      at recursivelyTraverseMutationEffects (node_modules/react-dom/cjs/react-dom-client.development.js:14576:11)
      at commitMutationEffectsOnFiber (node_modules/react-dom/cjs/react-dom-client.development.js:14591:11)
      at recursivelyTraverseMutationEffects (node_modules/react-dom/cjs/react-dom-client.development.js:14576:11)
      at commitMutationEffectsOnFiber (node_modules/react-dom/cjs/react-dom-client.development.js:14591:11)
      at recursivelyTraverseMutationEffects (node_modules/react-dom/cjs/react-dom-client.development.js:14576:11)
      at commitMutationEffectsOnFiber (node_modules/react-dom/cjs/react-dom-client.development.js:14821:11)
      at recursivelyTraverseMutationEffects (node_modules/react-dom/cjs/react-dom-client.development.js:14576:11)
      at commitMutationEffectsOnFiber (node_modules/react-dom/cjs/react-dom-client.development.js:14591:11)
      at recursivelyTraverseMutationEffects (node_modules/react-dom/cjs/react-dom-client.development.js:14576:11)
      at commitMutationEffectsOnFiber (node_modules/react-dom/cjs/react-dom-client.development.js:14591:11)
      at recursivelyTraverseMutationEffects (node_modules/react-dom/cjs/react-dom-client.development.js:14576:11)
      at commitMutationEffectsOnFiber (node_modules/react-dom/cjs/react-dom-client.development.js:14591:11)
      at recursivelyTraverseMutationEffects (node_modules/react-dom/cjs/react-dom-client.development.js:14576:11)
      at commitMutationEffectsOnFiber (node_modules/react-dom/cjs/react-dom-client.development.js:14591:11)
      at recursivelyTraverseMutationEffects (node_modules/react-dom/cjs/react-dom-client.development.js:14576:11)
      at commitMutationEffectsOnFiber (node_modules/react-dom/cjs/react-dom-client.development.js:14591:11)
      at recursivelyTraverseMutationEffects (node_modules/react-dom/cjs/react-dom-client.development.js:14576:11)
      at commitMutationEffectsOnFiber (node_modules/react-dom/cjs/react-dom-client.development.js:14821:11)
      at recursivelyTraverseMutationEffects (node_modules/react-dom/cjs/react-dom-client.development.js:14576:11)
      at commitMutationEffectsOnFiber (node_modules/react-dom/cjs/react-dom-client.development.js:14591:11)
      at recursivelyTraverseMutationEffects (node_modules/react-dom/cjs/react-dom-client.development.js:14576:11)
      at commitMutationEffectsOnFiber (node_modules/react-dom/cjs/react-dom-client.development.js:14591:11)
      at recursivelyTraverseMutationEffects (node_modules/react-dom/cjs/react-dom-client.development.js:14576:11)
      at commitMutationEffectsOnFiber (node_modules/react-dom/cjs/react-dom-client.development.js:14591:11)
      at recursivelyTraverseMutationEffects (node_modules/react-dom/cjs/react-dom-client.development.js:14576:11)
      at commitMutationEffectsOnFiber (node_modules/react-dom/cjs/react-dom-client.development.js:15102:11)
      at recursivelyTraverseMutationEffects (node_modules/react-dom/cjs/react-dom-client.development.js:14576:11)
      at commitMutationEffectsOnFiber (node_modules/react-dom/cjs/react-dom-client.development.js:14591:11)
      at recursivelyTraverseMutationEffects (node_modules/react-dom/cjs/react-dom-client.development.js:14576:11)
      at commitMutationEffectsOnFiber (node_modules/react-dom/cjs/react-dom-client.development.js:14911:11)
      at recursivelyTraverseMutationEffects (node_modules/react-dom/cjs/react-dom-client.development.js:14576:11)
      at commitMutationEffectsOnFiber (node_modules/react-dom/cjs/react-dom-client.development.js:14591:11)
      at recursivelyTraverseMutationEffects (node_modules/react-dom/cjs/react-dom-client.development.js:14576:11)
      at commitMutationEffectsOnFiber (node_modules/react-dom/cjs/react-dom-client.development.js:14591:11)
      at recursivelyTraverseMutationEffects (node_modules/react-dom/cjs/react-dom-client.development.js:14576:11)
      at commitMutationEffectsOnFiber (node_modules/react-dom/cjs/react-dom-client.development.js:14591:11)
      at recursivelyTraverseMutationEffects (node_modules/react-dom/cjs/react-dom-client.development.js:14576:11)
      at commitMutationEffectsOnFiber (node_modules/react-dom/cjs/react-dom-client.development.js:14591:11)
      at recursivelyTraverseMutationEffects (node_modules/react-dom/cjs/react-dom-client.development.js:14576:11)
      at commitMutationEffectsOnFiber (node_modules/react-dom/cjs/react-dom-client.development.js:14911:11)
      at recursivelyTraverseMutationEffects (node_modules/react-dom/cjs/react-dom-client.development.js:14576:11)
      at commitMutationEffectsOnFiber (node_modules/react-dom/cjs/react-dom-client.development.js:14591:11)
      at recursivelyTraverseMutationEffects (node_modules/react-dom/cjs/react-dom-client.development.js:14576:11)
      at commitMutationEffectsOnFiber (node_modules/react-dom/cjs/react-dom-client.development.js:14591:11)
      at recursivelyTraverseMutationEffects (node_modules/react-dom/cjs/react-dom-client.development.js:14576:11)
      at commitMutationEffectsOnFiber (node_modules/react-dom/cjs/react-dom-client.development.js:14591:11)
      at recursivelyTraverseMutationEffects (node_modules/react-dom/cjs/react-dom-client.development.js:14576:11)
      at commitMutationEffectsOnFiber (node_modules/react-dom/cjs/react-dom-client.development.js:15102:11)
      at recursivelyTraverseMutationEffects (node_modules/react-dom/cjs/react-dom-client.development.js:14576:11)
      at commitMutationEffectsOnFiber (node_modules/react-dom/cjs/react-dom-client.development.js:14591:11)
      at recursivelyTraverseMutationEffects (node_modules/react-dom/cjs/react-dom-client.development.js:14576:11)
      at commitMutationEffectsOnFiber (node_modules/react-dom/cjs/react-dom-client.development.js:15102:11)
      at recursivelyTraverseMutationEffects (node_modules/react-dom/cjs/react-dom-client.development.js:14576:11)
      at commitMutationEffectsOnFiber (node_modules/react-dom/cjs/react-dom-client.development.js:14591:11)
      at recursivelyTraverseMutationEffects (node_modules/react-dom/cjs/react-dom-client.development.js:14576:11)
      at commitMutationEffectsOnFiber (node_modules/react-dom/cjs/react-dom-client.development.js:14591:11)
      at recursivelyTraverseMutationEffects (node_modules/react-dom/cjs/react-dom-client.development.js:14576:11)
      at commitMutationEffectsOnFiber (node_modules/react-dom/cjs/react-dom-client.development.js:15102:11)
      at recursivelyTraverseMutationEffects (node_modules/react-dom/cjs/react-dom-client.development.js:14576:11)
      at commitMutationEffectsOnFiber (node_modules/react-dom/cjs/react-dom-client.development.js:14591:11)
      at recursivelyTraverseMutationEffects (node_modules/react-dom/cjs/react-dom-client.development.js:14576:11)
      at commitMutationEffectsOnFiber (node_modules/react-dom/cjs/react-dom-client.development.js:15102:11)
      at recursivelyTraverseMutationEffects (node_modules/react-dom/cjs/react-dom-client.development.js:14576:11)
      at commitMutationEffectsOnFiber (node_modules/react-dom/cjs/react-dom-client.development.js:14591:11)
      at recursivelyTraverseMutationEffects (node_modules/react-dom/cjs/react-dom-client.development.js:14576:11)
      at commitMutationEffectsOnFiber (node_modules/react-dom/cjs/react-dom-client.development.js:14591:11)

    console.error
      An update to SelectItem inside a test was not wrapped in act(...).
      
      When testing, code that causes React state updates should be wrapped into act(...):
      
      act(() => {
        /* fire events that update state */
      });
      /* assert on the output */
      
      This ensures that you're testing the behavior the user would see in the browser. Learn more at https://react.dev/link/wrap-tests-with-act

      at node_modules/react-dom/cjs/react-dom-client.development.js:18758:19
      at runWithFiberInDEV (node_modules/react-dom/cjs/react-dom-client.development.js:874:13)
      at warnIfUpdatesNotWrappedWithActDEV (node_modules/react-dom/cjs/react-dom-client.development.js:18757:9)
      at scheduleUpdateOnFiber (node_modules/react-dom/cjs/react-dom-client.development.js:16409:11)
      at dispatchSetStateInternal (node_modules/react-dom/cjs/react-dom-client.development.js:9170:13)
      at dispatchSetState (node_modules/react-dom/cjs/react-dom-client.development.js:9127:7)
      at node_modules/@radix-ui/react-select/src/select.tsx:1291:11
      at setRef (node_modules/@radix-ui/react-compose-refs/src/compose-refs.tsx:11:12)
      at node_modules/@radix-ui/react-compose-refs/src/compose-refs.tsx:25:23
          at Array.map (<anonymous>)
      at node_modules/@radix-ui/react-compose-refs/src/compose-refs.tsx:24:27
      at runWithFiberInDEV (node_modules/react-dom/cjs/react-dom-client.development.js:874:13)
      at safelyDetachRef (node_modules/react-dom/cjs/react-dom-client.development.js:13529:37)
      at commitMutationEffectsOnFiber (node_modules/react-dom/cjs/react-dom-client.development.js:14826:15)
      at recursivelyTraverseMutationEffects (node_modules/react-dom/cjs/react-dom-client.development.js:14576:11)
      at commitMutationEffectsOnFiber (node_modules/react-dom/cjs/react-dom-client.development.js:14591:11)
      at recursivelyTraverseMutationEffects (node_modules/react-dom/cjs/react-dom-client.development.js:14576:11)
      at commitMutationEffectsOnFiber (node_modules/react-dom/cjs/react-dom-client.development.js:14591:11)
      at recursivelyTraverseMutationEffects (node_modules/react-dom/cjs/react-dom-client.development.js:14576:11)
      at commitMutationEffectsOnFiber (node_modules/react-dom/cjs/react-dom-client.development.js:14821:11)
      at recursivelyTraverseMutationEffects (node_modules/react-dom/cjs/react-dom-client.development.js:14576:11)
      at commitMutationEffectsOnFiber (node_modules/react-dom/cjs/react-dom-client.development.js:14591:11)
      at recursivelyTraverseMutationEffects (node_modules/react-dom/cjs/react-dom-client.development.js:14576:11)
      at commitMutationEffectsOnFiber (node_modules/react-dom/cjs/react-dom-client.development.js:14591:11)
      at recursivelyTraverseMutationEffects (node_modules/react-dom/cjs/react-dom-client.development.js:14576:11)
      at commitMutationEffectsOnFiber (node_modules/react-dom/cjs/react-dom-client.development.js:14591:11)
      at recursivelyTraverseMutationEffects (node_modules/react-dom/cjs/react-dom-client.development.js:14576:11)
      at commitMutationEffectsOnFiber (node_modules/react-dom/cjs/react-dom-client.development.js:14591:11)
      at recursivelyTraverseMutationEffects (node_modules/react-dom/cjs/react-dom-client.development.js:14576:11)
      at commitMutationEffectsOnFiber (node_modules/react-dom/cjs/react-dom-client.development.js:15102:11)
      at recursivelyTraverseMutationEffects (node_modules/react-dom/cjs/react-dom-client.development.js:14576:11)
      at commitMutationEffectsOnFiber (node_modules/react-dom/cjs/react-dom-client.development.js:14591:11)
      at recursivelyTraverseMutationEffects (node_modules/react-dom/cjs/react-dom-client.development.js:14576:11)
      at commitMutationEffectsOnFiber (node_modules/react-dom/cjs/react-dom-client.development.js:14591:11)
      at recursivelyTraverseMutationEffects (node_modules/react-dom/cjs/react-dom-client.development.js:14576:11)
      at commitMutationEffectsOnFiber (node_modules/react-dom/cjs/react-dom-client.development.js:14591:11)
      at recursivelyTraverseMutationEffects (node_modules/react-dom/cjs/react-dom-client.development.js:14576:11)
      at commitMutationEffectsOnFiber (node_modules/react-dom/cjs/react-dom-client.development.js:14821:11)
      at recursivelyTraverseMutationEffects (node_modules/react-dom/cjs/react-dom-client.development.js:14576:11)
      at commitMutationEffectsOnFiber (node_modules/react-dom/cjs/react-dom-client.development.js:14591:11)
      at recursivelyTraverseMutationEffects (node_modules/react-dom/cjs/react-dom-client.development.js:14576:11)
      at commitMutationEffectsOnFiber (node_modules/react-dom/cjs/react-dom-client.development.js:14591:11)
      at recursivelyTraverseMutationEffects (node_modules/react-dom/cjs/react-dom-client.development.js:14576:11)
      at commitMutationEffectsOnFiber (node_modules/react-dom/cjs/react-dom-client.development.js:14591:11)
      at recursivelyTraverseMutationEffects (node_modules/react-dom/cjs/react-dom-client.development.js:14576:11)
      at commitMutationEffectsOnFiber (node_modules/react-dom/cjs/react-dom-client.development.js:14591:11)
      at recursivelyTraverseMutationEffects (node_modules/react-dom/cjs/react-dom-client.development.js:14576:11)
      at commitMutationEffectsOnFiber (node_modules/react-dom/cjs/react-dom-client.development.js:14591:11)
      at recursivelyTraverseMutationEffects (node_modules/react-dom/cjs/react-dom-client.development.js:14576:11)
      at commitMutationEffectsOnFiber (node_modules/react-dom/cjs/react-dom-client.development.js:14821:11)
      at recursivelyTraverseMutationEffects (node_modules/react-dom/cjs/react-dom-client.development.js:14576:11)
      at commitMutationEffectsOnFiber (node_modules/react-dom/cjs/react-dom-client.development.js:14591:11)
      at recursivelyTraverseMutationEffects (node_modules/react-dom/cjs/react-dom-client.development.js:14576:11)
      at commitMutationEffectsOnFiber (node_modules/react-dom/cjs/react-dom-client.development.js:14591:11)
      at recursivelyTraverseMutationEffects (node_modules/react-dom/cjs/react-dom-client.development.js:14576:11)
      at commitMutationEffectsOnFiber (node_modules/react-dom/cjs/react-dom-client.development.js:14591:11)
      at recursivelyTraverseMutationEffects (node_modules/react-dom/cjs/react-dom-client.development.js:14576:11)
      at commitMutationEffectsOnFiber (node_modules/react-dom/cjs/react-dom-client.development.js:15102:11)
      at recursivelyTraverseMutationEffects (node_modules/react-dom/cjs/react-dom-client.development.js:14576:11)
      at commitMutationEffectsOnFiber (node_modules/react-dom/cjs/react-dom-client.development.js:14591:11)
      at recursivelyTraverseMutationEffects (node_modules/react-dom/cjs/react-dom-client.development.js:14576:11)
      at commitMutationEffectsOnFiber (node_modules/react-dom/cjs/react-dom-client.development.js:14911:11)
      at recursivelyTraverseMutationEffects (node_modules/react-dom/cjs/react-dom-client.development.js:14576:11)
      at commitMutationEffectsOnFiber (node_modules/react-dom/cjs/react-dom-client.development.js:14591:11)
      at recursivelyTraverseMutationEffects (node_modules/react-dom/cjs/react-dom-client.development.js:14576:11)
      at commitMutationEffectsOnFiber (node_modules/react-dom/cjs/react-dom-client.development.js:14591:11)
      at recursivelyTraverseMutationEffects (node_modules/react-dom/cjs/react-dom-client.development.js:14576:11)
      at commitMutationEffectsOnFiber (node_modules/react-dom/cjs/react-dom-client.development.js:14591:11)
      at recursivelyTraverseMutationEffects (node_modules/react-dom/cjs/react-dom-client.development.js:14576:11)
      at commitMutationEffectsOnFiber (node_modules/react-dom/cjs/react-dom-client.development.js:14591:11)
      at recursivelyTraverseMutationEffects (node_modules/react-dom/cjs/react-dom-client.development.js:14576:11)
      at commitMutationEffectsOnFiber (node_modules/react-dom/cjs/react-dom-client.development.js:14911:11)
      at recursivelyTraverseMutationEffects (node_modules/react-dom/cjs/react-dom-client.development.js:14576:11)
      at commitMutationEffectsOnFiber (node_modules/react-dom/cjs/react-dom-client.development.js:14591:11)
      at recursivelyTraverseMutationEffects (node_modules/react-dom/cjs/react-dom-client.development.js:14576:11)
      at commitMutationEffectsOnFiber (node_modules/react-dom/cjs/react-dom-client.development.js:14591:11)
      at recursivelyTraverseMutationEffects (node_modules/react-dom/cjs/react-dom-client.development.js:14576:11)
      at commitMutationEffectsOnFiber (node_modules/react-dom/cjs/react-dom-client.development.js:14591:11)
      at recursivelyTraverseMutationEffects (node_modules/react-dom/cjs/react-dom-client.development.js:14576:11)
      at commitMutationEffectsOnFiber (node_modules/react-dom/cjs/react-dom-client.development.js:15102:11)
      at recursivelyTraverseMutationEffects (node_modules/react-dom/cjs/react-dom-client.development.js:14576:11)
      at commitMutationEffectsOnFiber (node_modules/react-dom/cjs/react-dom-client.development.js:14591:11)
      at recursivelyTraverseMutationEffects (node_modules/react-dom/cjs/react-dom-client.development.js:14576:11)
      at commitMutationEffectsOnFiber (node_modules/react-dom/cjs/react-dom-client.development.js:15102:11)
      at recursivelyTraverseMutationEffects (node_modules/react-dom/cjs/react-dom-client.development.js:14576:11)
      at commitMutationEffectsOnFiber (node_modules/react-dom/cjs/react-dom-client.development.js:14591:11)
      at recursivelyTraverseMutationEffects (node_modules/react-dom/cjs/react-dom-client.development.js:14576:11)
      at commitMutationEffectsOnFiber (node_modules/react-dom/cjs/react-dom-client.development.js:14591:11)
      at recursivelyTraverseMutationEffects (node_modules/react-dom/cjs/react-dom-client.development.js:14576:11)
      at commitMutationEffectsOnFiber (node_modules/react-dom/cjs/react-dom-client.development.js:15102:11)
      at recursivelyTraverseMutationEffects (node_modules/react-dom/cjs/react-dom-client.development.js:14576:11)
      at commitMutationEffectsOnFiber (node_modules/react-dom/cjs/react-dom-client.development.js:14591:11)
      at recursivelyTraverseMutationEffects (node_modules/react-dom/cjs/react-dom-client.development.js:14576:11)
      at commitMutationEffectsOnFiber (node_modules/react-dom/cjs/react-dom-client.development.js:15102:11)
      at recursivelyTraverseMutationEffects (node_modules/react-dom/cjs/react-dom-client.development.js:14576:11)
      at commitMutationEffectsOnFiber (node_modules/react-dom/cjs/react-dom-client.development.js:14591:11)
      at recursivelyTraverseMutationEffects (node_modules/react-dom/cjs/react-dom-client.development.js:14576:11)
      at commitMutationEffectsOnFiber (node_modules/react-dom/cjs/react-dom-client.development.js:14591:11)

    console.error
      An update to SelectItemText inside a test was not wrapped in act(...).
      
      When testing, code that causes React state updates should be wrapped into act(...):
      
      act(() => {
        /* fire events that update state */
      });
      /* assert on the output */
      
      This ensures that you're testing the behavior the user would see in the browser. Learn more at https://react.dev/link/wrap-tests-with-act

      at node_modules/react-dom/cjs/react-dom-client.development.js:18758:19
      at runWithFiberInDEV (node_modules/react-dom/cjs/react-dom-client.development.js:874:13)
      at warnIfUpdatesNotWrappedWithActDEV (node_modules/react-dom/cjs/react-dom-client.development.js:18757:9)
      at scheduleUpdateOnFiber (node_modules/react-dom/cjs/react-dom-client.development.js:16409:11)
      at dispatchSetStateInternal (node_modules/react-dom/cjs/react-dom-client.development.js:9170:13)
      at dispatchSetState (node_modules/react-dom/cjs/react-dom-client.development.js:9127:7)
      at node_modules/@radix-ui/react-select/src/select.tsx:1378:17
      at setRef (node_modules/@radix-ui/react-compose-refs/src/compose-refs.tsx:11:12)
      at node_modules/@radix-ui/react-compose-refs/src/compose-refs.tsx:25:23
          at Array.map (<anonymous>)
      at node_modules/@radix-ui/react-compose-refs/src/compose-refs.tsx:24:27
      at runWithFiberInDEV (node_modules/react-dom/cjs/react-dom-client.development.js:874:13)
      at safelyDetachRef (node_modules/react-dom/cjs/react-dom-client.development.js:13529:37)
      at commitMutationEffectsOnFiber (node_modules/react-dom/cjs/react-dom-client.development.js:14826:15)
      at recursivelyTraverseMutationEffects (node_modules/react-dom/cjs/react-dom-client.development.js:14576:11)
      at commitMutationEffectsOnFiber (node_modules/react-dom/cjs/react-dom-client.development.js:14591:11)
      at recursivelyTraverseMutationEffects (node_modules/react-dom/cjs/react-dom-client.development.js:14576:11)
      at commitMutationEffectsOnFiber (node_modules/react-dom/cjs/react-dom-client.development.js:14591:11)
      at recursivelyTraverseMutationEffects (node_modules/react-dom/cjs/react-dom-client.development.js:14576:11)
      at commitMutationEffectsOnFiber (node_modules/react-dom/cjs/react-dom-client.development.js:14821:11)
      at recursivelyTraverseMutationEffects (node_modules/react-dom/cjs/react-dom-client.development.js:14576:11)
      at commitMutationEffectsOnFiber (node_modules/react-dom/cjs/react-dom-client.development.js:14591:11)
      at recursivelyTraverseMutationEffects (node_modules/react-dom/cjs/react-dom-client.development.js:14576:11)
      at commitMutationEffectsOnFiber (node_modules/react-dom/cjs/react-dom-client.development.js:14591:11)
      at recursivelyTraverseMutationEffects (node_modules/react-dom/cjs/react-dom-client.development.js:14576:11)
      at commitMutationEffectsOnFiber (node_modules/react-dom/cjs/react-dom-client.development.js:14591:11)
      at recursivelyTraverseMutationEffects (node_modules/react-dom/cjs/react-dom-client.development.js:14576:11)
      at commitMutationEffectsOnFiber (node_modules/react-dom/cjs/react-dom-client.development.js:14591:11)
      at recursivelyTraverseMutationEffects (node_modules/react-dom/cjs/react-dom-client.development.js:14576:11)
      at commitMutationEffectsOnFiber (node_modules/react-dom/cjs/react-dom-client.development.js:15102:11)
      at recursivelyTraverseMutationEffects (node_modules/react-dom/cjs/react-dom-client.development.js:14576:11)
      at commitMutationEffectsOnFiber (node_modules/react-dom/cjs/react-dom-client.development.js:14591:11)
      at recursivelyTraverseMutationEffects (node_modules/react-dom/cjs/react-dom-client.development.js:14576:11)
      at commitMutationEffectsOnFiber (node_modules/react-dom/cjs/react-dom-client.development.js:14591:11)
      at recursivelyTraverseMutationEffects (node_modules/react-dom/cjs/react-dom-client.development.js:14576:11)
      at commitMutationEffectsOnFiber (node_modules/react-dom/cjs/react-dom-client.development.js:14591:11)
      at recursivelyTraverseMutationEffects (node_modules/react-dom/cjs/react-dom-client.development.js:14576:11)
      at commitMutationEffectsOnFiber (node_modules/react-dom/cjs/react-dom-client.development.js:14821:11)
      at recursivelyTraverseMutationEffects (node_modules/react-dom/cjs/react-dom-client.development.js:14576:11)
      at commitMutationEffectsOnFiber (node_modules/react-dom/cjs/react-dom-client.development.js:14591:11)
      at recursivelyTraverseMutationEffects (node_modules/react-dom/cjs/react-dom-client.development.js:14576:11)
      at commitMutationEffectsOnFiber (node_modules/react-dom/cjs/react-dom-client.development.js:14591:11)
      at recursivelyTraverseMutationEffects (node_modules/react-dom/cjs/react-dom-client.development.js:14576:11)
      at commitMutationEffectsOnFiber (node_modules/react-dom/cjs/react-dom-client.development.js:14591:11)
      at recursivelyTraverseMutationEffects (node_modules/react-dom/cjs/react-dom-client.development.js:14576:11)
      at commitMutationEffectsOnFiber (node_modules/react-dom/cjs/react-dom-client.development.js:14591:11)
      at recursivelyTraverseMutationEffects (node_modules/react-dom/cjs/react-dom-client.development.js:14576:11)
      at commitMutationEffectsOnFiber (node_modules/react-dom/cjs/react-dom-client.development.js:14591:11)
      at recursivelyTraverseMutationEffects (node_modules/react-dom/cjs/react-dom-client.development.js:14576:11)
      at commitMutationEffectsOnFiber (node_modules/react-dom/cjs/react-dom-client.development.js:14821:11)
      at recursivelyTraverseMutationEffects (node_modules/react-dom/cjs/react-dom-client.development.js:14576:11)
      at commitMutationEffectsOnFiber (node_modules/react-dom/cjs/react-dom-client.development.js:14591:11)
      at recursivelyTraverseMutationEffects (node_modules/react-dom/cjs/react-dom-client.development.js:14576:11)
      at commitMutationEffectsOnFiber (node_modules/react-dom/cjs/react-dom-client.development.js:14591:11)
      at recursivelyTraverseMutationEffects (node_modules/react-dom/cjs/react-dom-client.development.js:14576:11)
      at commitMutationEffectsOnFiber (node_modules/react-dom/cjs/react-dom-client.development.js:14591:11)
      at recursivelyTraverseMutationEffects (node_modules/react-dom/cjs/react-dom-client.development.js:14576:11)
      at commitMutationEffectsOnFiber (node_modules/react-dom/cjs/react-dom-client.development.js:15102:11)
      at recursivelyTraverseMutationEffects (node_modules/react-dom/cjs/react-dom-client.development.js:14576:11)
      at commitMutationEffectsOnFiber (node_modules/react-dom/cjs/react-dom-client.development.js:14591:11)
      at recursivelyTraverseMutationEffects (node_modules/react-dom/cjs/react-dom-client.development.js:14576:11)
      at commitMutationEffectsOnFiber (node_modules/react-dom/cjs/react-dom-client.development.js:14911:11)
      at recursivelyTraverseMutationEffects (node_modules/react-dom/cjs/react-dom-client.development.js:14576:11)
      at commitMutationEffectsOnFiber (node_modules/react-dom/cjs/react-dom-client.development.js:14591:11)
      at recursivelyTraverseMutationEffects (node_modules/react-dom/cjs/react-dom-client.development.js:14576:11)
      at commitMutationEffectsOnFiber (node_modules/react-dom/cjs/react-dom-client.development.js:14591:11)
      at recursivelyTraverseMutationEffects (node_modules/react-dom/cjs/react-dom-client.development.js:14576:11)
      at commitMutationEffectsOnFiber (node_modules/react-dom/cjs/react-dom-client.development.js:14591:11)
      at recursivelyTraverseMutationEffects (node_modules/react-dom/cjs/react-dom-client.development.js:14576:11)
      at commitMutationEffectsOnFiber (node_modules/react-dom/cjs/react-dom-client.development.js:14591:11)
      at recursivelyTraverseMutationEffects (node_modules/react-dom/cjs/react-dom-client.development.js:14576:11)
      at commitMutationEffectsOnFiber (node_modules/react-dom/cjs/react-dom-client.development.js:14911:11)
      at recursivelyTraverseMutationEffects (node_modules/react-dom/cjs/react-dom-client.development.js:14576:11)
      at commitMutationEffectsOnFiber (node_modules/react-dom/cjs/react-dom-client.development.js:14591:11)
      at recursivelyTraverseMutationEffects (node_modules/react-dom/cjs/react-dom-client.development.js:14576:11)
      at commitMutationEffectsOnFiber (node_modules/react-dom/cjs/react-dom-client.development.js:14591:11)
      at recursivelyTraverseMutationEffects (node_modules/react-dom/cjs/react-dom-client.development.js:14576:11)
      at commitMutationEffectsOnFiber (node_modules/react-dom/cjs/react-dom-client.development.js:14591:11)
      at recursivelyTraverseMutationEffects (node_modules/react-dom/cjs/react-dom-client.development.js:14576:11)
      at commitMutationEffectsOnFiber (node_modules/react-dom/cjs/react-dom-client.development.js:15102:11)
      at recursivelyTraverseMutationEffects (node_modules/react-dom/cjs/react-dom-client.development.js:14576:11)
      at commitMutationEffectsOnFiber (node_modules/react-dom/cjs/react-dom-client.development.js:14591:11)
      at recursivelyTraverseMutationEffects (node_modules/react-dom/cjs/react-dom-client.development.js:14576:11)
      at commitMutationEffectsOnFiber (node_modules/react-dom/cjs/react-dom-client.development.js:15102:11)
      at recursivelyTraverseMutationEffects (node_modules/react-dom/cjs/react-dom-client.development.js:14576:11)
      at commitMutationEffectsOnFiber (node_modules/react-dom/cjs/react-dom-client.development.js:14591:11)
      at recursivelyTraverseMutationEffects (node_modules/react-dom/cjs/react-dom-client.development.js:14576:11)
      at commitMutationEffectsOnFiber (node_modules/react-dom/cjs/react-dom-client.development.js:14591:11)
      at recursivelyTraverseMutationEffects (node_modules/react-dom/cjs/react-dom-client.development.js:14576:11)
      at commitMutationEffectsOnFiber (node_modules/react-dom/cjs/react-dom-client.development.js:15102:11)
      at recursivelyTraverseMutationEffects (node_modules/react-dom/cjs/react-dom-client.development.js:14576:11)
      at commitMutationEffectsOnFiber (node_modules/react-dom/cjs/react-dom-client.development.js:14591:11)
      at recursivelyTraverseMutationEffects (node_modules/react-dom/cjs/react-dom-client.development.js:14576:11)
      at commitMutationEffectsOnFiber (node_modules/react-dom/cjs/react-dom-client.development.js:15102:11)
      at recursivelyTraverseMutationEffects (node_modules/react-dom/cjs/react-dom-client.development.js:14576:11)
      at commitMutationEffectsOnFiber (node_modules/react-dom/cjs/react-dom-client.development.js:14591:11)
      at recursivelyTraverseMutationEffects (node_modules/react-dom/cjs/react-dom-client.development.js:14576:11)
      at commitMutationEffectsOnFiber (node_modules/react-dom/cjs/react-dom-client.development.js:14591:11)

    console.error
      An update to SelectItem inside a test was not wrapped in act(...).
      
      When testing, code that causes React state updates should be wrapped into act(...):
      
      act(() => {
        /* fire events that update state */
      });
      /* assert on the output */
      
      This ensures that you're testing the behavior the user would see in the browser. Learn more at https://react.dev/link/wrap-tests-with-act

      at node_modules/react-dom/cjs/react-dom-client.development.js:18758:19
      at runWithFiberInDEV (node_modules/react-dom/cjs/react-dom-client.development.js:874:13)
      at warnIfUpdatesNotWrappedWithActDEV (node_modules/react-dom/cjs/react-dom-client.development.js:18757:9)
      at scheduleUpdateOnFiber (node_modules/react-dom/cjs/react-dom-client.development.js:16409:11)
      at dispatchSetStateInternal (node_modules/react-dom/cjs/react-dom-client.development.js:9170:13)
      at dispatchSetState (node_modules/react-dom/cjs/react-dom-client.development.js:9127:7)
      at node_modules/@radix-ui/react-select/src/select.tsx:1291:11
      at setRef (node_modules/@radix-ui/react-compose-refs/src/compose-refs.tsx:11:12)
      at node_modules/@radix-ui/react-compose-refs/src/compose-refs.tsx:25:23
          at Array.map (<anonymous>)
      at node_modules/@radix-ui/react-compose-refs/src/compose-refs.tsx:24:27
      at runWithFiberInDEV (node_modules/react-dom/cjs/react-dom-client.development.js:874:13)
      at safelyDetachRef (node_modules/react-dom/cjs/react-dom-client.development.js:13529:37)
      at commitMutationEffectsOnFiber (node_modules/react-dom/cjs/react-dom-client.development.js:14826:15)
      at recursivelyTraverseMutationEffects (node_modules/react-dom/cjs/react-dom-client.development.js:14576:11)
      at commitMutationEffectsOnFiber (node_modules/react-dom/cjs/react-dom-client.development.js:14591:11)
      at recursivelyTraverseMutationEffects (node_modules/react-dom/cjs/react-dom-client.development.js:14576:11)
      at commitMutationEffectsOnFiber (node_modules/react-dom/cjs/react-dom-client.development.js:14591:11)
      at recursivelyTraverseMutationEffects (node_modules/react-dom/cjs/react-dom-client.development.js:14576:11)
      at commitMutationEffectsOnFiber (node_modules/react-dom/cjs/react-dom-client.development.js:14821:11)
      at recursivelyTraverseMutationEffects (node_modules/react-dom/cjs/react-dom-client.development.js:14576:11)
      at commitMutationEffectsOnFiber (node_modules/react-dom/cjs/react-dom-client.development.js:14591:11)
      at recursivelyTraverseMutationEffects (node_modules/react-dom/cjs/react-dom-client.development.js:14576:11)
      at commitMutationEffectsOnFiber (node_modules/react-dom/cjs/react-dom-client.development.js:14591:11)
      at recursivelyTraverseMutationEffects (node_modules/react-dom/cjs/react-dom-client.development.js:14576:11)
      at commitMutationEffectsOnFiber (node_modules/react-dom/cjs/react-dom-client.development.js:14591:11)
      at recursivelyTraverseMutationEffects (node_modules/react-dom/cjs/react-dom-client.development.js:14576:11)
      at commitMutationEffectsOnFiber (node_modules/react-dom/cjs/react-dom-client.development.js:14591:11)
      at recursivelyTraverseMutationEffects (node_modules/react-dom/cjs/react-dom-client.development.js:14576:11)
      at commitMutationEffectsOnFiber (node_modules/react-dom/cjs/react-dom-client.development.js:15102:11)
      at recursivelyTraverseMutationEffects (node_modules/react-dom/cjs/react-dom-client.development.js:14576:11)
      at commitMutationEffectsOnFiber (node_modules/react-dom/cjs/react-dom-client.development.js:14591:11)
      at recursivelyTraverseMutationEffects (node_modules/react-dom/cjs/react-dom-client.development.js:14576:11)
      at commitMutationEffectsOnFiber (node_modules/react-dom/cjs/react-dom-client.development.js:14591:11)
      at recursivelyTraverseMutationEffects (node_modules/react-dom/cjs/react-dom-client.development.js:14576:11)
      at commitMutationEffectsOnFiber (node_modules/react-dom/cjs/react-dom-client.development.js:14591:11)
      at recursivelyTraverseMutationEffects (node_modules/react-dom/cjs/react-dom-client.development.js:14576:11)
      at commitMutationEffectsOnFiber (node_modules/react-dom/cjs/react-dom-client.development.js:14821:11)
      at recursivelyTraverseMutationEffects (node_modules/react-dom/cjs/react-dom-client.development.js:14576:11)
      at commitMutationEffectsOnFiber (node_modules/react-dom/cjs/react-dom-client.development.js:14591:11)
      at recursivelyTraverseMutationEffects (node_modules/react-dom/cjs/react-dom-client.development.js:14576:11)
      at commitMutationEffectsOnFiber (node_modules/react-dom/cjs/react-dom-client.development.js:14591:11)
      at recursivelyTraverseMutationEffects (node_modules/react-dom/cjs/react-dom-client.development.js:14576:11)
      at commitMutationEffectsOnFiber (node_modules/react-dom/cjs/react-dom-client.development.js:14591:11)
      at recursivelyTraverseMutationEffects (node_modules/react-dom/cjs/react-dom-client.development.js:14576:11)
      at commitMutationEffectsOnFiber (node_modules/react-dom/cjs/react-dom-client.development.js:14591:11)
      at recursivelyTraverseMutationEffects (node_modules/react-dom/cjs/react-dom-client.development.js:14576:11)
      at commitMutationEffectsOnFiber (node_modules/react-dom/cjs/react-dom-client.development.js:14591:11)
      at recursivelyTraverseMutationEffects (node_modules/react-dom/cjs/react-dom-client.development.js:14576:11)
      at commitMutationEffectsOnFiber (node_modules/react-dom/cjs/react-dom-client.development.js:14821:11)
      at recursivelyTraverseMutationEffects (node_modules/react-dom/cjs/react-dom-client.development.js:14576:11)
      at commitMutationEffectsOnFiber (node_modules/react-dom/cjs/react-dom-client.development.js:14591:11)
      at recursivelyTraverseMutationEffects (node_modules/react-dom/cjs/react-dom-client.development.js:14576:11)
      at commitMutationEffectsOnFiber (node_modules/react-dom/cjs/react-dom-client.development.js:14591:11)
      at recursivelyTraverseMutationEffects (node_modules/react-dom/cjs/react-dom-client.development.js:14576:11)
      at commitMutationEffectsOnFiber (node_modules/react-dom/cjs/react-dom-client.development.js:14591:11)
      at recursivelyTraverseMutationEffects (node_modules/react-dom/cjs/react-dom-client.development.js:14576:11)
      at commitMutationEffectsOnFiber (node_modules/react-dom/cjs/react-dom-client.development.js:15102:11)
      at recursivelyTraverseMutationEffects (node_modules/react-dom/cjs/react-dom-client.development.js:14576:11)
      at commitMutationEffectsOnFiber (node_modules/react-dom/cjs/react-dom-client.development.js:14591:11)
      at recursivelyTraverseMutationEffects (node_modules/react-dom/cjs/react-dom-client.development.js:14576:11)
      at commitMutationEffectsOnFiber (node_modules/react-dom/cjs/react-dom-client.development.js:14911:11)
      at recursivelyTraverseMutationEffects (node_modules/react-dom/cjs/react-dom-client.development.js:14576:11)
      at commitMutationEffectsOnFiber (node_modules/react-dom/cjs/react-dom-client.development.js:14591:11)
      at recursivelyTraverseMutationEffects (node_modules/react-dom/cjs/react-dom-client.development.js:14576:11)
      at commitMutationEffectsOnFiber (node_modules/react-dom/cjs/react-dom-client.development.js:14591:11)
      at recursivelyTraverseMutationEffects (node_modules/react-dom/cjs/react-dom-client.development.js:14576:11)
      at commitMutationEffectsOnFiber (node_modules/react-dom/cjs/react-dom-client.development.js:14591:11)
      at recursivelyTraverseMutationEffects (node_modules/react-dom/cjs/react-dom-client.development.js:14576:11)
      at commitMutationEffectsOnFiber (node_modules/react-dom/cjs/react-dom-client.development.js:14591:11)
      at recursivelyTraverseMutationEffects (node_modules/react-dom/cjs/react-dom-client.development.js:14576:11)
      at commitMutationEffectsOnFiber (node_modules/react-dom/cjs/react-dom-client.development.js:14911:11)
      at recursivelyTraverseMutationEffects (node_modules/react-dom/cjs/react-dom-client.development.js:14576:11)
      at commitMutationEffectsOnFiber (node_modules/react-dom/cjs/react-dom-client.development.js:14591:11)
      at recursivelyTraverseMutationEffects (node_modules/react-dom/cjs/react-dom-client.development.js:14576:11)
      at commitMutationEffectsOnFiber (node_modules/react-dom/cjs/react-dom-client.development.js:14591:11)
      at recursivelyTraverseMutationEffects (node_modules/react-dom/cjs/react-dom-client.development.js:14576:11)
      at commitMutationEffectsOnFiber (node_modules/react-dom/cjs/react-dom-client.development.js:14591:11)
      at recursivelyTraverseMutationEffects (node_modules/react-dom/cjs/react-dom-client.development.js:14576:11)
      at commitMutationEffectsOnFiber (node_modules/react-dom/cjs/react-dom-client.development.js:15102:11)
      at recursivelyTraverseMutationEffects (node_modules/react-dom/cjs/react-dom-client.development.js:14576:11)
      at commitMutationEffectsOnFiber (node_modules/react-dom/cjs/react-dom-client.development.js:14591:11)
      at recursivelyTraverseMutationEffects (node_modules/react-dom/cjs/react-dom-client.development.js:14576:11)
      at commitMutationEffectsOnFiber (node_modules/react-dom/cjs/react-dom-client.development.js:15102:11)
      at recursivelyTraverseMutationEffects (node_modules/react-dom/cjs/react-dom-client.development.js:14576:11)
      at commitMutationEffectsOnFiber (node_modules/react-dom/cjs/react-dom-client.development.js:14591:11)
      at recursivelyTraverseMutationEffects (node_modules/react-dom/cjs/react-dom-client.development.js:14576:11)
      at commitMutationEffectsOnFiber (node_modules/react-dom/cjs/react-dom-client.development.js:14591:11)
      at recursivelyTraverseMutationEffects (node_modules/react-dom/cjs/react-dom-client.development.js:14576:11)
      at commitMutationEffectsOnFiber (node_modules/react-dom/cjs/react-dom-client.development.js:15102:11)
      at recursivelyTraverseMutationEffects (node_modules/react-dom/cjs/react-dom-client.development.js:14576:11)
      at commitMutationEffectsOnFiber (node_modules/react-dom/cjs/react-dom-client.development.js:14591:11)
      at recursivelyTraverseMutationEffects (node_modules/react-dom/cjs/react-dom-client.development.js:14576:11)
      at commitMutationEffectsOnFiber (node_modules/react-dom/cjs/react-dom-client.development.js:15102:11)
      at recursivelyTraverseMutationEffects (node_modules/react-dom/cjs/react-dom-client.development.js:14576:11)
      at commitMutationEffectsOnFiber (node_modules/react-dom/cjs/react-dom-client.development.js:14591:11)
      at recursivelyTraverseMutationEffects (node_modules/react-dom/cjs/react-dom-client.development.js:14576:11)
      at commitMutationEffectsOnFiber (node_modules/react-dom/cjs/react-dom-client.development.js:14591:11)

    console.error
      An update to CheckboxProvider inside a test was not wrapped in act(...).
      
      When testing, code that causes React state updates should be wrapped into act(...):
      
      act(() => {
        /* fire events that update state */
      });
      /* assert on the output */
      
      This ensures that you're testing the behavior the user would see in the browser. Learn more at https://react.dev/link/wrap-tests-with-act

      at node_modules/react-dom/cjs/react-dom-client.development.js:18758:19
      at runWithFiberInDEV (node_modules/react-dom/cjs/react-dom-client.development.js:874:13)
      at warnIfUpdatesNotWrappedWithActDEV (node_modules/react-dom/cjs/react-dom-client.development.js:18757:9)
      at scheduleUpdateOnFiber (node_modules/react-dom/cjs/react-dom-client.development.js:16409:11)
      at dispatchSetStateInternal (node_modules/react-dom/cjs/react-dom-client.development.js:9170:13)
      at dispatchSetState (node_modules/react-dom/cjs/react-dom-client.development.js:9127:7)
      at setRef (node_modules/@radix-ui/react-compose-refs/src/compose-refs.tsx:11:12)
      at node_modules/@radix-ui/react-compose-refs/src/compose-refs.tsx:25:23
          at Array.map (<anonymous>)
      at node_modules/@radix-ui/react-compose-refs/src/compose-refs.tsx:24:27
      at runWithFiberInDEV (node_modules/react-dom/cjs/react-dom-client.development.js:874:13)
      at safelyDetachRef (node_modules/react-dom/cjs/react-dom-client.development.js:13529:37)
      at commitDeletionEffectsOnFiber (node_modules/react-dom/cjs/react-dom-client.development.js:14291:13)
      at recursivelyTraverseDeletionEffects (node_modules/react-dom/cjs/react-dom-client.development.js:14223:9)
      at commitDeletionEffectsOnFiber (node_modules/react-dom/cjs/react-dom-client.development.js:14378:11)
      at recursivelyTraverseDeletionEffects (node_modules/react-dom/cjs/react-dom-client.development.js:14223:9)
      at commitDeletionEffectsOnFiber (node_modules/react-dom/cjs/react-dom-client.development.js:14378:11)
      at recursivelyTraverseDeletionEffects (node_modules/react-dom/cjs/react-dom-client.development.js:14223:9)
      at commitDeletionEffectsOnFiber (node_modules/react-dom/cjs/react-dom-client.development.js:14419:11)
      at recursivelyTraverseDeletionEffects (node_modules/react-dom/cjs/react-dom-client.development.js:14223:9)
      at commitDeletionEffectsOnFiber (node_modules/react-dom/cjs/react-dom-client.development.js:14378:11)
      at recursivelyTraverseDeletionEffects (node_modules/react-dom/cjs/react-dom-client.development.js:14223:9)
      at commitDeletionEffectsOnFiber (node_modules/react-dom/cjs/react-dom-client.development.js:14378:11)
      at recursivelyTraverseDeletionEffects (node_modules/react-dom/cjs/react-dom-client.development.js:14223:9)
      at commitDeletionEffectsOnFiber (node_modules/react-dom/cjs/react-dom-client.development.js:14378:11)
      at recursivelyTraverseDeletionEffects (node_modules/react-dom/cjs/react-dom-client.development.js:14223:9)
      at commitDeletionEffectsOnFiber (node_modules/react-dom/cjs/react-dom-client.development.js:14378:11)
      at recursivelyTraverseDeletionEffects (node_modules/react-dom/cjs/react-dom-client.development.js:14223:9)
      at commitDeletionEffectsOnFiber (node_modules/react-dom/cjs/react-dom-client.development.js:14296:11)
      at recursivelyTraverseDeletionEffects (node_modules/react-dom/cjs/react-dom-client.development.js:14223:9)
      at commitDeletionEffectsOnFiber (node_modules/react-dom/cjs/react-dom-client.development.js:14296:11)
      at recursivelyTraverseDeletionEffects (node_modules/react-dom/cjs/react-dom-client.development.js:14223:9)
      at commitDeletionEffectsOnFiber (node_modules/react-dom/cjs/react-dom-client.development.js:14419:11)
      at recursivelyTraverseMutationEffects (node_modules/react-dom/cjs/react-dom-client.development.js:14555:11)
      at commitMutationEffectsOnFiber (node_modules/react-dom/cjs/react-dom-client.development.js:14821:11)
      at recursivelyTraverseMutationEffects (node_modules/react-dom/cjs/react-dom-client.development.js:14576:11)
      at commitMutationEffectsOnFiber (node_modules/react-dom/cjs/react-dom-client.development.js:14821:11)
      at recursivelyTraverseMutationEffects (node_modules/react-dom/cjs/react-dom-client.development.js:14576:11)
      at commitMutationEffectsOnFiber (node_modules/react-dom/cjs/react-dom-client.development.js:14821:11)
      at recursivelyTraverseMutationEffects (node_modules/react-dom/cjs/react-dom-client.development.js:14576:11)
      at commitMutationEffectsOnFiber (node_modules/react-dom/cjs/react-dom-client.development.js:14821:11)
      at recursivelyTraverseMutationEffects (node_modules/react-dom/cjs/react-dom-client.development.js:14576:11)
      at commitMutationEffectsOnFiber (node_modules/react-dom/cjs/react-dom-client.development.js:14591:11)
      at recursivelyTraverseMutationEffects (node_modules/react-dom/cjs/react-dom-client.development.js:14576:11)
      at commitMutationEffectsOnFiber (node_modules/react-dom/cjs/react-dom-client.development.js:15102:11)
      at recursivelyTraverseMutationEffects (node_modules/react-dom/cjs/react-dom-client.development.js:14576:11)
      at commitMutationEffectsOnFiber (node_modules/react-dom/cjs/react-dom-client.development.js:15102:11)
      at recursivelyTraverseMutationEffects (node_modules/react-dom/cjs/react-dom-client.development.js:14576:11)
      at commitMutationEffectsOnFiber (node_modules/react-dom/cjs/react-dom-client.development.js:14591:11)
      at recursivelyTraverseMutationEffects (node_modules/react-dom/cjs/react-dom-client.development.js:14576:11)
      at commitMutationEffectsOnFiber (node_modules/react-dom/cjs/react-dom-client.development.js:14591:11)
      at recursivelyTraverseMutationEffects (node_modules/react-dom/cjs/react-dom-client.development.js:14576:11)
      at commitMutationEffectsOnFiber (node_modules/react-dom/cjs/react-dom-client.development.js:15102:11)
      at recursivelyTraverseMutationEffects (node_modules/react-dom/cjs/react-dom-client.development.js:14576:11)
      at commitMutationEffectsOnFiber (node_modules/react-dom/cjs/react-dom-client.development.js:14591:11)
      at recursivelyTraverseMutationEffects (node_modules/react-dom/cjs/react-dom-client.development.js:14576:11)
      at commitMutationEffectsOnFiber (node_modules/react-dom/cjs/react-dom-client.development.js:14591:11)
      at recursivelyTraverseMutationEffects (node_modules/react-dom/cjs/react-dom-client.development.js:14576:11)
      at commitMutationEffectsOnFiber (node_modules/react-dom/cjs/react-dom-client.development.js:14883:11)
      at flushMutationEffects (node_modules/react-dom/cjs/react-dom-client.development.js:17979:13)
      at commitRoot (node_modules/react-dom/cjs/react-dom-client.development.js:17953:9)
      at commitRootWhenReady (node_modules/react-dom/cjs/react-dom-client.development.js:16824:7)
      at performWorkOnRoot (node_modules/react-dom/cjs/react-dom-client.development.js:16722:15)
      at performWorkOnRootViaSchedulerTask (node_modules/react-dom/cjs/react-dom-client.development.js:18957:7)
      at performWorkUntilDeadline (node_modules/scheduler/cjs/scheduler.development.js:45:48)
      at Timeout.task [as _onTimeout] (node_modules/jsdom/lib/jsdom/browser/Window.js:579:19)

    console.error
      An update to Select inside a test was not wrapped in act(...).
      
      When testing, code that causes React state updates should be wrapped into act(...):
      
      act(() => {
        /* fire events that update state */
      });
      /* assert on the output */
      
      This ensures that you're testing the behavior the user would see in the browser. Learn more at https://react.dev/link/wrap-tests-with-act

      at node_modules/react-dom/cjs/react-dom-client.development.js:18758:19
      at runWithFiberInDEV (node_modules/react-dom/cjs/react-dom-client.development.js:874:13)
      at warnIfUpdatesNotWrappedWithActDEV (node_modules/react-dom/cjs/react-dom-client.development.js:18757:9)
      at scheduleUpdateOnFiber (node_modules/react-dom/cjs/react-dom-client.development.js:16409:11)
      at dispatchSetStateInternal (node_modules/react-dom/cjs/react-dom-client.development.js:9170:13)
      at dispatchSetState (node_modules/react-dom/cjs/react-dom-client.development.js:9127:7)
      at setRef (node_modules/@radix-ui/react-compose-refs/src/compose-refs.tsx:11:12)
      at node_modules/@radix-ui/react-compose-refs/src/compose-refs.tsx:25:23
          at Array.map (<anonymous>)
      at node_modules/@radix-ui/react-compose-refs/src/compose-refs.tsx:24:27
      at setRef (node_modules/@radix-ui/react-compose-refs/src/compose-refs.tsx:11:12)
      at node_modules/@radix-ui/react-compose-refs/src/compose-refs.tsx:25:23
          at Array.map (<anonymous>)
      at node_modules/@radix-ui/react-compose-refs/src/compose-refs.tsx:24:27
      at commitAttachRef (node_modules/react-dom/cjs/react-dom-client.development.js:13482:44)
      at runWithFiberInDEV (node_modules/react-dom/cjs/react-dom-client.development.js:874:13)
      at safelyAttachRef (node_modules/react-dom/cjs/react-dom-client.development.js:13500:9)
      at commitLayoutEffectOnFiber (node_modules/react-dom/cjs/react-dom-client.development.js:14089:26)
      at recursivelyTraverseLayoutEffects (node_modules/react-dom/cjs/react-dom-client.development.js:15159:11)
      at commitLayoutEffectOnFiber (node_modules/react-dom/cjs/react-dom-client.development.js:13949:11)
      at recursivelyTraverseLayoutEffects (node_modules/react-dom/cjs/react-dom-client.development.js:15159:11)
      at commitLayoutEffectOnFiber (node_modules/react-dom/cjs/react-dom-client.development.js:13949:11)
      at recursivelyTraverseLayoutEffects (node_modules/react-dom/cjs/react-dom-client.development.js:15159:11)
      at commitLayoutEffectOnFiber (node_modules/react-dom/cjs/react-dom-client.development.js:13949:11)
      at recursivelyTraverseLayoutEffects (node_modules/react-dom/cjs/react-dom-client.development.js:15159:11)
      at commitLayoutEffectOnFiber (node_modules/react-dom/cjs/react-dom-client.development.js:13949:11)
      at recursivelyTraverseLayoutEffects (node_modules/react-dom/cjs/react-dom-client.development.js:15159:11)
      at commitLayoutEffectOnFiber (node_modules/react-dom/cjs/react-dom-client.development.js:13949:11)
      at recursivelyTraverseLayoutEffects (node_modules/react-dom/cjs/react-dom-client.development.js:15159:11)
      at commitLayoutEffectOnFiber (node_modules/react-dom/cjs/react-dom-client.development.js:13949:11)
      at recursivelyTraverseLayoutEffects (node_modules/react-dom/cjs/react-dom-client.development.js:15159:11)
      at commitLayoutEffectOnFiber (node_modules/react-dom/cjs/react-dom-client.development.js:13949:11)
      at recursivelyTraverseLayoutEffects (node_modules/react-dom/cjs/react-dom-client.development.js:15159:11)
      at commitLayoutEffectOnFiber (node_modules/react-dom/cjs/react-dom-client.development.js:14165:11)
      at recursivelyTraverseLayoutEffects (node_modules/react-dom/cjs/react-dom-client.development.js:15159:11)
      at commitLayoutEffectOnFiber (node_modules/react-dom/cjs/react-dom-client.development.js:13949:11)
      at recursivelyTraverseLayoutEffects (node_modules/react-dom/cjs/react-dom-client.development.js:15159:11)
      at commitLayoutEffectOnFiber (node_modules/react-dom/cjs/react-dom-client.development.js:14165:11)
      at recursivelyTraverseLayoutEffects (node_modules/react-dom/cjs/react-dom-client.development.js:15159:11)
      at commitLayoutEffectOnFiber (node_modules/react-dom/cjs/react-dom-client.development.js:13949:11)
      at recursivelyTraverseLayoutEffects (node_modules/react-dom/cjs/react-dom-client.development.js:15159:11)
      at commitLayoutEffectOnFiber (node_modules/react-dom/cjs/react-dom-client.development.js:13949:11)
      at recursivelyTraverseLayoutEffects (node_modules/react-dom/cjs/react-dom-client.development.js:15159:11)
      at commitLayoutEffectOnFiber (node_modules/react-dom/cjs/react-dom-client.development.js:14165:11)
      at recursivelyTraverseLayoutEffects (node_modules/react-dom/cjs/react-dom-client.development.js:15159:11)
      at commitLayoutEffectOnFiber (node_modules/react-dom/cjs/react-dom-client.development.js:13949:11)
      at recursivelyTraverseLayoutEffects (node_modules/react-dom/cjs/react-dom-client.development.js:15159:11)
      at commitLayoutEffectOnFiber (node_modules/react-dom/cjs/react-dom-client.development.js:14165:11)
      at recursivelyTraverseLayoutEffects (node_modules/react-dom/cjs/react-dom-client.development.js:15159:11)
      at commitLayoutEffectOnFiber (node_modules/react-dom/cjs/react-dom-client.development.js:13949:11)
      at recursivelyTraverseLayoutEffects (node_modules/react-dom/cjs/react-dom-client.development.js:15159:11)
      at commitLayoutEffectOnFiber (node_modules/react-dom/cjs/react-dom-client.development.js:13949:11)
      at recursivelyTraverseLayoutEffects (node_modules/react-dom/cjs/react-dom-client.development.js:15159:11)
      at commitLayoutEffectOnFiber (node_modules/react-dom/cjs/react-dom-client.development.js:13949:11)
      at recursivelyTraverseLayoutEffects (node_modules/react-dom/cjs/react-dom-client.development.js:15159:11)
      at commitLayoutEffectOnFiber (node_modules/react-dom/cjs/react-dom-client.development.js:14065:11)
      at recursivelyTraverseLayoutEffects (node_modules/react-dom/cjs/react-dom-client.development.js:15159:11)
      at commitLayoutEffectOnFiber (node_modules/react-dom/cjs/react-dom-client.development.js:14065:11)
      at recursivelyTraverseLayoutEffects (node_modules/react-dom/cjs/react-dom-client.development.js:15159:11)
      at commitLayoutEffectOnFiber (node_modules/react-dom/cjs/react-dom-client.development.js:14065:11)
      at recursivelyTraverseLayoutEffects (node_modules/react-dom/cjs/react-dom-client.development.js:15159:11)
      at commitLayoutEffectOnFiber (node_modules/react-dom/cjs/react-dom-client.development.js:13949:11)
      at recursivelyTraverseLayoutEffects (node_modules/react-dom/cjs/react-dom-client.development.js:15159:11)
      at commitLayoutEffectOnFiber (node_modules/react-dom/cjs/react-dom-client.development.js:14165:11)
      at recursivelyTraverseLayoutEffects (node_modules/react-dom/cjs/react-dom-client.development.js:15159:11)
      at commitLayoutEffectOnFiber (node_modules/react-dom/cjs/react-dom-client.development.js:14165:11)
      at recursivelyTraverseLayoutEffects (node_modules/react-dom/cjs/react-dom-client.development.js:15159:11)
      at commitLayoutEffectOnFiber (node_modules/react-dom/cjs/react-dom-client.development.js:13949:11)
      at recursivelyTraverseLayoutEffects (node_modules/react-dom/cjs/react-dom-client.development.js:15159:11)
      at commitLayoutEffectOnFiber (node_modules/react-dom/cjs/react-dom-client.development.js:13949:11)
      at recursivelyTraverseLayoutEffects (node_modules/react-dom/cjs/react-dom-client.development.js:15159:11)
      at commitLayoutEffectOnFiber (node_modules/react-dom/cjs/react-dom-client.development.js:14165:11)
      at recursivelyTraverseLayoutEffects (node_modules/react-dom/cjs/react-dom-client.development.js:15159:11)
      at commitLayoutEffectOnFiber (node_modules/react-dom/cjs/react-dom-client.development.js:13949:11)
      at recursivelyTraverseLayoutEffects (node_modules/react-dom/cjs/react-dom-client.development.js:15159:11)
      at commitLayoutEffectOnFiber (node_modules/react-dom/cjs/react-dom-client.development.js:13949:11)
      at recursivelyTraverseLayoutEffects (node_modules/react-dom/cjs/react-dom-client.development.js:15159:11)
      at commitLayoutEffectOnFiber (node_modules/react-dom/cjs/react-dom-client.development.js:14031:11)
      at flushLayoutEffects (node_modules/react-dom/cjs/react-dom-client.development.js:18138:15)
      at commitRoot (node_modules/react-dom/cjs/react-dom-client.development.js:17954:9)
      at commitRootWhenReady (node_modules/react-dom/cjs/react-dom-client.development.js:16824:7)
      at performWorkOnRoot (node_modules/react-dom/cjs/react-dom-client.development.js:16722:15)
      at performWorkOnRootViaSchedulerTask (node_modules/react-dom/cjs/react-dom-client.development.js:18957:7)
      at performWorkUntilDeadline (node_modules/scheduler/cjs/scheduler.development.js:45:48)
      at Timeout.task [as _onTimeout] (node_modules/jsdom/lib/jsdom/browser/Window.js:579:19)

    console.error
      An update to SelectItemText inside a test was not wrapped in act(...).
      
      When testing, code that causes React state updates should be wrapped into act(...):
      
      act(() => {
        /* fire events that update state */
      });
      /* assert on the output */
      
      This ensures that you're testing the behavior the user would see in the browser. Learn more at https://react.dev/link/wrap-tests-with-act

      at node_modules/react-dom/cjs/react-dom-client.development.js:18758:19
      at runWithFiberInDEV (node_modules/react-dom/cjs/react-dom-client.development.js:874:13)
      at warnIfUpdatesNotWrappedWithActDEV (node_modules/react-dom/cjs/react-dom-client.development.js:18757:9)
      at scheduleUpdateOnFiber (node_modules/react-dom/cjs/react-dom-client.development.js:16409:11)
      at dispatchSetStateInternal (node_modules/react-dom/cjs/react-dom-client.development.js:9170:13)
      at dispatchSetState (node_modules/react-dom/cjs/react-dom-client.development.js:9127:7)
      at node_modules/@radix-ui/react-select/src/select.tsx:1378:17
      at setRef (node_modules/@radix-ui/react-compose-refs/src/compose-refs.tsx:11:12)
      at node_modules/@radix-ui/react-compose-refs/src/compose-refs.tsx:25:23
          at Array.map (<anonymous>)
      at node_modules/@radix-ui/react-compose-refs/src/compose-refs.tsx:24:27
      at commitAttachRef (node_modules/react-dom/cjs/react-dom-client.development.js:13482:44)
      at runWithFiberInDEV (node_modules/react-dom/cjs/react-dom-client.development.js:874:13)
      at safelyAttachRef (node_modules/react-dom/cjs/react-dom-client.development.js:13500:9)
      at commitLayoutEffectOnFiber (node_modules/react-dom/cjs/react-dom-client.development.js:14089:26)
      at recursivelyTraverseLayoutEffects (node_modules/react-dom/cjs/react-dom-client.development.js:15159:11)
      at commitLayoutEffectOnFiber (node_modules/react-dom/cjs/react-dom-client.development.js:13949:11)
      at recursivelyTraverseLayoutEffects (node_modules/react-dom/cjs/react-dom-client.development.js:15159:11)
      at commitLayoutEffectOnFiber (node_modules/react-dom/cjs/react-dom-client.development.js:13949:11)
      at recursivelyTraverseLayoutEffects (node_modules/react-dom/cjs/react-dom-client.development.js:15159:11)
      at commitLayoutEffectOnFiber (node_modules/react-dom/cjs/react-dom-client.development.js:14065:11)
      at recursivelyTraverseLayoutEffects (node_modules/react-dom/cjs/react-dom-client.development.js:15159:11)
      at commitLayoutEffectOnFiber (node_modules/react-dom/cjs/react-dom-client.development.js:13949:11)
      at recursivelyTraverseLayoutEffects (node_modules/react-dom/cjs/react-dom-client.development.js:15159:11)
      at commitLayoutEffectOnFiber (node_modules/react-dom/cjs/react-dom-client.development.js:13949:11)
      at recursivelyTraverseLayoutEffects (node_modules/react-dom/cjs/react-dom-client.development.js:15159:11)
      at commitLayoutEffectOnFiber (node_modules/react-dom/cjs/react-dom-client.development.js:13949:11)
      at recursivelyTraverseLayoutEffects (node_modules/react-dom/cjs/react-dom-client.development.js:15159:11)
      at commitLayoutEffectOnFiber (node_modules/react-dom/cjs/react-dom-client.development.js:13949:11)
      at recursivelyTraverseLayoutEffects (node_modules/react-dom/cjs/react-dom-client.development.js:15159:11)
      at commitLayoutEffectOnFiber (node_modules/react-dom/cjs/react-dom-client.development.js:14165:11)
      at recursivelyTraverseLayoutEffects (node_modules/react-dom/cjs/react-dom-client.development.js:15159:11)
      at commitLayoutEffectOnFiber (node_modules/react-dom/cjs/react-dom-client.development.js:13949:11)
      at recursivelyTraverseLayoutEffects (node_modules/react-dom/cjs/react-dom-client.development.js:15159:11)
      at commitLayoutEffectOnFiber (node_modules/react-dom/cjs/react-dom-client.development.js:13949:11)
      at recursivelyTraverseLayoutEffects (node_modules/react-dom/cjs/react-dom-client.development.js:15159:11)
      at commitLayoutEffectOnFiber (node_modules/react-dom/cjs/react-dom-client.development.js:13949:11)
      at recursivelyTraverseLayoutEffects (node_modules/react-dom/cjs/react-dom-client.development.js:15159:11)
      at commitLayoutEffectOnFiber (node_modules/react-dom/cjs/react-dom-client.development.js:14065:11)
      at recursivelyTraverseLayoutEffects (node_modules/react-dom/cjs/react-dom-client.development.js:15159:11)
      at commitLayoutEffectOnFiber (node_modules/react-dom/cjs/react-dom-client.development.js:13949:11)
      at recursivelyTraverseLayoutEffects (node_modules/react-dom/cjs/react-dom-client.development.js:15159:11)
      at commitLayoutEffectOnFiber (node_modules/react-dom/cjs/react-dom-client.development.js:13949:11)
      at recursivelyTraverseLayoutEffects (node_modules/react-dom/cjs/react-dom-client.development.js:15159:11)
      at commitLayoutEffectOnFiber (node_modules/react-dom/cjs/react-dom-client.development.js:13949:11)
      at recursivelyTraverseLayoutEffects (node_modules/react-dom/cjs/react-dom-client.development.js:15159:11)
      at commitLayoutEffectOnFiber (node_modules/react-dom/cjs/react-dom-client.development.js:13949:11)
      at recursivelyTraverseLayoutEffects (node_modules/react-dom/cjs/react-dom-client.development.js:15159:11)
      at commitLayoutEffectOnFiber (node_modules/react-dom/cjs/react-dom-client.development.js:13949:11)
      at recursivelyTraverseLayoutEffects (node_modules/react-dom/cjs/react-dom-client.development.js:15159:11)
      at commitLayoutEffectOnFiber (node_modules/react-dom/cjs/react-dom-client.development.js:14065:11)
      at recursivelyTraverseLayoutEffects (node_modules/react-dom/cjs/react-dom-client.development.js:15159:11)
      at commitLayoutEffectOnFiber (node_modules/react-dom/cjs/react-dom-client.development.js:13949:11)
      at recursivelyTraverseLayoutEffects (node_modules/react-dom/cjs/react-dom-client.development.js:15159:11)
      at commitLayoutEffectOnFiber (node_modules/react-dom/cjs/react-dom-client.development.js:13949:11)
      at recursivelyTraverseLayoutEffects (node_modules/react-dom/cjs/react-dom-client.development.js:15159:11)
      at commitLayoutEffectOnFiber (node_modules/react-dom/cjs/react-dom-client.development.js:13949:11)
      at recursivelyTraverseLayoutEffects (node_modules/react-dom/cjs/react-dom-client.development.js:15159:11)
      at commitLayoutEffectOnFiber (node_modules/react-dom/cjs/react-dom-client.development.js:14165:11)
      at recursivelyTraverseLayoutEffects (node_modules/react-dom/cjs/react-dom-client.development.js:15159:11)
      at commitLayoutEffectOnFiber (node_modules/react-dom/cjs/react-dom-client.development.js:13949:11)
      at recursivelyTraverseLayoutEffects (node_modules/react-dom/cjs/react-dom-client.development.js:15159:11)
      at commitLayoutEffectOnFiber (node_modules/react-dom/cjs/react-dom-client.development.js:14165:11)
      at recursivelyTraverseLayoutEffects (node_modules/react-dom/cjs/react-dom-client.development.js:15159:11)
      at commitLayoutEffectOnFiber (node_modules/react-dom/cjs/react-dom-client.development.js:13949:11)
      at recursivelyTraverseLayoutEffects (node_modules/react-dom/cjs/react-dom-client.development.js:15159:11)
      at commitLayoutEffectOnFiber (node_modules/react-dom/cjs/react-dom-client.development.js:13949:11)
      at recursivelyTraverseLayoutEffects (node_modules/react-dom/cjs/react-dom-client.development.js:15159:11)
      at commitLayoutEffectOnFiber (node_modules/react-dom/cjs/react-dom-client.development.js:13949:11)
      at recursivelyTraverseLayoutEffects (node_modules/react-dom/cjs/react-dom-client.development.js:15159:11)
      at commitLayoutEffectOnFiber (node_modules/react-dom/cjs/react-dom-client.development.js:13949:11)
      at recursivelyTraverseLayoutEffects (node_modules/react-dom/cjs/react-dom-client.development.js:15159:11)
      at commitLayoutEffectOnFiber (node_modules/react-dom/cjs/react-dom-client.development.js:14165:11)
      at recursivelyTraverseLayoutEffects (node_modules/react-dom/cjs/react-dom-client.development.js:15159:11)
      at commitLayoutEffectOnFiber (node_modules/react-dom/cjs/react-dom-client.development.js:13949:11)
      at recursivelyTraverseLayoutEffects (node_modules/react-dom/cjs/react-dom-client.development.js:15159:11)
      at commitLayoutEffectOnFiber (node_modules/react-dom/cjs/react-dom-client.development.js:13949:11)
      at recursivelyTraverseLayoutEffects (node_modules/react-dom/cjs/react-dom-client.development.js:15159:11)
      at commitLayoutEffectOnFiber (node_modules/react-dom/cjs/react-dom-client.development.js:13949:11)
      at recursivelyTraverseLayoutEffects (node_modules/react-dom/cjs/react-dom-client.development.js:15159:11)
      at commitLayoutEffectOnFiber (node_modules/react-dom/cjs/react-dom-client.development.js:14165:11)
      at recursivelyTraverseLayoutEffects (node_modules/react-dom/cjs/react-dom-client.development.js:15159:11)
      at commitLayoutEffectOnFiber (node_modules/react-dom/cjs/react-dom-client.development.js:13949:11)
      at recursivelyTraverseLayoutEffects (node_modules/react-dom/cjs/react-dom-client.development.js:15159:11)
      at commitLayoutEffectOnFiber (node_modules/react-dom/cjs/react-dom-client.development.js:14165:11)
      at recursivelyTraverseLayoutEffects (node_modules/react-dom/cjs/react-dom-client.development.js:15159:11)
      at commitLayoutEffectOnFiber (node_modules/react-dom/cjs/react-dom-client.development.js:13949:11)
      at recursivelyTraverseLayoutEffects (node_modules/react-dom/cjs/react-dom-client.development.js:15159:11)
      at commitLayoutEffectOnFiber (node_modules/react-dom/cjs/react-dom-client.development.js:13949:11)
      at recursivelyTraverseLayoutEffects (node_modules/react-dom/cjs/react-dom-client.development.js:15159:11)
      at commitLayoutEffectOnFiber (node_modules/react-dom/cjs/react-dom-client.development.js:14165:11)
      at recursivelyTraverseLayoutEffects (node_modules/react-dom/cjs/react-dom-client.development.js:15159:11)
      at commitLayoutEffectOnFiber (node_modules/react-dom/cjs/react-dom-client.development.js:13949:11)
      at recursivelyTraverseLayoutEffects (node_modules/react-dom/cjs/react-dom-client.development.js:15159:11)
      at commitLayoutEffectOnFiber (node_modules/react-dom/cjs/react-dom-client.development.js:14165:11)
      at recursivelyTraverseLayoutEffects (node_modules/react-dom/cjs/react-dom-client.development.js:15159:11)
      at commitLayoutEffectOnFiber (node_modules/react-dom/cjs/react-dom-client.development.js:13949:11)
      at recursivelyTraverseLayoutEffects (node_modules/react-dom/cjs/react-dom-client.development.js:15159:11)

    console.error
      An update to SelectItem inside a test was not wrapped in act(...).
      
      When testing, code that causes React state updates should be wrapped into act(...):
      
      act(() => {
        /* fire events that update state */
      });
      /* assert on the output */
      
      This ensures that you're testing the behavior the user would see in the browser. Learn more at https://react.dev/link/wrap-tests-with-act

      at node_modules/react-dom/cjs/react-dom-client.development.js:18758:19
      at runWithFiberInDEV (node_modules/react-dom/cjs/react-dom-client.development.js:874:13)
      at warnIfUpdatesNotWrappedWithActDEV (node_modules/react-dom/cjs/react-dom-client.development.js:18757:9)
      at scheduleUpdateOnFiber (node_modules/react-dom/cjs/react-dom-client.development.js:16409:11)
      at dispatchSetStateInternal (node_modules/react-dom/cjs/react-dom-client.development.js:9170:13)
      at dispatchSetState (node_modules/react-dom/cjs/react-dom-client.development.js:9127:7)
      at node_modules/@radix-ui/react-select/src/select.tsx:1291:11
      at setRef (node_modules/@radix-ui/react-compose-refs/src/compose-refs.tsx:11:12)
      at node_modules/@radix-ui/react-compose-refs/src/compose-refs.tsx:25:23
          at Array.map (<anonymous>)
      at node_modules/@radix-ui/react-compose-refs/src/compose-refs.tsx:24:27
      at commitAttachRef (node_modules/react-dom/cjs/react-dom-client.development.js:13482:44)
      at runWithFiberInDEV (node_modules/react-dom/cjs/react-dom-client.development.js:874:13)
      at safelyAttachRef (node_modules/react-dom/cjs/react-dom-client.development.js:13500:9)
      at commitLayoutEffectOnFiber (node_modules/react-dom/cjs/react-dom-client.development.js:14089:26)
      at recursivelyTraverseLayoutEffects (node_modules/react-dom/cjs/react-dom-client.development.js:15159:11)
      at commitLayoutEffectOnFiber (node_modules/react-dom/cjs/react-dom-client.development.js:13949:11)
      at recursivelyTraverseLayoutEffects (node_modules/react-dom/cjs/react-dom-client.development.js:15159:11)
      at commitLayoutEffectOnFiber (node_modules/react-dom/cjs/react-dom-client.development.js:13949:11)
      at recursivelyTraverseLayoutEffects (node_modules/react-dom/cjs/react-dom-client.development.js:15159:11)
      at commitLayoutEffectOnFiber (node_modules/react-dom/cjs/react-dom-client.development.js:14065:11)
      at recursivelyTraverseLayoutEffects (node_modules/react-dom/cjs/react-dom-client.development.js:15159:11)
      at commitLayoutEffectOnFiber (node_modules/react-dom/cjs/react-dom-client.development.js:13949:11)
      at recursivelyTraverseLayoutEffects (node_modules/react-dom/cjs/react-dom-client.development.js:15159:11)
      at commitLayoutEffectOnFiber (node_modules/react-dom/cjs/react-dom-client.development.js:13949:11)
      at recursivelyTraverseLayoutEffects (node_modules/react-dom/cjs/react-dom-client.development.js:15159:11)
      at commitLayoutEffectOnFiber (node_modules/react-dom/cjs/react-dom-client.development.js:13949:11)
      at recursivelyTraverseLayoutEffects (node_modules/react-dom/cjs/react-dom-client.development.js:15159:11)
      at commitLayoutEffectOnFiber (node_modules/react-dom/cjs/react-dom-client.development.js:13949:11)
      at recursivelyTraverseLayoutEffects (node_modules/react-dom/cjs/react-dom-client.development.js:15159:11)
      at commitLayoutEffectOnFiber (node_modules/react-dom/cjs/react-dom-client.development.js:14165:11)
      at recursivelyTraverseLayoutEffects (node_modules/react-dom/cjs/react-dom-client.development.js:15159:11)
      at commitLayoutEffectOnFiber (node_modules/react-dom/cjs/react-dom-client.development.js:13949:11)
      at recursivelyTraverseLayoutEffects (node_modules/react-dom/cjs/react-dom-client.development.js:15159:11)
      at commitLayoutEffectOnFiber (node_modules/react-dom/cjs/react-dom-client.development.js:13949:11)
      at recursivelyTraverseLayoutEffects (node_modules/react-dom/cjs/react-dom-client.development.js:15159:11)
      at commitLayoutEffectOnFiber (node_modules/react-dom/cjs/react-dom-client.development.js:13949:11)
      at recursivelyTraverseLayoutEffects (node_modules/react-dom/cjs/react-dom-client.development.js:15159:11)
      at commitLayoutEffectOnFiber (node_modules/react-dom/cjs/react-dom-client.development.js:14065:11)
      at recursivelyTraverseLayoutEffects (node_modules/react-dom/cjs/react-dom-client.development.js:15159:11)
      at commitLayoutEffectOnFiber (node_modules/react-dom/cjs/react-dom-client.development.js:13949:11)
      at recursivelyTraverseLayoutEffects (node_modules/react-dom/cjs/react-dom-client.development.js:15159:11)
      at commitLayoutEffectOnFiber (node_modules/react-dom/cjs/react-dom-client.development.js:13949:11)
      at recursivelyTraverseLayoutEffects (node_modules/react-dom/cjs/react-dom-client.development.js:15159:11)
      at commitLayoutEffectOnFiber (node_modules/react-dom/cjs/react-dom-client.development.js:13949:11)
      at recursivelyTraverseLayoutEffects (node_modules/react-dom/cjs/react-dom-client.development.js:15159:11)
      at commitLayoutEffectOnFiber (node_modules/react-dom/cjs/react-dom-client.development.js:13949:11)
      at recursivelyTraverseLayoutEffects (node_modules/react-dom/cjs/react-dom-client.development.js:15159:11)
      at commitLayoutEffectOnFiber (node_modules/react-dom/cjs/react-dom-client.development.js:13949:11)
      at recursivelyTraverseLayoutEffects (node_modules/react-dom/cjs/react-dom-client.development.js:15159:11)
      at commitLayoutEffectOnFiber (node_modules/react-dom/cjs/react-dom-client.development.js:14065:11)
      at recursivelyTraverseLayoutEffects (node_modules/react-dom/cjs/react-dom-client.development.js:15159:11)
      at commitLayoutEffectOnFiber (node_modules/react-dom/cjs/react-dom-client.development.js:13949:11)
      at recursivelyTraverseLayoutEffects (node_modules/react-dom/cjs/react-dom-client.development.js:15159:11)
      at commitLayoutEffectOnFiber (node_modules/react-dom/cjs/react-dom-client.development.js:13949:11)
      at recursivelyTraverseLayoutEffects (node_modules/react-dom/cjs/react-dom-client.development.js:15159:11)
      at commitLayoutEffectOnFiber (node_modules/react-dom/cjs/react-dom-client.development.js:13949:11)
      at recursivelyTraverseLayoutEffects (node_modules/react-dom/cjs/react-dom-client.development.js:15159:11)
      at commitLayoutEffectOnFiber (node_modules/react-dom/cjs/react-dom-client.development.js:14165:11)
      at recursivelyTraverseLayoutEffects (node_modules/react-dom/cjs/react-dom-client.development.js:15159:11)
      at commitLayoutEffectOnFiber (node_modules/react-dom/cjs/react-dom-client.development.js:13949:11)
      at recursivelyTraverseLayoutEffects (node_modules/react-dom/cjs/react-dom-client.development.js:15159:11)
      at commitLayoutEffectOnFiber (node_modules/react-dom/cjs/react-dom-client.development.js:14165:11)
      at recursivelyTraverseLayoutEffects (node_modules/react-dom/cjs/react-dom-client.development.js:15159:11)
      at commitLayoutEffectOnFiber (node_modules/react-dom/cjs/react-dom-client.development.js:13949:11)
      at recursivelyTraverseLayoutEffects (node_modules/react-dom/cjs/react-dom-client.development.js:15159:11)
      at commitLayoutEffectOnFiber (node_modules/react-dom/cjs/react-dom-client.development.js:13949:11)
      at recursivelyTraverseLayoutEffects (node_modules/react-dom/cjs/react-dom-client.development.js:15159:11)
      at commitLayoutEffectOnFiber (node_modules/react-dom/cjs/react-dom-client.development.js:13949:11)
      at recursivelyTraverseLayoutEffects (node_modules/react-dom/cjs/react-dom-client.development.js:15159:11)
      at commitLayoutEffectOnFiber (node_modules/react-dom/cjs/react-dom-client.development.js:13949:11)
      at recursivelyTraverseLayoutEffects (node_modules/react-dom/cjs/react-dom-client.development.js:15159:11)
      at commitLayoutEffectOnFiber (node_modules/react-dom/cjs/react-dom-client.development.js:14165:11)
      at recursivelyTraverseLayoutEffects (node_modules/react-dom/cjs/react-dom-client.development.js:15159:11)
      at commitLayoutEffectOnFiber (node_modules/react-dom/cjs/react-dom-client.development.js:13949:11)
      at recursivelyTraverseLayoutEffects (node_modules/react-dom/cjs/react-dom-client.development.js:15159:11)
      at commitLayoutEffectOnFiber (node_modules/react-dom/cjs/react-dom-client.development.js:13949:11)
      at recursivelyTraverseLayoutEffects (node_modules/react-dom/cjs/react-dom-client.development.js:15159:11)
      at commitLayoutEffectOnFiber (node_modules/react-dom/cjs/react-dom-client.development.js:13949:11)
      at recursivelyTraverseLayoutEffects (node_modules/react-dom/cjs/react-dom-client.development.js:15159:11)
      at commitLayoutEffectOnFiber (node_modules/react-dom/cjs/react-dom-client.development.js:14165:11)
      at recursivelyTraverseLayoutEffects (node_modules/react-dom/cjs/react-dom-client.development.js:15159:11)
      at commitLayoutEffectOnFiber (node_modules/react-dom/cjs/react-dom-client.development.js:13949:11)
      at recursivelyTraverseLayoutEffects (node_modules/react-dom/cjs/react-dom-client.development.js:15159:11)
      at commitLayoutEffectOnFiber (node_modules/react-dom/cjs/react-dom-client.development.js:14165:11)
      at recursivelyTraverseLayoutEffects (node_modules/react-dom/cjs/react-dom-client.development.js:15159:11)
      at commitLayoutEffectOnFiber (node_modules/react-dom/cjs/react-dom-client.development.js:13949:11)
      at recursivelyTraverseLayoutEffects (node_modules/react-dom/cjs/react-dom-client.development.js:15159:11)
      at commitLayoutEffectOnFiber (node_modules/react-dom/cjs/react-dom-client.development.js:13949:11)
      at recursivelyTraverseLayoutEffects (node_modules/react-dom/cjs/react-dom-client.development.js:15159:11)
      at commitLayoutEffectOnFiber (node_modules/react-dom/cjs/react-dom-client.development.js:14165:11)
      at recursivelyTraverseLayoutEffects (node_modules/react-dom/cjs/react-dom-client.development.js:15159:11)
      at commitLayoutEffectOnFiber (node_modules/react-dom/cjs/react-dom-client.development.js:13949:11)
      at recursivelyTraverseLayoutEffects (node_modules/react-dom/cjs/react-dom-client.development.js:15159:11)
      at commitLayoutEffectOnFiber (node_modules/react-dom/cjs/react-dom-client.development.js:14165:11)
      at recursivelyTraverseLayoutEffects (node_modules/react-dom/cjs/react-dom-client.development.js:15159:11)
      at commitLayoutEffectOnFiber (node_modules/react-dom/cjs/react-dom-client.development.js:13949:11)
      at recursivelyTraverseLayoutEffects (node_modules/react-dom/cjs/react-dom-client.development.js:15159:11)

    console.error
      An update to SelectItemText inside a test was not wrapped in act(...).
      
      When testing, code that causes React state updates should be wrapped into act(...):
      
      act(() => {
        /* fire events that update state */
      });
      /* assert on the output */
      
      This ensures that you're testing the behavior the user would see in the browser. Learn more at https://react.dev/link/wrap-tests-with-act

      at node_modules/react-dom/cjs/react-dom-client.development.js:18758:19
      at runWithFiberInDEV (node_modules/react-dom/cjs/react-dom-client.development.js:874:13)
      at warnIfUpdatesNotWrappedWithActDEV (node_modules/react-dom/cjs/react-dom-client.development.js:18757:9)
      at scheduleUpdateOnFiber (node_modules/react-dom/cjs/react-dom-client.development.js:16409:11)
      at dispatchSetStateInternal (node_modules/react-dom/cjs/react-dom-client.development.js:9170:13)
      at dispatchSetState (node_modules/react-dom/cjs/react-dom-client.development.js:9127:7)
      at node_modules/@radix-ui/react-select/src/select.tsx:1378:17
      at setRef (node_modules/@radix-ui/react-compose-refs/src/compose-refs.tsx:11:12)
      at node_modules/@radix-ui/react-compose-refs/src/compose-refs.tsx:25:23
          at Array.map (<anonymous>)
      at node_modules/@radix-ui/react-compose-refs/src/compose-refs.tsx:24:27
      at commitAttachRef (node_modules/react-dom/cjs/react-dom-client.development.js:13482:44)
      at runWithFiberInDEV (node_modules/react-dom/cjs/react-dom-client.development.js:874:13)
      at safelyAttachRef (node_modules/react-dom/cjs/react-dom-client.development.js:13500:9)
      at commitLayoutEffectOnFiber (node_modules/react-dom/cjs/react-dom-client.development.js:14089:26)
      at recursivelyTraverseLayoutEffects (node_modules/react-dom/cjs/react-dom-client.development.js:15159:11)
      at commitLayoutEffectOnFiber (node_modules/react-dom/cjs/react-dom-client.development.js:13949:11)
      at recursivelyTraverseLayoutEffects (node_modules/react-dom/cjs/react-dom-client.development.js:15159:11)
      at commitLayoutEffectOnFiber (node_modules/react-dom/cjs/react-dom-client.development.js:13949:11)
      at recursivelyTraverseLayoutEffects (node_modules/react-dom/cjs/react-dom-client.development.js:15159:11)
      at commitLayoutEffectOnFiber (node_modules/react-dom/cjs/react-dom-client.development.js:14065:11)
      at recursivelyTraverseLayoutEffects (node_modules/react-dom/cjs/react-dom-client.development.js:15159:11)
      at commitLayoutEffectOnFiber (node_modules/react-dom/cjs/react-dom-client.development.js:13949:11)
      at recursivelyTraverseLayoutEffects (node_modules/react-dom/cjs/react-dom-client.development.js:15159:11)
      at commitLayoutEffectOnFiber (node_modules/react-dom/cjs/react-dom-client.development.js:13949:11)
      at recursivelyTraverseLayoutEffects (node_modules/react-dom/cjs/react-dom-client.development.js:15159:11)
      at commitLayoutEffectOnFiber (node_modules/react-dom/cjs/react-dom-client.development.js:13949:11)
      at recursivelyTraverseLayoutEffects (node_modules/react-dom/cjs/react-dom-client.development.js:15159:11)
      at commitLayoutEffectOnFiber (node_modules/react-dom/cjs/react-dom-client.development.js:13949:11)
      at recursivelyTraverseLayoutEffects (node_modules/react-dom/cjs/react-dom-client.development.js:15159:11)
      at commitLayoutEffectOnFiber (node_modules/react-dom/cjs/react-dom-client.development.js:14165:11)
      at recursivelyTraverseLayoutEffects (node_modules/react-dom/cjs/react-dom-client.development.js:15159:11)
      at commitLayoutEffectOnFiber (node_modules/react-dom/cjs/react-dom-client.development.js:13949:11)
      at recursivelyTraverseLayoutEffects (node_modules/react-dom/cjs/react-dom-client.development.js:15159:11)
      at commitLayoutEffectOnFiber (node_modules/react-dom/cjs/react-dom-client.development.js:13949:11)
      at recursivelyTraverseLayoutEffects (node_modules/react-dom/cjs/react-dom-client.development.js:15159:11)
      at commitLayoutEffectOnFiber (node_modules/react-dom/cjs/react-dom-client.development.js:13949:11)
      at recursivelyTraverseLayoutEffects (node_modules/react-dom/cjs/react-dom-client.development.js:15159:11)
      at commitLayoutEffectOnFiber (node_modules/react-dom/cjs/react-dom-client.development.js:14065:11)
      at recursivelyTraverseLayoutEffects (node_modules/react-dom/cjs/react-dom-client.development.js:15159:11)
      at commitLayoutEffectOnFiber (node_modules/react-dom/cjs/react-dom-client.development.js:13949:11)
      at recursivelyTraverseLayoutEffects (node_modules/react-dom/cjs/react-dom-client.development.js:15159:11)
      at commitLayoutEffectOnFiber (node_modules/react-dom/cjs/react-dom-client.development.js:13949:11)
      at recursivelyTraverseLayoutEffects (node_modules/react-dom/cjs/react-dom-client.development.js:15159:11)
      at commitLayoutEffectOnFiber (node_modules/react-dom/cjs/react-dom-client.development.js:13949:11)
      at recursivelyTraverseLayoutEffects (node_modules/react-dom/cjs/react-dom-client.development.js:15159:11)
      at commitLayoutEffectOnFiber (node_modules/react-dom/cjs/react-dom-client.development.js:13949:11)
      at recursivelyTraverseLayoutEffects (node_modules/react-dom/cjs/react-dom-client.development.js:15159:11)
      at commitLayoutEffectOnFiber (node_modules/react-dom/cjs/react-dom-client.development.js:13949:11)
      at recursivelyTraverseLayoutEffects (node_modules/react-dom/cjs/react-dom-client.development.js:15159:11)
      at commitLayoutEffectOnFiber (node_modules/react-dom/cjs/react-dom-client.development.js:14065:11)
      at recursivelyTraverseLayoutEffects (node_modules/react-dom/cjs/react-dom-client.development.js:15159:11)
      at commitLayoutEffectOnFiber (node_modules/react-dom/cjs/react-dom-client.development.js:13949:11)
      at recursivelyTraverseLayoutEffects (node_modules/react-dom/cjs/react-dom-client.development.js:15159:11)
      at commitLayoutEffectOnFiber (node_modules/react-dom/cjs/react-dom-client.development.js:13949:11)
      at recursivelyTraverseLayoutEffects (node_modules/react-dom/cjs/react-dom-client.development.js:15159:11)
      at commitLayoutEffectOnFiber (node_modules/react-dom/cjs/react-dom-client.development.js:13949:11)
      at recursivelyTraverseLayoutEffects (node_modules/react-dom/cjs/react-dom-client.development.js:15159:11)
      at commitLayoutEffectOnFiber (node_modules/react-dom/cjs/react-dom-client.development.js:14165:11)
      at recursivelyTraverseLayoutEffects (node_modules/react-dom/cjs/react-dom-client.development.js:15159:11)
      at commitLayoutEffectOnFiber (node_modules/react-dom/cjs/react-dom-client.development.js:13949:11)
      at recursivelyTraverseLayoutEffects (node_modules/react-dom/cjs/react-dom-client.development.js:15159:11)
      at commitLayoutEffectOnFiber (node_modules/react-dom/cjs/react-dom-client.development.js:14165:11)
      at recursivelyTraverseLayoutEffects (node_modules/react-dom/cjs/react-dom-client.development.js:15159:11)
      at commitLayoutEffectOnFiber (node_modules/react-dom/cjs/react-dom-client.development.js:13949:11)
      at recursivelyTraverseLayoutEffects (node_modules/react-dom/cjs/react-dom-client.development.js:15159:11)
      at commitLayoutEffectOnFiber (node_modules/react-dom/cjs/react-dom-client.development.js:13949:11)
      at recursivelyTraverseLayoutEffects (node_modules/react-dom/cjs/react-dom-client.development.js:15159:11)
      at commitLayoutEffectOnFiber (node_modules/react-dom/cjs/react-dom-client.development.js:13949:11)
      at recursivelyTraverseLayoutEffects (node_modules/react-dom/cjs/react-dom-client.development.js:15159:11)
      at commitLayoutEffectOnFiber (node_modules/react-dom/cjs/react-dom-client.development.js:13949:11)
      at recursivelyTraverseLayoutEffects (node_modules/react-dom/cjs/react-dom-client.development.js:15159:11)
      at commitLayoutEffectOnFiber (node_modules/react-dom/cjs/react-dom-client.development.js:14165:11)
      at recursivelyTraverseLayoutEffects (node_modules/react-dom/cjs/react-dom-client.development.js:15159:11)
      at commitLayoutEffectOnFiber (node_modules/react-dom/cjs/react-dom-client.development.js:13949:11)
      at recursivelyTraverseLayoutEffects (node_modules/react-dom/cjs/react-dom-client.development.js:15159:11)
      at commitLayoutEffectOnFiber (node_modules/react-dom/cjs/react-dom-client.development.js:13949:11)
      at recursivelyTraverseLayoutEffects (node_modules/react-dom/cjs/react-dom-client.development.js:15159:11)
      at commitLayoutEffectOnFiber (node_modules/react-dom/cjs/react-dom-client.development.js:13949:11)
      at recursivelyTraverseLayoutEffects (node_modules/react-dom/cjs/react-dom-client.development.js:15159:11)
      at commitLayoutEffectOnFiber (node_modules/react-dom/cjs/react-dom-client.development.js:14165:11)
      at recursivelyTraverseLayoutEffects (node_modules/react-dom/cjs/react-dom-client.development.js:15159:11)
      at commitLayoutEffectOnFiber (node_modules/react-dom/cjs/react-dom-client.development.js:13949:11)
      at recursivelyTraverseLayoutEffects (node_modules/react-dom/cjs/react-dom-client.development.js:15159:11)
      at commitLayoutEffectOnFiber (node_modules/react-dom/cjs/react-dom-client.development.js:14165:11)
      at recursivelyTraverseLayoutEffects (node_modules/react-dom/cjs/react-dom-client.development.js:15159:11)
      at commitLayoutEffectOnFiber (node_modules/react-dom/cjs/react-dom-client.development.js:13949:11)
      at recursivelyTraverseLayoutEffects (node_modules/react-dom/cjs/react-dom-client.development.js:15159:11)
      at commitLayoutEffectOnFiber (node_modules/react-dom/cjs/react-dom-client.development.js:13949:11)
      at recursivelyTraverseLayoutEffects (node_modules/react-dom/cjs/react-dom-client.development.js:15159:11)
      at commitLayoutEffectOnFiber (node_modules/react-dom/cjs/react-dom-client.development.js:14165:11)
      at recursivelyTraverseLayoutEffects (node_modules/react-dom/cjs/react-dom-client.development.js:15159:11)
      at commitLayoutEffectOnFiber (node_modules/react-dom/cjs/react-dom-client.development.js:13949:11)
      at recursivelyTraverseLayoutEffects (node_modules/react-dom/cjs/react-dom-client.development.js:15159:11)
      at commitLayoutEffectOnFiber (node_modules/react-dom/cjs/react-dom-client.development.js:14165:11)
      at recursivelyTraverseLayoutEffects (node_modules/react-dom/cjs/react-dom-client.development.js:15159:11)
      at commitLayoutEffectOnFiber (node_modules/react-dom/cjs/react-dom-client.development.js:13949:11)
      at recursivelyTraverseLayoutEffects (node_modules/react-dom/cjs/react-dom-client.development.js:15159:11)

    console.error
      An update to SelectItem inside a test was not wrapped in act(...).
      
      When testing, code that causes React state updates should be wrapped into act(...):
      
      act(() => {
        /* fire events that update state */
      });
      /* assert on the output */
      
      This ensures that you're testing the behavior the user would see in the browser. Learn more at https://react.dev/link/wrap-tests-with-act

      at node_modules/react-dom/cjs/react-dom-client.development.js:18758:19
      at runWithFiberInDEV (node_modules/react-dom/cjs/react-dom-client.development.js:874:13)
      at warnIfUpdatesNotWrappedWithActDEV (node_modules/react-dom/cjs/react-dom-client.development.js:18757:9)
      at scheduleUpdateOnFiber (node_modules/react-dom/cjs/react-dom-client.development.js:16409:11)
      at dispatchSetStateInternal (node_modules/react-dom/cjs/react-dom-client.development.js:9170:13)
      at dispatchSetState (node_modules/react-dom/cjs/react-dom-client.development.js:9127:7)
      at node_modules/@radix-ui/react-select/src/select.tsx:1291:11
      at setRef (node_modules/@radix-ui/react-compose-refs/src/compose-refs.tsx:11:12)
      at node_modules/@radix-ui/react-compose-refs/src/compose-refs.tsx:25:23
          at Array.map (<anonymous>)
      at node_modules/@radix-ui/react-compose-refs/src/compose-refs.tsx:24:27
      at commitAttachRef (node_modules/react-dom/cjs/react-dom-client.development.js:13482:44)
      at runWithFiberInDEV (node_modules/react-dom/cjs/react-dom-client.development.js:874:13)
      at safelyAttachRef (node_modules/react-dom/cjs/react-dom-client.development.js:13500:9)
      at commitLayoutEffectOnFiber (node_modules/react-dom/cjs/react-dom-client.development.js:14089:26)
      at recursivelyTraverseLayoutEffects (node_modules/react-dom/cjs/react-dom-client.development.js:15159:11)
      at commitLayoutEffectOnFiber (node_modules/react-dom/cjs/react-dom-client.development.js:13949:11)
      at recursivelyTraverseLayoutEffects (node_modules/react-dom/cjs/react-dom-client.development.js:15159:11)
      at commitLayoutEffectOnFiber (node_modules/react-dom/cjs/react-dom-client.development.js:13949:11)
      at recursivelyTraverseLayoutEffects (node_modules/react-dom/cjs/react-dom-client.development.js:15159:11)
      at commitLayoutEffectOnFiber (node_modules/react-dom/cjs/react-dom-client.development.js:14065:11)
      at recursivelyTraverseLayoutEffects (node_modules/react-dom/cjs/react-dom-client.development.js:15159:11)
      at commitLayoutEffectOnFiber (node_modules/react-dom/cjs/react-dom-client.development.js:13949:11)
      at recursivelyTraverseLayoutEffects (node_modules/react-dom/cjs/react-dom-client.development.js:15159:11)
      at commitLayoutEffectOnFiber (node_modules/react-dom/cjs/react-dom-client.development.js:13949:11)
      at recursivelyTraverseLayoutEffects (node_modules/react-dom/cjs/react-dom-client.development.js:15159:11)
      at commitLayoutEffectOnFiber (node_modules/react-dom/cjs/react-dom-client.development.js:13949:11)
      at recursivelyTraverseLayoutEffects (node_modules/react-dom/cjs/react-dom-client.development.js:15159:11)
      at commitLayoutEffectOnFiber (node_modules/react-dom/cjs/react-dom-client.development.js:13949:11)
      at recursivelyTraverseLayoutEffects (node_modules/react-dom/cjs/react-dom-client.development.js:15159:11)
      at commitLayoutEffectOnFiber (node_modules/react-dom/cjs/react-dom-client.development.js:14165:11)
      at recursivelyTraverseLayoutEffects (node_modules/react-dom/cjs/react-dom-client.development.js:15159:11)
      at commitLayoutEffectOnFiber (node_modules/react-dom/cjs/react-dom-client.development.js:13949:11)
      at recursivelyTraverseLayoutEffects (node_modules/react-dom/cjs/react-dom-client.development.js:15159:11)
      at commitLayoutEffectOnFiber (node_modules/react-dom/cjs/react-dom-client.development.js:13949:11)
      at recursivelyTraverseLayoutEffects (node_modules/react-dom/cjs/react-dom-client.development.js:15159:11)
      at commitLayoutEffectOnFiber (node_modules/react-dom/cjs/react-dom-client.development.js:13949:11)
      at recursivelyTraverseLayoutEffects (node_modules/react-dom/cjs/react-dom-client.development.js:15159:11)
      at commitLayoutEffectOnFiber (node_modules/react-dom/cjs/react-dom-client.development.js:14065:11)
      at recursivelyTraverseLayoutEffects (node_modules/react-dom/cjs/react-dom-client.development.js:15159:11)
      at commitLayoutEffectOnFiber (node_modules/react-dom/cjs/react-dom-client.development.js:13949:11)
      at recursivelyTraverseLayoutEffects (node_modules/react-dom/cjs/react-dom-client.development.js:15159:11)
      at commitLayoutEffectOnFiber (node_modules/react-dom/cjs/react-dom-client.development.js:13949:11)
      at recursivelyTraverseLayoutEffects (node_modules/react-dom/cjs/react-dom-client.development.js:15159:11)
      at commitLayoutEffectOnFiber (node_modules/react-dom/cjs/react-dom-client.development.js:13949:11)
      at recursivelyTraverseLayoutEffects (node_modules/react-dom/cjs/react-dom-client.development.js:15159:11)
      at commitLayoutEffectOnFiber (node_modules/react-dom/cjs/react-dom-client.development.js:13949:11)
      at recursivelyTraverseLayoutEffects (node_modules/react-dom/cjs/react-dom-client.development.js:15159:11)
      at commitLayoutEffectOnFiber (node_modules/react-dom/cjs/react-dom-client.development.js:13949:11)
      at recursivelyTraverseLayoutEffects (node_modules/react-dom/cjs/react-dom-client.development.js:15159:11)
      at commitLayoutEffectOnFiber (node_modules/react-dom/cjs/react-dom-client.development.js:14065:11)
      at recursivelyTraverseLayoutEffects (node_modules/react-dom/cjs/react-dom-client.development.js:15159:11)
      at commitLayoutEffectOnFiber (node_modules/react-dom/cjs/react-dom-client.development.js:13949:11)
      at recursivelyTraverseLayoutEffects (node_modules/react-dom/cjs/react-dom-client.development.js:15159:11)
      at commitLayoutEffectOnFiber (node_modules/react-dom/cjs/react-dom-client.development.js:13949:11)
      at recursivelyTraverseLayoutEffects (node_modules/react-dom/cjs/react-dom-client.development.js:15159:11)
      at commitLayoutEffectOnFiber (node_modules/react-dom/cjs/react-dom-client.development.js:13949:11)
      at recursivelyTraverseLayoutEffects (node_modules/react-dom/cjs/react-dom-client.development.js:15159:11)
      at commitLayoutEffectOnFiber (node_modules/react-dom/cjs/react-dom-client.development.js:14165:11)
      at recursivelyTraverseLayoutEffects (node_modules/react-dom/cjs/react-dom-client.development.js:15159:11)
      at commitLayoutEffectOnFiber (node_modules/react-dom/cjs/react-dom-client.development.js:13949:11)
      at recursivelyTraverseLayoutEffects (node_modules/react-dom/cjs/react-dom-client.development.js:15159:11)
      at commitLayoutEffectOnFiber (node_modules/react-dom/cjs/react-dom-client.development.js:14165:11)
      at recursivelyTraverseLayoutEffects (node_modules/react-dom/cjs/react-dom-client.development.js:15159:11)
      at commitLayoutEffectOnFiber (node_modules/react-dom/cjs/react-dom-client.development.js:13949:11)
      at recursivelyTraverseLayoutEffects (node_modules/react-dom/cjs/react-dom-client.development.js:15159:11)
      at commitLayoutEffectOnFiber (node_modules/react-dom/cjs/react-dom-client.development.js:13949:11)
      at recursivelyTraverseLayoutEffects (node_modules/react-dom/cjs/react-dom-client.development.js:15159:11)
      at commitLayoutEffectOnFiber (node_modules/react-dom/cjs/react-dom-client.development.js:13949:11)
      at recursivelyTraverseLayoutEffects (node_modules/react-dom/cjs/react-dom-client.development.js:15159:11)
      at commitLayoutEffectOnFiber (node_modules/react-dom/cjs/react-dom-client.development.js:13949:11)
      at recursivelyTraverseLayoutEffects (node_modules/react-dom/cjs/react-dom-client.development.js:15159:11)
      at commitLayoutEffectOnFiber (node_modules/react-dom/cjs/react-dom-client.development.js:14165:11)
      at recursivelyTraverseLayoutEffects (node_modules/react-dom/cjs/react-dom-client.development.js:15159:11)
      at commitLayoutEffectOnFiber (node_modules/react-dom/cjs/react-dom-client.development.js:13949:11)
      at recursivelyTraverseLayoutEffects (node_modules/react-dom/cjs/react-dom-client.development.js:15159:11)
      at commitLayoutEffectOnFiber (node_modules/react-dom/cjs/react-dom-client.development.js:13949:11)
      at recursivelyTraverseLayoutEffects (node_modules/react-dom/cjs/react-dom-client.development.js:15159:11)
      at commitLayoutEffectOnFiber (node_modules/react-dom/cjs/react-dom-client.development.js:13949:11)
      at recursivelyTraverseLayoutEffects (node_modules/react-dom/cjs/react-dom-client.development.js:15159:11)
      at commitLayoutEffectOnFiber (node_modules/react-dom/cjs/react-dom-client.development.js:14165:11)
      at recursivelyTraverseLayoutEffects (node_modules/react-dom/cjs/react-dom-client.development.js:15159:11)
      at commitLayoutEffectOnFiber (node_modules/react-dom/cjs/react-dom-client.development.js:13949:11)
      at recursivelyTraverseLayoutEffects (node_modules/react-dom/cjs/react-dom-client.development.js:15159:11)
      at commitLayoutEffectOnFiber (node_modules/react-dom/cjs/react-dom-client.development.js:14165:11)
      at recursivelyTraverseLayoutEffects (node_modules/react-dom/cjs/react-dom-client.development.js:15159:11)
      at commitLayoutEffectOnFiber (node_modules/react-dom/cjs/react-dom-client.development.js:13949:11)
      at recursivelyTraverseLayoutEffects (node_modules/react-dom/cjs/react-dom-client.development.js:15159:11)
      at commitLayoutEffectOnFiber (node_modules/react-dom/cjs/react-dom-client.development.js:13949:11)
      at recursivelyTraverseLayoutEffects (node_modules/react-dom/cjs/react-dom-client.development.js:15159:11)
      at commitLayoutEffectOnFiber (node_modules/react-dom/cjs/react-dom-client.development.js:14165:11)
      at recursivelyTraverseLayoutEffects (node_modules/react-dom/cjs/react-dom-client.development.js:15159:11)
      at commitLayoutEffectOnFiber (node_modules/react-dom/cjs/react-dom-client.development.js:13949:11)
      at recursivelyTraverseLayoutEffects (node_modules/react-dom/cjs/react-dom-client.development.js:15159:11)
      at commitLayoutEffectOnFiber (node_modules/react-dom/cjs/react-dom-client.development.js:14165:11)
      at recursivelyTraverseLayoutEffects (node_modules/react-dom/cjs/react-dom-client.development.js:15159:11)
      at commitLayoutEffectOnFiber (node_modules/react-dom/cjs/react-dom-client.development.js:13949:11)
      at recursivelyTraverseLayoutEffects (node_modules/react-dom/cjs/react-dom-client.development.js:15159:11)

    console.error
      An update to SelectItemText inside a test was not wrapped in act(...).
      
      When testing, code that causes React state updates should be wrapped into act(...):
      
      act(() => {
        /* fire events that update state */
      });
      /* assert on the output */
      
      This ensures that you're testing the behavior the user would see in the browser. Learn more at https://react.dev/link/wrap-tests-with-act

      at node_modules/react-dom/cjs/react-dom-client.development.js:18758:19
      at runWithFiberInDEV (node_modules/react-dom/cjs/react-dom-client.development.js:874:13)
      at warnIfUpdatesNotWrappedWithActDEV (node_modules/react-dom/cjs/react-dom-client.development.js:18757:9)
      at scheduleUpdateOnFiber (node_modules/react-dom/cjs/react-dom-client.development.js:16409:11)
      at dispatchSetStateInternal (node_modules/react-dom/cjs/react-dom-client.development.js:9170:13)
      at dispatchSetState (node_modules/react-dom/cjs/react-dom-client.development.js:9127:7)
      at node_modules/@radix-ui/react-select/src/select.tsx:1378:17
      at setRef (node_modules/@radix-ui/react-compose-refs/src/compose-refs.tsx:11:12)
      at node_modules/@radix-ui/react-compose-refs/src/compose-refs.tsx:25:23
          at Array.map (<anonymous>)
      at node_modules/@radix-ui/react-compose-refs/src/compose-refs.tsx:24:27
      at commitAttachRef (node_modules/react-dom/cjs/react-dom-client.development.js:13482:44)
      at runWithFiberInDEV (node_modules/react-dom/cjs/react-dom-client.development.js:874:13)
      at safelyAttachRef (node_modules/react-dom/cjs/react-dom-client.development.js:13500:9)
      at commitLayoutEffectOnFiber (node_modules/react-dom/cjs/react-dom-client.development.js:14089:26)
      at recursivelyTraverseLayoutEffects (node_modules/react-dom/cjs/react-dom-client.development.js:15159:11)
      at commitLayoutEffectOnFiber (node_modules/react-dom/cjs/react-dom-client.development.js:13949:11)
      at recursivelyTraverseLayoutEffects (node_modules/react-dom/cjs/react-dom-client.development.js:15159:11)
      at commitLayoutEffectOnFiber (node_modules/react-dom/cjs/react-dom-client.development.js:13949:11)
      at recursivelyTraverseLayoutEffects (node_modules/react-dom/cjs/react-dom-client.development.js:15159:11)
      at commitLayoutEffectOnFiber (node_modules/react-dom/cjs/react-dom-client.development.js:14065:11)
      at recursivelyTraverseLayoutEffects (node_modules/react-dom/cjs/react-dom-client.development.js:15159:11)
      at commitLayoutEffectOnFiber (node_modules/react-dom/cjs/react-dom-client.development.js:13949:11)
      at recursivelyTraverseLayoutEffects (node_modules/react-dom/cjs/react-dom-client.development.js:15159:11)
      at commitLayoutEffectOnFiber (node_modules/react-dom/cjs/react-dom-client.development.js:13949:11)
      at recursivelyTraverseLayoutEffects (node_modules/react-dom/cjs/react-dom-client.development.js:15159:11)
      at commitLayoutEffectOnFiber (node_modules/react-dom/cjs/react-dom-client.development.js:13949:11)
      at recursivelyTraverseLayoutEffects (node_modules/react-dom/cjs/react-dom-client.development.js:15159:11)
      at commitLayoutEffectOnFiber (node_modules/react-dom/cjs/react-dom-client.development.js:13949:11)
      at recursivelyTraverseLayoutEffects (node_modules/react-dom/cjs/react-dom-client.development.js:15159:11)
      at commitLayoutEffectOnFiber (node_modules/react-dom/cjs/react-dom-client.development.js:14165:11)
      at recursivelyTraverseLayoutEffects (node_modules/react-dom/cjs/react-dom-client.development.js:15159:11)
      at commitLayoutEffectOnFiber (node_modules/react-dom/cjs/react-dom-client.development.js:13949:11)
      at recursivelyTraverseLayoutEffects (node_modules/react-dom/cjs/react-dom-client.development.js:15159:11)
      at commitLayoutEffectOnFiber (node_modules/react-dom/cjs/react-dom-client.development.js:13949:11)
      at recursivelyTraverseLayoutEffects (node_modules/react-dom/cjs/react-dom-client.development.js:15159:11)
      at commitLayoutEffectOnFiber (node_modules/react-dom/cjs/react-dom-client.development.js:13949:11)
      at recursivelyTraverseLayoutEffects (node_modules/react-dom/cjs/react-dom-client.development.js:15159:11)
      at commitLayoutEffectOnFiber (node_modules/react-dom/cjs/react-dom-client.development.js:14065:11)
      at recursivelyTraverseLayoutEffects (node_modules/react-dom/cjs/react-dom-client.development.js:15159:11)
      at commitLayoutEffectOnFiber (node_modules/react-dom/cjs/react-dom-client.development.js:13949:11)
      at recursivelyTraverseLayoutEffects (node_modules/react-dom/cjs/react-dom-client.development.js:15159:11)
      at commitLayoutEffectOnFiber (node_modules/react-dom/cjs/react-dom-client.development.js:13949:11)
      at recursivelyTraverseLayoutEffects (node_modules/react-dom/cjs/react-dom-client.development.js:15159:11)
      at commitLayoutEffectOnFiber (node_modules/react-dom/cjs/react-dom-client.development.js:13949:11)
      at recursivelyTraverseLayoutEffects (node_modules/react-dom/cjs/react-dom-client.development.js:15159:11)
      at commitLayoutEffectOnFiber (node_modules/react-dom/cjs/react-dom-client.development.js:13949:11)
      at recursivelyTraverseLayoutEffects (node_modules/react-dom/cjs/react-dom-client.development.js:15159:11)
      at commitLayoutEffectOnFiber (node_modules/react-dom/cjs/react-dom-client.development.js:13949:11)
      at recursivelyTraverseLayoutEffects (node_modules/react-dom/cjs/react-dom-client.development.js:15159:11)
      at commitLayoutEffectOnFiber (node_modules/react-dom/cjs/react-dom-client.development.js:14065:11)
      at recursivelyTraverseLayoutEffects (node_modules/react-dom/cjs/react-dom-client.development.js:15159:11)
      at commitLayoutEffectOnFiber (node_modules/react-dom/cjs/react-dom-client.development.js:13949:11)
      at recursivelyTraverseLayoutEffects (node_modules/react-dom/cjs/react-dom-client.development.js:15159:11)
      at commitLayoutEffectOnFiber (node_modules/react-dom/cjs/react-dom-client.development.js:13949:11)
      at recursivelyTraverseLayoutEffects (node_modules/react-dom/cjs/react-dom-client.development.js:15159:11)
      at commitLayoutEffectOnFiber (node_modules/react-dom/cjs/react-dom-client.development.js:13949:11)
      at recursivelyTraverseLayoutEffects (node_modules/react-dom/cjs/react-dom-client.development.js:15159:11)
      at commitLayoutEffectOnFiber (node_modules/react-dom/cjs/react-dom-client.development.js:14165:11)
      at recursivelyTraverseLayoutEffects (node_modules/react-dom/cjs/react-dom-client.development.js:15159:11)
      at commitLayoutEffectOnFiber (node_modules/react-dom/cjs/react-dom-client.development.js:13949:11)
      at recursivelyTraverseLayoutEffects (node_modules/react-dom/cjs/react-dom-client.development.js:15159:11)
      at commitLayoutEffectOnFiber (node_modules/react-dom/cjs/react-dom-client.development.js:14165:11)
      at recursivelyTraverseLayoutEffects (node_modules/react-dom/cjs/react-dom-client.development.js:15159:11)
      at commitLayoutEffectOnFiber (node_modules/react-dom/cjs/react-dom-client.development.js:13949:11)
      at recursivelyTraverseLayoutEffects (node_modules/react-dom/cjs/react-dom-client.development.js:15159:11)
      at commitLayoutEffectOnFiber (node_modules/react-dom/cjs/react-dom-client.development.js:13949:11)
      at recursivelyTraverseLayoutEffects (node_modules/react-dom/cjs/react-dom-client.development.js:15159:11)
      at commitLayoutEffectOnFiber (node_modules/react-dom/cjs/react-dom-client.development.js:13949:11)
      at recursivelyTraverseLayoutEffects (node_modules/react-dom/cjs/react-dom-client.development.js:15159:11)
      at commitLayoutEffectOnFiber (node_modules/react-dom/cjs/react-dom-client.development.js:13949:11)
      at recursivelyTraverseLayoutEffects (node_modules/react-dom/cjs/react-dom-client.development.js:15159:11)
      at commitLayoutEffectOnFiber (node_modules/react-dom/cjs/react-dom-client.development.js:14165:11)
      at recursivelyTraverseLayoutEffects (node_modules/react-dom/cjs/react-dom-client.development.js:15159:11)
      at commitLayoutEffectOnFiber (node_modules/react-dom/cjs/react-dom-client.development.js:13949:11)
      at recursivelyTraverseLayoutEffects (node_modules/react-dom/cjs/react-dom-client.development.js:15159:11)
      at commitLayoutEffectOnFiber (node_modules/react-dom/cjs/react-dom-client.development.js:13949:11)
      at recursivelyTraverseLayoutEffects (node_modules/react-dom/cjs/react-dom-client.development.js:15159:11)
      at commitLayoutEffectOnFiber (node_modules/react-dom/cjs/react-dom-client.development.js:13949:11)
      at recursivelyTraverseLayoutEffects (node_modules/react-dom/cjs/react-dom-client.development.js:15159:11)
      at commitLayoutEffectOnFiber (node_modules/react-dom/cjs/react-dom-client.development.js:14165:11)
      at recursivelyTraverseLayoutEffects (node_modules/react-dom/cjs/react-dom-client.development.js:15159:11)
      at commitLayoutEffectOnFiber (node_modules/react-dom/cjs/react-dom-client.development.js:13949:11)
      at recursivelyTraverseLayoutEffects (node_modules/react-dom/cjs/react-dom-client.development.js:15159:11)
      at commitLayoutEffectOnFiber (node_modules/react-dom/cjs/react-dom-client.development.js:14165:11)
      at recursivelyTraverseLayoutEffects (node_modules/react-dom/cjs/react-dom-client.development.js:15159:11)
      at commitLayoutEffectOnFiber (node_modules/react-dom/cjs/react-dom-client.development.js:13949:11)
      at recursivelyTraverseLayoutEffects (node_modules/react-dom/cjs/react-dom-client.development.js:15159:11)
      at commitLayoutEffectOnFiber (node_modules/react-dom/cjs/react-dom-client.development.js:13949:11)
      at recursivelyTraverseLayoutEffects (node_modules/react-dom/cjs/react-dom-client.development.js:15159:11)
      at commitLayoutEffectOnFiber (node_modules/react-dom/cjs/react-dom-client.development.js:14165:11)
      at recursivelyTraverseLayoutEffects (node_modules/react-dom/cjs/react-dom-client.development.js:15159:11)
      at commitLayoutEffectOnFiber (node_modules/react-dom/cjs/react-dom-client.development.js:13949:11)
      at recursivelyTraverseLayoutEffects (node_modules/react-dom/cjs/react-dom-client.development.js:15159:11)
      at commitLayoutEffectOnFiber (node_modules/react-dom/cjs/react-dom-client.development.js:14165:11)
      at recursivelyTraverseLayoutEffects (node_modules/react-dom/cjs/react-dom-client.development.js:15159:11)
      at commitLayoutEffectOnFiber (node_modules/react-dom/cjs/react-dom-client.development.js:13949:11)
      at recursivelyTraverseLayoutEffects (node_modules/react-dom/cjs/react-dom-client.development.js:15159:11)

    console.error
      An update to SelectItem inside a test was not wrapped in act(...).
      
      When testing, code that causes React state updates should be wrapped into act(...):
      
      act(() => {
        /* fire events that update state */
      });
      /* assert on the output */
      
      This ensures that you're testing the behavior the user would see in the browser. Learn more at https://react.dev/link/wrap-tests-with-act

      at node_modules/react-dom/cjs/react-dom-client.development.js:18758:19
      at runWithFiberInDEV (node_modules/react-dom/cjs/react-dom-client.development.js:874:13)
      at warnIfUpdatesNotWrappedWithActDEV (node_modules/react-dom/cjs/react-dom-client.development.js:18757:9)
      at scheduleUpdateOnFiber (node_modules/react-dom/cjs/react-dom-client.development.js:16409:11)
      at dispatchSetStateInternal (node_modules/react-dom/cjs/react-dom-client.development.js:9170:13)
      at dispatchSetState (node_modules/react-dom/cjs/react-dom-client.development.js:9127:7)
      at node_modules/@radix-ui/react-select/src/select.tsx:1291:11
      at setRef (node_modules/@radix-ui/react-compose-refs/src/compose-refs.tsx:11:12)
      at node_modules/@radix-ui/react-compose-refs/src/compose-refs.tsx:25:23
          at Array.map (<anonymous>)
      at node_modules/@radix-ui/react-compose-refs/src/compose-refs.tsx:24:27
      at commitAttachRef (node_modules/react-dom/cjs/react-dom-client.development.js:13482:44)
      at runWithFiberInDEV (node_modules/react-dom/cjs/react-dom-client.development.js:874:13)
      at safelyAttachRef (node_modules/react-dom/cjs/react-dom-client.development.js:13500:9)
      at commitLayoutEffectOnFiber (node_modules/react-dom/cjs/react-dom-client.development.js:14089:26)
      at recursivelyTraverseLayoutEffects (node_modules/react-dom/cjs/react-dom-client.development.js:15159:11)
      at commitLayoutEffectOnFiber (node_modules/react-dom/cjs/react-dom-client.development.js:13949:11)
      at recursivelyTraverseLayoutEffects (node_modules/react-dom/cjs/react-dom-client.development.js:15159:11)
      at commitLayoutEffectOnFiber (node_modules/react-dom/cjs/react-dom-client.development.js:13949:11)
      at recursivelyTraverseLayoutEffects (node_modules/react-dom/cjs/react-dom-client.development.js:15159:11)
      at commitLayoutEffectOnFiber (node_modules/react-dom/cjs/react-dom-client.development.js:14065:11)
      at recursivelyTraverseLayoutEffects (node_modules/react-dom/cjs/react-dom-client.development.js:15159:11)
      at commitLayoutEffectOnFiber (node_modules/react-dom/cjs/react-dom-client.development.js:13949:11)
      at recursivelyTraverseLayoutEffects (node_modules/react-dom/cjs/react-dom-client.development.js:15159:11)
      at commitLayoutEffectOnFiber (node_modules/react-dom/cjs/react-dom-client.development.js:13949:11)
      at recursivelyTraverseLayoutEffects (node_modules/react-dom/cjs/react-dom-client.development.js:15159:11)
      at commitLayoutEffectOnFiber (node_modules/react-dom/cjs/react-dom-client.development.js:13949:11)
      at recursivelyTraverseLayoutEffects (node_modules/react-dom/cjs/react-dom-client.development.js:15159:11)
      at commitLayoutEffectOnFiber (node_modules/react-dom/cjs/react-dom-client.development.js:13949:11)
      at recursivelyTraverseLayoutEffects (node_modules/react-dom/cjs/react-dom-client.development.js:15159:11)
      at commitLayoutEffectOnFiber (node_modules/react-dom/cjs/react-dom-client.development.js:14165:11)
      at recursivelyTraverseLayoutEffects (node_modules/react-dom/cjs/react-dom-client.development.js:15159:11)
      at commitLayoutEffectOnFiber (node_modules/react-dom/cjs/react-dom-client.development.js:13949:11)
      at recursivelyTraverseLayoutEffects (node_modules/react-dom/cjs/react-dom-client.development.js:15159:11)
      at commitLayoutEffectOnFiber (node_modules/react-dom/cjs/react-dom-client.development.js:13949:11)
      at recursivelyTraverseLayoutEffects (node_modules/react-dom/cjs/react-dom-client.development.js:15159:11)
      at commitLayoutEffectOnFiber (node_modules/react-dom/cjs/react-dom-client.development.js:13949:11)
      at recursivelyTraverseLayoutEffects (node_modules/react-dom/cjs/react-dom-client.development.js:15159:11)
      at commitLayoutEffectOnFiber (node_modules/react-dom/cjs/react-dom-client.development.js:14065:11)
      at recursivelyTraverseLayoutEffects (node_modules/react-dom/cjs/react-dom-client.development.js:15159:11)
      at commitLayoutEffectOnFiber (node_modules/react-dom/cjs/react-dom-client.development.js:13949:11)
      at recursivelyTraverseLayoutEffects (node_modules/react-dom/cjs/react-dom-client.development.js:15159:11)
      at commitLayoutEffectOnFiber (node_modules/react-dom/cjs/react-dom-client.development.js:13949:11)
      at recursivelyTraverseLayoutEffects (node_modules/react-dom/cjs/react-dom-client.development.js:15159:11)
      at commitLayoutEffectOnFiber (node_modules/react-dom/cjs/react-dom-client.development.js:13949:11)
      at recursivelyTraverseLayoutEffects (node_modules/react-dom/cjs/react-dom-client.development.js:15159:11)
      at commitLayoutEffectOnFiber (node_modules/react-dom/cjs/react-dom-client.development.js:13949:11)
      at recursivelyTraverseLayoutEffects (node_modules/react-dom/cjs/react-dom-client.development.js:15159:11)
      at commitLayoutEffectOnFiber (node_modules/react-dom/cjs/react-dom-client.development.js:13949:11)
      at recursivelyTraverseLayoutEffects (node_modules/react-dom/cjs/react-dom-client.development.js:15159:11)
      at commitLayoutEffectOnFiber (node_modules/react-dom/cjs/react-dom-client.development.js:14065:11)
      at recursivelyTraverseLayoutEffects (node_modules/react-dom/cjs/react-dom-client.development.js:15159:11)
      at commitLayoutEffectOnFiber (node_modules/react-dom/cjs/react-dom-client.development.js:13949:11)
      at recursivelyTraverseLayoutEffects (node_modules/react-dom/cjs/react-dom-client.development.js:15159:11)
      at commitLayoutEffectOnFiber (node_modules/react-dom/cjs/react-dom-client.development.js:13949:11)
      at recursivelyTraverseLayoutEffects (node_modules/react-dom/cjs/react-dom-client.development.js:15159:11)
      at commitLayoutEffectOnFiber (node_modules/react-dom/cjs/react-dom-client.development.js:13949:11)
      at recursivelyTraverseLayoutEffects (node_modules/react-dom/cjs/react-dom-client.development.js:15159:11)
      at commitLayoutEffectOnFiber (node_modules/react-dom/cjs/react-dom-client.development.js:14165:11)
      at recursivelyTraverseLayoutEffects (node_modules/react-dom/cjs/react-dom-client.development.js:15159:11)
      at commitLayoutEffectOnFiber (node_modules/react-dom/cjs/react-dom-client.development.js:13949:11)
      at recursivelyTraverseLayoutEffects (node_modules/react-dom/cjs/react-dom-client.development.js:15159:11)
      at commitLayoutEffectOnFiber (node_modules/react-dom/cjs/react-dom-client.development.js:14165:11)
      at recursivelyTraverseLayoutEffects (node_modules/react-dom/cjs/react-dom-client.development.js:15159:11)
      at commitLayoutEffectOnFiber (node_modules/react-dom/cjs/react-dom-client.development.js:13949:11)
      at recursivelyTraverseLayoutEffects (node_modules/react-dom/cjs/react-dom-client.development.js:15159:11)
      at commitLayoutEffectOnFiber (node_modules/react-dom/cjs/react-dom-client.development.js:13949:11)
      at recursivelyTraverseLayoutEffects (node_modules/react-dom/cjs/react-dom-client.development.js:15159:11)
      at commitLayoutEffectOnFiber (node_modules/react-dom/cjs/react-dom-client.development.js:13949:11)
      at recursivelyTraverseLayoutEffects (node_modules/react-dom/cjs/react-dom-client.development.js:15159:11)
      at commitLayoutEffectOnFiber (node_modules/react-dom/cjs/react-dom-client.development.js:13949:11)
      at recursivelyTraverseLayoutEffects (node_modules/react-dom/cjs/react-dom-client.development.js:15159:11)
      at commitLayoutEffectOnFiber (node_modules/react-dom/cjs/react-dom-client.development.js:14165:11)
      at recursivelyTraverseLayoutEffects (node_modules/react-dom/cjs/react-dom-client.development.js:15159:11)
      at commitLayoutEffectOnFiber (node_modules/react-dom/cjs/react-dom-client.development.js:13949:11)
      at recursivelyTraverseLayoutEffects (node_modules/react-dom/cjs/react-dom-client.development.js:15159:11)
      at commitLayoutEffectOnFiber (node_modules/react-dom/cjs/react-dom-client.development.js:13949:11)
      at recursivelyTraverseLayoutEffects (node_modules/react-dom/cjs/react-dom-client.development.js:15159:11)
      at commitLayoutEffectOnFiber (node_modules/react-dom/cjs/react-dom-client.development.js:13949:11)
      at recursivelyTraverseLayoutEffects (node_modules/react-dom/cjs/react-dom-client.development.js:15159:11)
      at commitLayoutEffectOnFiber (node_modules/react-dom/cjs/react-dom-client.development.js:14165:11)
      at recursivelyTraverseLayoutEffects (node_modules/react-dom/cjs/react-dom-client.development.js:15159:11)
      at commitLayoutEffectOnFiber (node_modules/react-dom/cjs/react-dom-client.development.js:13949:11)
      at recursivelyTraverseLayoutEffects (node_modules/react-dom/cjs/react-dom-client.development.js:15159:11)
      at commitLayoutEffectOnFiber (node_modules/react-dom/cjs/react-dom-client.development.js:14165:11)
      at recursivelyTraverseLayoutEffects (node_modules/react-dom/cjs/react-dom-client.development.js:15159:11)
      at commitLayoutEffectOnFiber (node_modules/react-dom/cjs/react-dom-client.development.js:13949:11)
      at recursivelyTraverseLayoutEffects (node_modules/react-dom/cjs/react-dom-client.development.js:15159:11)
      at commitLayoutEffectOnFiber (node_modules/react-dom/cjs/react-dom-client.development.js:13949:11)
      at recursivelyTraverseLayoutEffects (node_modules/react-dom/cjs/react-dom-client.development.js:15159:11)
      at commitLayoutEffectOnFiber (node_modules/react-dom/cjs/react-dom-client.development.js:14165:11)
      at recursivelyTraverseLayoutEffects (node_modules/react-dom/cjs/react-dom-client.development.js:15159:11)
      at commitLayoutEffectOnFiber (node_modules/react-dom/cjs/react-dom-client.development.js:13949:11)
      at recursivelyTraverseLayoutEffects (node_modules/react-dom/cjs/react-dom-client.development.js:15159:11)
      at commitLayoutEffectOnFiber (node_modules/react-dom/cjs/react-dom-client.development.js:14165:11)
      at recursivelyTraverseLayoutEffects (node_modules/react-dom/cjs/react-dom-client.development.js:15159:11)
      at commitLayoutEffectOnFiber (node_modules/react-dom/cjs/react-dom-client.development.js:13949:11)
      at recursivelyTraverseLayoutEffects (node_modules/react-dom/cjs/react-dom-client.development.js:15159:11)

    console.error
      An update to Select inside a test was not wrapped in act(...).
      
      When testing, code that causes React state updates should be wrapped into act(...):
      
      act(() => {
        /* fire events that update state */
      });
      /* assert on the output */
      
      This ensures that you're testing the behavior the user would see in the browser. Learn more at https://react.dev/link/wrap-tests-with-act

      at node_modules/react-dom/cjs/react-dom-client.development.js:18758:19
      at runWithFiberInDEV (node_modules/react-dom/cjs/react-dom-client.development.js:874:13)
      at warnIfUpdatesNotWrappedWithActDEV (node_modules/react-dom/cjs/react-dom-client.development.js:18757:9)
      at scheduleUpdateOnFiber (node_modules/react-dom/cjs/react-dom-client.development.js:16409:11)
      at dispatchSetStateInternal (node_modules/react-dom/cjs/react-dom-client.development.js:9170:13)
      at dispatchSetState (node_modules/react-dom/cjs/react-dom-client.development.js:9127:7)
      at setRef (node_modules/@radix-ui/react-compose-refs/src/compose-refs.tsx:11:12)
      at node_modules/@radix-ui/react-compose-refs/src/compose-refs.tsx:25:23
          at Array.map (<anonymous>)
      at node_modules/@radix-ui/react-compose-refs/src/compose-refs.tsx:24:27
      at setRef (node_modules/@radix-ui/react-compose-refs/src/compose-refs.tsx:11:12)
      at node_modules/@radix-ui/react-compose-refs/src/compose-refs.tsx:25:23
          at Array.map (<anonymous>)
      at node_modules/@radix-ui/react-compose-refs/src/compose-refs.tsx:24:27
      at commitAttachRef (node_modules/react-dom/cjs/react-dom-client.development.js:13482:44)
      at runWithFiberInDEV (node_modules/react-dom/cjs/react-dom-client.development.js:874:13)
      at safelyAttachRef (node_modules/react-dom/cjs/react-dom-client.development.js:13500:9)
      at commitLayoutEffectOnFiber (node_modules/react-dom/cjs/react-dom-client.development.js:14089:26)
      at recursivelyTraverseLayoutEffects (node_modules/react-dom/cjs/react-dom-client.development.js:15159:11)
      at commitLayoutEffectOnFiber (node_modules/react-dom/cjs/react-dom-client.development.js:13949:11)
      at recursivelyTraverseLayoutEffects (node_modules/react-dom/cjs/react-dom-client.development.js:15159:11)
      at commitLayoutEffectOnFiber (node_modules/react-dom/cjs/react-dom-client.development.js:13949:11)
      at recursivelyTraverseLayoutEffects (node_modules/react-dom/cjs/react-dom-client.development.js:15159:11)
      at commitLayoutEffectOnFiber (node_modules/react-dom/cjs/react-dom-client.development.js:13949:11)
      at recursivelyTraverseLayoutEffects (node_modules/react-dom/cjs/react-dom-client.development.js:15159:11)
      at commitLayoutEffectOnFiber (node_modules/react-dom/cjs/react-dom-client.development.js:13949:11)
      at recursivelyTraverseLayoutEffects (node_modules/react-dom/cjs/react-dom-client.development.js:15159:11)
      at commitLayoutEffectOnFiber (node_modules/react-dom/cjs/react-dom-client.development.js:13949:11)
      at recursivelyTraverseLayoutEffects (node_modules/react-dom/cjs/react-dom-client.development.js:15159:11)
      at commitLayoutEffectOnFiber (node_modules/react-dom/cjs/react-dom-client.development.js:13949:11)
      at recursivelyTraverseLayoutEffects (node_modules/react-dom/cjs/react-dom-client.development.js:15159:11)
      at commitLayoutEffectOnFiber (node_modules/react-dom/cjs/react-dom-client.development.js:13949:11)
      at recursivelyTraverseLayoutEffects (node_modules/react-dom/cjs/react-dom-client.development.js:15159:11)
      at commitLayoutEffectOnFiber (node_modules/react-dom/cjs/react-dom-client.development.js:14165:11)
      at recursivelyTraverseLayoutEffects (node_modules/react-dom/cjs/react-dom-client.development.js:15159:11)
      at commitLayoutEffectOnFiber (node_modules/react-dom/cjs/react-dom-client.development.js:13949:11)
      at recursivelyTraverseLayoutEffects (node_modules/react-dom/cjs/react-dom-client.development.js:15159:11)
      at commitLayoutEffectOnFiber (node_modules/react-dom/cjs/react-dom-client.development.js:14165:11)
      at recursivelyTraverseLayoutEffects (node_modules/react-dom/cjs/react-dom-client.development.js:15159:11)
      at commitLayoutEffectOnFiber (node_modules/react-dom/cjs/react-dom-client.development.js:13949:11)
      at recursivelyTraverseLayoutEffects (node_modules/react-dom/cjs/react-dom-client.development.js:15159:11)
      at commitLayoutEffectOnFiber (node_modules/react-dom/cjs/react-dom-client.development.js:13949:11)
      at recursivelyTraverseLayoutEffects (node_modules/react-dom/cjs/react-dom-client.development.js:15159:11)
      at commitLayoutEffectOnFiber (node_modules/react-dom/cjs/react-dom-client.development.js:14165:11)
      at recursivelyTraverseLayoutEffects (node_modules/react-dom/cjs/react-dom-client.development.js:15159:11)
      at commitLayoutEffectOnFiber (node_modules/react-dom/cjs/react-dom-client.development.js:13949:11)
      at recursivelyTraverseLayoutEffects (node_modules/react-dom/cjs/react-dom-client.development.js:15159:11)
      at commitLayoutEffectOnFiber (node_modules/react-dom/cjs/react-dom-client.development.js:14165:11)
      at recursivelyTraverseLayoutEffects (node_modules/react-dom/cjs/react-dom-client.development.js:15159:11)
      at commitLayoutEffectOnFiber (node_modules/react-dom/cjs/react-dom-client.development.js:13949:11)
      at recursivelyTraverseLayoutEffects (node_modules/react-dom/cjs/react-dom-client.development.js:15159:11)
      at commitLayoutEffectOnFiber (node_modules/react-dom/cjs/react-dom-client.development.js:13949:11)
      at recursivelyTraverseLayoutEffects (node_modules/react-dom/cjs/react-dom-client.development.js:15159:11)
      at commitLayoutEffectOnFiber (node_modules/react-dom/cjs/react-dom-client.development.js:13949:11)
      at recursivelyTraverseLayoutEffects (node_modules/react-dom/cjs/react-dom-client.development.js:15159:11)
      at commitLayoutEffectOnFiber (node_modules/react-dom/cjs/react-dom-client.development.js:14065:11)
      at recursivelyTraverseLayoutEffects (node_modules/react-dom/cjs/react-dom-client.development.js:15159:11)
      at commitLayoutEffectOnFiber (node_modules/react-dom/cjs/react-dom-client.development.js:14065:11)
      at recursivelyTraverseLayoutEffects (node_modules/react-dom/cjs/react-dom-client.development.js:15159:11)
      at commitLayoutEffectOnFiber (node_modules/react-dom/cjs/react-dom-client.development.js:14065:11)
      at recursivelyTraverseLayoutEffects (node_modules/react-dom/cjs/react-dom-client.development.js:15159:11)
      at commitLayoutEffectOnFiber (node_modules/react-dom/cjs/react-dom-client.development.js:13949:11)
      at recursivelyTraverseLayoutEffects (node_modules/react-dom/cjs/react-dom-client.development.js:15159:11)
      at commitLayoutEffectOnFiber (node_modules/react-dom/cjs/react-dom-client.development.js:14165:11)
      at recursivelyTraverseLayoutEffects (node_modules/react-dom/cjs/react-dom-client.development.js:15159:11)
      at commitLayoutEffectOnFiber (node_modules/react-dom/cjs/react-dom-client.development.js:14165:11)
      at recursivelyTraverseLayoutEffects (node_modules/react-dom/cjs/react-dom-client.development.js:15159:11)
      at commitLayoutEffectOnFiber (node_modules/react-dom/cjs/react-dom-client.development.js:13949:11)
      at recursivelyTraverseLayoutEffects (node_modules/react-dom/cjs/react-dom-client.development.js:15159:11)
      at commitLayoutEffectOnFiber (node_modules/react-dom/cjs/react-dom-client.development.js:13949:11)
      at recursivelyTraverseLayoutEffects (node_modules/react-dom/cjs/react-dom-client.development.js:15159:11)
      at commitLayoutEffectOnFiber (node_modules/react-dom/cjs/react-dom-client.development.js:14165:11)
      at recursivelyTraverseLayoutEffects (node_modules/react-dom/cjs/react-dom-client.development.js:15159:11)
      at commitLayoutEffectOnFiber (node_modules/react-dom/cjs/react-dom-client.development.js:13949:11)
      at recursivelyTraverseLayoutEffects (node_modules/react-dom/cjs/react-dom-client.development.js:15159:11)
      at commitLayoutEffectOnFiber (node_modules/react-dom/cjs/react-dom-client.development.js:13949:11)
      at recursivelyTraverseLayoutEffects (node_modules/react-dom/cjs/react-dom-client.development.js:15159:11)
      at commitLayoutEffectOnFiber (node_modules/react-dom/cjs/react-dom-client.development.js:14031:11)
      at flushLayoutEffects (node_modules/react-dom/cjs/react-dom-client.development.js:18138:15)
      at commitRoot (node_modules/react-dom/cjs/react-dom-client.development.js:17954:9)
      at commitRootWhenReady (node_modules/react-dom/cjs/react-dom-client.development.js:16824:7)
      at performWorkOnRoot (node_modules/react-dom/cjs/react-dom-client.development.js:16722:15)
      at performWorkOnRootViaSchedulerTask (node_modules/react-dom/cjs/react-dom-client.development.js:18957:7)
      at performWorkUntilDeadline (node_modules/scheduler/cjs/scheduler.development.js:45:48)
      at Timeout.task [as _onTimeout] (node_modules/jsdom/lib/jsdom/browser/Window.js:579:19)

    console.error
      An update to SelectItemText inside a test was not wrapped in act(...).
      
      When testing, code that causes React state updates should be wrapped into act(...):
      
      act(() => {
        /* fire events that update state */
      });
      /* assert on the output */
      
      This ensures that you're testing the behavior the user would see in the browser. Learn more at https://react.dev/link/wrap-tests-with-act

      at node_modules/react-dom/cjs/react-dom-client.development.js:18758:19
      at runWithFiberInDEV (node_modules/react-dom/cjs/react-dom-client.development.js:874:13)
      at warnIfUpdatesNotWrappedWithActDEV (node_modules/react-dom/cjs/react-dom-client.development.js:18757:9)
      at scheduleUpdateOnFiber (node_modules/react-dom/cjs/react-dom-client.development.js:16409:11)
      at dispatchSetStateInternal (node_modules/react-dom/cjs/react-dom-client.development.js:9170:13)
      at dispatchSetState (node_modules/react-dom/cjs/react-dom-client.development.js:9127:7)
      at node_modules/@radix-ui/react-select/src/select.tsx:1378:17
      at setRef (node_modules/@radix-ui/react-compose-refs/src/compose-refs.tsx:11:12)
      at node_modules/@radix-ui/react-compose-refs/src/compose-refs.tsx:25:23
          at Array.map (<anonymous>)
      at node_modules/@radix-ui/react-compose-refs/src/compose-refs.tsx:24:27
      at commitAttachRef (node_modules/react-dom/cjs/react-dom-client.development.js:13482:44)
      at runWithFiberInDEV (node_modules/react-dom/cjs/react-dom-client.development.js:874:13)
      at safelyAttachRef (node_modules/react-dom/cjs/react-dom-client.development.js:13500:9)
      at commitLayoutEffectOnFiber (node_modules/react-dom/cjs/react-dom-client.development.js:14089:26)
      at recursivelyTraverseLayoutEffects (node_modules/react-dom/cjs/react-dom-client.development.js:15159:11)
      at commitLayoutEffectOnFiber (node_modules/react-dom/cjs/react-dom-client.development.js:13949:11)
      at recursivelyTraverseLayoutEffects (node_modules/react-dom/cjs/react-dom-client.development.js:15159:11)
      at commitLayoutEffectOnFiber (node_modules/react-dom/cjs/react-dom-client.development.js:13949:11)
      at recursivelyTraverseLayoutEffects (node_modules/react-dom/cjs/react-dom-client.development.js:15159:11)
      at commitLayoutEffectOnFiber (node_modules/react-dom/cjs/react-dom-client.development.js:14065:11)
      at recursivelyTraverseLayoutEffects (node_modules/react-dom/cjs/react-dom-client.development.js:15159:11)
      at commitLayoutEffectOnFiber (node_modules/react-dom/cjs/react-dom-client.development.js:13949:11)
      at recursivelyTraverseLayoutEffects (node_modules/react-dom/cjs/react-dom-client.development.js:15159:11)
      at commitLayoutEffectOnFiber (node_modules/react-dom/cjs/react-dom-client.development.js:13949:11)
      at recursivelyTraverseLayoutEffects (node_modules/react-dom/cjs/react-dom-client.development.js:15159:11)
      at commitLayoutEffectOnFiber (node_modules/react-dom/cjs/react-dom-client.development.js:13949:11)
      at recursivelyTraverseLayoutEffects (node_modules/react-dom/cjs/react-dom-client.development.js:15159:11)
      at commitLayoutEffectOnFiber (node_modules/react-dom/cjs/react-dom-client.development.js:13949:11)
      at recursivelyTraverseLayoutEffects (node_modules/react-dom/cjs/react-dom-client.development.js:15159:11)
      at commitLayoutEffectOnFiber (node_modules/react-dom/cjs/react-dom-client.development.js:14165:11)
      at recursivelyTraverseLayoutEffects (node_modules/react-dom/cjs/react-dom-client.development.js:15159:11)
      at commitLayoutEffectOnFiber (node_modules/react-dom/cjs/react-dom-client.development.js:13949:11)
      at recursivelyTraverseLayoutEffects (node_modules/react-dom/cjs/react-dom-client.development.js:15159:11)
      at commitLayoutEffectOnFiber (node_modules/react-dom/cjs/react-dom-client.development.js:13949:11)
      at recursivelyTraverseLayoutEffects (node_modules/react-dom/cjs/react-dom-client.development.js:15159:11)
      at commitLayoutEffectOnFiber (node_modules/react-dom/cjs/react-dom-client.development.js:13949:11)
      at recursivelyTraverseLayoutEffects (node_modules/react-dom/cjs/react-dom-client.development.js:15159:11)
      at commitLayoutEffectOnFiber (node_modules/react-dom/cjs/react-dom-client.development.js:14065:11)
      at recursivelyTraverseLayoutEffects (node_modules/react-dom/cjs/react-dom-client.development.js:15159:11)
      at commitLayoutEffectOnFiber (node_modules/react-dom/cjs/react-dom-client.development.js:13949:11)
      at recursivelyTraverseLayoutEffects (node_modules/react-dom/cjs/react-dom-client.development.js:15159:11)
      at commitLayoutEffectOnFiber (node_modules/react-dom/cjs/react-dom-client.development.js:13949:11)
      at recursivelyTraverseLayoutEffects (node_modules/react-dom/cjs/react-dom-client.development.js:15159:11)
      at commitLayoutEffectOnFiber (node_modules/react-dom/cjs/react-dom-client.development.js:13949:11)
      at recursivelyTraverseLayoutEffects (node_modules/react-dom/cjs/react-dom-client.development.js:15159:11)
      at commitLayoutEffectOnFiber (node_modules/react-dom/cjs/react-dom-client.development.js:13949:11)
      at recursivelyTraverseLayoutEffects (node_modules/react-dom/cjs/react-dom-client.development.js:15159:11)
      at commitLayoutEffectOnFiber (node_modules/react-dom/cjs/react-dom-client.development.js:13949:11)
      at recursivelyTraverseLayoutEffects (node_modules/react-dom/cjs/react-dom-client.development.js:15159:11)
      at commitLayoutEffectOnFiber (node_modules/react-dom/cjs/react-dom-client.development.js:14065:11)
      at recursivelyTraverseLayoutEffects (node_modules/react-dom/cjs/react-dom-client.development.js:15159:11)
      at commitLayoutEffectOnFiber (node_modules/react-dom/cjs/react-dom-client.development.js:13949:11)
      at recursivelyTraverseLayoutEffects (node_modules/react-dom/cjs/react-dom-client.development.js:15159:11)
      at commitLayoutEffectOnFiber (node_modules/react-dom/cjs/react-dom-client.development.js:13949:11)
      at recursivelyTraverseLayoutEffects (node_modules/react-dom/cjs/react-dom-client.development.js:15159:11)
      at commitLayoutEffectOnFiber (node_modules/react-dom/cjs/react-dom-client.development.js:13949:11)
      at recursivelyTraverseLayoutEffects (node_modules/react-dom/cjs/react-dom-client.development.js:15159:11)
      at commitLayoutEffectOnFiber (node_modules/react-dom/cjs/react-dom-client.development.js:14165:11)
      at recursivelyTraverseLayoutEffects (node_modules/react-dom/cjs/react-dom-client.development.js:15159:11)
      at commitLayoutEffectOnFiber (node_modules/react-dom/cjs/react-dom-client.development.js:13949:11)
      at recursivelyTraverseLayoutEffects (node_modules/react-dom/cjs/react-dom-client.development.js:15159:11)
      at commitLayoutEffectOnFiber (node_modules/react-dom/cjs/react-dom-client.development.js:14165:11)
      at recursivelyTraverseLayoutEffects (node_modules/react-dom/cjs/react-dom-client.development.js:15159:11)
      at commitLayoutEffectOnFiber (node_modules/react-dom/cjs/react-dom-client.development.js:13949:11)
      at recursivelyTraverseLayoutEffects (node_modules/react-dom/cjs/react-dom-client.development.js:15159:11)
      at commitLayoutEffectOnFiber (node_modules/react-dom/cjs/react-dom-client.development.js:13949:11)
      at recursivelyTraverseLayoutEffects (node_modules/react-dom/cjs/react-dom-client.development.js:15159:11)
      at commitLayoutEffectOnFiber (node_modules/react-dom/cjs/react-dom-client.development.js:13949:11)
      at recursivelyTraverseLayoutEffects (node_modules/react-dom/cjs/react-dom-client.development.js:15159:11)
      at commitLayoutEffectOnFiber (node_modules/react-dom/cjs/react-dom-client.development.js:13949:11)
      at recursivelyTraverseLayoutEffects (node_modules/react-dom/cjs/react-dom-client.development.js:15159:11)
      at commitLayoutEffectOnFiber (node_modules/react-dom/cjs/react-dom-client.development.js:14165:11)
      at recursivelyTraverseLayoutEffects (node_modules/react-dom/cjs/react-dom-client.development.js:15159:11)
      at commitLayoutEffectOnFiber (node_modules/react-dom/cjs/react-dom-client.development.js:13949:11)
      at recursivelyTraverseLayoutEffects (node_modules/react-dom/cjs/react-dom-client.development.js:15159:11)
      at commitLayoutEffectOnFiber (node_modules/react-dom/cjs/react-dom-client.development.js:13949:11)
      at recursivelyTraverseLayoutEffects (node_modules/react-dom/cjs/react-dom-client.development.js:15159:11)
      at commitLayoutEffectOnFiber (node_modules/react-dom/cjs/react-dom-client.development.js:13949:11)
      at recursivelyTraverseLayoutEffects (node_modules/react-dom/cjs/react-dom-client.development.js:15159:11)
      at commitLayoutEffectOnFiber (node_modules/react-dom/cjs/react-dom-client.development.js:14165:11)
      at recursivelyTraverseLayoutEffects (node_modules/react-dom/cjs/react-dom-client.development.js:15159:11)
      at commitLayoutEffectOnFiber (node_modules/react-dom/cjs/react-dom-client.development.js:13949:11)
      at recursivelyTraverseLayoutEffects (node_modules/react-dom/cjs/react-dom-client.development.js:15159:11)
      at commitLayoutEffectOnFiber (node_modules/react-dom/cjs/react-dom-client.development.js:14165:11)
      at recursivelyTraverseLayoutEffects (node_modules/react-dom/cjs/react-dom-client.development.js:15159:11)
      at commitLayoutEffectOnFiber (node_modules/react-dom/cjs/react-dom-client.development.js:13949:11)
      at recursivelyTraverseLayoutEffects (node_modules/react-dom/cjs/react-dom-client.development.js:15159:11)
      at commitLayoutEffectOnFiber (node_modules/react-dom/cjs/react-dom-client.development.js:13949:11)
      at recursivelyTraverseLayoutEffects (node_modules/react-dom/cjs/react-dom-client.development.js:15159:11)
      at commitLayoutEffectOnFiber (node_modules/react-dom/cjs/react-dom-client.development.js:14165:11)
      at recursivelyTraverseLayoutEffects (node_modules/react-dom/cjs/react-dom-client.development.js:15159:11)
      at commitLayoutEffectOnFiber (node_modules/react-dom/cjs/react-dom-client.development.js:13949:11)
      at recursivelyTraverseLayoutEffects (node_modules/react-dom/cjs/react-dom-client.development.js:15159:11)
      at commitLayoutEffectOnFiber (node_modules/react-dom/cjs/react-dom-client.development.js:14165:11)
      at recursivelyTraverseLayoutEffects (node_modules/react-dom/cjs/react-dom-client.development.js:15159:11)
      at commitLayoutEffectOnFiber (node_modules/react-dom/cjs/react-dom-client.development.js:13949:11)
      at recursivelyTraverseLayoutEffects (node_modules/react-dom/cjs/react-dom-client.development.js:15159:11)

    console.error
      An update to SelectItem inside a test was not wrapped in act(...).
      
      When testing, code that causes React state updates should be wrapped into act(...):
      
      act(() => {
        /* fire events that update state */
      });
      /* assert on the output */
      
      This ensures that you're testing the behavior the user would see in the browser. Learn more at https://react.dev/link/wrap-tests-with-act

      at node_modules/react-dom/cjs/react-dom-client.development.js:18758:19
      at runWithFiberInDEV (node_modules/react-dom/cjs/react-dom-client.development.js:874:13)
      at warnIfUpdatesNotWrappedWithActDEV (node_modules/react-dom/cjs/react-dom-client.development.js:18757:9)
      at scheduleUpdateOnFiber (node_modules/react-dom/cjs/react-dom-client.development.js:16409:11)
      at dispatchSetStateInternal (node_modules/react-dom/cjs/react-dom-client.development.js:9170:13)
      at dispatchSetState (node_modules/react-dom/cjs/react-dom-client.development.js:9127:7)
      at node_modules/@radix-ui/react-select/src/select.tsx:1291:11
      at setRef (node_modules/@radix-ui/react-compose-refs/src/compose-refs.tsx:11:12)
      at node_modules/@radix-ui/react-compose-refs/src/compose-refs.tsx:25:23
          at Array.map (<anonymous>)
      at node_modules/@radix-ui/react-compose-refs/src/compose-refs.tsx:24:27
      at commitAttachRef (node_modules/react-dom/cjs/react-dom-client.development.js:13482:44)
      at runWithFiberInDEV (node_modules/react-dom/cjs/react-dom-client.development.js:874:13)
      at safelyAttachRef (node_modules/react-dom/cjs/react-dom-client.development.js:13500:9)
      at commitLayoutEffectOnFiber (node_modules/react-dom/cjs/react-dom-client.development.js:14089:26)
      at recursivelyTraverseLayoutEffects (node_modules/react-dom/cjs/react-dom-client.development.js:15159:11)
      at commitLayoutEffectOnFiber (node_modules/react-dom/cjs/react-dom-client.development.js:13949:11)
      at recursivelyTraverseLayoutEffects (node_modules/react-dom/cjs/react-dom-client.development.js:15159:11)
      at commitLayoutEffectOnFiber (node_modules/react-dom/cjs/react-dom-client.development.js:13949:11)
      at recursivelyTraverseLayoutEffects (node_modules/react-dom/cjs/react-dom-client.development.js:15159:11)
      at commitLayoutEffectOnFiber (node_modules/react-dom/cjs/react-dom-client.development.js:14065:11)
      at recursivelyTraverseLayoutEffects (node_modules/react-dom/cjs/react-dom-client.development.js:15159:11)
      at commitLayoutEffectOnFiber (node_modules/react-dom/cjs/react-dom-client.development.js:13949:11)
      at recursivelyTraverseLayoutEffects (node_modules/react-dom/cjs/react-dom-client.development.js:15159:11)
      at commitLayoutEffectOnFiber (node_modules/react-dom/cjs/react-dom-client.development.js:13949:11)
      at recursivelyTraverseLayoutEffects (node_modules/react-dom/cjs/react-dom-client.development.js:15159:11)
      at commitLayoutEffectOnFiber (node_modules/react-dom/cjs/react-dom-client.development.js:13949:11)
      at recursivelyTraverseLayoutEffects (node_modules/react-dom/cjs/react-dom-client.development.js:15159:11)
      at commitLayoutEffectOnFiber (node_modules/react-dom/cjs/react-dom-client.development.js:13949:11)
      at recursivelyTraverseLayoutEffects (node_modules/react-dom/cjs/react-dom-client.development.js:15159:11)
      at commitLayoutEffectOnFiber (node_modules/react-dom/cjs/react-dom-client.development.js:14165:11)
      at recursivelyTraverseLayoutEffects (node_modules/react-dom/cjs/react-dom-client.development.js:15159:11)
      at commitLayoutEffectOnFiber (node_modules/react-dom/cjs/react-dom-client.development.js:13949:11)
      at recursivelyTraverseLayoutEffects (node_modules/react-dom/cjs/react-dom-client.development.js:15159:11)
      at commitLayoutEffectOnFiber (node_modules/react-dom/cjs/react-dom-client.development.js:13949:11)
      at recursivelyTraverseLayoutEffects (node_modules/react-dom/cjs/react-dom-client.development.js:15159:11)
      at commitLayoutEffectOnFiber (node_modules/react-dom/cjs/react-dom-client.development.js:13949:11)
      at recursivelyTraverseLayoutEffects (node_modules/react-dom/cjs/react-dom-client.development.js:15159:11)
      at commitLayoutEffectOnFiber (node_modules/react-dom/cjs/react-dom-client.development.js:14065:11)
      at recursivelyTraverseLayoutEffects (node_modules/react-dom/cjs/react-dom-client.development.js:15159:11)
      at commitLayoutEffectOnFiber (node_modules/react-dom/cjs/react-dom-client.development.js:13949:11)
      at recursivelyTraverseLayoutEffects (node_modules/react-dom/cjs/react-dom-client.development.js:15159:11)
      at commitLayoutEffectOnFiber (node_modules/react-dom/cjs/react-dom-client.development.js:13949:11)
      at recursivelyTraverseLayoutEffects (node_modules/react-dom/cjs/react-dom-client.development.js:15159:11)
      at commitLayoutEffectOnFiber (node_modules/react-dom/cjs/react-dom-client.development.js:13949:11)
      at recursivelyTraverseLayoutEffects (node_modules/react-dom/cjs/react-dom-client.development.js:15159:11)
      at commitLayoutEffectOnFiber (node_modules/react-dom/cjs/react-dom-client.development.js:13949:11)
      at recursivelyTraverseLayoutEffects (node_modules/react-dom/cjs/react-dom-client.development.js:15159:11)
      at commitLayoutEffectOnFiber (node_modules/react-dom/cjs/react-dom-client.development.js:13949:11)
      at recursivelyTraverseLayoutEffects (node_modules/react-dom/cjs/react-dom-client.development.js:15159:11)
      at commitLayoutEffectOnFiber (node_modules/react-dom/cjs/react-dom-client.development.js:14065:11)
      at recursivelyTraverseLayoutEffects (node_modules/react-dom/cjs/react-dom-client.development.js:15159:11)
      at commitLayoutEffectOnFiber (node_modules/react-dom/cjs/react-dom-client.development.js:13949:11)
      at recursivelyTraverseLayoutEffects (node_modules/react-dom/cjs/react-dom-client.development.js:15159:11)
      at commitLayoutEffectOnFiber (node_modules/react-dom/cjs/react-dom-client.development.js:13949:11)
      at recursivelyTraverseLayoutEffects (node_modules/react-dom/cjs/react-dom-client.development.js:15159:11)
      at commitLayoutEffectOnFiber (node_modules/react-dom/cjs/react-dom-client.development.js:13949:11)
      at recursivelyTraverseLayoutEffects (node_modules/react-dom/cjs/react-dom-client.development.js:15159:11)
      at commitLayoutEffectOnFiber (node_modules/react-dom/cjs/react-dom-client.development.js:14165:11)
      at recursivelyTraverseLayoutEffects (node_modules/react-dom/cjs/react-dom-client.development.js:15159:11)
      at commitLayoutEffectOnFiber (node_modules/react-dom/cjs/react-dom-client.development.js:13949:11)
      at recursivelyTraverseLayoutEffects (node_modules/react-dom/cjs/react-dom-client.development.js:15159:11)
      at commitLayoutEffectOnFiber (node_modules/react-dom/cjs/react-dom-client.development.js:14165:11)
      at recursivelyTraverseLayoutEffects (node_modules/react-dom/cjs/react-dom-client.development.js:15159:11)
      at commitLayoutEffectOnFiber (node_modules/react-dom/cjs/react-dom-client.development.js:13949:11)
      at recursivelyTraverseLayoutEffects (node_modules/react-dom/cjs/react-dom-client.development.js:15159:11)
      at commitLayoutEffectOnFiber (node_modules/react-dom/cjs/react-dom-client.development.js:13949:11)
      at recursivelyTraverseLayoutEffects (node_modules/react-dom/cjs/react-dom-client.development.js:15159:11)
      at commitLayoutEffectOnFiber (node_modules/react-dom/cjs/react-dom-client.development.js:13949:11)
      at recursivelyTraverseLayoutEffects (node_modules/react-dom/cjs/react-dom-client.development.js:15159:11)
      at commitLayoutEffectOnFiber (node_modules/react-dom/cjs/react-dom-client.development.js:13949:11)
      at recursivelyTraverseLayoutEffects (node_modules/react-dom/cjs/react-dom-client.development.js:15159:11)
      at commitLayoutEffectOnFiber (node_modules/react-dom/cjs/react-dom-client.development.js:14165:11)
      at recursivelyTraverseLayoutEffects (node_modules/react-dom/cjs/react-dom-client.development.js:15159:11)
      at commitLayoutEffectOnFiber (node_modules/react-dom/cjs/react-dom-client.development.js:13949:11)
      at recursivelyTraverseLayoutEffects (node_modules/react-dom/cjs/react-dom-client.development.js:15159:11)
      at commitLayoutEffectOnFiber (node_modules/react-dom/cjs/react-dom-client.development.js:13949:11)
      at recursivelyTraverseLayoutEffects (node_modules/react-dom/cjs/react-dom-client.development.js:15159:11)
      at commitLayoutEffectOnFiber (node_modules/react-dom/cjs/react-dom-client.development.js:13949:11)
      at recursivelyTraverseLayoutEffects (node_modules/react-dom/cjs/react-dom-client.development.js:15159:11)
      at commitLayoutEffectOnFiber (node_modules/react-dom/cjs/react-dom-client.development.js:14165:11)
      at recursivelyTraverseLayoutEffects (node_modules/react-dom/cjs/react-dom-client.development.js:15159:11)
      at commitLayoutEffectOnFiber (node_modules/react-dom/cjs/react-dom-client.development.js:13949:11)
      at recursivelyTraverseLayoutEffects (node_modules/react-dom/cjs/react-dom-client.development.js:15159:11)
      at commitLayoutEffectOnFiber (node_modules/react-dom/cjs/react-dom-client.development.js:14165:11)
      at recursivelyTraverseLayoutEffects (node_modules/react-dom/cjs/react-dom-client.development.js:15159:11)
      at commitLayoutEffectOnFiber (node_modules/react-dom/cjs/react-dom-client.development.js:13949:11)
      at recursivelyTraverseLayoutEffects (node_modules/react-dom/cjs/react-dom-client.development.js:15159:11)
      at commitLayoutEffectOnFiber (node_modules/react-dom/cjs/react-dom-client.development.js:13949:11)
      at recursivelyTraverseLayoutEffects (node_modules/react-dom/cjs/react-dom-client.development.js:15159:11)
      at commitLayoutEffectOnFiber (node_modules/react-dom/cjs/react-dom-client.development.js:14165:11)
      at recursivelyTraverseLayoutEffects (node_modules/react-dom/cjs/react-dom-client.development.js:15159:11)
      at commitLayoutEffectOnFiber (node_modules/react-dom/cjs/react-dom-client.development.js:13949:11)
      at recursivelyTraverseLayoutEffects (node_modules/react-dom/cjs/react-dom-client.development.js:15159:11)
      at commitLayoutEffectOnFiber (node_modules/react-dom/cjs/react-dom-client.development.js:14165:11)
      at recursivelyTraverseLayoutEffects (node_modules/react-dom/cjs/react-dom-client.development.js:15159:11)
      at commitLayoutEffectOnFiber (node_modules/react-dom/cjs/react-dom-client.development.js:13949:11)
      at recursivelyTraverseLayoutEffects (node_modules/react-dom/cjs/react-dom-client.development.js:15159:11)

    console.error
      An update to SelectItemText inside a test was not wrapped in act(...).
      
      When testing, code that causes React state updates should be wrapped into act(...):
      
      act(() => {
        /* fire events that update state */
      });
      /* assert on the output */
      
      This ensures that you're testing the behavior the user would see in the browser. Learn more at https://react.dev/link/wrap-tests-with-act

      at node_modules/react-dom/cjs/react-dom-client.development.js:18758:19
      at runWithFiberInDEV (node_modules/react-dom/cjs/react-dom-client.development.js:874:13)
      at warnIfUpdatesNotWrappedWithActDEV (node_modules/react-dom/cjs/react-dom-client.development.js:18757:9)
      at scheduleUpdateOnFiber (node_modules/react-dom/cjs/react-dom-client.development.js:16409:11)
      at dispatchSetStateInternal (node_modules/react-dom/cjs/react-dom-client.development.js:9170:13)
      at dispatchSetState (node_modules/react-dom/cjs/react-dom-client.development.js:9127:7)
      at node_modules/@radix-ui/react-select/src/select.tsx:1378:17
      at setRef (node_modules/@radix-ui/react-compose-refs/src/compose-refs.tsx:11:12)
      at node_modules/@radix-ui/react-compose-refs/src/compose-refs.tsx:25:23
          at Array.map (<anonymous>)
      at node_modules/@radix-ui/react-compose-refs/src/compose-refs.tsx:24:27
      at commitAttachRef (node_modules/react-dom/cjs/react-dom-client.development.js:13482:44)
      at runWithFiberInDEV (node_modules/react-dom/cjs/react-dom-client.development.js:874:13)
      at safelyAttachRef (node_modules/react-dom/cjs/react-dom-client.development.js:13500:9)
      at commitLayoutEffectOnFiber (node_modules/react-dom/cjs/react-dom-client.development.js:14089:26)
      at recursivelyTraverseLayoutEffects (node_modules/react-dom/cjs/react-dom-client.development.js:15159:11)
      at commitLayoutEffectOnFiber (node_modules/react-dom/cjs/react-dom-client.development.js:13949:11)
      at recursivelyTraverseLayoutEffects (node_modules/react-dom/cjs/react-dom-client.development.js:15159:11)
      at commitLayoutEffectOnFiber (node_modules/react-dom/cjs/react-dom-client.development.js:13949:11)
      at recursivelyTraverseLayoutEffects (node_modules/react-dom/cjs/react-dom-client.development.js:15159:11)
      at commitLayoutEffectOnFiber (node_modules/react-dom/cjs/react-dom-client.development.js:14065:11)
      at recursivelyTraverseLayoutEffects (node_modules/react-dom/cjs/react-dom-client.development.js:15159:11)
      at commitLayoutEffectOnFiber (node_modules/react-dom/cjs/react-dom-client.development.js:13949:11)
      at recursivelyTraverseLayoutEffects (node_modules/react-dom/cjs/react-dom-client.development.js:15159:11)
      at commitLayoutEffectOnFiber (node_modules/react-dom/cjs/react-dom-client.development.js:13949:11)
      at recursivelyTraverseLayoutEffects (node_modules/react-dom/cjs/react-dom-client.development.js:15159:11)
      at commitLayoutEffectOnFiber (node_modules/react-dom/cjs/react-dom-client.development.js:13949:11)
      at recursivelyTraverseLayoutEffects (node_modules/react-dom/cjs/react-dom-client.development.js:15159:11)
      at commitLayoutEffectOnFiber (node_modules/react-dom/cjs/react-dom-client.development.js:13949:11)
      at recursivelyTraverseLayoutEffects (node_modules/react-dom/cjs/react-dom-client.development.js:15159:11)
      at commitLayoutEffectOnFiber (node_modules/react-dom/cjs/react-dom-client.development.js:14165:11)
      at recursivelyTraverseLayoutEffects (node_modules/react-dom/cjs/react-dom-client.development.js:15159:11)
      at commitLayoutEffectOnFiber (node_modules/react-dom/cjs/react-dom-client.development.js:13949:11)
      at recursivelyTraverseLayoutEffects (node_modules/react-dom/cjs/react-dom-client.development.js:15159:11)
      at commitLayoutEffectOnFiber (node_modules/react-dom/cjs/react-dom-client.development.js:13949:11)
      at recursivelyTraverseLayoutEffects (node_modules/react-dom/cjs/react-dom-client.development.js:15159:11)
      at commitLayoutEffectOnFiber (node_modules/react-dom/cjs/react-dom-client.development.js:13949:11)
      at recursivelyTraverseLayoutEffects (node_modules/react-dom/cjs/react-dom-client.development.js:15159:11)
      at commitLayoutEffectOnFiber (node_modules/react-dom/cjs/react-dom-client.development.js:14165:11)
      at recursivelyTraverseLayoutEffects (node_modules/react-dom/cjs/react-dom-client.development.js:15159:11)
      at commitLayoutEffectOnFiber (node_modules/react-dom/cjs/react-dom-client.development.js:14065:11)
      at recursivelyTraverseLayoutEffects (node_modules/react-dom/cjs/react-dom-client.development.js:15159:11)
      at commitLayoutEffectOnFiber (node_modules/react-dom/cjs/react-dom-client.development.js:13949:11)
      at recursivelyTraverseLayoutEffects (node_modules/react-dom/cjs/react-dom-client.development.js:15159:11)
      at commitLayoutEffectOnFiber (node_modules/react-dom/cjs/react-dom-client.development.js:13949:11)
      at recursivelyTraverseLayoutEffects (node_modules/react-dom/cjs/react-dom-client.development.js:15159:11)
      at commitLayoutEffectOnFiber (node_modules/react-dom/cjs/react-dom-client.development.js:13949:11)
      at recursivelyTraverseLayoutEffects (node_modules/react-dom/cjs/react-dom-client.development.js:15159:11)
      at commitLayoutEffectOnFiber (node_modules/react-dom/cjs/react-dom-client.development.js:13949:11)
      at recursivelyTraverseLayoutEffects (node_modules/react-dom/cjs/react-dom-client.development.js:15159:11)
      at commitLayoutEffectOnFiber (node_modules/react-dom/cjs/react-dom-client.development.js:13949:11)
      at recursivelyTraverseLayoutEffects (node_modules/react-dom/cjs/react-dom-client.development.js:15159:11)
      at commitLayoutEffectOnFiber (node_modules/react-dom/cjs/react-dom-client.development.js:14065:11)
      at recursivelyTraverseLayoutEffects (node_modules/react-dom/cjs/react-dom-client.development.js:15159:11)
      at commitLayoutEffectOnFiber (node_modules/react-dom/cjs/react-dom-client.development.js:13949:11)
      at recursivelyTraverseLayoutEffects (node_modules/react-dom/cjs/react-dom-client.development.js:15159:11)
      at commitLayoutEffectOnFiber (node_modules/react-dom/cjs/react-dom-client.development.js:13949:11)
      at recursivelyTraverseLayoutEffects (node_modules/react-dom/cjs/react-dom-client.development.js:15159:11)
      at commitLayoutEffectOnFiber (node_modules/react-dom/cjs/react-dom-client.development.js:13949:11)
      at recursivelyTraverseLayoutEffects (node_modules/react-dom/cjs/react-dom-client.development.js:15159:11)
      at commitLayoutEffectOnFiber (node_modules/react-dom/cjs/react-dom-client.development.js:14165:11)
      at recursivelyTraverseLayoutEffects (node_modules/react-dom/cjs/react-dom-client.development.js:15159:11)
      at commitLayoutEffectOnFiber (node_modules/react-dom/cjs/react-dom-client.development.js:13949:11)
      at recursivelyTraverseLayoutEffects (node_modules/react-dom/cjs/react-dom-client.development.js:15159:11)
      at commitLayoutEffectOnFiber (node_modules/react-dom/cjs/react-dom-client.development.js:14165:11)
      at recursivelyTraverseLayoutEffects (node_modules/react-dom/cjs/react-dom-client.development.js:15159:11)
      at commitLayoutEffectOnFiber (node_modules/react-dom/cjs/react-dom-client.development.js:13949:11)
      at recursivelyTraverseLayoutEffects (node_modules/react-dom/cjs/react-dom-client.development.js:15159:11)
      at commitLayoutEffectOnFiber (node_modules/react-dom/cjs/react-dom-client.development.js:13949:11)
      at recursivelyTraverseLayoutEffects (node_modules/react-dom/cjs/react-dom-client.development.js:15159:11)
      at commitLayoutEffectOnFiber (node_modules/react-dom/cjs/react-dom-client.development.js:13949:11)
      at recursivelyTraverseLayoutEffects (node_modules/react-dom/cjs/react-dom-client.development.js:15159:11)
      at commitLayoutEffectOnFiber (node_modules/react-dom/cjs/react-dom-client.development.js:13949:11)
      at recursivelyTraverseLayoutEffects (node_modules/react-dom/cjs/react-dom-client.development.js:15159:11)
      at commitLayoutEffectOnFiber (node_modules/react-dom/cjs/react-dom-client.development.js:14165:11)
      at recursivelyTraverseLayoutEffects (node_modules/react-dom/cjs/react-dom-client.development.js:15159:11)
      at commitLayoutEffectOnFiber (node_modules/react-dom/cjs/react-dom-client.development.js:13949:11)
      at recursivelyTraverseLayoutEffects (node_modules/react-dom/cjs/react-dom-client.development.js:15159:11)
      at commitLayoutEffectOnFiber (node_modules/react-dom/cjs/react-dom-client.development.js:13949:11)
      at recursivelyTraverseLayoutEffects (node_modules/react-dom/cjs/react-dom-client.development.js:15159:11)
      at commitLayoutEffectOnFiber (node_modules/react-dom/cjs/react-dom-client.development.js:13949:11)
      at recursivelyTraverseLayoutEffects (node_modules/react-dom/cjs/react-dom-client.development.js:15159:11)
      at commitLayoutEffectOnFiber (node_modules/react-dom/cjs/react-dom-client.development.js:14165:11)
      at recursivelyTraverseLayoutEffects (node_modules/react-dom/cjs/react-dom-client.development.js:15159:11)
      at commitLayoutEffectOnFiber (node_modules/react-dom/cjs/react-dom-client.development.js:13949:11)
      at recursivelyTraverseLayoutEffects (node_modules/react-dom/cjs/react-dom-client.development.js:15159:11)
      at commitLayoutEffectOnFiber (node_modules/react-dom/cjs/react-dom-client.development.js:14165:11)
      at recursivelyTraverseLayoutEffects (node_modules/react-dom/cjs/react-dom-client.development.js:15159:11)
      at commitLayoutEffectOnFiber (node_modules/react-dom/cjs/react-dom-client.development.js:13949:11)
      at recursivelyTraverseLayoutEffects (node_modules/react-dom/cjs/react-dom-client.development.js:15159:11)
      at commitLayoutEffectOnFiber (node_modules/react-dom/cjs/react-dom-client.development.js:13949:11)
      at recursivelyTraverseLayoutEffects (node_modules/react-dom/cjs/react-dom-client.development.js:15159:11)
      at commitLayoutEffectOnFiber (node_modules/react-dom/cjs/react-dom-client.development.js:14165:11)
      at recursivelyTraverseLayoutEffects (node_modules/react-dom/cjs/react-dom-client.development.js:15159:11)
      at commitLayoutEffectOnFiber (node_modules/react-dom/cjs/react-dom-client.development.js:13949:11)
      at recursivelyTraverseLayoutEffects (node_modules/react-dom/cjs/react-dom-client.development.js:15159:11)
      at commitLayoutEffectOnFiber (node_modules/react-dom/cjs/react-dom-client.development.js:14165:11)
      at recursivelyTraverseLayoutEffects (node_modules/react-dom/cjs/react-dom-client.development.js:15159:11)

    console.error
      An update to SelectItem inside a test was not wrapped in act(...).
      
      When testing, code that causes React state updates should be wrapped into act(...):
      
      act(() => {
        /* fire events that update state */
      });
      /* assert on the output */
      
      This ensures that you're testing the behavior the user would see in the browser. Learn more at https://react.dev/link/wrap-tests-with-act

      at node_modules/react-dom/cjs/react-dom-client.development.js:18758:19
      at runWithFiberInDEV (node_modules/react-dom/cjs/react-dom-client.development.js:874:13)
      at warnIfUpdatesNotWrappedWithActDEV (node_modules/react-dom/cjs/react-dom-client.development.js:18757:9)
      at scheduleUpdateOnFiber (node_modules/react-dom/cjs/react-dom-client.development.js:16409:11)
      at dispatchSetStateInternal (node_modules/react-dom/cjs/react-dom-client.development.js:9170:13)
      at dispatchSetState (node_modules/react-dom/cjs/react-dom-client.development.js:9127:7)
      at node_modules/@radix-ui/react-select/src/select.tsx:1291:11
      at setRef (node_modules/@radix-ui/react-compose-refs/src/compose-refs.tsx:11:12)
      at node_modules/@radix-ui/react-compose-refs/src/compose-refs.tsx:25:23
          at Array.map (<anonymous>)
      at node_modules/@radix-ui/react-compose-refs/src/compose-refs.tsx:24:27
      at commitAttachRef (node_modules/react-dom/cjs/react-dom-client.development.js:13482:44)
      at runWithFiberInDEV (node_modules/react-dom/cjs/react-dom-client.development.js:874:13)
      at safelyAttachRef (node_modules/react-dom/cjs/react-dom-client.development.js:13500:9)
      at commitLayoutEffectOnFiber (node_modules/react-dom/cjs/react-dom-client.development.js:14089:26)
      at recursivelyTraverseLayoutEffects (node_modules/react-dom/cjs/react-dom-client.development.js:15159:11)
      at commitLayoutEffectOnFiber (node_modules/react-dom/cjs/react-dom-client.development.js:13949:11)
      at recursivelyTraverseLayoutEffects (node_modules/react-dom/cjs/react-dom-client.development.js:15159:11)
      at commitLayoutEffectOnFiber (node_modules/react-dom/cjs/react-dom-client.development.js:13949:11)
      at recursivelyTraverseLayoutEffects (node_modules/react-dom/cjs/react-dom-client.development.js:15159:11)
      at commitLayoutEffectOnFiber (node_modules/react-dom/cjs/react-dom-client.development.js:14065:11)
      at recursivelyTraverseLayoutEffects (node_modules/react-dom/cjs/react-dom-client.development.js:15159:11)
      at commitLayoutEffectOnFiber (node_modules/react-dom/cjs/react-dom-client.development.js:13949:11)
      at recursivelyTraverseLayoutEffects (node_modules/react-dom/cjs/react-dom-client.development.js:15159:11)
      at commitLayoutEffectOnFiber (node_modules/react-dom/cjs/react-dom-client.development.js:13949:11)
      at recursivelyTraverseLayoutEffects (node_modules/react-dom/cjs/react-dom-client.development.js:15159:11)
      at commitLayoutEffectOnFiber (node_modules/react-dom/cjs/react-dom-client.development.js:13949:11)
      at recursivelyTraverseLayoutEffects (node_modules/react-dom/cjs/react-dom-client.development.js:15159:11)
      at commitLayoutEffectOnFiber (node_modules/react-dom/cjs/react-dom-client.development.js:13949:11)
      at recursivelyTraverseLayoutEffects (node_modules/react-dom/cjs/react-dom-client.development.js:15159:11)
      at commitLayoutEffectOnFiber (node_modules/react-dom/cjs/react-dom-client.development.js:14165:11)
      at recursivelyTraverseLayoutEffects (node_modules/react-dom/cjs/react-dom-client.development.js:15159:11)
      at commitLayoutEffectOnFiber (node_modules/react-dom/cjs/react-dom-client.development.js:13949:11)
      at recursivelyTraverseLayoutEffects (node_modules/react-dom/cjs/react-dom-client.development.js:15159:11)
      at commitLayoutEffectOnFiber (node_modules/react-dom/cjs/react-dom-client.development.js:13949:11)
      at recursivelyTraverseLayoutEffects (node_modules/react-dom/cjs/react-dom-client.development.js:15159:11)
      at commitLayoutEffectOnFiber (node_modules/react-dom/cjs/react-dom-client.development.js:13949:11)
      at recursivelyTraverseLayoutEffects (node_modules/react-dom/cjs/react-dom-client.development.js:15159:11)
      at commitLayoutEffectOnFiber (node_modules/react-dom/cjs/react-dom-client.development.js:14165:11)
      at recursivelyTraverseLayoutEffects (node_modules/react-dom/cjs/react-dom-client.development.js:15159:11)
      at commitLayoutEffectOnFiber (node_modules/react-dom/cjs/react-dom-client.development.js:14065:11)
      at recursivelyTraverseLayoutEffects (node_modules/react-dom/cjs/react-dom-client.development.js:15159:11)
      at commitLayoutEffectOnFiber (node_modules/react-dom/cjs/react-dom-client.development.js:13949:11)
      at recursivelyTraverseLayoutEffects (node_modules/react-dom/cjs/react-dom-client.development.js:15159:11)
      at commitLayoutEffectOnFiber (node_modules/react-dom/cjs/react-dom-client.development.js:13949:11)
      at recursivelyTraverseLayoutEffects (node_modules/react-dom/cjs/react-dom-client.development.js:15159:11)
      at commitLayoutEffectOnFiber (node_modules/react-dom/cjs/react-dom-client.development.js:13949:11)
      at recursivelyTraverseLayoutEffects (node_modules/react-dom/cjs/react-dom-client.development.js:15159:11)
      at commitLayoutEffectOnFiber (node_modules/react-dom/cjs/react-dom-client.development.js:13949:11)
      at recursivelyTraverseLayoutEffects (node_modules/react-dom/cjs/react-dom-client.development.js:15159:11)
      at commitLayoutEffectOnFiber (node_modules/react-dom/cjs/react-dom-client.development.js:13949:11)
      at recursivelyTraverseLayoutEffects (node_modules/react-dom/cjs/react-dom-client.development.js:15159:11)
      at commitLayoutEffectOnFiber (node_modules/react-dom/cjs/react-dom-client.development.js:14065:11)
      at recursivelyTraverseLayoutEffects (node_modules/react-dom/cjs/react-dom-client.development.js:15159:11)
      at commitLayoutEffectOnFiber (node_modules/react-dom/cjs/react-dom-client.development.js:13949:11)
      at recursivelyTraverseLayoutEffects (node_modules/react-dom/cjs/react-dom-client.development.js:15159:11)
      at commitLayoutEffectOnFiber (node_modules/react-dom/cjs/react-dom-client.development.js:13949:11)
      at recursivelyTraverseLayoutEffects (node_modules/react-dom/cjs/react-dom-client.development.js:15159:11)
      at commitLayoutEffectOnFiber (node_modules/react-dom/cjs/react-dom-client.development.js:13949:11)
      at recursivelyTraverseLayoutEffects (node_modules/react-dom/cjs/react-dom-client.development.js:15159:11)
      at commitLayoutEffectOnFiber (node_modules/react-dom/cjs/react-dom-client.development.js:14165:11)
      at recursivelyTraverseLayoutEffects (node_modules/react-dom/cjs/react-dom-client.development.js:15159:11)
      at commitLayoutEffectOnFiber (node_modules/react-dom/cjs/react-dom-client.development.js:13949:11)
      at recursivelyTraverseLayoutEffects (node_modules/react-dom/cjs/react-dom-client.development.js:15159:11)
      at commitLayoutEffectOnFiber (node_modules/react-dom/cjs/react-dom-client.development.js:14165:11)
      at recursivelyTraverseLayoutEffects (node_modules/react-dom/cjs/react-dom-client.development.js:15159:11)
      at commitLayoutEffectOnFiber (node_modules/react-dom/cjs/react-dom-client.development.js:13949:11)
      at recursivelyTraverseLayoutEffects (node_modules/react-dom/cjs/react-dom-client.development.js:15159:11)
      at commitLayoutEffectOnFiber (node_modules/react-dom/cjs/react-dom-client.development.js:13949:11)
      at recursivelyTraverseLayoutEffects (node_modules/react-dom/cjs/react-dom-client.development.js:15159:11)
      at commitLayoutEffectOnFiber (node_modules/react-dom/cjs/react-dom-client.development.js:13949:11)
      at recursivelyTraverseLayoutEffects (node_modules/react-dom/cjs/react-dom-client.development.js:15159:11)
      at commitLayoutEffectOnFiber (node_modules/react-dom/cjs/react-dom-client.development.js:13949:11)
      at recursivelyTraverseLayoutEffects (node_modules/react-dom/cjs/react-dom-client.development.js:15159:11)
      at commitLayoutEffectOnFiber (node_modules/react-dom/cjs/react-dom-client.development.js:14165:11)
      at recursivelyTraverseLayoutEffects (node_modules/react-dom/cjs/react-dom-client.development.js:15159:11)
      at commitLayoutEffectOnFiber (node_modules/react-dom/cjs/react-dom-client.development.js:13949:11)
      at recursivelyTraverseLayoutEffects (node_modules/react-dom/cjs/react-dom-client.development.js:15159:11)
      at commitLayoutEffectOnFiber (node_modules/react-dom/cjs/react-dom-client.development.js:13949:11)
      at recursivelyTraverseLayoutEffects (node_modules/react-dom/cjs/react-dom-client.development.js:15159:11)
      at commitLayoutEffectOnFiber (node_modules/react-dom/cjs/react-dom-client.development.js:13949:11)
      at recursivelyTraverseLayoutEffects (node_modules/react-dom/cjs/react-dom-client.development.js:15159:11)
      at commitLayoutEffectOnFiber (node_modules/react-dom/cjs/react-dom-client.development.js:14165:11)
      at recursivelyTraverseLayoutEffects (node_modules/react-dom/cjs/react-dom-client.development.js:15159:11)
      at commitLayoutEffectOnFiber (node_modules/react-dom/cjs/react-dom-client.development.js:13949:11)
      at recursivelyTraverseLayoutEffects (node_modules/react-dom/cjs/react-dom-client.development.js:15159:11)
      at commitLayoutEffectOnFiber (node_modules/react-dom/cjs/react-dom-client.development.js:14165:11)
      at recursivelyTraverseLayoutEffects (node_modules/react-dom/cjs/react-dom-client.development.js:15159:11)
      at commitLayoutEffectOnFiber (node_modules/react-dom/cjs/react-dom-client.development.js:13949:11)
      at recursivelyTraverseLayoutEffects (node_modules/react-dom/cjs/react-dom-client.development.js:15159:11)
      at commitLayoutEffectOnFiber (node_modules/react-dom/cjs/react-dom-client.development.js:13949:11)
      at recursivelyTraverseLayoutEffects (node_modules/react-dom/cjs/react-dom-client.development.js:15159:11)
      at commitLayoutEffectOnFiber (node_modules/react-dom/cjs/react-dom-client.development.js:14165:11)
      at recursivelyTraverseLayoutEffects (node_modules/react-dom/cjs/react-dom-client.development.js:15159:11)
      at commitLayoutEffectOnFiber (node_modules/react-dom/cjs/react-dom-client.development.js:13949:11)
      at recursivelyTraverseLayoutEffects (node_modules/react-dom/cjs/react-dom-client.development.js:15159:11)
      at commitLayoutEffectOnFiber (node_modules/react-dom/cjs/react-dom-client.development.js:14165:11)
      at recursivelyTraverseLayoutEffects (node_modules/react-dom/cjs/react-dom-client.development.js:15159:11)

    console.error
      An update to Select inside a test was not wrapped in act(...).
      
      When testing, code that causes React state updates should be wrapped into act(...):
      
      act(() => {
        /* fire events that update state */
      });
      /* assert on the output */
      
      This ensures that you're testing the behavior the user would see in the browser. Learn more at https://react.dev/link/wrap-tests-with-act

      at node_modules/react-dom/cjs/react-dom-client.development.js:18758:19
      at runWithFiberInDEV (node_modules/react-dom/cjs/react-dom-client.development.js:874:13)
      at warnIfUpdatesNotWrappedWithActDEV (node_modules/react-dom/cjs/react-dom-client.development.js:18757:9)
      at scheduleUpdateOnFiber (node_modules/react-dom/cjs/react-dom-client.development.js:16409:11)
      at dispatchSetStateInternal (node_modules/react-dom/cjs/react-dom-client.development.js:9170:13)
      at dispatchSetState (node_modules/react-dom/cjs/react-dom-client.development.js:9127:7)
      at setRef (node_modules/@radix-ui/react-compose-refs/src/compose-refs.tsx:11:12)
      at node_modules/@radix-ui/react-compose-refs/src/compose-refs.tsx:25:23
          at Array.map (<anonymous>)
      at node_modules/@radix-ui/react-compose-refs/src/compose-refs.tsx:24:27
      at setRef (node_modules/@radix-ui/react-compose-refs/src/compose-refs.tsx:11:12)
      at node_modules/@radix-ui/react-compose-refs/src/compose-refs.tsx:25:23
          at Array.map (<anonymous>)
      at node_modules/@radix-ui/react-compose-refs/src/compose-refs.tsx:24:27
      at commitAttachRef (node_modules/react-dom/cjs/react-dom-client.development.js:13482:44)
      at runWithFiberInDEV (node_modules/react-dom/cjs/react-dom-client.development.js:874:13)
      at safelyAttachRef (node_modules/react-dom/cjs/react-dom-client.development.js:13500:9)
      at commitLayoutEffectOnFiber (node_modules/react-dom/cjs/react-dom-client.development.js:14089:26)
      at recursivelyTraverseLayoutEffects (node_modules/react-dom/cjs/react-dom-client.development.js:15159:11)
      at commitLayoutEffectOnFiber (node_modules/react-dom/cjs/react-dom-client.development.js:13949:11)
      at recursivelyTraverseLayoutEffects (node_modules/react-dom/cjs/react-dom-client.development.js:15159:11)
      at commitLayoutEffectOnFiber (node_modules/react-dom/cjs/react-dom-client.development.js:13949:11)
      at recursivelyTraverseLayoutEffects (node_modules/react-dom/cjs/react-dom-client.development.js:15159:11)
      at commitLayoutEffectOnFiber (node_modules/react-dom/cjs/react-dom-client.development.js:13949:11)
      at recursivelyTraverseLayoutEffects (node_modules/react-dom/cjs/react-dom-client.development.js:15159:11)
      at commitLayoutEffectOnFiber (node_modules/react-dom/cjs/react-dom-client.development.js:13949:11)
      at recursivelyTraverseLayoutEffects (node_modules/react-dom/cjs/react-dom-client.development.js:15159:11)
      at commitLayoutEffectOnFiber (node_modules/react-dom/cjs/react-dom-client.development.js:13949:11)
      at recursivelyTraverseLayoutEffects (node_modules/react-dom/cjs/react-dom-client.development.js:15159:11)
      at commitLayoutEffectOnFiber (node_modules/react-dom/cjs/react-dom-client.development.js:13949:11)
      at recursivelyTraverseLayoutEffects (node_modules/react-dom/cjs/react-dom-client.development.js:15159:11)
      at commitLayoutEffectOnFiber (node_modules/react-dom/cjs/react-dom-client.development.js:13949:11)
      at recursivelyTraverseLayoutEffects (node_modules/react-dom/cjs/react-dom-client.development.js:15159:11)
      at commitLayoutEffectOnFiber (node_modules/react-dom/cjs/react-dom-client.development.js:14165:11)
      at recursivelyTraverseLayoutEffects (node_modules/react-dom/cjs/react-dom-client.development.js:15159:11)
      at commitLayoutEffectOnFiber (node_modules/react-dom/cjs/react-dom-client.development.js:13949:11)
      at recursivelyTraverseLayoutEffects (node_modules/react-dom/cjs/react-dom-client.development.js:15159:11)
      at commitLayoutEffectOnFiber (node_modules/react-dom/cjs/react-dom-client.development.js:14165:11)
      at recursivelyTraverseLayoutEffects (node_modules/react-dom/cjs/react-dom-client.development.js:15159:11)
      at commitLayoutEffectOnFiber (node_modules/react-dom/cjs/react-dom-client.development.js:13949:11)
      at recursivelyTraverseLayoutEffects (node_modules/react-dom/cjs/react-dom-client.development.js:15159:11)
      at commitLayoutEffectOnFiber (node_modules/react-dom/cjs/react-dom-client.development.js:13949:11)
      at recursivelyTraverseLayoutEffects (node_modules/react-dom/cjs/react-dom-client.development.js:15159:11)
      at commitLayoutEffectOnFiber (node_modules/react-dom/cjs/react-dom-client.development.js:14165:11)
      at recursivelyTraverseLayoutEffects (node_modules/react-dom/cjs/react-dom-client.development.js:15159:11)
      at commitLayoutEffectOnFiber (node_modules/react-dom/cjs/react-dom-client.development.js:13949:11)
      at recursivelyTraverseLayoutEffects (node_modules/react-dom/cjs/react-dom-client.development.js:15159:11)
      at commitLayoutEffectOnFiber (node_modules/react-dom/cjs/react-dom-client.development.js:14165:11)
      at recursivelyTraverseLayoutEffects (node_modules/react-dom/cjs/react-dom-client.development.js:15159:11)
      at commitLayoutEffectOnFiber (node_modules/react-dom/cjs/react-dom-client.development.js:13949:11)
      at recursivelyTraverseLayoutEffects (node_modules/react-dom/cjs/react-dom-client.development.js:15159:11)
      at commitLayoutEffectOnFiber (node_modules/react-dom/cjs/react-dom-client.development.js:13949:11)
      at recursivelyTraverseLayoutEffects (node_modules/react-dom/cjs/react-dom-client.development.js:15159:11)
      at commitLayoutEffectOnFiber (node_modules/react-dom/cjs/react-dom-client.development.js:13949:11)
      at recursivelyTraverseLayoutEffects (node_modules/react-dom/cjs/react-dom-client.development.js:15159:11)
      at commitLayoutEffectOnFiber (node_modules/react-dom/cjs/react-dom-client.development.js:14065:11)
      at recursivelyTraverseLayoutEffects (node_modules/react-dom/cjs/react-dom-client.development.js:15159:11)
      at commitLayoutEffectOnFiber (node_modules/react-dom/cjs/react-dom-client.development.js:14065:11)
      at recursivelyTraverseLayoutEffects (node_modules/react-dom/cjs/react-dom-client.development.js:15159:11)
      at commitLayoutEffectOnFiber (node_modules/react-dom/cjs/react-dom-client.development.js:14065:11)
      at recursivelyTraverseLayoutEffects (node_modules/react-dom/cjs/react-dom-client.development.js:15159:11)
      at commitLayoutEffectOnFiber (node_modules/react-dom/cjs/react-dom-client.development.js:13949:11)
      at recursivelyTraverseLayoutEffects (node_modules/react-dom/cjs/react-dom-client.development.js:15159:11)
      at commitLayoutEffectOnFiber (node_modules/react-dom/cjs/react-dom-client.development.js:14165:11)
      at recursivelyTraverseLayoutEffects (node_modules/react-dom/cjs/react-dom-client.development.js:15159:11)
      at commitLayoutEffectOnFiber (node_modules/react-dom/cjs/react-dom-client.development.js:14165:11)
      at recursivelyTraverseLayoutEffects (node_modules/react-dom/cjs/react-dom-client.development.js:15159:11)
      at commitLayoutEffectOnFiber (node_modules/react-dom/cjs/react-dom-client.development.js:13949:11)
      at recursivelyTraverseLayoutEffects (node_modules/react-dom/cjs/react-dom-client.development.js:15159:11)
      at commitLayoutEffectOnFiber (node_modules/react-dom/cjs/react-dom-client.development.js:13949:11)
      at recursivelyTraverseLayoutEffects (node_modules/react-dom/cjs/react-dom-client.development.js:15159:11)
      at commitLayoutEffectOnFiber (node_modules/react-dom/cjs/react-dom-client.development.js:14165:11)
      at recursivelyTraverseLayoutEffects (node_modules/react-dom/cjs/react-dom-client.development.js:15159:11)
      at commitLayoutEffectOnFiber (node_modules/react-dom/cjs/react-dom-client.development.js:13949:11)
      at recursivelyTraverseLayoutEffects (node_modules/react-dom/cjs/react-dom-client.development.js:15159:11)
      at commitLayoutEffectOnFiber (node_modules/react-dom/cjs/react-dom-client.development.js:13949:11)
      at recursivelyTraverseLayoutEffects (node_modules/react-dom/cjs/react-dom-client.development.js:15159:11)
      at commitLayoutEffectOnFiber (node_modules/react-dom/cjs/react-dom-client.development.js:14031:11)
      at flushLayoutEffects (node_modules/react-dom/cjs/react-dom-client.development.js:18138:15)
      at commitRoot (node_modules/react-dom/cjs/react-dom-client.development.js:17954:9)
      at commitRootWhenReady (node_modules/react-dom/cjs/react-dom-client.development.js:16824:7)
      at performWorkOnRoot (node_modules/react-dom/cjs/react-dom-client.development.js:16722:15)
      at performWorkOnRootViaSchedulerTask (node_modules/react-dom/cjs/react-dom-client.development.js:18957:7)
      at performWorkUntilDeadline (node_modules/scheduler/cjs/scheduler.development.js:45:48)
      at Timeout.task [as _onTimeout] (node_modules/jsdom/lib/jsdom/browser/Window.js:579:19)

    console.error
      An update to SelectItemText inside a test was not wrapped in act(...).
      
      When testing, code that causes React state updates should be wrapped into act(...):
      
      act(() => {
        /* fire events that update state */
      });
      /* assert on the output */
      
      This ensures that you're testing the behavior the user would see in the browser. Learn more at https://react.dev/link/wrap-tests-with-act

      at node_modules/react-dom/cjs/react-dom-client.development.js:18758:19
      at runWithFiberInDEV (node_modules/react-dom/cjs/react-dom-client.development.js:874:13)
      at warnIfUpdatesNotWrappedWithActDEV (node_modules/react-dom/cjs/react-dom-client.development.js:18757:9)
      at scheduleUpdateOnFiber (node_modules/react-dom/cjs/react-dom-client.development.js:16409:11)
      at dispatchSetStateInternal (node_modules/react-dom/cjs/react-dom-client.development.js:9170:13)
      at dispatchSetState (node_modules/react-dom/cjs/react-dom-client.development.js:9127:7)
      at node_modules/@radix-ui/react-select/src/select.tsx:1378:17
      at setRef (node_modules/@radix-ui/react-compose-refs/src/compose-refs.tsx:11:12)
      at node_modules/@radix-ui/react-compose-refs/src/compose-refs.tsx:25:23
          at Array.map (<anonymous>)
      at node_modules/@radix-ui/react-compose-refs/src/compose-refs.tsx:24:27
      at commitAttachRef (node_modules/react-dom/cjs/react-dom-client.development.js:13482:44)
      at runWithFiberInDEV (node_modules/react-dom/cjs/react-dom-client.development.js:874:13)
      at safelyAttachRef (node_modules/react-dom/cjs/react-dom-client.development.js:13500:9)
      at commitLayoutEffectOnFiber (node_modules/react-dom/cjs/react-dom-client.development.js:14089:26)
      at recursivelyTraverseLayoutEffects (node_modules/react-dom/cjs/react-dom-client.development.js:15159:11)
      at commitLayoutEffectOnFiber (node_modules/react-dom/cjs/react-dom-client.development.js:13949:11)
      at recursivelyTraverseLayoutEffects (node_modules/react-dom/cjs/react-dom-client.development.js:15159:11)
      at commitLayoutEffectOnFiber (node_modules/react-dom/cjs/react-dom-client.development.js:13949:11)
      at recursivelyTraverseLayoutEffects (node_modules/react-dom/cjs/react-dom-client.development.js:15159:11)
      at commitLayoutEffectOnFiber (node_modules/react-dom/cjs/react-dom-client.development.js:14065:11)
      at recursivelyTraverseLayoutEffects (node_modules/react-dom/cjs/react-dom-client.development.js:15159:11)
      at commitLayoutEffectOnFiber (node_modules/react-dom/cjs/react-dom-client.development.js:13949:11)
      at recursivelyTraverseLayoutEffects (node_modules/react-dom/cjs/react-dom-client.development.js:15159:11)
      at commitLayoutEffectOnFiber (node_modules/react-dom/cjs/react-dom-client.development.js:13949:11)
      at recursivelyTraverseLayoutEffects (node_modules/react-dom/cjs/react-dom-client.development.js:15159:11)
      at commitLayoutEffectOnFiber (node_modules/react-dom/cjs/react-dom-client.development.js:13949:11)
      at recursivelyTraverseLayoutEffects (node_modules/react-dom/cjs/react-dom-client.development.js:15159:11)
      at commitLayoutEffectOnFiber (node_modules/react-dom/cjs/react-dom-client.development.js:13949:11)
      at recursivelyTraverseLayoutEffects (node_modules/react-dom/cjs/react-dom-client.development.js:15159:11)
      at commitLayoutEffectOnFiber (node_modules/react-dom/cjs/react-dom-client.development.js:14165:11)
      at recursivelyTraverseLayoutEffects (node_modules/react-dom/cjs/react-dom-client.development.js:15159:11)
      at commitLayoutEffectOnFiber (node_modules/react-dom/cjs/react-dom-client.development.js:13949:11)
      at recursivelyTraverseLayoutEffects (node_modules/react-dom/cjs/react-dom-client.development.js:15159:11)
      at commitLayoutEffectOnFiber (node_modules/react-dom/cjs/react-dom-client.development.js:13949:11)
      at recursivelyTraverseLayoutEffects (node_modules/react-dom/cjs/react-dom-client.development.js:15159:11)
      at commitLayoutEffectOnFiber (node_modules/react-dom/cjs/react-dom-client.development.js:13949:11)
      at recursivelyTraverseLayoutEffects (node_modules/react-dom/cjs/react-dom-client.development.js:15159:11)
      at commitLayoutEffectOnFiber (node_modules/react-dom/cjs/react-dom-client.development.js:14065:11)
      at recursivelyTraverseLayoutEffects (node_modules/react-dom/cjs/react-dom-client.development.js:15159:11)
      at commitLayoutEffectOnFiber (node_modules/react-dom/cjs/react-dom-client.development.js:13949:11)
      at recursivelyTraverseLayoutEffects (node_modules/react-dom/cjs/react-dom-client.development.js:15159:11)
      at commitLayoutEffectOnFiber (node_modules/react-dom/cjs/react-dom-client.development.js:13949:11)
      at recursivelyTraverseLayoutEffects (node_modules/react-dom/cjs/react-dom-client.development.js:15159:11)
      at commitLayoutEffectOnFiber (node_modules/react-dom/cjs/react-dom-client.development.js:13949:11)
      at recursivelyTraverseLayoutEffects (node_modules/react-dom/cjs/react-dom-client.development.js:15159:11)
      at commitLayoutEffectOnFiber (node_modules/react-dom/cjs/react-dom-client.development.js:13949:11)
      at recursivelyTraverseLayoutEffects (node_modules/react-dom/cjs/react-dom-client.development.js:15159:11)
      at commitLayoutEffectOnFiber (node_modules/react-dom/cjs/react-dom-client.development.js:13949:11)
      at recursivelyTraverseLayoutEffects (node_modules/react-dom/cjs/react-dom-client.development.js:15159:11)
      at commitLayoutEffectOnFiber (node_modules/react-dom/cjs/react-dom-client.development.js:14065:11)
      at recursivelyTraverseLayoutEffects (node_modules/react-dom/cjs/react-dom-client.development.js:15159:11)
      at commitLayoutEffectOnFiber (node_modules/react-dom/cjs/react-dom-client.development.js:13949:11)
      at recursivelyTraverseLayoutEffects (node_modules/react-dom/cjs/react-dom-client.development.js:15159:11)
      at commitLayoutEffectOnFiber (node_modules/react-dom/cjs/react-dom-client.development.js:13949:11)
      at recursivelyTraverseLayoutEffects (node_modules/react-dom/cjs/react-dom-client.development.js:15159:11)
      at commitLayoutEffectOnFiber (node_modules/react-dom/cjs/react-dom-client.development.js:13949:11)
      at recursivelyTraverseLayoutEffects (node_modules/react-dom/cjs/react-dom-client.development.js:15159:11)
      at commitLayoutEffectOnFiber (node_modules/react-dom/cjs/react-dom-client.development.js:14165:11)
      at recursivelyTraverseLayoutEffects (node_modules/react-dom/cjs/react-dom-client.development.js:15159:11)
      at commitLayoutEffectOnFiber (node_modules/react-dom/cjs/react-dom-client.development.js:13949:11)
      at recursivelyTraverseLayoutEffects (node_modules/react-dom/cjs/react-dom-client.development.js:15159:11)
      at commitLayoutEffectOnFiber (node_modules/react-dom/cjs/react-dom-client.development.js:14165:11)
      at recursivelyTraverseLayoutEffects (node_modules/react-dom/cjs/react-dom-client.development.js:15159:11)
      at commitLayoutEffectOnFiber (node_modules/react-dom/cjs/react-dom-client.development.js:13949:11)
      at recursivelyTraverseLayoutEffects (node_modules/react-dom/cjs/react-dom-client.development.js:15159:11)
      at commitLayoutEffectOnFiber (node_modules/react-dom/cjs/react-dom-client.development.js:13949:11)
      at recursivelyTraverseLayoutEffects (node_modules/react-dom/cjs/react-dom-client.development.js:15159:11)
      at commitLayoutEffectOnFiber (node_modules/react-dom/cjs/react-dom-client.development.js:13949:11)
      at recursivelyTraverseLayoutEffects (node_modules/react-dom/cjs/react-dom-client.development.js:15159:11)
      at commitLayoutEffectOnFiber (node_modules/react-dom/cjs/react-dom-client.development.js:13949:11)
      at recursivelyTraverseLayoutEffects (node_modules/react-dom/cjs/react-dom-client.development.js:15159:11)
      at commitLayoutEffectOnFiber (node_modules/react-dom/cjs/react-dom-client.development.js:14165:11)
      at recursivelyTraverseLayoutEffects (node_modules/react-dom/cjs/react-dom-client.development.js:15159:11)
      at commitLayoutEffectOnFiber (node_modules/react-dom/cjs/react-dom-client.development.js:13949:11)
      at recursivelyTraverseLayoutEffects (node_modules/react-dom/cjs/react-dom-client.development.js:15159:11)
      at commitLayoutEffectOnFiber (node_modules/react-dom/cjs/react-dom-client.development.js:13949:11)
      at recursivelyTraverseLayoutEffects (node_modules/react-dom/cjs/react-dom-client.development.js:15159:11)
      at commitLayoutEffectOnFiber (node_modules/react-dom/cjs/react-dom-client.development.js:13949:11)
      at recursivelyTraverseLayoutEffects (node_modules/react-dom/cjs/react-dom-client.development.js:15159:11)
      at commitLayoutEffectOnFiber (node_modules/react-dom/cjs/react-dom-client.development.js:14165:11)
      at recursivelyTraverseLayoutEffects (node_modules/react-dom/cjs/react-dom-client.development.js:15159:11)
      at commitLayoutEffectOnFiber (node_modules/react-dom/cjs/react-dom-client.development.js:13949:11)
      at recursivelyTraverseLayoutEffects (node_modules/react-dom/cjs/react-dom-client.development.js:15159:11)
      at commitLayoutEffectOnFiber (node_modules/react-dom/cjs/react-dom-client.development.js:14165:11)
      at recursivelyTraverseLayoutEffects (node_modules/react-dom/cjs/react-dom-client.development.js:15159:11)
      at commitLayoutEffectOnFiber (node_modules/react-dom/cjs/react-dom-client.development.js:13949:11)
      at recursivelyTraverseLayoutEffects (node_modules/react-dom/cjs/react-dom-client.development.js:15159:11)
      at commitLayoutEffectOnFiber (node_modules/react-dom/cjs/react-dom-client.development.js:13949:11)
      at recursivelyTraverseLayoutEffects (node_modules/react-dom/cjs/react-dom-client.development.js:15159:11)
      at commitLayoutEffectOnFiber (node_modules/react-dom/cjs/react-dom-client.development.js:14165:11)
      at recursivelyTraverseLayoutEffects (node_modules/react-dom/cjs/react-dom-client.development.js:15159:11)
      at commitLayoutEffectOnFiber (node_modules/react-dom/cjs/react-dom-client.development.js:13949:11)
      at recursivelyTraverseLayoutEffects (node_modules/react-dom/cjs/react-dom-client.development.js:15159:11)
      at commitLayoutEffectOnFiber (node_modules/react-dom/cjs/react-dom-client.development.js:14165:11)
      at recursivelyTraverseLayoutEffects (node_modules/react-dom/cjs/react-dom-client.development.js:15159:11)
      at commitLayoutEffectOnFiber (node_modules/react-dom/cjs/react-dom-client.development.js:13949:11)
      at recursivelyTraverseLayoutEffects (node_modules/react-dom/cjs/react-dom-client.development.js:15159:11)

    console.error
      An update to SelectItem inside a test was not wrapped in act(...).
      
      When testing, code that causes React state updates should be wrapped into act(...):
      
      act(() => {
        /* fire events that update state */
      });
      /* assert on the output */
      
      This ensures that you're testing the behavior the user would see in the browser. Learn more at https://react.dev/link/wrap-tests-with-act

      at node_modules/react-dom/cjs/react-dom-client.development.js:18758:19
      at runWithFiberInDEV (node_modules/react-dom/cjs/react-dom-client.development.js:874:13)
      at warnIfUpdatesNotWrappedWithActDEV (node_modules/react-dom/cjs/react-dom-client.development.js:18757:9)
      at scheduleUpdateOnFiber (node_modules/react-dom/cjs/react-dom-client.development.js:16409:11)
      at dispatchSetStateInternal (node_modules/react-dom/cjs/react-dom-client.development.js:9170:13)
      at dispatchSetState (node_modules/react-dom/cjs/react-dom-client.development.js:9127:7)
      at node_modules/@radix-ui/react-select/src/select.tsx:1291:11
      at setRef (node_modules/@radix-ui/react-compose-refs/src/compose-refs.tsx:11:12)
      at node_modules/@radix-ui/react-compose-refs/src/compose-refs.tsx:25:23
          at Array.map (<anonymous>)
      at node_modules/@radix-ui/react-compose-refs/src/compose-refs.tsx:24:27
      at commitAttachRef (node_modules/react-dom/cjs/react-dom-client.development.js:13482:44)
      at runWithFiberInDEV (node_modules/react-dom/cjs/react-dom-client.development.js:874:13)
      at safelyAttachRef (node_modules/react-dom/cjs/react-dom-client.development.js:13500:9)
      at commitLayoutEffectOnFiber (node_modules/react-dom/cjs/react-dom-client.development.js:14089:26)
      at recursivelyTraverseLayoutEffects (node_modules/react-dom/cjs/react-dom-client.development.js:15159:11)
      at commitLayoutEffectOnFiber (node_modules/react-dom/cjs/react-dom-client.development.js:13949:11)
      at recursivelyTraverseLayoutEffects (node_modules/react-dom/cjs/react-dom-client.development.js:15159:11)
      at commitLayoutEffectOnFiber (node_modules/react-dom/cjs/react-dom-client.development.js:13949:11)
      at recursivelyTraverseLayoutEffects (node_modules/react-dom/cjs/react-dom-client.development.js:15159:11)
      at commitLayoutEffectOnFiber (node_modules/react-dom/cjs/react-dom-client.development.js:14065:11)
      at recursivelyTraverseLayoutEffects (node_modules/react-dom/cjs/react-dom-client.development.js:15159:11)
      at commitLayoutEffectOnFiber (node_modules/react-dom/cjs/react-dom-client.development.js:13949:11)
      at recursivelyTraverseLayoutEffects (node_modules/react-dom/cjs/react-dom-client.development.js:15159:11)
      at commitLayoutEffectOnFiber (node_modules/react-dom/cjs/react-dom-client.development.js:13949:11)
      at recursivelyTraverseLayoutEffects (node_modules/react-dom/cjs/react-dom-client.development.js:15159:11)
      at commitLayoutEffectOnFiber (node_modules/react-dom/cjs/react-dom-client.development.js:13949:11)
      at recursivelyTraverseLayoutEffects (node_modules/react-dom/cjs/react-dom-client.development.js:15159:11)
      at commitLayoutEffectOnFiber (node_modules/react-dom/cjs/react-dom-client.development.js:13949:11)
      at recursivelyTraverseLayoutEffects (node_modules/react-dom/cjs/react-dom-client.development.js:15159:11)
      at commitLayoutEffectOnFiber (node_modules/react-dom/cjs/react-dom-client.development.js:14165:11)
      at recursivelyTraverseLayoutEffects (node_modules/react-dom/cjs/react-dom-client.development.js:15159:11)
      at commitLayoutEffectOnFiber (node_modules/react-dom/cjs/react-dom-client.development.js:13949:11)
      at recursivelyTraverseLayoutEffects (node_modules/react-dom/cjs/react-dom-client.development.js:15159:11)
      at commitLayoutEffectOnFiber (node_modules/react-dom/cjs/react-dom-client.development.js:13949:11)
      at recursivelyTraverseLayoutEffects (node_modules/react-dom/cjs/react-dom-client.development.js:15159:11)
      at commitLayoutEffectOnFiber (node_modules/react-dom/cjs/react-dom-client.development.js:13949:11)
      at recursivelyTraverseLayoutEffects (node_modules/react-dom/cjs/react-dom-client.development.js:15159:11)
      at commitLayoutEffectOnFiber (node_modules/react-dom/cjs/react-dom-client.development.js:14065:11)
      at recursivelyTraverseLayoutEffects (node_modules/react-dom/cjs/react-dom-client.development.js:15159:11)
      at commitLayoutEffectOnFiber (node_modules/react-dom/cjs/react-dom-client.development.js:13949:11)
      at recursivelyTraverseLayoutEffects (node_modules/react-dom/cjs/react-dom-client.development.js:15159:11)
      at commitLayoutEffectOnFiber (node_modules/react-dom/cjs/react-dom-client.development.js:13949:11)
      at recursivelyTraverseLayoutEffects (node_modules/react-dom/cjs/react-dom-client.development.js:15159:11)
      at commitLayoutEffectOnFiber (node_modules/react-dom/cjs/react-dom-client.development.js:13949:11)
      at recursivelyTraverseLayoutEffects (node_modules/react-dom/cjs/react-dom-client.development.js:15159:11)
      at commitLayoutEffectOnFiber (node_modules/react-dom/cjs/react-dom-client.development.js:13949:11)
      at recursivelyTraverseLayoutEffects (node_modules/react-dom/cjs/react-dom-client.development.js:15159:11)
      at commitLayoutEffectOnFiber (node_modules/react-dom/cjs/react-dom-client.development.js:13949:11)
      at recursivelyTraverseLayoutEffects (node_modules/react-dom/cjs/react-dom-client.development.js:15159:11)
      at commitLayoutEffectOnFiber (node_modules/react-dom/cjs/react-dom-client.development.js:14065:11)
      at recursivelyTraverseLayoutEffects (node_modules/react-dom/cjs/react-dom-client.development.js:15159:11)
      at commitLayoutEffectOnFiber (node_modules/react-dom/cjs/react-dom-client.development.js:13949:11)
      at recursivelyTraverseLayoutEffects (node_modules/react-dom/cjs/react-dom-client.development.js:15159:11)
      at commitLayoutEffectOnFiber (node_modules/react-dom/cjs/react-dom-client.development.js:13949:11)
      at recursivelyTraverseLayoutEffects (node_modules/react-dom/cjs/react-dom-client.development.js:15159:11)
      at commitLayoutEffectOnFiber (node_modules/react-dom/cjs/react-dom-client.development.js:13949:11)
      at recursivelyTraverseLayoutEffects (node_modules/react-dom/cjs/react-dom-client.development.js:15159:11)
      at commitLayoutEffectOnFiber (node_modules/react-dom/cjs/react-dom-client.development.js:14165:11)
      at recursivelyTraverseLayoutEffects (node_modules/react-dom/cjs/react-dom-client.development.js:15159:11)
      at commitLayoutEffectOnFiber (node_modules/react-dom/cjs/react-dom-client.development.js:13949:11)
      at recursivelyTraverseLayoutEffects (node_modules/react-dom/cjs/react-dom-client.development.js:15159:11)
      at commitLayoutEffectOnFiber (node_modules/react-dom/cjs/react-dom-client.development.js:14165:11)
      at recursivelyTraverseLayoutEffects (node_modules/react-dom/cjs/react-dom-client.development.js:15159:11)
      at commitLayoutEffectOnFiber (node_modules/react-dom/cjs/react-dom-client.development.js:13949:11)
      at recursivelyTraverseLayoutEffects (node_modules/react-dom/cjs/react-dom-client.development.js:15159:11)
      at commitLayoutEffectOnFiber (node_modules/react-dom/cjs/react-dom-client.development.js:13949:11)
      at recursivelyTraverseLayoutEffects (node_modules/react-dom/cjs/react-dom-client.development.js:15159:11)
      at commitLayoutEffectOnFiber (node_modules/react-dom/cjs/react-dom-client.development.js:13949:11)
      at recursivelyTraverseLayoutEffects (node_modules/react-dom/cjs/react-dom-client.development.js:15159:11)
      at commitLayoutEffectOnFiber (node_modules/react-dom/cjs/react-dom-client.development.js:13949:11)
      at recursivelyTraverseLayoutEffects (node_modules/react-dom/cjs/react-dom-client.development.js:15159:11)
      at commitLayoutEffectOnFiber (node_modules/react-dom/cjs/react-dom-client.development.js:14165:11)
      at recursivelyTraverseLayoutEffects (node_modules/react-dom/cjs/react-dom-client.development.js:15159:11)
      at commitLayoutEffectOnFiber (node_modules/react-dom/cjs/react-dom-client.development.js:13949:11)
      at recursivelyTraverseLayoutEffects (node_modules/react-dom/cjs/react-dom-client.development.js:15159:11)
      at commitLayoutEffectOnFiber (node_modules/react-dom/cjs/react-dom-client.development.js:13949:11)
      at recursivelyTraverseLayoutEffects (node_modules/react-dom/cjs/react-dom-client.development.js:15159:11)
      at commitLayoutEffectOnFiber (node_modules/react-dom/cjs/react-dom-client.development.js:13949:11)
      at recursivelyTraverseLayoutEffects (node_modules/react-dom/cjs/react-dom-client.development.js:15159:11)
      at commitLayoutEffectOnFiber (node_modules/react-dom/cjs/react-dom-client.development.js:14165:11)
      at recursivelyTraverseLayoutEffects (node_modules/react-dom/cjs/react-dom-client.development.js:15159:11)
      at commitLayoutEffectOnFiber (node_modules/react-dom/cjs/react-dom-client.development.js:13949:11)
      at recursivelyTraverseLayoutEffects (node_modules/react-dom/cjs/react-dom-client.development.js:15159:11)
      at commitLayoutEffectOnFiber (node_modules/react-dom/cjs/react-dom-client.development.js:14165:11)
      at recursivelyTraverseLayoutEffects (node_modules/react-dom/cjs/react-dom-client.development.js:15159:11)
      at commitLayoutEffectOnFiber (node_modules/react-dom/cjs/react-dom-client.development.js:13949:11)
      at recursivelyTraverseLayoutEffects (node_modules/react-dom/cjs/react-dom-client.development.js:15159:11)
      at commitLayoutEffectOnFiber (node_modules/react-dom/cjs/react-dom-client.development.js:13949:11)
      at recursivelyTraverseLayoutEffects (node_modules/react-dom/cjs/react-dom-client.development.js:15159:11)
      at commitLayoutEffectOnFiber (node_modules/react-dom/cjs/react-dom-client.development.js:14165:11)
      at recursivelyTraverseLayoutEffects (node_modules/react-dom/cjs/react-dom-client.development.js:15159:11)
      at commitLayoutEffectOnFiber (node_modules/react-dom/cjs/react-dom-client.development.js:13949:11)
      at recursivelyTraverseLayoutEffects (node_modules/react-dom/cjs/react-dom-client.development.js:15159:11)
      at commitLayoutEffectOnFiber (node_modules/react-dom/cjs/react-dom-client.development.js:14165:11)
      at recursivelyTraverseLayoutEffects (node_modules/react-dom/cjs/react-dom-client.development.js:15159:11)
      at commitLayoutEffectOnFiber (node_modules/react-dom/cjs/react-dom-client.development.js:13949:11)
      at recursivelyTraverseLayoutEffects (node_modules/react-dom/cjs/react-dom-client.development.js:15159:11)

    console.error
      An update to SelectItemText inside a test was not wrapped in act(...).
      
      When testing, code that causes React state updates should be wrapped into act(...):
      
      act(() => {
        /* fire events that update state */
      });
      /* assert on the output */
      
      This ensures that you're testing the behavior the user would see in the browser. Learn more at https://react.dev/link/wrap-tests-with-act

      at node_modules/react-dom/cjs/react-dom-client.development.js:18758:19
      at runWithFiberInDEV (node_modules/react-dom/cjs/react-dom-client.development.js:874:13)
      at warnIfUpdatesNotWrappedWithActDEV (node_modules/react-dom/cjs/react-dom-client.development.js:18757:9)
      at scheduleUpdateOnFiber (node_modules/react-dom/cjs/react-dom-client.development.js:16409:11)
      at dispatchSetStateInternal (node_modules/react-dom/cjs/react-dom-client.development.js:9170:13)
      at dispatchSetState (node_modules/react-dom/cjs/react-dom-client.development.js:9127:7)
      at node_modules/@radix-ui/react-select/src/select.tsx:1378:17
      at setRef (node_modules/@radix-ui/react-compose-refs/src/compose-refs.tsx:11:12)
      at node_modules/@radix-ui/react-compose-refs/src/compose-refs.tsx:25:23
          at Array.map (<anonymous>)
      at node_modules/@radix-ui/react-compose-refs/src/compose-refs.tsx:24:27
      at commitAttachRef (node_modules/react-dom/cjs/react-dom-client.development.js:13482:44)
      at runWithFiberInDEV (node_modules/react-dom/cjs/react-dom-client.development.js:874:13)
      at safelyAttachRef (node_modules/react-dom/cjs/react-dom-client.development.js:13500:9)
      at commitLayoutEffectOnFiber (node_modules/react-dom/cjs/react-dom-client.development.js:14089:26)
      at recursivelyTraverseLayoutEffects (node_modules/react-dom/cjs/react-dom-client.development.js:15159:11)
      at commitLayoutEffectOnFiber (node_modules/react-dom/cjs/react-dom-client.development.js:13949:11)
      at recursivelyTraverseLayoutEffects (node_modules/react-dom/cjs/react-dom-client.development.js:15159:11)
      at commitLayoutEffectOnFiber (node_modules/react-dom/cjs/react-dom-client.development.js:13949:11)
      at recursivelyTraverseLayoutEffects (node_modules/react-dom/cjs/react-dom-client.development.js:15159:11)
      at commitLayoutEffectOnFiber (node_modules/react-dom/cjs/react-dom-client.development.js:14065:11)
      at recursivelyTraverseLayoutEffects (node_modules/react-dom/cjs/react-dom-client.development.js:15159:11)
      at commitLayoutEffectOnFiber (node_modules/react-dom/cjs/react-dom-client.development.js:13949:11)
      at recursivelyTraverseLayoutEffects (node_modules/react-dom/cjs/react-dom-client.development.js:15159:11)
      at commitLayoutEffectOnFiber (node_modules/react-dom/cjs/react-dom-client.development.js:13949:11)
      at recursivelyTraverseLayoutEffects (node_modules/react-dom/cjs/react-dom-client.development.js:15159:11)
      at commitLayoutEffectOnFiber (node_modules/react-dom/cjs/react-dom-client.development.js:13949:11)
      at recursivelyTraverseLayoutEffects (node_modules/react-dom/cjs/react-dom-client.development.js:15159:11)
      at commitLayoutEffectOnFiber (node_modules/react-dom/cjs/react-dom-client.development.js:13949:11)
      at recursivelyTraverseLayoutEffects (node_modules/react-dom/cjs/react-dom-client.development.js:15159:11)
      at commitLayoutEffectOnFiber (node_modules/react-dom/cjs/react-dom-client.development.js:14165:11)
      at recursivelyTraverseLayoutEffects (node_modules/react-dom/cjs/react-dom-client.development.js:15159:11)
      at commitLayoutEffectOnFiber (node_modules/react-dom/cjs/react-dom-client.development.js:13949:11)
      at recursivelyTraverseLayoutEffects (node_modules/react-dom/cjs/react-dom-client.development.js:15159:11)
      at commitLayoutEffectOnFiber (node_modules/react-dom/cjs/react-dom-client.development.js:13949:11)
      at recursivelyTraverseLayoutEffects (node_modules/react-dom/cjs/react-dom-client.development.js:15159:11)
      at commitLayoutEffectOnFiber (node_modules/react-dom/cjs/react-dom-client.development.js:13949:11)
      at recursivelyTraverseLayoutEffects (node_modules/react-dom/cjs/react-dom-client.development.js:15159:11)
      at commitLayoutEffectOnFiber (node_modules/react-dom/cjs/react-dom-client.development.js:14065:11)
      at recursivelyTraverseLayoutEffects (node_modules/react-dom/cjs/react-dom-client.development.js:15159:11)
      at commitLayoutEffectOnFiber (node_modules/react-dom/cjs/react-dom-client.development.js:13949:11)
      at recursivelyTraverseLayoutEffects (node_modules/react-dom/cjs/react-dom-client.development.js:15159:11)
      at commitLayoutEffectOnFiber (node_modules/react-dom/cjs/react-dom-client.development.js:13949:11)
      at recursivelyTraverseLayoutEffects (node_modules/react-dom/cjs/react-dom-client.development.js:15159:11)
      at commitLayoutEffectOnFiber (node_modules/react-dom/cjs/react-dom-client.development.js:13949:11)
      at recursivelyTraverseLayoutEffects (node_modules/react-dom/cjs/react-dom-client.development.js:15159:11)
      at commitLayoutEffectOnFiber (node_modules/react-dom/cjs/react-dom-client.development.js:13949:11)
      at recursivelyTraverseLayoutEffects (node_modules/react-dom/cjs/react-dom-client.development.js:15159:11)
      at commitLayoutEffectOnFiber (node_modules/react-dom/cjs/react-dom-client.development.js:13949:11)
      at recursivelyTraverseLayoutEffects (node_modules/react-dom/cjs/react-dom-client.development.js:15159:11)
      at commitLayoutEffectOnFiber (node_modules/react-dom/cjs/react-dom-client.development.js:14065:11)
      at recursivelyTraverseLayoutEffects (node_modules/react-dom/cjs/react-dom-client.development.js:15159:11)
      at commitLayoutEffectOnFiber (node_modules/react-dom/cjs/react-dom-client.development.js:13949:11)
      at recursivelyTraverseLayoutEffects (node_modules/react-dom/cjs/react-dom-client.development.js:15159:11)
      at commitLayoutEffectOnFiber (node_modules/react-dom/cjs/react-dom-client.development.js:13949:11)
      at recursivelyTraverseLayoutEffects (node_modules/react-dom/cjs/react-dom-client.development.js:15159:11)
      at commitLayoutEffectOnFiber (node_modules/react-dom/cjs/react-dom-client.development.js:13949:11)
      at recursivelyTraverseLayoutEffects (node_modules/react-dom/cjs/react-dom-client.development.js:15159:11)
      at commitLayoutEffectOnFiber (node_modules/react-dom/cjs/react-dom-client.development.js:14165:11)
      at recursivelyTraverseLayoutEffects (node_modules/react-dom/cjs/react-dom-client.development.js:15159:11)
      at commitLayoutEffectOnFiber (node_modules/react-dom/cjs/react-dom-client.development.js:13949:11)
      at recursivelyTraverseLayoutEffects (node_modules/react-dom/cjs/react-dom-client.development.js:15159:11)
      at commitLayoutEffectOnFiber (node_modules/react-dom/cjs/react-dom-client.development.js:14165:11)
      at recursivelyTraverseLayoutEffects (node_modules/react-dom/cjs/react-dom-client.development.js:15159:11)
      at commitLayoutEffectOnFiber (node_modules/react-dom/cjs/react-dom-client.development.js:13949:11)
      at recursivelyTraverseLayoutEffects (node_modules/react-dom/cjs/react-dom-client.development.js:15159:11)
      at commitLayoutEffectOnFiber (node_modules/react-dom/cjs/react-dom-client.development.js:13949:11)
      at recursivelyTraverseLayoutEffects (node_modules/react-dom/cjs/react-dom-client.development.js:15159:11)
      at commitLayoutEffectOnFiber (node_modules/react-dom/cjs/react-dom-client.development.js:13949:11)
      at recursivelyTraverseLayoutEffects (node_modules/react-dom/cjs/react-dom-client.development.js:15159:11)
      at commitLayoutEffectOnFiber (node_modules/react-dom/cjs/react-dom-client.development.js:13949:11)
      at recursivelyTraverseLayoutEffects (node_modules/react-dom/cjs/react-dom-client.development.js:15159:11)
      at commitLayoutEffectOnFiber (node_modules/react-dom/cjs/react-dom-client.development.js:14165:11)
      at recursivelyTraverseLayoutEffects (node_modules/react-dom/cjs/react-dom-client.development.js:15159:11)
      at commitLayoutEffectOnFiber (node_modules/react-dom/cjs/react-dom-client.development.js:13949:11)
      at recursivelyTraverseLayoutEffects (node_modules/react-dom/cjs/react-dom-client.development.js:15159:11)
      at commitLayoutEffectOnFiber (node_modules/react-dom/cjs/react-dom-client.development.js:13949:11)
      at recursivelyTraverseLayoutEffects (node_modules/react-dom/cjs/react-dom-client.development.js:15159:11)
      at commitLayoutEffectOnFiber (node_modules/react-dom/cjs/react-dom-client.development.js:13949:11)
      at recursivelyTraverseLayoutEffects (node_modules/react-dom/cjs/react-dom-client.development.js:15159:11)
      at commitLayoutEffectOnFiber (node_modules/react-dom/cjs/react-dom-client.development.js:14165:11)
      at recursivelyTraverseLayoutEffects (node_modules/react-dom/cjs/react-dom-client.development.js:15159:11)
      at commitLayoutEffectOnFiber (node_modules/react-dom/cjs/react-dom-client.development.js:13949:11)
      at recursivelyTraverseLayoutEffects (node_modules/react-dom/cjs/react-dom-client.development.js:15159:11)
      at commitLayoutEffectOnFiber (node_modules/react-dom/cjs/react-dom-client.development.js:14165:11)
      at recursivelyTraverseLayoutEffects (node_modules/react-dom/cjs/react-dom-client.development.js:15159:11)
      at commitLayoutEffectOnFiber (node_modules/react-dom/cjs/react-dom-client.development.js:13949:11)
      at recursivelyTraverseLayoutEffects (node_modules/react-dom/cjs/react-dom-client.development.js:15159:11)
      at commitLayoutEffectOnFiber (node_modules/react-dom/cjs/react-dom-client.development.js:13949:11)
      at recursivelyTraverseLayoutEffects (node_modules/react-dom/cjs/react-dom-client.development.js:15159:11)
      at commitLayoutEffectOnFiber (node_modules/react-dom/cjs/react-dom-client.development.js:14165:11)
      at recursivelyTraverseLayoutEffects (node_modules/react-dom/cjs/react-dom-client.development.js:15159:11)
      at commitLayoutEffectOnFiber (node_modules/react-dom/cjs/react-dom-client.development.js:13949:11)
      at recursivelyTraverseLayoutEffects (node_modules/react-dom/cjs/react-dom-client.development.js:15159:11)
      at commitLayoutEffectOnFiber (node_modules/react-dom/cjs/react-dom-client.development.js:14165:11)
      at recursivelyTraverseLayoutEffects (node_modules/react-dom/cjs/react-dom-client.development.js:15159:11)
      at commitLayoutEffectOnFiber (node_modules/react-dom/cjs/react-dom-client.development.js:13949:11)
      at recursivelyTraverseLayoutEffects (node_modules/react-dom/cjs/react-dom-client.development.js:15159:11)

    console.error
      An update to SelectItem inside a test was not wrapped in act(...).
      
      When testing, code that causes React state updates should be wrapped into act(...):
      
      act(() => {
        /* fire events that update state */
      });
      /* assert on the output */
      
      This ensures that you're testing the behavior the user would see in the browser. Learn more at https://react.dev/link/wrap-tests-with-act

      at node_modules/react-dom/cjs/react-dom-client.development.js:18758:19
      at runWithFiberInDEV (node_modules/react-dom/cjs/react-dom-client.development.js:874:13)
      at warnIfUpdatesNotWrappedWithActDEV (node_modules/react-dom/cjs/react-dom-client.development.js:18757:9)
      at scheduleUpdateOnFiber (node_modules/react-dom/cjs/react-dom-client.development.js:16409:11)
      at dispatchSetStateInternal (node_modules/react-dom/cjs/react-dom-client.development.js:9170:13)
      at dispatchSetState (node_modules/react-dom/cjs/react-dom-client.development.js:9127:7)
      at node_modules/@radix-ui/react-select/src/select.tsx:1291:11
      at setRef (node_modules/@radix-ui/react-compose-refs/src/compose-refs.tsx:11:12)
      at node_modules/@radix-ui/react-compose-refs/src/compose-refs.tsx:25:23
          at Array.map (<anonymous>)
      at node_modules/@radix-ui/react-compose-refs/src/compose-refs.tsx:24:27
      at commitAttachRef (node_modules/react-dom/cjs/react-dom-client.development.js:13482:44)
      at runWithFiberInDEV (node_modules/react-dom/cjs/react-dom-client.development.js:874:13)
      at safelyAttachRef (node_modules/react-dom/cjs/react-dom-client.development.js:13500:9)
      at commitLayoutEffectOnFiber (node_modules/react-dom/cjs/react-dom-client.development.js:14089:26)
      at recursivelyTraverseLayoutEffects (node_modules/react-dom/cjs/react-dom-client.development.js:15159:11)
      at commitLayoutEffectOnFiber (node_modules/react-dom/cjs/react-dom-client.development.js:13949:11)
      at recursivelyTraverseLayoutEffects (node_modules/react-dom/cjs/react-dom-client.development.js:15159:11)
      at commitLayoutEffectOnFiber (node_modules/react-dom/cjs/react-dom-client.development.js:13949:11)
      at recursivelyTraverseLayoutEffects (node_modules/react-dom/cjs/react-dom-client.development.js:15159:11)
      at commitLayoutEffectOnFiber (node_modules/react-dom/cjs/react-dom-client.development.js:14065:11)
      at recursivelyTraverseLayoutEffects (node_modules/react-dom/cjs/react-dom-client.development.js:15159:11)
      at commitLayoutEffectOnFiber (node_modules/react-dom/cjs/react-dom-client.development.js:13949:11)
      at recursivelyTraverseLayoutEffects (node_modules/react-dom/cjs/react-dom-client.development.js:15159:11)
      at commitLayoutEffectOnFiber (node_modules/react-dom/cjs/react-dom-client.development.js:13949:11)
      at recursivelyTraverseLayoutEffects (node_modules/react-dom/cjs/react-dom-client.development.js:15159:11)
      at commitLayoutEffectOnFiber (node_modules/react-dom/cjs/react-dom-client.development.js:13949:11)
      at recursivelyTraverseLayoutEffects (node_modules/react-dom/cjs/react-dom-client.development.js:15159:11)
      at commitLayoutEffectOnFiber (node_modules/react-dom/cjs/react-dom-client.development.js:13949:11)
      at recursivelyTraverseLayoutEffects (node_modules/react-dom/cjs/react-dom-client.development.js:15159:11)
      at commitLayoutEffectOnFiber (node_modules/react-dom/cjs/react-dom-client.development.js:14165:11)
      at recursivelyTraverseLayoutEffects (node_modules/react-dom/cjs/react-dom-client.development.js:15159:11)
      at commitLayoutEffectOnFiber (node_modules/react-dom/cjs/react-dom-client.development.js:13949:11)
      at recursivelyTraverseLayoutEffects (node_modules/react-dom/cjs/react-dom-client.development.js:15159:11)
      at commitLayoutEffectOnFiber (node_modules/react-dom/cjs/react-dom-client.development.js:13949:11)
      at recursivelyTraverseLayoutEffects (node_modules/react-dom/cjs/react-dom-client.development.js:15159:11)
      at commitLayoutEffectOnFiber (node_modules/react-dom/cjs/react-dom-client.development.js:13949:11)
      at recursivelyTraverseLayoutEffects (node_modules/react-dom/cjs/react-dom-client.development.js:15159:11)
      at commitLayoutEffectOnFiber (node_modules/react-dom/cjs/react-dom-client.development.js:14065:11)
      at recursivelyTraverseLayoutEffects (node_modules/react-dom/cjs/react-dom-client.development.js:15159:11)
      at commitLayoutEffectOnFiber (node_modules/react-dom/cjs/react-dom-client.development.js:13949:11)
      at recursivelyTraverseLayoutEffects (node_modules/react-dom/cjs/react-dom-client.development.js:15159:11)
      at commitLayoutEffectOnFiber (node_modules/react-dom/cjs/react-dom-client.development.js:13949:11)
      at recursivelyTraverseLayoutEffects (node_modules/react-dom/cjs/react-dom-client.development.js:15159:11)
      at commitLayoutEffectOnFiber (node_modules/react-dom/cjs/react-dom-client.development.js:13949:11)
      at recursivelyTraverseLayoutEffects (node_modules/react-dom/cjs/react-dom-client.development.js:15159:11)
      at commitLayoutEffectOnFiber (node_modules/react-dom/cjs/react-dom-client.development.js:13949:11)
      at recursivelyTraverseLayoutEffects (node_modules/react-dom/cjs/react-dom-client.development.js:15159:11)
      at commitLayoutEffectOnFiber (node_modules/react-dom/cjs/react-dom-client.development.js:13949:11)
      at recursivelyTraverseLayoutEffects (node_modules/react-dom/cjs/react-dom-client.development.js:15159:11)
      at commitLayoutEffectOnFiber (node_modules/react-dom/cjs/react-dom-client.development.js:14065:11)
      at recursivelyTraverseLayoutEffects (node_modules/react-dom/cjs/react-dom-client.development.js:15159:11)
      at commitLayoutEffectOnFiber (node_modules/react-dom/cjs/react-dom-client.development.js:13949:11)
      at recursivelyTraverseLayoutEffects (node_modules/react-dom/cjs/react-dom-client.development.js:15159:11)
      at commitLayoutEffectOnFiber (node_modules/react-dom/cjs/react-dom-client.development.js:13949:11)
      at recursivelyTraverseLayoutEffects (node_modules/react-dom/cjs/react-dom-client.development.js:15159:11)
      at commitLayoutEffectOnFiber (node_modules/react-dom/cjs/react-dom-client.development.js:13949:11)
      at recursivelyTraverseLayoutEffects (node_modules/react-dom/cjs/react-dom-client.development.js:15159:11)
      at commitLayoutEffectOnFiber (node_modules/react-dom/cjs/react-dom-client.development.js:14165:11)
      at recursivelyTraverseLayoutEffects (node_modules/react-dom/cjs/react-dom-client.development.js:15159:11)
      at commitLayoutEffectOnFiber (node_modules/react-dom/cjs/react-dom-client.development.js:13949:11)
      at recursivelyTraverseLayoutEffects (node_modules/react-dom/cjs/react-dom-client.development.js:15159:11)
      at commitLayoutEffectOnFiber (node_modules/react-dom/cjs/react-dom-client.development.js:14165:11)
      at recursivelyTraverseLayoutEffects (node_modules/react-dom/cjs/react-dom-client.development.js:15159:11)
      at commitLayoutEffectOnFiber (node_modules/react-dom/cjs/react-dom-client.development.js:13949:11)
      at recursivelyTraverseLayoutEffects (node_modules/react-dom/cjs/react-dom-client.development.js:15159:11)
      at commitLayoutEffectOnFiber (node_modules/react-dom/cjs/react-dom-client.development.js:13949:11)
      at recursivelyTraverseLayoutEffects (node_modules/react-dom/cjs/react-dom-client.development.js:15159:11)
      at commitLayoutEffectOnFiber (node_modules/react-dom/cjs/react-dom-client.development.js:13949:11)
      at recursivelyTraverseLayoutEffects (node_modules/react-dom/cjs/react-dom-client.development.js:15159:11)
      at commitLayoutEffectOnFiber (node_modules/react-dom/cjs/react-dom-client.development.js:13949:11)
      at recursivelyTraverseLayoutEffects (node_modules/react-dom/cjs/react-dom-client.development.js:15159:11)
      at commitLayoutEffectOnFiber (node_modules/react-dom/cjs/react-dom-client.development.js:14165:11)
      at recursivelyTraverseLayoutEffects (node_modules/react-dom/cjs/react-dom-client.development.js:15159:11)
      at commitLayoutEffectOnFiber (node_modules/react-dom/cjs/react-dom-client.development.js:13949:11)
      at recursivelyTraverseLayoutEffects (node_modules/react-dom/cjs/react-dom-client.development.js:15159:11)
      at commitLayoutEffectOnFiber (node_modules/react-dom/cjs/react-dom-client.development.js:13949:11)
      at recursivelyTraverseLayoutEffects (node_modules/react-dom/cjs/react-dom-client.development.js:15159:11)
      at commitLayoutEffectOnFiber (node_modules/react-dom/cjs/react-dom-client.development.js:13949:11)
      at recursivelyTraverseLayoutEffects (node_modules/react-dom/cjs/react-dom-client.development.js:15159:11)
      at commitLayoutEffectOnFiber (node_modules/react-dom/cjs/react-dom-client.development.js:14165:11)
      at recursivelyTraverseLayoutEffects (node_modules/react-dom/cjs/react-dom-client.development.js:15159:11)
      at commitLayoutEffectOnFiber (node_modules/react-dom/cjs/react-dom-client.development.js:13949:11)
      at recursivelyTraverseLayoutEffects (node_modules/react-dom/cjs/react-dom-client.development.js:15159:11)
      at commitLayoutEffectOnFiber (node_modules/react-dom/cjs/react-dom-client.development.js:14165:11)
      at recursivelyTraverseLayoutEffects (node_modules/react-dom/cjs/react-dom-client.development.js:15159:11)
      at commitLayoutEffectOnFiber (node_modules/react-dom/cjs/react-dom-client.development.js:13949:11)
      at recursivelyTraverseLayoutEffects (node_modules/react-dom/cjs/react-dom-client.development.js:15159:11)
      at commitLayoutEffectOnFiber (node_modules/react-dom/cjs/react-dom-client.development.js:13949:11)
      at recursivelyTraverseLayoutEffects (node_modules/react-dom/cjs/react-dom-client.development.js:15159:11)
      at commitLayoutEffectOnFiber (node_modules/react-dom/cjs/react-dom-client.development.js:14165:11)
      at recursivelyTraverseLayoutEffects (node_modules/react-dom/cjs/react-dom-client.development.js:15159:11)
      at commitLayoutEffectOnFiber (node_modules/react-dom/cjs/react-dom-client.development.js:13949:11)
      at recursivelyTraverseLayoutEffects (node_modules/react-dom/cjs/react-dom-client.development.js:15159:11)
      at commitLayoutEffectOnFiber (node_modules/react-dom/cjs/react-dom-client.development.js:14165:11)
      at recursivelyTraverseLayoutEffects (node_modules/react-dom/cjs/react-dom-client.development.js:15159:11)
      at commitLayoutEffectOnFiber (node_modules/react-dom/cjs/react-dom-client.development.js:13949:11)
      at recursivelyTraverseLayoutEffects (node_modules/react-dom/cjs/react-dom-client.development.js:15159:11)

    console.error
      An update to Select inside a test was not wrapped in act(...).
      
      When testing, code that causes React state updates should be wrapped into act(...):
      
      act(() => {
        /* fire events that update state */
      });
      /* assert on the output */
      
      This ensures that you're testing the behavior the user would see in the browser. Learn more at https://react.dev/link/wrap-tests-with-act

      at node_modules/react-dom/cjs/react-dom-client.development.js:18758:19
      at runWithFiberInDEV (node_modules/react-dom/cjs/react-dom-client.development.js:874:13)
      at warnIfUpdatesNotWrappedWithActDEV (node_modules/react-dom/cjs/react-dom-client.development.js:18757:9)
      at scheduleUpdateOnFiber (node_modules/react-dom/cjs/react-dom-client.development.js:16409:11)
      at dispatchSetStateInternal (node_modules/react-dom/cjs/react-dom-client.development.js:9170:13)
      at dispatchSetState (node_modules/react-dom/cjs/react-dom-client.development.js:9127:7)
      at setRef (node_modules/@radix-ui/react-compose-refs/src/compose-refs.tsx:11:12)
      at node_modules/@radix-ui/react-compose-refs/src/compose-refs.tsx:25:23
          at Array.map (<anonymous>)
      at node_modules/@radix-ui/react-compose-refs/src/compose-refs.tsx:24:27
      at setRef (node_modules/@radix-ui/react-compose-refs/src/compose-refs.tsx:11:12)
      at node_modules/@radix-ui/react-compose-refs/src/compose-refs.tsx:25:23
          at Array.map (<anonymous>)
      at node_modules/@radix-ui/react-compose-refs/src/compose-refs.tsx:24:27
      at commitAttachRef (node_modules/react-dom/cjs/react-dom-client.development.js:13482:44)
      at runWithFiberInDEV (node_modules/react-dom/cjs/react-dom-client.development.js:874:13)
      at safelyAttachRef (node_modules/react-dom/cjs/react-dom-client.development.js:13500:9)
      at commitLayoutEffectOnFiber (node_modules/react-dom/cjs/react-dom-client.development.js:14089:26)
      at recursivelyTraverseLayoutEffects (node_modules/react-dom/cjs/react-dom-client.development.js:15159:11)
      at commitLayoutEffectOnFiber (node_modules/react-dom/cjs/react-dom-client.development.js:13949:11)
      at recursivelyTraverseLayoutEffects (node_modules/react-dom/cjs/react-dom-client.development.js:15159:11)
      at commitLayoutEffectOnFiber (node_modules/react-dom/cjs/react-dom-client.development.js:13949:11)
      at recursivelyTraverseLayoutEffects (node_modules/react-dom/cjs/react-dom-client.development.js:15159:11)
      at commitLayoutEffectOnFiber (node_modules/react-dom/cjs/react-dom-client.development.js:13949:11)
      at recursivelyTraverseLayoutEffects (node_modules/react-dom/cjs/react-dom-client.development.js:15159:11)
      at commitLayoutEffectOnFiber (node_modules/react-dom/cjs/react-dom-client.development.js:13949:11)
      at recursivelyTraverseLayoutEffects (node_modules/react-dom/cjs/react-dom-client.development.js:15159:11)
      at commitLayoutEffectOnFiber (node_modules/react-dom/cjs/react-dom-client.development.js:13949:11)
      at recursivelyTraverseLayoutEffects (node_modules/react-dom/cjs/react-dom-client.development.js:15159:11)
      at commitLayoutEffectOnFiber (node_modules/react-dom/cjs/react-dom-client.development.js:13949:11)
      at recursivelyTraverseLayoutEffects (node_modules/react-dom/cjs/react-dom-client.development.js:15159:11)
      at commitLayoutEffectOnFiber (node_modules/react-dom/cjs/react-dom-client.development.js:13949:11)
      at recursivelyTraverseLayoutEffects (node_modules/react-dom/cjs/react-dom-client.development.js:15159:11)
      at commitLayoutEffectOnFiber (node_modules/react-dom/cjs/react-dom-client.development.js:14165:11)
      at recursivelyTraverseLayoutEffects (node_modules/react-dom/cjs/react-dom-client.development.js:15159:11)
      at commitLayoutEffectOnFiber (node_modules/react-dom/cjs/react-dom-client.development.js:13949:11)
      at recursivelyTraverseLayoutEffects (node_modules/react-dom/cjs/react-dom-client.development.js:15159:11)
      at commitLayoutEffectOnFiber (node_modules/react-dom/cjs/react-dom-client.development.js:14165:11)
      at recursivelyTraverseLayoutEffects (node_modules/react-dom/cjs/react-dom-client.development.js:15159:11)
      at commitLayoutEffectOnFiber (node_modules/react-dom/cjs/react-dom-client.development.js:13949:11)
      at recursivelyTraverseLayoutEffects (node_modules/react-dom/cjs/react-dom-client.development.js:15159:11)
      at commitLayoutEffectOnFiber (node_modules/react-dom/cjs/react-dom-client.development.js:13949:11)
      at recursivelyTraverseLayoutEffects (node_modules/react-dom/cjs/react-dom-client.development.js:15159:11)
      at commitLayoutEffectOnFiber (node_modules/react-dom/cjs/react-dom-client.development.js:14165:11)
      at recursivelyTraverseLayoutEffects (node_modules/react-dom/cjs/react-dom-client.development.js:15159:11)
      at commitLayoutEffectOnFiber (node_modules/react-dom/cjs/react-dom-client.development.js:13949:11)
      at recursivelyTraverseLayoutEffects (node_modules/react-dom/cjs/react-dom-client.development.js:15159:11)
      at commitLayoutEffectOnFiber (node_modules/react-dom/cjs/react-dom-client.development.js:14165:11)
      at recursivelyTraverseLayoutEffects (node_modules/react-dom/cjs/react-dom-client.development.js:15159:11)
      at commitLayoutEffectOnFiber (node_modules/react-dom/cjs/react-dom-client.development.js:13949:11)
      at recursivelyTraverseLayoutEffects (node_modules/react-dom/cjs/react-dom-client.development.js:15159:11)
      at commitLayoutEffectOnFiber (node_modules/react-dom/cjs/react-dom-client.development.js:13949:11)
      at recursivelyTraverseLayoutEffects (node_modules/react-dom/cjs/react-dom-client.development.js:15159:11)
      at commitLayoutEffectOnFiber (node_modules/react-dom/cjs/react-dom-client.development.js:13949:11)
      at recursivelyTraverseLayoutEffects (node_modules/react-dom/cjs/react-dom-client.development.js:15159:11)
      at commitLayoutEffectOnFiber (node_modules/react-dom/cjs/react-dom-client.development.js:14065:11)
      at recursivelyTraverseLayoutEffects (node_modules/react-dom/cjs/react-dom-client.development.js:15159:11)
      at commitLayoutEffectOnFiber (node_modules/react-dom/cjs/react-dom-client.development.js:14065:11)
      at recursivelyTraverseLayoutEffects (node_modules/react-dom/cjs/react-dom-client.development.js:15159:11)
      at commitLayoutEffectOnFiber (node_modules/react-dom/cjs/react-dom-client.development.js:14065:11)
      at recursivelyTraverseLayoutEffects (node_modules/react-dom/cjs/react-dom-client.development.js:15159:11)
      at commitLayoutEffectOnFiber (node_modules/react-dom/cjs/react-dom-client.development.js:13949:11)
      at recursivelyTraverseLayoutEffects (node_modules/react-dom/cjs/react-dom-client.development.js:15159:11)
      at commitLayoutEffectOnFiber (node_modules/react-dom/cjs/react-dom-client.development.js:14165:11)
      at recursivelyTraverseLayoutEffects (node_modules/react-dom/cjs/react-dom-client.development.js:15159:11)
      at commitLayoutEffectOnFiber (node_modules/react-dom/cjs/react-dom-client.development.js:14165:11)
      at recursivelyTraverseLayoutEffects (node_modules/react-dom/cjs/react-dom-client.development.js:15159:11)
      at commitLayoutEffectOnFiber (node_modules/react-dom/cjs/react-dom-client.development.js:13949:11)
      at recursivelyTraverseLayoutEffects (node_modules/react-dom/cjs/react-dom-client.development.js:15159:11)
      at commitLayoutEffectOnFiber (node_modules/react-dom/cjs/react-dom-client.development.js:13949:11)
      at recursivelyTraverseLayoutEffects (node_modules/react-dom/cjs/react-dom-client.development.js:15159:11)
      at commitLayoutEffectOnFiber (node_modules/react-dom/cjs/react-dom-client.development.js:14165:11)
      at recursivelyTraverseLayoutEffects (node_modules/react-dom/cjs/react-dom-client.development.js:15159:11)
      at commitLayoutEffectOnFiber (node_modules/react-dom/cjs/react-dom-client.development.js:13949:11)
      at recursivelyTraverseLayoutEffects (node_modules/react-dom/cjs/react-dom-client.development.js:15159:11)
      at commitLayoutEffectOnFiber (node_modules/react-dom/cjs/react-dom-client.development.js:13949:11)
      at recursivelyTraverseLayoutEffects (node_modules/react-dom/cjs/react-dom-client.development.js:15159:11)
      at commitLayoutEffectOnFiber (node_modules/react-dom/cjs/react-dom-client.development.js:14031:11)
      at flushLayoutEffects (node_modules/react-dom/cjs/react-dom-client.development.js:18138:15)
      at commitRoot (node_modules/react-dom/cjs/react-dom-client.development.js:17954:9)
      at commitRootWhenReady (node_modules/react-dom/cjs/react-dom-client.development.js:16824:7)
      at performWorkOnRoot (node_modules/react-dom/cjs/react-dom-client.development.js:16722:15)
      at performWorkOnRootViaSchedulerTask (node_modules/react-dom/cjs/react-dom-client.development.js:18957:7)
      at performWorkUntilDeadline (node_modules/scheduler/cjs/scheduler.development.js:45:48)
      at Timeout.task [as _onTimeout] (node_modules/jsdom/lib/jsdom/browser/Window.js:579:19)

    console.error
      An update to SelectItemText inside a test was not wrapped in act(...).
      
      When testing, code that causes React state updates should be wrapped into act(...):
      
      act(() => {
        /* fire events that update state */
      });
      /* assert on the output */
      
      This ensures that you're testing the behavior the user would see in the browser. Learn more at https://react.dev/link/wrap-tests-with-act

      at node_modules/react-dom/cjs/react-dom-client.development.js:18758:19
      at runWithFiberInDEV (node_modules/react-dom/cjs/react-dom-client.development.js:874:13)
      at warnIfUpdatesNotWrappedWithActDEV (node_modules/react-dom/cjs/react-dom-client.development.js:18757:9)
      at scheduleUpdateOnFiber (node_modules/react-dom/cjs/react-dom-client.development.js:16409:11)
      at dispatchSetStateInternal (node_modules/react-dom/cjs/react-dom-client.development.js:9170:13)
      at dispatchSetState (node_modules/react-dom/cjs/react-dom-client.development.js:9127:7)
      at node_modules/@radix-ui/react-select/src/select.tsx:1378:17
      at setRef (node_modules/@radix-ui/react-compose-refs/src/compose-refs.tsx:11:12)
      at node_modules/@radix-ui/react-compose-refs/src/compose-refs.tsx:25:23
          at Array.map (<anonymous>)
      at node_modules/@radix-ui/react-compose-refs/src/compose-refs.tsx:24:27
      at commitAttachRef (node_modules/react-dom/cjs/react-dom-client.development.js:13482:44)
      at runWithFiberInDEV (node_modules/react-dom/cjs/react-dom-client.development.js:874:13)
      at safelyAttachRef (node_modules/react-dom/cjs/react-dom-client.development.js:13500:9)
      at commitLayoutEffectOnFiber (node_modules/react-dom/cjs/react-dom-client.development.js:14089:26)
      at recursivelyTraverseLayoutEffects (node_modules/react-dom/cjs/react-dom-client.development.js:15159:11)
      at commitLayoutEffectOnFiber (node_modules/react-dom/cjs/react-dom-client.development.js:13949:11)
      at recursivelyTraverseLayoutEffects (node_modules/react-dom/cjs/react-dom-client.development.js:15159:11)
      at commitLayoutEffectOnFiber (node_modules/react-dom/cjs/react-dom-client.development.js:13949:11)
      at recursivelyTraverseLayoutEffects (node_modules/react-dom/cjs/react-dom-client.development.js:15159:11)
      at commitLayoutEffectOnFiber (node_modules/react-dom/cjs/react-dom-client.development.js:14065:11)
      at recursivelyTraverseLayoutEffects (node_modules/react-dom/cjs/react-dom-client.development.js:15159:11)
      at commitLayoutEffectOnFiber (node_modules/react-dom/cjs/react-dom-client.development.js:13949:11)
      at recursivelyTraverseLayoutEffects (node_modules/react-dom/cjs/react-dom-client.development.js:15159:11)
      at commitLayoutEffectOnFiber (node_modules/react-dom/cjs/react-dom-client.development.js:13949:11)
      at recursivelyTraverseLayoutEffects (node_modules/react-dom/cjs/react-dom-client.development.js:15159:11)
      at commitLayoutEffectOnFiber (node_modules/react-dom/cjs/react-dom-client.development.js:13949:11)
      at recursivelyTraverseLayoutEffects (node_modules/react-dom/cjs/react-dom-client.development.js:15159:11)
      at commitLayoutEffectOnFiber (node_modules/react-dom/cjs/react-dom-client.development.js:13949:11)
      at recursivelyTraverseLayoutEffects (node_modules/react-dom/cjs/react-dom-client.development.js:15159:11)
      at commitLayoutEffectOnFiber (node_modules/react-dom/cjs/react-dom-client.development.js:14165:11)
      at recursivelyTraverseLayoutEffects (node_modules/react-dom/cjs/react-dom-client.development.js:15159:11)
      at commitLayoutEffectOnFiber (node_modules/react-dom/cjs/react-dom-client.development.js:13949:11)
      at recursivelyTraverseLayoutEffects (node_modules/react-dom/cjs/react-dom-client.development.js:15159:11)
      at commitLayoutEffectOnFiber (node_modules/react-dom/cjs/react-dom-client.development.js:13949:11)
      at recursivelyTraverseLayoutEffects (node_modules/react-dom/cjs/react-dom-client.development.js:15159:11)
      at commitLayoutEffectOnFiber (node_modules/react-dom/cjs/react-dom-client.development.js:13949:11)
      at recursivelyTraverseLayoutEffects (node_modules/react-dom/cjs/react-dom-client.development.js:15159:11)
      at commitLayoutEffectOnFiber (node_modules/react-dom/cjs/react-dom-client.development.js:14065:11)
      at recursivelyTraverseLayoutEffects (node_modules/react-dom/cjs/react-dom-client.development.js:15159:11)
      at commitLayoutEffectOnFiber (node_modules/react-dom/cjs/react-dom-client.development.js:13949:11)
      at recursivelyTraverseLayoutEffects (node_modules/react-dom/cjs/react-dom-client.development.js:15159:11)
      at commitLayoutEffectOnFiber (node_modules/react-dom/cjs/react-dom-client.development.js:13949:11)
      at recursivelyTraverseLayoutEffects (node_modules/react-dom/cjs/react-dom-client.development.js:15159:11)
      at commitLayoutEffectOnFiber (node_modules/react-dom/cjs/react-dom-client.development.js:13949:11)
      at recursivelyTraverseLayoutEffects (node_modules/react-dom/cjs/react-dom-client.development.js:15159:11)
      at commitLayoutEffectOnFiber (node_modules/react-dom/cjs/react-dom-client.development.js:13949:11)
      at recursivelyTraverseLayoutEffects (node_modules/react-dom/cjs/react-dom-client.development.js:15159:11)
      at commitLayoutEffectOnFiber (node_modules/react-dom/cjs/react-dom-client.development.js:13949:11)
      at recursivelyTraverseLayoutEffects (node_modules/react-dom/cjs/react-dom-client.development.js:15159:11)
      at commitLayoutEffectOnFiber (node_modules/react-dom/cjs/react-dom-client.development.js:14065:11)
      at recursivelyTraverseLayoutEffects (node_modules/react-dom/cjs/react-dom-client.development.js:15159:11)
      at commitLayoutEffectOnFiber (node_modules/react-dom/cjs/react-dom-client.development.js:13949:11)
      at recursivelyTraverseLayoutEffects (node_modules/react-dom/cjs/react-dom-client.development.js:15159:11)
      at commitLayoutEffectOnFiber (node_modules/react-dom/cjs/react-dom-client.development.js:13949:11)
      at recursivelyTraverseLayoutEffects (node_modules/react-dom/cjs/react-dom-client.development.js:15159:11)
      at commitLayoutEffectOnFiber (node_modules/react-dom/cjs/react-dom-client.development.js:13949:11)
      at recursivelyTraverseLayoutEffects (node_modules/react-dom/cjs/react-dom-client.development.js:15159:11)
      at commitLayoutEffectOnFiber (node_modules/react-dom/cjs/react-dom-client.development.js:14165:11)
      at recursivelyTraverseLayoutEffects (node_modules/react-dom/cjs/react-dom-client.development.js:15159:11)
      at commitLayoutEffectOnFiber (node_modules/react-dom/cjs/react-dom-client.development.js:13949:11)
      at recursivelyTraverseLayoutEffects (node_modules/react-dom/cjs/react-dom-client.development.js:15159:11)
      at commitLayoutEffectOnFiber (node_modules/react-dom/cjs/react-dom-client.development.js:14165:11)
      at recursivelyTraverseLayoutEffects (node_modules/react-dom/cjs/react-dom-client.development.js:15159:11)
      at commitLayoutEffectOnFiber (node_modules/react-dom/cjs/react-dom-client.development.js:13949:11)
      at recursivelyTraverseLayoutEffects (node_modules/react-dom/cjs/react-dom-client.development.js:15159:11)
      at commitLayoutEffectOnFiber (node_modules/react-dom/cjs/react-dom-client.development.js:13949:11)
      at recursivelyTraverseLayoutEffects (node_modules/react-dom/cjs/react-dom-client.development.js:15159:11)
      at commitLayoutEffectOnFiber (node_modules/react-dom/cjs/react-dom-client.development.js:13949:11)
      at recursivelyTraverseLayoutEffects (node_modules/react-dom/cjs/react-dom-client.development.js:15159:11)
      at commitLayoutEffectOnFiber (node_modules/react-dom/cjs/react-dom-client.development.js:13949:11)
      at recursivelyTraverseLayoutEffects (node_modules/react-dom/cjs/react-dom-client.development.js:15159:11)
      at commitLayoutEffectOnFiber (node_modules/react-dom/cjs/react-dom-client.development.js:14165:11)
      at recursivelyTraverseLayoutEffects (node_modules/react-dom/cjs/react-dom-client.development.js:15159:11)
      at commitLayoutEffectOnFiber (node_modules/react-dom/cjs/react-dom-client.development.js:13949:11)
      at recursivelyTraverseLayoutEffects (node_modules/react-dom/cjs/react-dom-client.development.js:15159:11)
      at commitLayoutEffectOnFiber (node_modules/react-dom/cjs/react-dom-client.development.js:13949:11)
      at recursivelyTraverseLayoutEffects (node_modules/react-dom/cjs/react-dom-client.development.js:15159:11)
      at commitLayoutEffectOnFiber (node_modules/react-dom/cjs/react-dom-client.development.js:13949:11)
      at recursivelyTraverseLayoutEffects (node_modules/react-dom/cjs/react-dom-client.development.js:15159:11)
      at commitLayoutEffectOnFiber (node_modules/react-dom/cjs/react-dom-client.development.js:14165:11)
      at recursivelyTraverseLayoutEffects (node_modules/react-dom/cjs/react-dom-client.development.js:15159:11)
      at commitLayoutEffectOnFiber (node_modules/react-dom/cjs/react-dom-client.development.js:13949:11)
      at recursivelyTraverseLayoutEffects (node_modules/react-dom/cjs/react-dom-client.development.js:15159:11)
      at commitLayoutEffectOnFiber (node_modules/react-dom/cjs/react-dom-client.development.js:14165:11)
      at recursivelyTraverseLayoutEffects (node_modules/react-dom/cjs/react-dom-client.development.js:15159:11)
      at commitLayoutEffectOnFiber (node_modules/react-dom/cjs/react-dom-client.development.js:13949:11)
      at recursivelyTraverseLayoutEffects (node_modules/react-dom/cjs/react-dom-client.development.js:15159:11)
      at commitLayoutEffectOnFiber (node_modules/react-dom/cjs/react-dom-client.development.js:13949:11)
      at recursivelyTraverseLayoutEffects (node_modules/react-dom/cjs/react-dom-client.development.js:15159:11)
      at commitLayoutEffectOnFiber (node_modules/react-dom/cjs/react-dom-client.development.js:14165:11)
      at recursivelyTraverseLayoutEffects (node_modules/react-dom/cjs/react-dom-client.development.js:15159:11)
      at commitLayoutEffectOnFiber (node_modules/react-dom/cjs/react-dom-client.development.js:13949:11)
      at recursivelyTraverseLayoutEffects (node_modules/react-dom/cjs/react-dom-client.development.js:15159:11)
      at commitLayoutEffectOnFiber (node_modules/react-dom/cjs/react-dom-client.development.js:14165:11)
      at recursivelyTraverseLayoutEffects (node_modules/react-dom/cjs/react-dom-client.development.js:15159:11)
      at commitLayoutEffectOnFiber (node_modules/react-dom/cjs/react-dom-client.development.js:13949:11)
      at recursivelyTraverseLayoutEffects (node_modules/react-dom/cjs/react-dom-client.development.js:15159:11)

    console.error
      An update to SelectItem inside a test was not wrapped in act(...).
      
      When testing, code that causes React state updates should be wrapped into act(...):
      
      act(() => {
        /* fire events that update state */
      });
      /* assert on the output */
      
      This ensures that you're testing the behavior the user would see in the browser. Learn more at https://react.dev/link/wrap-tests-with-act

      at node_modules/react-dom/cjs/react-dom-client.development.js:18758:19
      at runWithFiberInDEV (node_modules/react-dom/cjs/react-dom-client.development.js:874:13)
      at warnIfUpdatesNotWrappedWithActDEV (node_modules/react-dom/cjs/react-dom-client.development.js:18757:9)
      at scheduleUpdateOnFiber (node_modules/react-dom/cjs/react-dom-client.development.js:16409:11)
      at dispatchSetStateInternal (node_modules/react-dom/cjs/react-dom-client.development.js:9170:13)
      at dispatchSetState (node_modules/react-dom/cjs/react-dom-client.development.js:9127:7)
      at node_modules/@radix-ui/react-select/src/select.tsx:1291:11
      at setRef (node_modules/@radix-ui/react-compose-refs/src/compose-refs.tsx:11:12)
      at node_modules/@radix-ui/react-compose-refs/src/compose-refs.tsx:25:23
          at Array.map (<anonymous>)
      at node_modules/@radix-ui/react-compose-refs/src/compose-refs.tsx:24:27
      at commitAttachRef (node_modules/react-dom/cjs/react-dom-client.development.js:13482:44)
      at runWithFiberInDEV (node_modules/react-dom/cjs/react-dom-client.development.js:874:13)
      at safelyAttachRef (node_modules/react-dom/cjs/react-dom-client.development.js:13500:9)
      at commitLayoutEffectOnFiber (node_modules/react-dom/cjs/react-dom-client.development.js:14089:26)
      at recursivelyTraverseLayoutEffects (node_modules/react-dom/cjs/react-dom-client.development.js:15159:11)
      at commitLayoutEffectOnFiber (node_modules/react-dom/cjs/react-dom-client.development.js:13949:11)
      at recursivelyTraverseLayoutEffects (node_modules/react-dom/cjs/react-dom-client.development.js:15159:11)
      at commitLayoutEffectOnFiber (node_modules/react-dom/cjs/react-dom-client.development.js:13949:11)
      at recursivelyTraverseLayoutEffects (node_modules/react-dom/cjs/react-dom-client.development.js:15159:11)
      at commitLayoutEffectOnFiber (node_modules/react-dom/cjs/react-dom-client.development.js:14065:11)
      at recursivelyTraverseLayoutEffects (node_modules/react-dom/cjs/react-dom-client.development.js:15159:11)
      at commitLayoutEffectOnFiber (node_modules/react-dom/cjs/react-dom-client.development.js:13949:11)
      at recursivelyTraverseLayoutEffects (node_modules/react-dom/cjs/react-dom-client.development.js:15159:11)
      at commitLayoutEffectOnFiber (node_modules/react-dom/cjs/react-dom-client.development.js:13949:11)
      at recursivelyTraverseLayoutEffects (node_modules/react-dom/cjs/react-dom-client.development.js:15159:11)
      at commitLayoutEffectOnFiber (node_modules/react-dom/cjs/react-dom-client.development.js:13949:11)
      at recursivelyTraverseLayoutEffects (node_modules/react-dom/cjs/react-dom-client.development.js:15159:11)
      at commitLayoutEffectOnFiber (node_modules/react-dom/cjs/react-dom-client.development.js:13949:11)
      at recursivelyTraverseLayoutEffects (node_modules/react-dom/cjs/react-dom-client.development.js:15159:11)
      at commitLayoutEffectOnFiber (node_modules/react-dom/cjs/react-dom-client.development.js:14165:11)
      at recursivelyTraverseLayoutEffects (node_modules/react-dom/cjs/react-dom-client.development.js:15159:11)
      at commitLayoutEffectOnFiber (node_modules/react-dom/cjs/react-dom-client.development.js:13949:11)
      at recursivelyTraverseLayoutEffects (node_modules/react-dom/cjs/react-dom-client.development.js:15159:11)
      at commitLayoutEffectOnFiber (node_modules/react-dom/cjs/react-dom-client.development.js:13949:11)
      at recursivelyTraverseLayoutEffects (node_modules/react-dom/cjs/react-dom-client.development.js:15159:11)
      at commitLayoutEffectOnFiber (node_modules/react-dom/cjs/react-dom-client.development.js:13949:11)
      at recursivelyTraverseLayoutEffects (node_modules/react-dom/cjs/react-dom-client.development.js:15159:11)
      at commitLayoutEffectOnFiber (node_modules/react-dom/cjs/react-dom-client.development.js:14065:11)
      at recursivelyTraverseLayoutEffects (node_modules/react-dom/cjs/react-dom-client.development.js:15159:11)
      at commitLayoutEffectOnFiber (node_modules/react-dom/cjs/react-dom-client.development.js:13949:11)
      at recursivelyTraverseLayoutEffects (node_modules/react-dom/cjs/react-dom-client.development.js:15159:11)
      at commitLayoutEffectOnFiber (node_modules/react-dom/cjs/react-dom-client.development.js:13949:11)
      at recursivelyTraverseLayoutEffects (node_modules/react-dom/cjs/react-dom-client.development.js:15159:11)
      at commitLayoutEffectOnFiber (node_modules/react-dom/cjs/react-dom-client.development.js:13949:11)
      at recursivelyTraverseLayoutEffects (node_modules/react-dom/cjs/react-dom-client.development.js:15159:11)
      at commitLayoutEffectOnFiber (node_modules/react-dom/cjs/react-dom-client.development.js:13949:11)
      at recursivelyTraverseLayoutEffects (node_modules/react-dom/cjs/react-dom-client.development.js:15159:11)
      at commitLayoutEffectOnFiber (node_modules/react-dom/cjs/react-dom-client.development.js:13949:11)
      at recursivelyTraverseLayoutEffects (node_modules/react-dom/cjs/react-dom-client.development.js:15159:11)
      at commitLayoutEffectOnFiber (node_modules/react-dom/cjs/react-dom-client.development.js:14065:11)
      at recursivelyTraverseLayoutEffects (node_modules/react-dom/cjs/react-dom-client.development.js:15159:11)
      at commitLayoutEffectOnFiber (node_modules/react-dom/cjs/react-dom-client.development.js:13949:11)
      at recursivelyTraverseLayoutEffects (node_modules/react-dom/cjs/react-dom-client.development.js:15159:11)
      at commitLayoutEffectOnFiber (node_modules/react-dom/cjs/react-dom-client.development.js:13949:11)
      at recursivelyTraverseLayoutEffects (node_modules/react-dom/cjs/react-dom-client.development.js:15159:11)
      at commitLayoutEffectOnFiber (node_modules/react-dom/cjs/react-dom-client.development.js:13949:11)
      at recursivelyTraverseLayoutEffects (node_modules/react-dom/cjs/react-dom-client.development.js:15159:11)
      at commitLayoutEffectOnFiber (node_modules/react-dom/cjs/react-dom-client.development.js:14165:11)
      at recursivelyTraverseLayoutEffects (node_modules/react-dom/cjs/react-dom-client.development.js:15159:11)
      at commitLayoutEffectOnFiber (node_modules/react-dom/cjs/react-dom-client.development.js:13949:11)
      at recursivelyTraverseLayoutEffects (node_modules/react-dom/cjs/react-dom-client.development.js:15159:11)
      at commitLayoutEffectOnFiber (node_modules/react-dom/cjs/react-dom-client.development.js:14165:11)
      at recursivelyTraverseLayoutEffects (node_modules/react-dom/cjs/react-dom-client.development.js:15159:11)
      at commitLayoutEffectOnFiber (node_modules/react-dom/cjs/react-dom-client.development.js:13949:11)
      at recursivelyTraverseLayoutEffects (node_modules/react-dom/cjs/react-dom-client.development.js:15159:11)
      at commitLayoutEffectOnFiber (node_modules/react-dom/cjs/react-dom-client.development.js:13949:11)
      at recursivelyTraverseLayoutEffects (node_modules/react-dom/cjs/react-dom-client.development.js:15159:11)
      at commitLayoutEffectOnFiber (node_modules/react-dom/cjs/react-dom-client.development.js:13949:11)
      at recursivelyTraverseLayoutEffects (node_modules/react-dom/cjs/react-dom-client.development.js:15159:11)
      at commitLayoutEffectOnFiber (node_modules/react-dom/cjs/react-dom-client.development.js:13949:11)
      at recursivelyTraverseLayoutEffects (node_modules/react-dom/cjs/react-dom-client.development.js:15159:11)
      at commitLayoutEffectOnFiber (node_modules/react-dom/cjs/react-dom-client.development.js:14165:11)
      at recursivelyTraverseLayoutEffects (node_modules/react-dom/cjs/react-dom-client.development.js:15159:11)
      at commitLayoutEffectOnFiber (node_modules/react-dom/cjs/react-dom-client.development.js:13949:11)
      at recursivelyTraverseLayoutEffects (node_modules/react-dom/cjs/react-dom-client.development.js:15159:11)
      at commitLayoutEffectOnFiber (node_modules/react-dom/cjs/react-dom-client.development.js:13949:11)
      at recursivelyTraverseLayoutEffects (node_modules/react-dom/cjs/react-dom-client.development.js:15159:11)
      at commitLayoutEffectOnFiber (node_modules/react-dom/cjs/react-dom-client.development.js:13949:11)
      at recursivelyTraverseLayoutEffects (node_modules/react-dom/cjs/react-dom-client.development.js:15159:11)
      at commitLayoutEffectOnFiber (node_modules/react-dom/cjs/react-dom-client.development.js:14165:11)
      at recursivelyTraverseLayoutEffects (node_modules/react-dom/cjs/react-dom-client.development.js:15159:11)
      at commitLayoutEffectOnFiber (node_modules/react-dom/cjs/react-dom-client.development.js:13949:11)
      at recursivelyTraverseLayoutEffects (node_modules/react-dom/cjs/react-dom-client.development.js:15159:11)
      at commitLayoutEffectOnFiber (node_modules/react-dom/cjs/react-dom-client.development.js:14165:11)
      at recursivelyTraverseLayoutEffects (node_modules/react-dom/cjs/react-dom-client.development.js:15159:11)
      at commitLayoutEffectOnFiber (node_modules/react-dom/cjs/react-dom-client.development.js:13949:11)
      at recursivelyTraverseLayoutEffects (node_modules/react-dom/cjs/react-dom-client.development.js:15159:11)
      at commitLayoutEffectOnFiber (node_modules/react-dom/cjs/react-dom-client.development.js:13949:11)
      at recursivelyTraverseLayoutEffects (node_modules/react-dom/cjs/react-dom-client.development.js:15159:11)
      at commitLayoutEffectOnFiber (node_modules/react-dom/cjs/react-dom-client.development.js:14165:11)
      at recursivelyTraverseLayoutEffects (node_modules/react-dom/cjs/react-dom-client.development.js:15159:11)
      at commitLayoutEffectOnFiber (node_modules/react-dom/cjs/react-dom-client.development.js:13949:11)
      at recursivelyTraverseLayoutEffects (node_modules/react-dom/cjs/react-dom-client.development.js:15159:11)
      at commitLayoutEffectOnFiber (node_modules/react-dom/cjs/react-dom-client.development.js:14165:11)
      at recursivelyTraverseLayoutEffects (node_modules/react-dom/cjs/react-dom-client.development.js:15159:11)
      at commitLayoutEffectOnFiber (node_modules/react-dom/cjs/react-dom-client.development.js:13949:11)
      at recursivelyTraverseLayoutEffects (node_modules/react-dom/cjs/react-dom-client.development.js:15159:11)

    console.error
      An update to SelectItemText inside a test was not wrapped in act(...).
      
      When testing, code that causes React state updates should be wrapped into act(...):
      
      act(() => {
        /* fire events that update state */
      });
      /* assert on the output */
      
      This ensures that you're testing the behavior the user would see in the browser. Learn more at https://react.dev/link/wrap-tests-with-act

      at node_modules/react-dom/cjs/react-dom-client.development.js:18758:19
      at runWithFiberInDEV (node_modules/react-dom/cjs/react-dom-client.development.js:874:13)
      at warnIfUpdatesNotWrappedWithActDEV (node_modules/react-dom/cjs/react-dom-client.development.js:18757:9)
      at scheduleUpdateOnFiber (node_modules/react-dom/cjs/react-dom-client.development.js:16409:11)
      at dispatchSetStateInternal (node_modules/react-dom/cjs/react-dom-client.development.js:9170:13)
      at dispatchSetState (node_modules/react-dom/cjs/react-dom-client.development.js:9127:7)
      at node_modules/@radix-ui/react-select/src/select.tsx:1378:17
      at setRef (node_modules/@radix-ui/react-compose-refs/src/compose-refs.tsx:11:12)
      at node_modules/@radix-ui/react-compose-refs/src/compose-refs.tsx:25:23
          at Array.map (<anonymous>)
      at node_modules/@radix-ui/react-compose-refs/src/compose-refs.tsx:24:27
      at commitAttachRef (node_modules/react-dom/cjs/react-dom-client.development.js:13482:44)
      at runWithFiberInDEV (node_modules/react-dom/cjs/react-dom-client.development.js:874:13)
      at safelyAttachRef (node_modules/react-dom/cjs/react-dom-client.development.js:13500:9)
      at commitLayoutEffectOnFiber (node_modules/react-dom/cjs/react-dom-client.development.js:14089:26)
      at recursivelyTraverseLayoutEffects (node_modules/react-dom/cjs/react-dom-client.development.js:15159:11)
      at commitLayoutEffectOnFiber (node_modules/react-dom/cjs/react-dom-client.development.js:13949:11)
      at recursivelyTraverseLayoutEffects (node_modules/react-dom/cjs/react-dom-client.development.js:15159:11)
      at commitLayoutEffectOnFiber (node_modules/react-dom/cjs/react-dom-client.development.js:13949:11)
      at recursivelyTraverseLayoutEffects (node_modules/react-dom/cjs/react-dom-client.development.js:15159:11)
      at commitLayoutEffectOnFiber (node_modules/react-dom/cjs/react-dom-client.development.js:14065:11)
      at recursivelyTraverseLayoutEffects (node_modules/react-dom/cjs/react-dom-client.development.js:15159:11)
      at commitLayoutEffectOnFiber (node_modules/react-dom/cjs/react-dom-client.development.js:13949:11)
      at recursivelyTraverseLayoutEffects (node_modules/react-dom/cjs/react-dom-client.development.js:15159:11)
      at commitLayoutEffectOnFiber (node_modules/react-dom/cjs/react-dom-client.development.js:13949:11)
      at recursivelyTraverseLayoutEffects (node_modules/react-dom/cjs/react-dom-client.development.js:15159:11)
      at commitLayoutEffectOnFiber (node_modules/react-dom/cjs/react-dom-client.development.js:13949:11)
      at recursivelyTraverseLayoutEffects (node_modules/react-dom/cjs/react-dom-client.development.js:15159:11)
      at commitLayoutEffectOnFiber (node_modules/react-dom/cjs/react-dom-client.development.js:13949:11)
      at recursivelyTraverseLayoutEffects (node_modules/react-dom/cjs/react-dom-client.development.js:15159:11)
      at commitLayoutEffectOnFiber (node_modules/react-dom/cjs/react-dom-client.development.js:14165:11)
      at recursivelyTraverseLayoutEffects (node_modules/react-dom/cjs/react-dom-client.development.js:15159:11)
      at commitLayoutEffectOnFiber (node_modules/react-dom/cjs/react-dom-client.development.js:13949:11)
      at recursivelyTraverseLayoutEffects (node_modules/react-dom/cjs/react-dom-client.development.js:15159:11)
      at commitLayoutEffectOnFiber (node_modules/react-dom/cjs/react-dom-client.development.js:13949:11)
      at recursivelyTraverseLayoutEffects (node_modules/react-dom/cjs/react-dom-client.development.js:15159:11)
      at commitLayoutEffectOnFiber (node_modules/react-dom/cjs/react-dom-client.development.js:13949:11)
      at recursivelyTraverseLayoutEffects (node_modules/react-dom/cjs/react-dom-client.development.js:15159:11)
      at commitLayoutEffectOnFiber (node_modules/react-dom/cjs/react-dom-client.development.js:14065:11)
      at recursivelyTraverseLayoutEffects (node_modules/react-dom/cjs/react-dom-client.development.js:15159:11)
      at commitLayoutEffectOnFiber (node_modules/react-dom/cjs/react-dom-client.development.js:13949:11)
      at recursivelyTraverseLayoutEffects (node_modules/react-dom/cjs/react-dom-client.development.js:15159:11)
      at commitLayoutEffectOnFiber (node_modules/react-dom/cjs/react-dom-client.development.js:13949:11)
      at recursivelyTraverseLayoutEffects (node_modules/react-dom/cjs/react-dom-client.development.js:15159:11)
      at commitLayoutEffectOnFiber (node_modules/react-dom/cjs/react-dom-client.development.js:13949:11)
      at recursivelyTraverseLayoutEffects (node_modules/react-dom/cjs/react-dom-client.development.js:15159:11)
      at commitLayoutEffectOnFiber (node_modules/react-dom/cjs/react-dom-client.development.js:13949:11)
      at recursivelyTraverseLayoutEffects (node_modules/react-dom/cjs/react-dom-client.development.js:15159:11)
      at commitLayoutEffectOnFiber (node_modules/react-dom/cjs/react-dom-client.development.js:13949:11)
      at recursivelyTraverseLayoutEffects (node_modules/react-dom/cjs/react-dom-client.development.js:15159:11)
      at commitLayoutEffectOnFiber (node_modules/react-dom/cjs/react-dom-client.development.js:14065:11)
      at recursivelyTraverseLayoutEffects (node_modules/react-dom/cjs/react-dom-client.development.js:15159:11)
      at commitLayoutEffectOnFiber (node_modules/react-dom/cjs/react-dom-client.development.js:13949:11)
      at recursivelyTraverseLayoutEffects (node_modules/react-dom/cjs/react-dom-client.development.js:15159:11)
      at commitLayoutEffectOnFiber (node_modules/react-dom/cjs/react-dom-client.development.js:13949:11)
      at recursivelyTraverseLayoutEffects (node_modules/react-dom/cjs/react-dom-client.development.js:15159:11)
      at commitLayoutEffectOnFiber (node_modules/react-dom/cjs/react-dom-client.development.js:13949:11)
      at recursivelyTraverseLayoutEffects (node_modules/react-dom/cjs/react-dom-client.development.js:15159:11)
      at commitLayoutEffectOnFiber (node_modules/react-dom/cjs/react-dom-client.development.js:14165:11)
      at recursivelyTraverseLayoutEffects (node_modules/react-dom/cjs/react-dom-client.development.js:15159:11)
      at commitLayoutEffectOnFiber (node_modules/react-dom/cjs/react-dom-client.development.js:13949:11)
      at recursivelyTraverseLayoutEffects (node_modules/react-dom/cjs/react-dom-client.development.js:15159:11)
      at commitLayoutEffectOnFiber (node_modules/react-dom/cjs/react-dom-client.development.js:14165:11)
      at recursivelyTraverseLayoutEffects (node_modules/react-dom/cjs/react-dom-client.development.js:15159:11)
      at commitLayoutEffectOnFiber (node_modules/react-dom/cjs/react-dom-client.development.js:13949:11)
      at recursivelyTraverseLayoutEffects (node_modules/react-dom/cjs/react-dom-client.development.js:15159:11)
      at commitLayoutEffectOnFiber (node_modules/react-dom/cjs/react-dom-client.development.js:13949:11)
      at recursivelyTraverseLayoutEffects (node_modules/react-dom/cjs/react-dom-client.development.js:15159:11)
      at commitLayoutEffectOnFiber (node_modules/react-dom/cjs/react-dom-client.development.js:13949:11)
      at recursivelyTraverseLayoutEffects (node_modules/react-dom/cjs/react-dom-client.development.js:15159:11)
      at commitLayoutEffectOnFiber (node_modules/react-dom/cjs/react-dom-client.development.js:13949:11)
      at recursivelyTraverseLayoutEffects (node_modules/react-dom/cjs/react-dom-client.development.js:15159:11)
      at commitLayoutEffectOnFiber (node_modules/react-dom/cjs/react-dom-client.development.js:14165:11)
      at recursivelyTraverseLayoutEffects (node_modules/react-dom/cjs/react-dom-client.development.js:15159:11)
      at commitLayoutEffectOnFiber (node_modules/react-dom/cjs/react-dom-client.development.js:13949:11)
      at recursivelyTraverseLayoutEffects (node_modules/react-dom/cjs/react-dom-client.development.js:15159:11)
      at commitLayoutEffectOnFiber (node_modules/react-dom/cjs/react-dom-client.development.js:13949:11)
      at recursivelyTraverseLayoutEffects (node_modules/react-dom/cjs/react-dom-client.development.js:15159:11)
      at commitLayoutEffectOnFiber (node_modules/react-dom/cjs/react-dom-client.development.js:13949:11)
      at recursivelyTraverseLayoutEffects (node_modules/react-dom/cjs/react-dom-client.development.js:15159:11)
      at commitLayoutEffectOnFiber (node_modules/react-dom/cjs/react-dom-client.development.js:14165:11)
      at recursivelyTraverseLayoutEffects (node_modules/react-dom/cjs/react-dom-client.development.js:15159:11)
      at commitLayoutEffectOnFiber (node_modules/react-dom/cjs/react-dom-client.development.js:13949:11)
      at recursivelyTraverseLayoutEffects (node_modules/react-dom/cjs/react-dom-client.development.js:15159:11)
      at commitLayoutEffectOnFiber (node_modules/react-dom/cjs/react-dom-client.development.js:14165:11)
      at recursivelyTraverseLayoutEffects (node_modules/react-dom/cjs/react-dom-client.development.js:15159:11)
      at commitLayoutEffectOnFiber (node_modules/react-dom/cjs/react-dom-client.development.js:13949:11)
      at recursivelyTraverseLayoutEffects (node_modules/react-dom/cjs/react-dom-client.development.js:15159:11)
      at commitLayoutEffectOnFiber (node_modules/react-dom/cjs/react-dom-client.development.js:13949:11)
      at recursivelyTraverseLayoutEffects (node_modules/react-dom/cjs/react-dom-client.development.js:15159:11)
      at commitLayoutEffectOnFiber (node_modules/react-dom/cjs/react-dom-client.development.js:14165:11)
      at recursivelyTraverseLayoutEffects (node_modules/react-dom/cjs/react-dom-client.development.js:15159:11)
      at commitLayoutEffectOnFiber (node_modules/react-dom/cjs/react-dom-client.development.js:13949:11)
      at recursivelyTraverseLayoutEffects (node_modules/react-dom/cjs/react-dom-client.development.js:15159:11)
      at commitLayoutEffectOnFiber (node_modules/react-dom/cjs/react-dom-client.development.js:14165:11)
      at recursivelyTraverseLayoutEffects (node_modules/react-dom/cjs/react-dom-client.development.js:15159:11)
      at commitLayoutEffectOnFiber (node_modules/react-dom/cjs/react-dom-client.development.js:13949:11)
      at recursivelyTraverseLayoutEffects (node_modules/react-dom/cjs/react-dom-client.development.js:15159:11)

    console.error
      An update to SelectItem inside a test was not wrapped in act(...).
      
      When testing, code that causes React state updates should be wrapped into act(...):
      
      act(() => {
        /* fire events that update state */
      });
      /* assert on the output */
      
      This ensures that you're testing the behavior the user would see in the browser. Learn more at https://react.dev/link/wrap-tests-with-act

      at node_modules/react-dom/cjs/react-dom-client.development.js:18758:19
      at runWithFiberInDEV (node_modules/react-dom/cjs/react-dom-client.development.js:874:13)
      at warnIfUpdatesNotWrappedWithActDEV (node_modules/react-dom/cjs/react-dom-client.development.js:18757:9)
      at scheduleUpdateOnFiber (node_modules/react-dom/cjs/react-dom-client.development.js:16409:11)
      at dispatchSetStateInternal (node_modules/react-dom/cjs/react-dom-client.development.js:9170:13)
      at dispatchSetState (node_modules/react-dom/cjs/react-dom-client.development.js:9127:7)
      at node_modules/@radix-ui/react-select/src/select.tsx:1291:11
      at setRef (node_modules/@radix-ui/react-compose-refs/src/compose-refs.tsx:11:12)
      at node_modules/@radix-ui/react-compose-refs/src/compose-refs.tsx:25:23
          at Array.map (<anonymous>)
      at node_modules/@radix-ui/react-compose-refs/src/compose-refs.tsx:24:27
      at commitAttachRef (node_modules/react-dom/cjs/react-dom-client.development.js:13482:44)
      at runWithFiberInDEV (node_modules/react-dom/cjs/react-dom-client.development.js:874:13)
      at safelyAttachRef (node_modules/react-dom/cjs/react-dom-client.development.js:13500:9)
      at commitLayoutEffectOnFiber (node_modules/react-dom/cjs/react-dom-client.development.js:14089:26)
      at recursivelyTraverseLayoutEffects (node_modules/react-dom/cjs/react-dom-client.development.js:15159:11)
      at commitLayoutEffectOnFiber (node_modules/react-dom/cjs/react-dom-client.development.js:13949:11)
      at recursivelyTraverseLayoutEffects (node_modules/react-dom/cjs/react-dom-client.development.js:15159:11)
      at commitLayoutEffectOnFiber (node_modules/react-dom/cjs/react-dom-client.development.js:13949:11)
      at recursivelyTraverseLayoutEffects (node_modules/react-dom/cjs/react-dom-client.development.js:15159:11)
      at commitLayoutEffectOnFiber (node_modules/react-dom/cjs/react-dom-client.development.js:14065:11)
      at recursivelyTraverseLayoutEffects (node_modules/react-dom/cjs/react-dom-client.development.js:15159:11)
      at commitLayoutEffectOnFiber (node_modules/react-dom/cjs/react-dom-client.development.js:13949:11)
      at recursivelyTraverseLayoutEffects (node_modules/react-dom/cjs/react-dom-client.development.js:15159:11)
      at commitLayoutEffectOnFiber (node_modules/react-dom/cjs/react-dom-client.development.js:13949:11)
      at recursivelyTraverseLayoutEffects (node_modules/react-dom/cjs/react-dom-client.development.js:15159:11)
      at commitLayoutEffectOnFiber (node_modules/react-dom/cjs/react-dom-client.development.js:13949:11)
      at recursivelyTraverseLayoutEffects (node_modules/react-dom/cjs/react-dom-client.development.js:15159:11)
      at commitLayoutEffectOnFiber (node_modules/react-dom/cjs/react-dom-client.development.js:13949:11)
      at recursivelyTraverseLayoutEffects (node_modules/react-dom/cjs/react-dom-client.development.js:15159:11)
      at commitLayoutEffectOnFiber (node_modules/react-dom/cjs/react-dom-client.development.js:14165:11)
      at recursivelyTraverseLayoutEffects (node_modules/react-dom/cjs/react-dom-client.development.js:15159:11)
      at commitLayoutEffectOnFiber (node_modules/react-dom/cjs/react-dom-client.development.js:13949:11)
      at recursivelyTraverseLayoutEffects (node_modules/react-dom/cjs/react-dom-client.development.js:15159:11)
      at commitLayoutEffectOnFiber (node_modules/react-dom/cjs/react-dom-client.development.js:13949:11)
      at recursivelyTraverseLayoutEffects (node_modules/react-dom/cjs/react-dom-client.development.js:15159:11)
      at commitLayoutEffectOnFiber (node_modules/react-dom/cjs/react-dom-client.development.js:13949:11)
      at recursivelyTraverseLayoutEffects (node_modules/react-dom/cjs/react-dom-client.development.js:15159:11)
      at commitLayoutEffectOnFiber (node_modules/react-dom/cjs/react-dom-client.development.js:14065:11)
      at recursivelyTraverseLayoutEffects (node_modules/react-dom/cjs/react-dom-client.development.js:15159:11)
      at commitLayoutEffectOnFiber (node_modules/react-dom/cjs/react-dom-client.development.js:13949:11)
      at recursivelyTraverseLayoutEffects (node_modules/react-dom/cjs/react-dom-client.development.js:15159:11)
      at commitLayoutEffectOnFiber (node_modules/react-dom/cjs/react-dom-client.development.js:13949:11)
      at recursivelyTraverseLayoutEffects (node_modules/react-dom/cjs/react-dom-client.development.js:15159:11)
      at commitLayoutEffectOnFiber (node_modules/react-dom/cjs/react-dom-client.development.js:13949:11)
      at recursivelyTraverseLayoutEffects (node_modules/react-dom/cjs/react-dom-client.development.js:15159:11)
      at commitLayoutEffectOnFiber (node_modules/react-dom/cjs/react-dom-client.development.js:13949:11)
      at recursivelyTraverseLayoutEffects (node_modules/react-dom/cjs/react-dom-client.development.js:15159:11)
      at commitLayoutEffectOnFiber (node_modules/react-dom/cjs/react-dom-client.development.js:13949:11)
      at recursivelyTraverseLayoutEffects (node_modules/react-dom/cjs/react-dom-client.development.js:15159:11)
      at commitLayoutEffectOnFiber (node_modules/react-dom/cjs/react-dom-client.development.js:14065:11)
      at recursivelyTraverseLayoutEffects (node_modules/react-dom/cjs/react-dom-client.development.js:15159:11)
      at commitLayoutEffectOnFiber (node_modules/react-dom/cjs/react-dom-client.development.js:13949:11)
      at recursivelyTraverseLayoutEffects (node_modules/react-dom/cjs/react-dom-client.development.js:15159:11)
      at commitLayoutEffectOnFiber (node_modules/react-dom/cjs/react-dom-client.development.js:13949:11)
      at recursivelyTraverseLayoutEffects (node_modules/react-dom/cjs/react-dom-client.development.js:15159:11)
      at commitLayoutEffectOnFiber (node_modules/react-dom/cjs/react-dom-client.development.js:13949:11)
      at recursivelyTraverseLayoutEffects (node_modules/react-dom/cjs/react-dom-client.development.js:15159:11)
      at commitLayoutEffectOnFiber (node_modules/react-dom/cjs/react-dom-client.development.js:14165:11)
      at recursivelyTraverseLayoutEffects (node_modules/react-dom/cjs/react-dom-client.development.js:15159:11)
      at commitLayoutEffectOnFiber (node_modules/react-dom/cjs/react-dom-client.development.js:13949:11)
      at recursivelyTraverseLayoutEffects (node_modules/react-dom/cjs/react-dom-client.development.js:15159:11)
      at commitLayoutEffectOnFiber (node_modules/react-dom/cjs/react-dom-client.development.js:14165:11)
      at recursivelyTraverseLayoutEffects (node_modules/react-dom/cjs/react-dom-client.development.js:15159:11)
      at commitLayoutEffectOnFiber (node_modules/react-dom/cjs/react-dom-client.development.js:13949:11)
      at recursivelyTraverseLayoutEffects (node_modules/react-dom/cjs/react-dom-client.development.js:15159:11)
      at commitLayoutEffectOnFiber (node_modules/react-dom/cjs/react-dom-client.development.js:13949:11)
      at recursivelyTraverseLayoutEffects (node_modules/react-dom/cjs/react-dom-client.development.js:15159:11)
      at commitLayoutEffectOnFiber (node_modules/react-dom/cjs/react-dom-client.development.js:13949:11)
      at recursivelyTraverseLayoutEffects (node_modules/react-dom/cjs/react-dom-client.development.js:15159:11)
      at commitLayoutEffectOnFiber (node_modules/react-dom/cjs/react-dom-client.development.js:13949:11)
      at recursivelyTraverseLayoutEffects (node_modules/react-dom/cjs/react-dom-client.development.js:15159:11)
      at commitLayoutEffectOnFiber (node_modules/react-dom/cjs/react-dom-client.development.js:14165:11)
      at recursivelyTraverseLayoutEffects (node_modules/react-dom/cjs/react-dom-client.development.js:15159:11)
      at commitLayoutEffectOnFiber (node_modules/react-dom/cjs/react-dom-client.development.js:13949:11)
      at recursivelyTraverseLayoutEffects (node_modules/react-dom/cjs/react-dom-client.development.js:15159:11)
      at commitLayoutEffectOnFiber (node_modules/react-dom/cjs/react-dom-client.development.js:13949:11)
      at recursivelyTraverseLayoutEffects (node_modules/react-dom/cjs/react-dom-client.development.js:15159:11)
      at commitLayoutEffectOnFiber (node_modules/react-dom/cjs/react-dom-client.development.js:13949:11)
      at recursivelyTraverseLayoutEffects (node_modules/react-dom/cjs/react-dom-client.development.js:15159:11)
      at commitLayoutEffectOnFiber (node_modules/react-dom/cjs/react-dom-client.development.js:14165:11)
      at recursivelyTraverseLayoutEffects (node_modules/react-dom/cjs/react-dom-client.development.js:15159:11)
      at commitLayoutEffectOnFiber (node_modules/react-dom/cjs/react-dom-client.development.js:13949:11)
      at recursivelyTraverseLayoutEffects (node_modules/react-dom/cjs/react-dom-client.development.js:15159:11)
      at commitLayoutEffectOnFiber (node_modules/react-dom/cjs/react-dom-client.development.js:14165:11)
      at recursivelyTraverseLayoutEffects (node_modules/react-dom/cjs/react-dom-client.development.js:15159:11)
      at commitLayoutEffectOnFiber (node_modules/react-dom/cjs/react-dom-client.development.js:13949:11)
      at recursivelyTraverseLayoutEffects (node_modules/react-dom/cjs/react-dom-client.development.js:15159:11)
      at commitLayoutEffectOnFiber (node_modules/react-dom/cjs/react-dom-client.development.js:13949:11)
      at recursivelyTraverseLayoutEffects (node_modules/react-dom/cjs/react-dom-client.development.js:15159:11)
      at commitLayoutEffectOnFiber (node_modules/react-dom/cjs/react-dom-client.development.js:14165:11)
      at recursivelyTraverseLayoutEffects (node_modules/react-dom/cjs/react-dom-client.development.js:15159:11)
      at commitLayoutEffectOnFiber (node_modules/react-dom/cjs/react-dom-client.development.js:13949:11)
      at recursivelyTraverseLayoutEffects (node_modules/react-dom/cjs/react-dom-client.development.js:15159:11)
      at commitLayoutEffectOnFiber (node_modules/react-dom/cjs/react-dom-client.development.js:14165:11)
      at recursivelyTraverseLayoutEffects (node_modules/react-dom/cjs/react-dom-client.development.js:15159:11)
      at commitLayoutEffectOnFiber (node_modules/react-dom/cjs/react-dom-client.development.js:13949:11)
      at recursivelyTraverseLayoutEffects (node_modules/react-dom/cjs/react-dom-client.development.js:15159:11)

    console.error
      An update to EmployeeListPage inside a test was not wrapped in act(...).
      
      When testing, code that causes React state updates should be wrapped into act(...):
      
      act(() => {
        /* fire events that update state */
      });
      /* assert on the output */
      
      This ensures that you're testing the behavior the user would see in the browser. Learn more at https://react.dev/link/wrap-tests-with-act

      at node_modules/react-dom/cjs/react-dom-client.development.js:18758:19
      at runWithFiberInDEV (node_modules/react-dom/cjs/react-dom-client.development.js:874:13)
      at warnIfUpdatesNotWrappedWithActDEV (node_modules/react-dom/cjs/react-dom-client.development.js:18757:9)
      at scheduleUpdateOnFiber (node_modules/react-dom/cjs/react-dom-client.development.js:16409:11)
      at forceStoreRerender (node_modules/react-dom/cjs/react-dom-client.development.js:8262:24)
      at node_modules/react-dom/cjs/react-dom-client.development.js:8247:11
      at node_modules/@tanstack/query-core/src/notifyManager.ts:73:11
      at notifyFn (node_modules/@tanstack/query-core/src/notifyManager.ts:21:5)
      at node_modules/@tanstack/query-core/src/notifyManager.ts:44:13
          at Array.forEach (<anonymous>)
      at node_modules/@tanstack/query-core/src/notifyManager.ts:43:25
      at batchNotifyFn (node_modules/@tanstack/query-core/src/notifyManager.ts:24:5)
      at node_modules/@tanstack/query-core/src/notifyManager.ts:42:9
      at Timeout.task [as _onTimeout] (node_modules/jsdom/lib/jsdom/browser/Window.js:579:19)

    console.error
      An update to Select inside a test was not wrapped in act(...).
      
      When testing, code that causes React state updates should be wrapped into act(...):
      
      act(() => {
        /* fire events that update state */
      });
      /* assert on the output */
      
      This ensures that you're testing the behavior the user would see in the browser. Learn more at https://react.dev/link/wrap-tests-with-act

      at node_modules/react-dom/cjs/react-dom-client.development.js:18758:19
      at runWithFiberInDEV (node_modules/react-dom/cjs/react-dom-client.development.js:874:13)
      at warnIfUpdatesNotWrappedWithActDEV (node_modules/react-dom/cjs/react-dom-client.development.js:18757:9)
      at scheduleUpdateOnFiber (node_modules/react-dom/cjs/react-dom-client.development.js:16409:11)
      at dispatchSetStateInternal (node_modules/react-dom/cjs/react-dom-client.development.js:9170:13)
      at dispatchSetState (node_modules/react-dom/cjs/react-dom-client.development.js:9127:7)
      at setRef (node_modules/@radix-ui/react-compose-refs/src/compose-refs.tsx:11:12)
      at node_modules/@radix-ui/react-compose-refs/src/compose-refs.tsx:25:23
          at Array.map (<anonymous>)
      at node_modules/@radix-ui/react-compose-refs/src/compose-refs.tsx:24:27
      at setRef (node_modules/@radix-ui/react-compose-refs/src/compose-refs.tsx:11:12)
      at node_modules/@radix-ui/react-compose-refs/src/compose-refs.tsx:25:23
          at Array.map (<anonymous>)
      at node_modules/@radix-ui/react-compose-refs/src/compose-refs.tsx:24:27
      at runWithFiberInDEV (node_modules/react-dom/cjs/react-dom-client.development.js:874:13)
      at safelyDetachRef (node_modules/react-dom/cjs/react-dom-client.development.js:13529:37)
      at commitMutationEffectsOnFiber (node_modules/react-dom/cjs/react-dom-client.development.js:14826:15)
      at recursivelyTraverseMutationEffects (node_modules/react-dom/cjs/react-dom-client.development.js:14576:11)
      at commitMutationEffectsOnFiber (node_modules/react-dom/cjs/react-dom-client.development.js:14591:11)
      at recursivelyTraverseMutationEffects (node_modules/react-dom/cjs/react-dom-client.development.js:14576:11)
      at commitMutationEffectsOnFiber (node_modules/react-dom/cjs/react-dom-client.development.js:14591:11)
      at recursivelyTraverseMutationEffects (node_modules/react-dom/cjs/react-dom-client.development.js:14576:11)
      at commitMutationEffectsOnFiber (node_modules/react-dom/cjs/react-dom-client.development.js:14591:11)
      at recursivelyTraverseMutationEffects (node_modules/react-dom/cjs/react-dom-client.development.js:14576:11)
      at commitMutationEffectsOnFiber (node_modules/react-dom/cjs/react-dom-client.development.js:14591:11)
      at recursivelyTraverseMutationEffects (node_modules/react-dom/cjs/react-dom-client.development.js:14576:11)
      at commitMutationEffectsOnFiber (node_modules/react-dom/cjs/react-dom-client.development.js:14591:11)
      at recursivelyTraverseMutationEffects (node_modules/react-dom/cjs/react-dom-client.development.js:14576:11)
      at commitMutationEffectsOnFiber (node_modules/react-dom/cjs/react-dom-client.development.js:14591:11)
      at recursivelyTraverseMutationEffects (node_modules/react-dom/cjs/react-dom-client.development.js:14576:11)
      at commitMutationEffectsOnFiber (node_modules/react-dom/cjs/react-dom-client.development.js:14591:11)
      at recursivelyTraverseMutationEffects (node_modules/react-dom/cjs/react-dom-client.development.js:14576:11)
      at commitMutationEffectsOnFiber (node_modules/react-dom/cjs/react-dom-client.development.js:15102:11)
      at recursivelyTraverseMutationEffects (node_modules/react-dom/cjs/react-dom-client.development.js:14576:11)
      at commitMutationEffectsOnFiber (node_modules/react-dom/cjs/react-dom-client.development.js:14591:11)
      at recursivelyTraverseMutationEffects (node_modules/react-dom/cjs/react-dom-client.development.js:14576:11)
      at commitMutationEffectsOnFiber (node_modules/react-dom/cjs/react-dom-client.development.js:15102:11)
      at recursivelyTraverseMutationEffects (node_modules/react-dom/cjs/react-dom-client.development.js:14576:11)
      at commitMutationEffectsOnFiber (node_modules/react-dom/cjs/react-dom-client.development.js:14591:11)
      at recursivelyTraverseMutationEffects (node_modules/react-dom/cjs/react-dom-client.development.js:14576:11)
      at commitMutationEffectsOnFiber (node_modules/react-dom/cjs/react-dom-client.development.js:14591:11)
      at recursivelyTraverseMutationEffects (node_modules/react-dom/cjs/react-dom-client.development.js:14576:11)
      at commitMutationEffectsOnFiber (node_modules/react-dom/cjs/react-dom-client.development.js:15102:11)
      at recursivelyTraverseMutationEffects (node_modules/react-dom/cjs/react-dom-client.development.js:14576:11)
      at commitMutationEffectsOnFiber (node_modules/react-dom/cjs/react-dom-client.development.js:14591:11)
      at recursivelyTraverseMutationEffects (node_modules/react-dom/cjs/react-dom-client.development.js:14576:11)
      at commitMutationEffectsOnFiber (node_modules/react-dom/cjs/react-dom-client.development.js:15102:11)
      at recursivelyTraverseMutationEffects (node_modules/react-dom/cjs/react-dom-client.development.js:14576:11)
      at commitMutationEffectsOnFiber (node_modules/react-dom/cjs/react-dom-client.development.js:14591:11)
      at recursivelyTraverseMutationEffects (node_modules/react-dom/cjs/react-dom-client.development.js:14576:11)
      at commitMutationEffectsOnFiber (node_modules/react-dom/cjs/react-dom-client.development.js:14591:11)
      at recursivelyTraverseMutationEffects (node_modules/react-dom/cjs/react-dom-client.development.js:14576:11)
      at commitMutationEffectsOnFiber (node_modules/react-dom/cjs/react-dom-client.development.js:14591:11)
      at recursivelyTraverseMutationEffects (node_modules/react-dom/cjs/react-dom-client.development.js:14576:11)
      at commitMutationEffectsOnFiber (node_modules/react-dom/cjs/react-dom-client.development.js:14821:11)
      at recursivelyTraverseMutationEffects (node_modules/react-dom/cjs/react-dom-client.development.js:14576:11)
      at commitMutationEffectsOnFiber (node_modules/react-dom/cjs/react-dom-client.development.js:14821:11)
      at recursivelyTraverseMutationEffects (node_modules/react-dom/cjs/react-dom-client.development.js:14576:11)
      at commitMutationEffectsOnFiber (node_modules/react-dom/cjs/react-dom-client.development.js:14821:11)
      at recursivelyTraverseMutationEffects (node_modules/react-dom/cjs/react-dom-client.development.js:14576:11)
      at commitMutationEffectsOnFiber (node_modules/react-dom/cjs/react-dom-client.development.js:14591:11)
      at recursivelyTraverseMutationEffects (node_modules/react-dom/cjs/react-dom-client.development.js:14576:11)
      at commitMutationEffectsOnFiber (node_modules/react-dom/cjs/react-dom-client.development.js:15102:11)
      at recursivelyTraverseMutationEffects (node_modules/react-dom/cjs/react-dom-client.development.js:14576:11)
      at commitMutationEffectsOnFiber (node_modules/react-dom/cjs/react-dom-client.development.js:15102:11)
      at recursivelyTraverseMutationEffects (node_modules/react-dom/cjs/react-dom-client.development.js:14576:11)
      at commitMutationEffectsOnFiber (node_modules/react-dom/cjs/react-dom-client.development.js:14591:11)
      at recursivelyTraverseMutationEffects (node_modules/react-dom/cjs/react-dom-client.development.js:14576:11)
      at commitMutationEffectsOnFiber (node_modules/react-dom/cjs/react-dom-client.development.js:14591:11)
      at recursivelyTraverseMutationEffects (node_modules/react-dom/cjs/react-dom-client.development.js:14576:11)
      at commitMutationEffectsOnFiber (node_modules/react-dom/cjs/react-dom-client.development.js:15102:11)
      at recursivelyTraverseMutationEffects (node_modules/react-dom/cjs/react-dom-client.development.js:14576:11)
      at commitMutationEffectsOnFiber (node_modules/react-dom/cjs/react-dom-client.development.js:14591:11)
      at recursivelyTraverseMutationEffects (node_modules/react-dom/cjs/react-dom-client.development.js:14576:11)
      at commitMutationEffectsOnFiber (node_modules/react-dom/cjs/react-dom-client.development.js:14591:11)
      at recursivelyTraverseMutationEffects (node_modules/react-dom/cjs/react-dom-client.development.js:14576:11)
      at commitMutationEffectsOnFiber (node_modules/react-dom/cjs/react-dom-client.development.js:14883:11)
      at flushMutationEffects (node_modules/react-dom/cjs/react-dom-client.development.js:17979:13)
      at commitRoot (node_modules/react-dom/cjs/react-dom-client.development.js:17953:9)
      at commitRootWhenReady (node_modules/react-dom/cjs/react-dom-client.development.js:16824:7)
      at performWorkOnRoot (node_modules/react-dom/cjs/react-dom-client.development.js:16722:15)
      at performSyncWorkOnRoot (node_modules/react-dom/cjs/react-dom-client.development.js:18972:7)
      at flushSyncWorkAcrossRoots_impl (node_modules/react-dom/cjs/react-dom-client.development.js:18814:21)
      at processRootScheduleInMicrotask (node_modules/react-dom/cjs/react-dom-client.development.js:18853:9)
      at node_modules/react-dom/cjs/react-dom-client.development.js:18991:13
      at invokeTheCallbackFunction (node_modules/jsdom/lib/jsdom/living/generated/Function.js:19:26)
      at node_modules/jsdom/lib/jsdom/browser/Window.js:613:9

    console.error
      An update to SelectItemText inside a test was not wrapped in act(...).
      
      When testing, code that causes React state updates should be wrapped into act(...):
      
      act(() => {
        /* fire events that update state */
      });
      /* assert on the output */
      
      This ensures that you're testing the behavior the user would see in the browser. Learn more at https://react.dev/link/wrap-tests-with-act

      at node_modules/react-dom/cjs/react-dom-client.development.js:18758:19
      at runWithFiberInDEV (node_modules/react-dom/cjs/react-dom-client.development.js:874:13)
      at warnIfUpdatesNotWrappedWithActDEV (node_modules/react-dom/cjs/react-dom-client.development.js:18757:9)
      at scheduleUpdateOnFiber (node_modules/react-dom/cjs/react-dom-client.development.js:16409:11)
      at dispatchSetStateInternal (node_modules/react-dom/cjs/react-dom-client.development.js:9170:13)
      at dispatchSetState (node_modules/react-dom/cjs/react-dom-client.development.js:9127:7)
      at node_modules/@radix-ui/react-select/src/select.tsx:1378:17
      at setRef (node_modules/@radix-ui/react-compose-refs/src/compose-refs.tsx:11:12)
      at node_modules/@radix-ui/react-compose-refs/src/compose-refs.tsx:25:23
          at Array.map (<anonymous>)
      at node_modules/@radix-ui/react-compose-refs/src/compose-refs.tsx:24:27
      at runWithFiberInDEV (node_modules/react-dom/cjs/react-dom-client.development.js:874:13)
      at safelyDetachRef (node_modules/react-dom/cjs/react-dom-client.development.js:13529:37)
      at commitMutationEffectsOnFiber (node_modules/react-dom/cjs/react-dom-client.development.js:14826:15)
      at recursivelyTraverseMutationEffects (node_modules/react-dom/cjs/react-dom-client.development.js:14576:11)
      at commitMutationEffectsOnFiber (node_modules/react-dom/cjs/react-dom-client.development.js:14591:11)
      at recursivelyTraverseMutationEffects (node_modules/react-dom/cjs/react-dom-client.development.js:14576:11)
      at commitMutationEffectsOnFiber (node_modules/react-dom/cjs/react-dom-client.development.js:14591:11)
      at recursivelyTraverseMutationEffects (node_modules/react-dom/cjs/react-dom-client.development.js:14576:11)
      at commitMutationEffectsOnFiber (node_modules/react-dom/cjs/react-dom-client.development.js:14821:11)
      at recursivelyTraverseMutationEffects (node_modules/react-dom/cjs/react-dom-client.development.js:14576:11)
      at commitMutationEffectsOnFiber (node_modules/react-dom/cjs/react-dom-client.development.js:14591:11)
      at recursivelyTraverseMutationEffects (node_modules/react-dom/cjs/react-dom-client.development.js:14576:11)
      at commitMutationEffectsOnFiber (node_modules/react-dom/cjs/react-dom-client.development.js:14591:11)
      at recursivelyTraverseMutationEffects (node_modules/react-dom/cjs/react-dom-client.development.js:14576:11)
      at commitMutationEffectsOnFiber (node_modules/react-dom/cjs/react-dom-client.development.js:14591:11)
      at recursivelyTraverseMutationEffects (node_modules/react-dom/cjs/react-dom-client.development.js:14576:11)
      at commitMutationEffectsOnFiber (node_modules/react-dom/cjs/react-dom-client.development.js:14591:11)
      at recursivelyTraverseMutationEffects (node_modules/react-dom/cjs/react-dom-client.development.js:14576:11)
      at commitMutationEffectsOnFiber (node_modules/react-dom/cjs/react-dom-client.development.js:15102:11)
      at recursivelyTraverseMutationEffects (node_modules/react-dom/cjs/react-dom-client.development.js:14576:11)
      at commitMutationEffectsOnFiber (node_modules/react-dom/cjs/react-dom-client.development.js:14591:11)
      at recursivelyTraverseMutationEffects (node_modules/react-dom/cjs/react-dom-client.development.js:14576:11)
      at commitMutationEffectsOnFiber (node_modules/react-dom/cjs/react-dom-client.development.js:14591:11)
      at recursivelyTraverseMutationEffects (node_modules/react-dom/cjs/react-dom-client.development.js:14576:11)
      at commitMutationEffectsOnFiber (node_modules/react-dom/cjs/react-dom-client.development.js:14591:11)
      at recursivelyTraverseMutationEffects (node_modules/react-dom/cjs/react-dom-client.development.js:14576:11)
      at commitMutationEffectsOnFiber (node_modules/react-dom/cjs/react-dom-client.development.js:14821:11)
      at recursivelyTraverseMutationEffects (node_modules/react-dom/cjs/react-dom-client.development.js:14576:11)
      at commitMutationEffectsOnFiber (node_modules/react-dom/cjs/react-dom-client.development.js:14591:11)
      at recursivelyTraverseMutationEffects (node_modules/react-dom/cjs/react-dom-client.development.js:14576:11)
      at commitMutationEffectsOnFiber (node_modules/react-dom/cjs/react-dom-client.development.js:14591:11)
      at recursivelyTraverseMutationEffects (node_modules/react-dom/cjs/react-dom-client.development.js:14576:11)
      at commitMutationEffectsOnFiber (node_modules/react-dom/cjs/react-dom-client.development.js:14591:11)
      at recursivelyTraverseMutationEffects (node_modules/react-dom/cjs/react-dom-client.development.js:14576:11)
      at commitMutationEffectsOnFiber (node_modules/react-dom/cjs/react-dom-client.development.js:14591:11)
      at recursivelyTraverseMutationEffects (node_modules/react-dom/cjs/react-dom-client.development.js:14576:11)
      at commitMutationEffectsOnFiber (node_modules/react-dom/cjs/react-dom-client.development.js:14591:11)
      at recursivelyTraverseMutationEffects (node_modules/react-dom/cjs/react-dom-client.development.js:14576:11)
      at commitMutationEffectsOnFiber (node_modules/react-dom/cjs/react-dom-client.development.js:14821:11)
      at recursivelyTraverseMutationEffects (node_modules/react-dom/cjs/react-dom-client.development.js:14576:11)
      at commitMutationEffectsOnFiber (node_modules/react-dom/cjs/react-dom-client.development.js:14591:11)
      at recursivelyTraverseMutationEffects (node_modules/react-dom/cjs/react-dom-client.development.js:14576:11)
      at commitMutationEffectsOnFiber (node_modules/react-dom/cjs/react-dom-client.development.js:14591:11)
      at recursivelyTraverseMutationEffects (node_modules/react-dom/cjs/react-dom-client.development.js:14576:11)
      at commitMutationEffectsOnFiber (node_modules/react-dom/cjs/react-dom-client.development.js:14591:11)
      at recursivelyTraverseMutationEffects (node_modules/react-dom/cjs/react-dom-client.development.js:14576:11)
      at commitMutationEffectsOnFiber (node_modules/react-dom/cjs/react-dom-client.development.js:15102:11)
      at recursivelyTraverseMutationEffects (node_modules/react-dom/cjs/react-dom-client.development.js:14576:11)
      at commitMutationEffectsOnFiber (node_modules/react-dom/cjs/react-dom-client.development.js:14591:11)
      at recursivelyTraverseMutationEffects (node_modules/react-dom/cjs/react-dom-client.development.js:14576:11)
      at commitMutationEffectsOnFiber (node_modules/react-dom/cjs/react-dom-client.development.js:14911:11)
      at recursivelyTraverseMutationEffects (node_modules/react-dom/cjs/react-dom-client.development.js:14576:11)
      at commitMutationEffectsOnFiber (node_modules/react-dom/cjs/react-dom-client.development.js:14591:11)
      at recursivelyTraverseMutationEffects (node_modules/react-dom/cjs/react-dom-client.development.js:14576:11)
      at commitMutationEffectsOnFiber (node_modules/react-dom/cjs/react-dom-client.development.js:14591:11)
      at recursivelyTraverseMutationEffects (node_modules/react-dom/cjs/react-dom-client.development.js:14576:11)
      at commitMutationEffectsOnFiber (node_modules/react-dom/cjs/react-dom-client.development.js:14591:11)
      at recursivelyTraverseMutationEffects (node_modules/react-dom/cjs/react-dom-client.development.js:14576:11)
      at commitMutationEffectsOnFiber (node_modules/react-dom/cjs/react-dom-client.development.js:14591:11)
      at recursivelyTraverseMutationEffects (node_modules/react-dom/cjs/react-dom-client.development.js:14576:11)
      at commitMutationEffectsOnFiber (node_modules/react-dom/cjs/react-dom-client.development.js:14911:11)
      at recursivelyTraverseMutationEffects (node_modules/react-dom/cjs/react-dom-client.development.js:14576:11)
      at commitMutationEffectsOnFiber (node_modules/react-dom/cjs/react-dom-client.development.js:14591:11)
      at recursivelyTraverseMutationEffects (node_modules/react-dom/cjs/react-dom-client.development.js:14576:11)
      at commitMutationEffectsOnFiber (node_modules/react-dom/cjs/react-dom-client.development.js:14591:11)
      at recursivelyTraverseMutationEffects (node_modules/react-dom/cjs/react-dom-client.development.js:14576:11)
      at commitMutationEffectsOnFiber (node_modules/react-dom/cjs/react-dom-client.development.js:14591:11)
      at recursivelyTraverseMutationEffects (node_modules/react-dom/cjs/react-dom-client.development.js:14576:11)
      at commitMutationEffectsOnFiber (node_modules/react-dom/cjs/react-dom-client.development.js:15102:11)
      at recursivelyTraverseMutationEffects (node_modules/react-dom/cjs/react-dom-client.development.js:14576:11)
      at commitMutationEffectsOnFiber (node_modules/react-dom/cjs/react-dom-client.development.js:14591:11)
      at recursivelyTraverseMutationEffects (node_modules/react-dom/cjs/react-dom-client.development.js:14576:11)
      at commitMutationEffectsOnFiber (node_modules/react-dom/cjs/react-dom-client.development.js:15102:11)
      at recursivelyTraverseMutationEffects (node_modules/react-dom/cjs/react-dom-client.development.js:14576:11)
      at commitMutationEffectsOnFiber (node_modules/react-dom/cjs/react-dom-client.development.js:14591:11)
      at recursivelyTraverseMutationEffects (node_modules/react-dom/cjs/react-dom-client.development.js:14576:11)
      at commitMutationEffectsOnFiber (node_modules/react-dom/cjs/react-dom-client.development.js:14591:11)
      at recursivelyTraverseMutationEffects (node_modules/react-dom/cjs/react-dom-client.development.js:14576:11)
      at commitMutationEffectsOnFiber (node_modules/react-dom/cjs/react-dom-client.development.js:15102:11)
      at recursivelyTraverseMutationEffects (node_modules/react-dom/cjs/react-dom-client.development.js:14576:11)
      at commitMutationEffectsOnFiber (node_modules/react-dom/cjs/react-dom-client.development.js:14591:11)
      at recursivelyTraverseMutationEffects (node_modules/react-dom/cjs/react-dom-client.development.js:14576:11)
      at commitMutationEffectsOnFiber (node_modules/react-dom/cjs/react-dom-client.development.js:15102:11)
      at recursivelyTraverseMutationEffects (node_modules/react-dom/cjs/react-dom-client.development.js:14576:11)
      at commitMutationEffectsOnFiber (node_modules/react-dom/cjs/react-dom-client.development.js:14591:11)
      at recursivelyTraverseMutationEffects (node_modules/react-dom/cjs/react-dom-client.development.js:14576:11)
      at commitMutationEffectsOnFiber (node_modules/react-dom/cjs/react-dom-client.development.js:14591:11)

    console.error
      An update to SelectItemText inside a test was not wrapped in act(...).
      
      When testing, code that causes React state updates should be wrapped into act(...):
      
      act(() => {
        /* fire events that update state */
      });
      /* assert on the output */
      
      This ensures that you're testing the behavior the user would see in the browser. Learn more at https://react.dev/link/wrap-tests-with-act

      at node_modules/react-dom/cjs/react-dom-client.development.js:18758:19
      at runWithFiberInDEV (node_modules/react-dom/cjs/react-dom-client.development.js:874:13)
      at warnIfUpdatesNotWrappedWithActDEV (node_modules/react-dom/cjs/react-dom-client.development.js:18757:9)
      at scheduleUpdateOnFiber (node_modules/react-dom/cjs/react-dom-client.development.js:16409:11)
      at dispatchSetStateInternal (node_modules/react-dom/cjs/react-dom-client.development.js:9170:13)
      at dispatchSetState (node_modules/react-dom/cjs/react-dom-client.development.js:9127:7)
      at node_modules/@radix-ui/react-select/src/select.tsx:1378:17
      at setRef (node_modules/@radix-ui/react-compose-refs/src/compose-refs.tsx:11:12)
      at node_modules/@radix-ui/react-compose-refs/src/compose-refs.tsx:25:23
          at Array.map (<anonymous>)
      at node_modules/@radix-ui/react-compose-refs/src/compose-refs.tsx:24:27
      at runWithFiberInDEV (node_modules/react-dom/cjs/react-dom-client.development.js:874:13)
      at safelyDetachRef (node_modules/react-dom/cjs/react-dom-client.development.js:13529:37)
      at commitMutationEffectsOnFiber (node_modules/react-dom/cjs/react-dom-client.development.js:14826:15)
      at recursivelyTraverseMutationEffects (node_modules/react-dom/cjs/react-dom-client.development.js:14576:11)
      at commitMutationEffectsOnFiber (node_modules/react-dom/cjs/react-dom-client.development.js:14591:11)
      at recursivelyTraverseMutationEffects (node_modules/react-dom/cjs/react-dom-client.development.js:14576:11)
      at commitMutationEffectsOnFiber (node_modules/react-dom/cjs/react-dom-client.development.js:14591:11)
      at recursivelyTraverseMutationEffects (node_modules/react-dom/cjs/react-dom-client.development.js:14576:11)
      at commitMutationEffectsOnFiber (node_modules/react-dom/cjs/react-dom-client.development.js:14821:11)
      at recursivelyTraverseMutationEffects (node_modules/react-dom/cjs/react-dom-client.development.js:14576:11)
      at commitMutationEffectsOnFiber (node_modules/react-dom/cjs/react-dom-client.development.js:14591:11)
      at recursivelyTraverseMutationEffects (node_modules/react-dom/cjs/react-dom-client.development.js:14576:11)
      at commitMutationEffectsOnFiber (node_modules/react-dom/cjs/react-dom-client.development.js:14591:11)
      at recursivelyTraverseMutationEffects (node_modules/react-dom/cjs/react-dom-client.development.js:14576:11)
      at commitMutationEffectsOnFiber (node_modules/react-dom/cjs/react-dom-client.development.js:14591:11)
      at recursivelyTraverseMutationEffects (node_modules/react-dom/cjs/react-dom-client.development.js:14576:11)
      at commitMutationEffectsOnFiber (node_modules/react-dom/cjs/react-dom-client.development.js:14591:11)
      at recursivelyTraverseMutationEffects (node_modules/react-dom/cjs/react-dom-client.development.js:14576:11)
      at commitMutationEffectsOnFiber (node_modules/react-dom/cjs/react-dom-client.development.js:15102:11)
      at recursivelyTraverseMutationEffects (node_modules/react-dom/cjs/react-dom-client.development.js:14576:11)
      at commitMutationEffectsOnFiber (node_modules/react-dom/cjs/react-dom-client.development.js:14591:11)
      at recursivelyTraverseMutationEffects (node_modules/react-dom/cjs/react-dom-client.development.js:14576:11)
      at commitMutationEffectsOnFiber (node_modules/react-dom/cjs/react-dom-client.development.js:14591:11)
      at recursivelyTraverseMutationEffects (node_modules/react-dom/cjs/react-dom-client.development.js:14576:11)
      at commitMutationEffectsOnFiber (node_modules/react-dom/cjs/react-dom-client.development.js:14591:11)
      at recursivelyTraverseMutationEffects (node_modules/react-dom/cjs/react-dom-client.development.js:14576:11)
      at commitMutationEffectsOnFiber (node_modules/react-dom/cjs/react-dom-client.development.js:14821:11)
      at recursivelyTraverseMutationEffects (node_modules/react-dom/cjs/react-dom-client.development.js:14576:11)
      at commitMutationEffectsOnFiber (node_modules/react-dom/cjs/react-dom-client.development.js:14591:11)
      at recursivelyTraverseMutationEffects (node_modules/react-dom/cjs/react-dom-client.development.js:14576:11)
      at commitMutationEffectsOnFiber (node_modules/react-dom/cjs/react-dom-client.development.js:14591:11)
      at recursivelyTraverseMutationEffects (node_modules/react-dom/cjs/react-dom-client.development.js:14576:11)
      at commitMutationEffectsOnFiber (node_modules/react-dom/cjs/react-dom-client.development.js:14591:11)
      at recursivelyTraverseMutationEffects (node_modules/react-dom/cjs/react-dom-client.development.js:14576:11)
      at commitMutationEffectsOnFiber (node_modules/react-dom/cjs/react-dom-client.development.js:14591:11)
      at recursivelyTraverseMutationEffects (node_modules/react-dom/cjs/react-dom-client.development.js:14576:11)
      at commitMutationEffectsOnFiber (node_modules/react-dom/cjs/react-dom-client.development.js:14591:11)
      at recursivelyTraverseMutationEffects (node_modules/react-dom/cjs/react-dom-client.development.js:14576:11)
      at commitMutationEffectsOnFiber (node_modules/react-dom/cjs/react-dom-client.development.js:14821:11)
      at recursivelyTraverseMutationEffects (node_modules/react-dom/cjs/react-dom-client.development.js:14576:11)
      at commitMutationEffectsOnFiber (node_modules/react-dom/cjs/react-dom-client.development.js:14591:11)
      at recursivelyTraverseMutationEffects (node_modules/react-dom/cjs/react-dom-client.development.js:14576:11)
      at commitMutationEffectsOnFiber (node_modules/react-dom/cjs/react-dom-client.development.js:14591:11)
      at recursivelyTraverseMutationEffects (node_modules/react-dom/cjs/react-dom-client.development.js:14576:11)
      at commitMutationEffectsOnFiber (node_modules/react-dom/cjs/react-dom-client.development.js:14591:11)
      at recursivelyTraverseMutationEffects (node_modules/react-dom/cjs/react-dom-client.development.js:14576:11)
      at commitMutationEffectsOnFiber (node_modules/react-dom/cjs/react-dom-client.development.js:15102:11)
      at recursivelyTraverseMutationEffects (node_modules/react-dom/cjs/react-dom-client.development.js:14576:11)
      at commitMutationEffectsOnFiber (node_modules/react-dom/cjs/react-dom-client.development.js:14591:11)
      at recursivelyTraverseMutationEffects (node_modules/react-dom/cjs/react-dom-client.development.js:14576:11)
      at commitMutationEffectsOnFiber (node_modules/react-dom/cjs/react-dom-client.development.js:14911:11)
      at recursivelyTraverseMutationEffects (node_modules/react-dom/cjs/react-dom-client.development.js:14576:11)
      at commitMutationEffectsOnFiber (node_modules/react-dom/cjs/react-dom-client.development.js:14591:11)
      at recursivelyTraverseMutationEffects (node_modules/react-dom/cjs/react-dom-client.development.js:14576:11)
      at commitMutationEffectsOnFiber (node_modules/react-dom/cjs/react-dom-client.development.js:14591:11)
      at recursivelyTraverseMutationEffects (node_modules/react-dom/cjs/react-dom-client.development.js:14576:11)
      at commitMutationEffectsOnFiber (node_modules/react-dom/cjs/react-dom-client.development.js:14591:11)
      at recursivelyTraverseMutationEffects (node_modules/react-dom/cjs/react-dom-client.development.js:14576:11)
      at commitMutationEffectsOnFiber (node_modules/react-dom/cjs/react-dom-client.development.js:14591:11)
      at recursivelyTraverseMutationEffects (node_modules/react-dom/cjs/react-dom-client.development.js:14576:11)
      at commitMutationEffectsOnFiber (node_modules/react-dom/cjs/react-dom-client.development.js:14911:11)
      at recursivelyTraverseMutationEffects (node_modules/react-dom/cjs/react-dom-client.development.js:14576:11)
      at commitMutationEffectsOnFiber (node_modules/react-dom/cjs/react-dom-client.development.js:14591:11)
      at recursivelyTraverseMutationEffects (node_modules/react-dom/cjs/react-dom-client.development.js:14576:11)
      at commitMutationEffectsOnFiber (node_modules/react-dom/cjs/react-dom-client.development.js:14591:11)
      at recursivelyTraverseMutationEffects (node_modules/react-dom/cjs/react-dom-client.development.js:14576:11)
      at commitMutationEffectsOnFiber (node_modules/react-dom/cjs/react-dom-client.development.js:14591:11)
      at recursivelyTraverseMutationEffects (node_modules/react-dom/cjs/react-dom-client.development.js:14576:11)
      at commitMutationEffectsOnFiber (node_modules/react-dom/cjs/react-dom-client.development.js:15102:11)
      at recursivelyTraverseMutationEffects (node_modules/react-dom/cjs/react-dom-client.development.js:14576:11)
      at commitMutationEffectsOnFiber (node_modules/react-dom/cjs/react-dom-client.development.js:14591:11)
      at recursivelyTraverseMutationEffects (node_modules/react-dom/cjs/react-dom-client.development.js:14576:11)
      at commitMutationEffectsOnFiber (node_modules/react-dom/cjs/react-dom-client.development.js:15102:11)
      at recursivelyTraverseMutationEffects (node_modules/react-dom/cjs/react-dom-client.development.js:14576:11)
      at commitMutationEffectsOnFiber (node_modules/react-dom/cjs/react-dom-client.development.js:14591:11)
      at recursivelyTraverseMutationEffects (node_modules/react-dom/cjs/react-dom-client.development.js:14576:11)
      at commitMutationEffectsOnFiber (node_modules/react-dom/cjs/react-dom-client.development.js:14591:11)
      at recursivelyTraverseMutationEffects (node_modules/react-dom/cjs/react-dom-client.development.js:14576:11)
      at commitMutationEffectsOnFiber (node_modules/react-dom/cjs/react-dom-client.development.js:15102:11)
      at recursivelyTraverseMutationEffects (node_modules/react-dom/cjs/react-dom-client.development.js:14576:11)
      at commitMutationEffectsOnFiber (node_modules/react-dom/cjs/react-dom-client.development.js:14591:11)
      at recursivelyTraverseMutationEffects (node_modules/react-dom/cjs/react-dom-client.development.js:14576:11)
      at commitMutationEffectsOnFiber (node_modules/react-dom/cjs/react-dom-client.development.js:15102:11)
      at recursivelyTraverseMutationEffects (node_modules/react-dom/cjs/react-dom-client.development.js:14576:11)
      at commitMutationEffectsOnFiber (node_modules/react-dom/cjs/react-dom-client.development.js:14591:11)
      at recursivelyTraverseMutationEffects (node_modules/react-dom/cjs/react-dom-client.development.js:14576:11)
      at commitMutationEffectsOnFiber (node_modules/react-dom/cjs/react-dom-client.development.js:14591:11)

    console.error
      An update to SelectItemText inside a test was not wrapped in act(...).
      
      When testing, code that causes React state updates should be wrapped into act(...):
      
      act(() => {
        /* fire events that update state */
      });
      /* assert on the output */
      
      This ensures that you're testing the behavior the user would see in the browser. Learn more at https://react.dev/link/wrap-tests-with-act

      at node_modules/react-dom/cjs/react-dom-client.development.js:18758:19
      at runWithFiberInDEV (node_modules/react-dom/cjs/react-dom-client.development.js:874:13)
      at warnIfUpdatesNotWrappedWithActDEV (node_modules/react-dom/cjs/react-dom-client.development.js:18757:9)
      at scheduleUpdateOnFiber (node_modules/react-dom/cjs/react-dom-client.development.js:16409:11)
      at dispatchSetStateInternal (node_modules/react-dom/cjs/react-dom-client.development.js:9170:13)
      at dispatchSetState (node_modules/react-dom/cjs/react-dom-client.development.js:9127:7)
      at node_modules/@radix-ui/react-select/src/select.tsx:1378:17
      at setRef (node_modules/@radix-ui/react-compose-refs/src/compose-refs.tsx:11:12)
      at node_modules/@radix-ui/react-compose-refs/src/compose-refs.tsx:25:23
          at Array.map (<anonymous>)
      at node_modules/@radix-ui/react-compose-refs/src/compose-refs.tsx:24:27
      at runWithFiberInDEV (node_modules/react-dom/cjs/react-dom-client.development.js:874:13)
      at safelyDetachRef (node_modules/react-dom/cjs/react-dom-client.development.js:13529:37)
      at commitMutationEffectsOnFiber (node_modules/react-dom/cjs/react-dom-client.development.js:14826:15)
      at recursivelyTraverseMutationEffects (node_modules/react-dom/cjs/react-dom-client.development.js:14576:11)
      at commitMutationEffectsOnFiber (node_modules/react-dom/cjs/react-dom-client.development.js:14591:11)
      at recursivelyTraverseMutationEffects (node_modules/react-dom/cjs/react-dom-client.development.js:14576:11)
      at commitMutationEffectsOnFiber (node_modules/react-dom/cjs/react-dom-client.development.js:14591:11)
      at recursivelyTraverseMutationEffects (node_modules/react-dom/cjs/react-dom-client.development.js:14576:11)
      at commitMutationEffectsOnFiber (node_modules/react-dom/cjs/react-dom-client.development.js:14821:11)
      at recursivelyTraverseMutationEffects (node_modules/react-dom/cjs/react-dom-client.development.js:14576:11)
      at commitMutationEffectsOnFiber (node_modules/react-dom/cjs/react-dom-client.development.js:14591:11)
      at recursivelyTraverseMutationEffects (node_modules/react-dom/cjs/react-dom-client.development.js:14576:11)
      at commitMutationEffectsOnFiber (node_modules/react-dom/cjs/react-dom-client.development.js:14591:11)
      at recursivelyTraverseMutationEffects (node_modules/react-dom/cjs/react-dom-client.development.js:14576:11)
      at commitMutationEffectsOnFiber (node_modules/react-dom/cjs/react-dom-client.development.js:14591:11)
      at recursivelyTraverseMutationEffects (node_modules/react-dom/cjs/react-dom-client.development.js:14576:11)
      at commitMutationEffectsOnFiber (node_modules/react-dom/cjs/react-dom-client.development.js:14591:11)
      at recursivelyTraverseMutationEffects (node_modules/react-dom/cjs/react-dom-client.development.js:14576:11)
      at commitMutationEffectsOnFiber (node_modules/react-dom/cjs/react-dom-client.development.js:15102:11)
      at recursivelyTraverseMutationEffects (node_modules/react-dom/cjs/react-dom-client.development.js:14576:11)
      at commitMutationEffectsOnFiber (node_modules/react-dom/cjs/react-dom-client.development.js:14591:11)
      at recursivelyTraverseMutationEffects (node_modules/react-dom/cjs/react-dom-client.development.js:14576:11)
      at commitMutationEffectsOnFiber (node_modules/react-dom/cjs/react-dom-client.development.js:14591:11)
      at recursivelyTraverseMutationEffects (node_modules/react-dom/cjs/react-dom-client.development.js:14576:11)
      at commitMutationEffectsOnFiber (node_modules/react-dom/cjs/react-dom-client.development.js:14591:11)
      at recursivelyTraverseMutationEffects (node_modules/react-dom/cjs/react-dom-client.development.js:14576:11)
      at commitMutationEffectsOnFiber (node_modules/react-dom/cjs/react-dom-client.development.js:14821:11)
      at recursivelyTraverseMutationEffects (node_modules/react-dom/cjs/react-dom-client.development.js:14576:11)
      at commitMutationEffectsOnFiber (node_modules/react-dom/cjs/react-dom-client.development.js:14591:11)
      at recursivelyTraverseMutationEffects (node_modules/react-dom/cjs/react-dom-client.development.js:14576:11)
      at commitMutationEffectsOnFiber (node_modules/react-dom/cjs/react-dom-client.development.js:14591:11)
      at recursivelyTraverseMutationEffects (node_modules/react-dom/cjs/react-dom-client.development.js:14576:11)
      at commitMutationEffectsOnFiber (node_modules/react-dom/cjs/react-dom-client.development.js:14591:11)
      at recursivelyTraverseMutationEffects (node_modules/react-dom/cjs/react-dom-client.development.js:14576:11)
      at commitMutationEffectsOnFiber (node_modules/react-dom/cjs/react-dom-client.development.js:14591:11)
      at recursivelyTraverseMutationEffects (node_modules/react-dom/cjs/react-dom-client.development.js:14576:11)
      at commitMutationEffectsOnFiber (node_modules/react-dom/cjs/react-dom-client.development.js:14591:11)
      at recursivelyTraverseMutationEffects (node_modules/react-dom/cjs/react-dom-client.development.js:14576:11)
      at commitMutationEffectsOnFiber (node_modules/react-dom/cjs/react-dom-client.development.js:14821:11)
      at recursivelyTraverseMutationEffects (node_modules/react-dom/cjs/react-dom-client.development.js:14576:11)
      at commitMutationEffectsOnFiber (node_modules/react-dom/cjs/react-dom-client.development.js:14591:11)
      at recursivelyTraverseMutationEffects (node_modules/react-dom/cjs/react-dom-client.development.js:14576:11)
      at commitMutationEffectsOnFiber (node_modules/react-dom/cjs/react-dom-client.development.js:14591:11)
      at recursivelyTraverseMutationEffects (node_modules/react-dom/cjs/react-dom-client.development.js:14576:11)
      at commitMutationEffectsOnFiber (node_modules/react-dom/cjs/react-dom-client.development.js:14591:11)
      at recursivelyTraverseMutationEffects (node_modules/react-dom/cjs/react-dom-client.development.js:14576:11)
      at commitMutationEffectsOnFiber (node_modules/react-dom/cjs/react-dom-client.development.js:15102:11)
      at recursivelyTraverseMutationEffects (node_modules/react-dom/cjs/react-dom-client.development.js:14576:11)
      at commitMutationEffectsOnFiber (node_modules/react-dom/cjs/react-dom-client.development.js:14591:11)
      at recursivelyTraverseMutationEffects (node_modules/react-dom/cjs/react-dom-client.development.js:14576:11)
      at commitMutationEffectsOnFiber (node_modules/react-dom/cjs/react-dom-client.development.js:14911:11)
      at recursivelyTraverseMutationEffects (node_modules/react-dom/cjs/react-dom-client.development.js:14576:11)
      at commitMutationEffectsOnFiber (node_modules/react-dom/cjs/react-dom-client.development.js:14591:11)
      at recursivelyTraverseMutationEffects (node_modules/react-dom/cjs/react-dom-client.development.js:14576:11)
      at commitMutationEffectsOnFiber (node_modules/react-dom/cjs/react-dom-client.development.js:14591:11)
      at recursivelyTraverseMutationEffects (node_modules/react-dom/cjs/react-dom-client.development.js:14576:11)
      at commitMutationEffectsOnFiber (node_modules/react-dom/cjs/react-dom-client.development.js:14591:11)
      at recursivelyTraverseMutationEffects (node_modules/react-dom/cjs/react-dom-client.development.js:14576:11)
      at commitMutationEffectsOnFiber (node_modules/react-dom/cjs/react-dom-client.development.js:14591:11)
      at recursivelyTraverseMutationEffects (node_modules/react-dom/cjs/react-dom-client.development.js:14576:11)
      at commitMutationEffectsOnFiber (node_modules/react-dom/cjs/react-dom-client.development.js:14911:11)
      at recursivelyTraverseMutationEffects (node_modules/react-dom/cjs/react-dom-client.development.js:14576:11)
      at commitMutationEffectsOnFiber (node_modules/react-dom/cjs/react-dom-client.development.js:14591:11)
      at recursivelyTraverseMutationEffects (node_modules/react-dom/cjs/react-dom-client.development.js:14576:11)
      at commitMutationEffectsOnFiber (node_modules/react-dom/cjs/react-dom-client.development.js:14591:11)
      at recursivelyTraverseMutationEffects (node_modules/react-dom/cjs/react-dom-client.development.js:14576:11)
      at commitMutationEffectsOnFiber (node_modules/react-dom/cjs/react-dom-client.development.js:14591:11)
      at recursivelyTraverseMutationEffects (node_modules/react-dom/cjs/react-dom-client.development.js:14576:11)
      at commitMutationEffectsOnFiber (node_modules/react-dom/cjs/react-dom-client.development.js:15102:11)
      at recursivelyTraverseMutationEffects (node_modules/react-dom/cjs/react-dom-client.development.js:14576:11)
      at commitMutationEffectsOnFiber (node_modules/react-dom/cjs/react-dom-client.development.js:14591:11)
      at recursivelyTraverseMutationEffects (node_modules/react-dom/cjs/react-dom-client.development.js:14576:11)
      at commitMutationEffectsOnFiber (node_modules/react-dom/cjs/react-dom-client.development.js:15102:11)
      at recursivelyTraverseMutationEffects (node_modules/react-dom/cjs/react-dom-client.development.js:14576:11)
      at commitMutationEffectsOnFiber (node_modules/react-dom/cjs/react-dom-client.development.js:14591:11)
      at recursivelyTraverseMutationEffects (node_modules/react-dom/cjs/react-dom-client.development.js:14576:11)
      at commitMutationEffectsOnFiber (node_modules/react-dom/cjs/react-dom-client.development.js:14591:11)
      at recursivelyTraverseMutationEffects (node_modules/react-dom/cjs/react-dom-client.development.js:14576:11)
      at commitMutationEffectsOnFiber (node_modules/react-dom/cjs/react-dom-client.development.js:15102:11)
      at recursivelyTraverseMutationEffects (node_modules/react-dom/cjs/react-dom-client.development.js:14576:11)
      at commitMutationEffectsOnFiber (node_modules/react-dom/cjs/react-dom-client.development.js:14591:11)
      at recursivelyTraverseMutationEffects (node_modules/react-dom/cjs/react-dom-client.development.js:14576:11)
      at commitMutationEffectsOnFiber (node_modules/react-dom/cjs/react-dom-client.development.js:15102:11)
      at recursivelyTraverseMutationEffects (node_modules/react-dom/cjs/react-dom-client.development.js:14576:11)
      at commitMutationEffectsOnFiber (node_modules/react-dom/cjs/react-dom-client.development.js:14591:11)
      at recursivelyTraverseMutationEffects (node_modules/react-dom/cjs/react-dom-client.development.js:14576:11)
      at commitMutationEffectsOnFiber (node_modules/react-dom/cjs/react-dom-client.development.js:14591:11)

    console.error
      An update to Select inside a test was not wrapped in act(...).
      
      When testing, code that causes React state updates should be wrapped into act(...):
      
      act(() => {
        /* fire events that update state */
      });
      /* assert on the output */
      
      This ensures that you're testing the behavior the user would see in the browser. Learn more at https://react.dev/link/wrap-tests-with-act

      at node_modules/react-dom/cjs/react-dom-client.development.js:18758:19
      at runWithFiberInDEV (node_modules/react-dom/cjs/react-dom-client.development.js:874:13)
      at warnIfUpdatesNotWrappedWithActDEV (node_modules/react-dom/cjs/react-dom-client.development.js:18757:9)
      at scheduleUpdateOnFiber (node_modules/react-dom/cjs/react-dom-client.development.js:16409:11)
      at dispatchSetStateInternal (node_modules/react-dom/cjs/react-dom-client.development.js:9170:13)
      at dispatchSetState (node_modules/react-dom/cjs/react-dom-client.development.js:9127:7)
      at setRef (node_modules/@radix-ui/react-compose-refs/src/compose-refs.tsx:11:12)
      at node_modules/@radix-ui/react-compose-refs/src/compose-refs.tsx:25:23
          at Array.map (<anonymous>)
      at node_modules/@radix-ui/react-compose-refs/src/compose-refs.tsx:24:27
      at setRef (node_modules/@radix-ui/react-compose-refs/src/compose-refs.tsx:11:12)
      at node_modules/@radix-ui/react-compose-refs/src/compose-refs.tsx:25:23
          at Array.map (<anonymous>)
      at node_modules/@radix-ui/react-compose-refs/src/compose-refs.tsx:24:27
      at runWithFiberInDEV (node_modules/react-dom/cjs/react-dom-client.development.js:874:13)
      at safelyDetachRef (node_modules/react-dom/cjs/react-dom-client.development.js:13529:37)
      at commitMutationEffectsOnFiber (node_modules/react-dom/cjs/react-dom-client.development.js:14826:15)
      at recursivelyTraverseMutationEffects (node_modules/react-dom/cjs/react-dom-client.development.js:14576:11)
      at commitMutationEffectsOnFiber (node_modules/react-dom/cjs/react-dom-client.development.js:14591:11)
      at recursivelyTraverseMutationEffects (node_modules/react-dom/cjs/react-dom-client.development.js:14576:11)
      at commitMutationEffectsOnFiber (node_modules/react-dom/cjs/react-dom-client.development.js:14591:11)
      at recursivelyTraverseMutationEffects (node_modules/react-dom/cjs/react-dom-client.development.js:14576:11)
      at commitMutationEffectsOnFiber (node_modules/react-dom/cjs/react-dom-client.development.js:14591:11)
      at recursivelyTraverseMutationEffects (node_modules/react-dom/cjs/react-dom-client.development.js:14576:11)
      at commitMutationEffectsOnFiber (node_modules/react-dom/cjs/react-dom-client.development.js:14591:11)
      at recursivelyTraverseMutationEffects (node_modules/react-dom/cjs/react-dom-client.development.js:14576:11)
      at commitMutationEffectsOnFiber (node_modules/react-dom/cjs/react-dom-client.development.js:14591:11)
      at recursivelyTraverseMutationEffects (node_modules/react-dom/cjs/react-dom-client.development.js:14576:11)
      at commitMutationEffectsOnFiber (node_modules/react-dom/cjs/react-dom-client.development.js:14591:11)
      at recursivelyTraverseMutationEffects (node_modules/react-dom/cjs/react-dom-client.development.js:14576:11)
      at commitMutationEffectsOnFiber (node_modules/react-dom/cjs/react-dom-client.development.js:14591:11)
      at recursivelyTraverseMutationEffects (node_modules/react-dom/cjs/react-dom-client.development.js:14576:11)
      at commitMutationEffectsOnFiber (node_modules/react-dom/cjs/react-dom-client.development.js:15102:11)
      at recursivelyTraverseMutationEffects (node_modules/react-dom/cjs/react-dom-client.development.js:14576:11)
      at commitMutationEffectsOnFiber (node_modules/react-dom/cjs/react-dom-client.development.js:14591:11)
      at recursivelyTraverseMutationEffects (node_modules/react-dom/cjs/react-dom-client.development.js:14576:11)
      at commitMutationEffectsOnFiber (node_modules/react-dom/cjs/react-dom-client.development.js:15102:11)
      at recursivelyTraverseMutationEffects (node_modules/react-dom/cjs/react-dom-client.development.js:14576:11)
      at commitMutationEffectsOnFiber (node_modules/react-dom/cjs/react-dom-client.development.js:14591:11)
      at recursivelyTraverseMutationEffects (node_modules/react-dom/cjs/react-dom-client.development.js:14576:11)
      at commitMutationEffectsOnFiber (node_modules/react-dom/cjs/react-dom-client.development.js:14591:11)
      at recursivelyTraverseMutationEffects (node_modules/react-dom/cjs/react-dom-client.development.js:14576:11)
      at commitMutationEffectsOnFiber (node_modules/react-dom/cjs/react-dom-client.development.js:15102:11)
      at recursivelyTraverseMutationEffects (node_modules/react-dom/cjs/react-dom-client.development.js:14576:11)
      at commitMutationEffectsOnFiber (node_modules/react-dom/cjs/react-dom-client.development.js:14591:11)
      at recursivelyTraverseMutationEffects (node_modules/react-dom/cjs/react-dom-client.development.js:14576:11)
      at commitMutationEffectsOnFiber (node_modules/react-dom/cjs/react-dom-client.development.js:15102:11)
      at recursivelyTraverseMutationEffects (node_modules/react-dom/cjs/react-dom-client.development.js:14576:11)
      at commitMutationEffectsOnFiber (node_modules/react-dom/cjs/react-dom-client.development.js:14591:11)
      at recursivelyTraverseMutationEffects (node_modules/react-dom/cjs/react-dom-client.development.js:14576:11)
      at commitMutationEffectsOnFiber (node_modules/react-dom/cjs/react-dom-client.development.js:14591:11)
      at recursivelyTraverseMutationEffects (node_modules/react-dom/cjs/react-dom-client.development.js:14576:11)
      at commitMutationEffectsOnFiber (node_modules/react-dom/cjs/react-dom-client.development.js:14591:11)
      at recursivelyTraverseMutationEffects (node_modules/react-dom/cjs/react-dom-client.development.js:14576:11)
      at commitMutationEffectsOnFiber (node_modules/react-dom/cjs/react-dom-client.development.js:14821:11)
      at recursivelyTraverseMutationEffects (node_modules/react-dom/cjs/react-dom-client.development.js:14576:11)
      at commitMutationEffectsOnFiber (node_modules/react-dom/cjs/react-dom-client.development.js:14821:11)
      at recursivelyTraverseMutationEffects (node_modules/react-dom/cjs/react-dom-client.development.js:14576:11)
      at commitMutationEffectsOnFiber (node_modules/react-dom/cjs/react-dom-client.development.js:14821:11)
      at recursivelyTraverseMutationEffects (node_modules/react-dom/cjs/react-dom-client.development.js:14576:11)
      at commitMutationEffectsOnFiber (node_modules/react-dom/cjs/react-dom-client.development.js:14591:11)
      at recursivelyTraverseMutationEffects (node_modules/react-dom/cjs/react-dom-client.development.js:14576:11)
      at commitMutationEffectsOnFiber (node_modules/react-dom/cjs/react-dom-client.development.js:15102:11)
      at recursivelyTraverseMutationEffects (node_modules/react-dom/cjs/react-dom-client.development.js:14576:11)
      at commitMutationEffectsOnFiber (node_modules/react-dom/cjs/react-dom-client.development.js:15102:11)
      at recursivelyTraverseMutationEffects (node_modules/react-dom/cjs/react-dom-client.development.js:14576:11)
      at commitMutationEffectsOnFiber (node_modules/react-dom/cjs/react-dom-client.development.js:14591:11)
      at recursivelyTraverseMutationEffects (node_modules/react-dom/cjs/react-dom-client.development.js:14576:11)
      at commitMutationEffectsOnFiber (node_modules/react-dom/cjs/react-dom-client.development.js:14591:11)
      at recursivelyTraverseMutationEffects (node_modules/react-dom/cjs/react-dom-client.development.js:14576:11)
      at commitMutationEffectsOnFiber (node_modules/react-dom/cjs/react-dom-client.development.js:15102:11)
      at recursivelyTraverseMutationEffects (node_modules/react-dom/cjs/react-dom-client.development.js:14576:11)
      at commitMutationEffectsOnFiber (node_modules/react-dom/cjs/react-dom-client.development.js:14591:11)
      at recursivelyTraverseMutationEffects (node_modules/react-dom/cjs/react-dom-client.development.js:14576:11)
      at commitMutationEffectsOnFiber (node_modules/react-dom/cjs/react-dom-client.development.js:14591:11)
      at recursivelyTraverseMutationEffects (node_modules/react-dom/cjs/react-dom-client.development.js:14576:11)
      at commitMutationEffectsOnFiber (node_modules/react-dom/cjs/react-dom-client.development.js:14883:11)
      at flushMutationEffects (node_modules/react-dom/cjs/react-dom-client.development.js:17979:13)
      at commitRoot (node_modules/react-dom/cjs/react-dom-client.development.js:17953:9)
      at commitRootWhenReady (node_modules/react-dom/cjs/react-dom-client.development.js:16824:7)
      at performWorkOnRoot (node_modules/react-dom/cjs/react-dom-client.development.js:16722:15)
      at performSyncWorkOnRoot (node_modules/react-dom/cjs/react-dom-client.development.js:18972:7)
      at flushSyncWorkAcrossRoots_impl (node_modules/react-dom/cjs/react-dom-client.development.js:18814:21)
      at processRootScheduleInMicrotask (node_modules/react-dom/cjs/react-dom-client.development.js:18853:9)
      at node_modules/react-dom/cjs/react-dom-client.development.js:18991:13
      at invokeTheCallbackFunction (node_modules/jsdom/lib/jsdom/living/generated/Function.js:19:26)
      at node_modules/jsdom/lib/jsdom/browser/Window.js:613:9

    console.error
      An update to SelectItemText inside a test was not wrapped in act(...).
      
      When testing, code that causes React state updates should be wrapped into act(...):
      
      act(() => {
        /* fire events that update state */
      });
      /* assert on the output */
      
      This ensures that you're testing the behavior the user would see in the browser. Learn more at https://react.dev/link/wrap-tests-with-act

      at node_modules/react-dom/cjs/react-dom-client.development.js:18758:19
      at runWithFiberInDEV (node_modules/react-dom/cjs/react-dom-client.development.js:874:13)
      at warnIfUpdatesNotWrappedWithActDEV (node_modules/react-dom/cjs/react-dom-client.development.js:18757:9)
      at scheduleUpdateOnFiber (node_modules/react-dom/cjs/react-dom-client.development.js:16409:11)
      at dispatchSetStateInternal (node_modules/react-dom/cjs/react-dom-client.development.js:9170:13)
      at dispatchSetState (node_modules/react-dom/cjs/react-dom-client.development.js:9127:7)
      at node_modules/@radix-ui/react-select/src/select.tsx:1378:17
      at setRef (node_modules/@radix-ui/react-compose-refs/src/compose-refs.tsx:11:12)
      at node_modules/@radix-ui/react-compose-refs/src/compose-refs.tsx:25:23
          at Array.map (<anonymous>)
      at node_modules/@radix-ui/react-compose-refs/src/compose-refs.tsx:24:27
      at runWithFiberInDEV (node_modules/react-dom/cjs/react-dom-client.development.js:874:13)
      at safelyDetachRef (node_modules/react-dom/cjs/react-dom-client.development.js:13529:37)
      at commitMutationEffectsOnFiber (node_modules/react-dom/cjs/react-dom-client.development.js:14826:15)
      at recursivelyTraverseMutationEffects (node_modules/react-dom/cjs/react-dom-client.development.js:14576:11)
      at commitMutationEffectsOnFiber (node_modules/react-dom/cjs/react-dom-client.development.js:14591:11)
      at recursivelyTraverseMutationEffects (node_modules/react-dom/cjs/react-dom-client.development.js:14576:11)
      at commitMutationEffectsOnFiber (node_modules/react-dom/cjs/react-dom-client.development.js:14591:11)
      at recursivelyTraverseMutationEffects (node_modules/react-dom/cjs/react-dom-client.development.js:14576:11)
      at commitMutationEffectsOnFiber (node_modules/react-dom/cjs/react-dom-client.development.js:14821:11)
      at recursivelyTraverseMutationEffects (node_modules/react-dom/cjs/react-dom-client.development.js:14576:11)
      at commitMutationEffectsOnFiber (node_modules/react-dom/cjs/react-dom-client.development.js:14591:11)
      at recursivelyTraverseMutationEffects (node_modules/react-dom/cjs/react-dom-client.development.js:14576:11)
      at commitMutationEffectsOnFiber (node_modules/react-dom/cjs/react-dom-client.development.js:14591:11)
      at recursivelyTraverseMutationEffects (node_modules/react-dom/cjs/react-dom-client.development.js:14576:11)
      at commitMutationEffectsOnFiber (node_modules/react-dom/cjs/react-dom-client.development.js:14591:11)
      at recursivelyTraverseMutationEffects (node_modules/react-dom/cjs/react-dom-client.development.js:14576:11)
      at commitMutationEffectsOnFiber (node_modules/react-dom/cjs/react-dom-client.development.js:14591:11)
      at recursivelyTraverseMutationEffects (node_modules/react-dom/cjs/react-dom-client.development.js:14576:11)
      at commitMutationEffectsOnFiber (node_modules/react-dom/cjs/react-dom-client.development.js:15102:11)
      at recursivelyTraverseMutationEffects (node_modules/react-dom/cjs/react-dom-client.development.js:14576:11)
      at commitMutationEffectsOnFiber (node_modules/react-dom/cjs/react-dom-client.development.js:14591:11)
      at recursivelyTraverseMutationEffects (node_modules/react-dom/cjs/react-dom-client.development.js:14576:11)
      at commitMutationEffectsOnFiber (node_modules/react-dom/cjs/react-dom-client.development.js:14591:11)
      at recursivelyTraverseMutationEffects (node_modules/react-dom/cjs/react-dom-client.development.js:14576:11)
      at commitMutationEffectsOnFiber (node_modules/react-dom/cjs/react-dom-client.development.js:14591:11)
      at recursivelyTraverseMutationEffects (node_modules/react-dom/cjs/react-dom-client.development.js:14576:11)
      at commitMutationEffectsOnFiber (node_modules/react-dom/cjs/react-dom-client.development.js:14821:11)
      at recursivelyTraverseMutationEffects (node_modules/react-dom/cjs/react-dom-client.development.js:14576:11)
      at commitMutationEffectsOnFiber (node_modules/react-dom/cjs/react-dom-client.development.js:14591:11)
      at recursivelyTraverseMutationEffects (node_modules/react-dom/cjs/react-dom-client.development.js:14576:11)
      at commitMutationEffectsOnFiber (node_modules/react-dom/cjs/react-dom-client.development.js:14591:11)
      at recursivelyTraverseMutationEffects (node_modules/react-dom/cjs/react-dom-client.development.js:14576:11)
      at commitMutationEffectsOnFiber (node_modules/react-dom/cjs/react-dom-client.development.js:14591:11)
      at recursivelyTraverseMutationEffects (node_modules/react-dom/cjs/react-dom-client.development.js:14576:11)
      at commitMutationEffectsOnFiber (node_modules/react-dom/cjs/react-dom-client.development.js:14591:11)
      at recursivelyTraverseMutationEffects (node_modules/react-dom/cjs/react-dom-client.development.js:14576:11)
      at commitMutationEffectsOnFiber (node_modules/react-dom/cjs/react-dom-client.development.js:14591:11)
      at recursivelyTraverseMutationEffects (node_modules/react-dom/cjs/react-dom-client.development.js:14576:11)
      at commitMutationEffectsOnFiber (node_modules/react-dom/cjs/react-dom-client.development.js:14821:11)
      at recursivelyTraverseMutationEffects (node_modules/react-dom/cjs/react-dom-client.development.js:14576:11)
      at commitMutationEffectsOnFiber (node_modules/react-dom/cjs/react-dom-client.development.js:14591:11)
      at recursivelyTraverseMutationEffects (node_modules/react-dom/cjs/react-dom-client.development.js:14576:11)
      at commitMutationEffectsOnFiber (node_modules/react-dom/cjs/react-dom-client.development.js:14591:11)
      at recursivelyTraverseMutationEffects (node_modules/react-dom/cjs/react-dom-client.development.js:14576:11)
      at commitMutationEffectsOnFiber (node_modules/react-dom/cjs/react-dom-client.development.js:14591:11)
      at recursivelyTraverseMutationEffects (node_modules/react-dom/cjs/react-dom-client.development.js:14576:11)
      at commitMutationEffectsOnFiber (node_modules/react-dom/cjs/react-dom-client.development.js:15102:11)
      at recursivelyTraverseMutationEffects (node_modules/react-dom/cjs/react-dom-client.development.js:14576:11)
      at commitMutationEffectsOnFiber (node_modules/react-dom/cjs/react-dom-client.development.js:14591:11)
      at recursivelyTraverseMutationEffects (node_modules/react-dom/cjs/react-dom-client.development.js:14576:11)
      at commitMutationEffectsOnFiber (node_modules/react-dom/cjs/react-dom-client.development.js:14911:11)
      at recursivelyTraverseMutationEffects (node_modules/react-dom/cjs/react-dom-client.development.js:14576:11)
      at commitMutationEffectsOnFiber (node_modules/react-dom/cjs/react-dom-client.development.js:14591:11)
      at recursivelyTraverseMutationEffects (node_modules/react-dom/cjs/react-dom-client.development.js:14576:11)
      at commitMutationEffectsOnFiber (node_modules/react-dom/cjs/react-dom-client.development.js:14591:11)
      at recursivelyTraverseMutationEffects (node_modules/react-dom/cjs/react-dom-client.development.js:14576:11)
      at commitMutationEffectsOnFiber (node_modules/react-dom/cjs/react-dom-client.development.js:14591:11)
      at recursivelyTraverseMutationEffects (node_modules/react-dom/cjs/react-dom-client.development.js:14576:11)
      at commitMutationEffectsOnFiber (node_modules/react-dom/cjs/react-dom-client.development.js:14591:11)
      at recursivelyTraverseMutationEffects (node_modules/react-dom/cjs/react-dom-client.development.js:14576:11)
      at commitMutationEffectsOnFiber (node_modules/react-dom/cjs/react-dom-client.development.js:14911:11)
      at recursivelyTraverseMutationEffects (node_modules/react-dom/cjs/react-dom-client.development.js:14576:11)
      at commitMutationEffectsOnFiber (node_modules/react-dom/cjs/react-dom-client.development.js:14591:11)
      at recursivelyTraverseMutationEffects (node_modules/react-dom/cjs/react-dom-client.development.js:14576:11)
      at commitMutationEffectsOnFiber (node_modules/react-dom/cjs/react-dom-client.development.js:14591:11)
      at recursivelyTraverseMutationEffects (node_modules/react-dom/cjs/react-dom-client.development.js:14576:11)
      at commitMutationEffectsOnFiber (node_modules/react-dom/cjs/react-dom-client.development.js:14591:11)
      at recursivelyTraverseMutationEffects (node_modules/react-dom/cjs/react-dom-client.development.js:14576:11)
      at commitMutationEffectsOnFiber (node_modules/react-dom/cjs/react-dom-client.development.js:15102:11)
      at recursivelyTraverseMutationEffects (node_modules/react-dom/cjs/react-dom-client.development.js:14576:11)
      at commitMutationEffectsOnFiber (node_modules/react-dom/cjs/react-dom-client.development.js:14591:11)
      at recursivelyTraverseMutationEffects (node_modules/react-dom/cjs/react-dom-client.development.js:14576:11)
      at commitMutationEffectsOnFiber (node_modules/react-dom/cjs/react-dom-client.development.js:15102:11)
      at recursivelyTraverseMutationEffects (node_modules/react-dom/cjs/react-dom-client.development.js:14576:11)
      at commitMutationEffectsOnFiber (node_modules/react-dom/cjs/react-dom-client.development.js:14591:11)
      at recursivelyTraverseMutationEffects (node_modules/react-dom/cjs/react-dom-client.development.js:14576:11)
      at commitMutationEffectsOnFiber (node_modules/react-dom/cjs/react-dom-client.development.js:14591:11)
      at recursivelyTraverseMutationEffects (node_modules/react-dom/cjs/react-dom-client.development.js:14576:11)
      at commitMutationEffectsOnFiber (node_modules/react-dom/cjs/react-dom-client.development.js:15102:11)
      at recursivelyTraverseMutationEffects (node_modules/react-dom/cjs/react-dom-client.development.js:14576:11)
      at commitMutationEffectsOnFiber (node_modules/react-dom/cjs/react-dom-client.development.js:14591:11)
      at recursivelyTraverseMutationEffects (node_modules/react-dom/cjs/react-dom-client.development.js:14576:11)
      at commitMutationEffectsOnFiber (node_modules/react-dom/cjs/react-dom-client.development.js:15102:11)
      at recursivelyTraverseMutationEffects (node_modules/react-dom/cjs/react-dom-client.development.js:14576:11)
      at commitMutationEffectsOnFiber (node_modules/react-dom/cjs/react-dom-client.development.js:14591:11)
      at recursivelyTraverseMutationEffects (node_modules/react-dom/cjs/react-dom-client.development.js:14576:11)
      at commitMutationEffectsOnFiber (node_modules/react-dom/cjs/react-dom-client.development.js:14591:11)

    console.error
      An update to SelectItemText inside a test was not wrapped in act(...).
      
      When testing, code that causes React state updates should be wrapped into act(...):
      
      act(() => {
        /* fire events that update state */
      });
      /* assert on the output */
      
      This ensures that you're testing the behavior the user would see in the browser. Learn more at https://react.dev/link/wrap-tests-with-act

      at node_modules/react-dom/cjs/react-dom-client.development.js:18758:19
      at runWithFiberInDEV (node_modules/react-dom/cjs/react-dom-client.development.js:874:13)
      at warnIfUpdatesNotWrappedWithActDEV (node_modules/react-dom/cjs/react-dom-client.development.js:18757:9)
      at scheduleUpdateOnFiber (node_modules/react-dom/cjs/react-dom-client.development.js:16409:11)
      at dispatchSetStateInternal (node_modules/react-dom/cjs/react-dom-client.development.js:9170:13)
      at dispatchSetState (node_modules/react-dom/cjs/react-dom-client.development.js:9127:7)
      at node_modules/@radix-ui/react-select/src/select.tsx:1378:17
      at setRef (node_modules/@radix-ui/react-compose-refs/src/compose-refs.tsx:11:12)
      at node_modules/@radix-ui/react-compose-refs/src/compose-refs.tsx:25:23
          at Array.map (<anonymous>)
      at node_modules/@radix-ui/react-compose-refs/src/compose-refs.tsx:24:27
      at runWithFiberInDEV (node_modules/react-dom/cjs/react-dom-client.development.js:874:13)
      at safelyDetachRef (node_modules/react-dom/cjs/react-dom-client.development.js:13529:37)
      at commitMutationEffectsOnFiber (node_modules/react-dom/cjs/react-dom-client.development.js:14826:15)
      at recursivelyTraverseMutationEffects (node_modules/react-dom/cjs/react-dom-client.development.js:14576:11)
      at commitMutationEffectsOnFiber (node_modules/react-dom/cjs/react-dom-client.development.js:14591:11)
      at recursivelyTraverseMutationEffects (node_modules/react-dom/cjs/react-dom-client.development.js:14576:11)
      at commitMutationEffectsOnFiber (node_modules/react-dom/cjs/react-dom-client.development.js:14591:11)
      at recursivelyTraverseMutationEffects (node_modules/react-dom/cjs/react-dom-client.development.js:14576:11)
      at commitMutationEffectsOnFiber (node_modules/react-dom/cjs/react-dom-client.development.js:14821:11)
      at recursivelyTraverseMutationEffects (node_modules/react-dom/cjs/react-dom-client.development.js:14576:11)
      at commitMutationEffectsOnFiber (node_modules/react-dom/cjs/react-dom-client.development.js:14591:11)
      at recursivelyTraverseMutationEffects (node_modules/react-dom/cjs/react-dom-client.development.js:14576:11)
      at commitMutationEffectsOnFiber (node_modules/react-dom/cjs/react-dom-client.development.js:14591:11)
      at recursivelyTraverseMutationEffects (node_modules/react-dom/cjs/react-dom-client.development.js:14576:11)
      at commitMutationEffectsOnFiber (node_modules/react-dom/cjs/react-dom-client.development.js:14591:11)
      at recursivelyTraverseMutationEffects (node_modules/react-dom/cjs/react-dom-client.development.js:14576:11)
      at commitMutationEffectsOnFiber (node_modules/react-dom/cjs/react-dom-client.development.js:14591:11)
      at recursivelyTraverseMutationEffects (node_modules/react-dom/cjs/react-dom-client.development.js:14576:11)
      at commitMutationEffectsOnFiber (node_modules/react-dom/cjs/react-dom-client.development.js:15102:11)
      at recursivelyTraverseMutationEffects (node_modules/react-dom/cjs/react-dom-client.development.js:14576:11)
      at commitMutationEffectsOnFiber (node_modules/react-dom/cjs/react-dom-client.development.js:14591:11)
      at recursivelyTraverseMutationEffects (node_modules/react-dom/cjs/react-dom-client.development.js:14576:11)
      at commitMutationEffectsOnFiber (node_modules/react-dom/cjs/react-dom-client.development.js:14591:11)
      at recursivelyTraverseMutationEffects (node_modules/react-dom/cjs/react-dom-client.development.js:14576:11)
      at commitMutationEffectsOnFiber (node_modules/react-dom/cjs/react-dom-client.development.js:14591:11)
      at recursivelyTraverseMutationEffects (node_modules/react-dom/cjs/react-dom-client.development.js:14576:11)
      at commitMutationEffectsOnFiber (node_modules/react-dom/cjs/react-dom-client.development.js:15102:11)
      at recursivelyTraverseMutationEffects (node_modules/react-dom/cjs/react-dom-client.development.js:14576:11)
      at commitMutationEffectsOnFiber (node_modules/react-dom/cjs/react-dom-client.development.js:14821:11)
      at recursivelyTraverseMutationEffects (node_modules/react-dom/cjs/react-dom-client.development.js:14576:11)
      at commitMutationEffectsOnFiber (node_modules/react-dom/cjs/react-dom-client.development.js:14591:11)
      at recursivelyTraverseMutationEffects (node_modules/react-dom/cjs/react-dom-client.development.js:14576:11)
      at commitMutationEffectsOnFiber (node_modules/react-dom/cjs/react-dom-client.development.js:14591:11)
      at recursivelyTraverseMutationEffects (node_modules/react-dom/cjs/react-dom-client.development.js:14576:11)
      at commitMutationEffectsOnFiber (node_modules/react-dom/cjs/react-dom-client.development.js:14591:11)
      at recursivelyTraverseMutationEffects (node_modules/react-dom/cjs/react-dom-client.development.js:14576:11)
      at commitMutationEffectsOnFiber (node_modules/react-dom/cjs/react-dom-client.development.js:14591:11)
      at recursivelyTraverseMutationEffects (node_modules/react-dom/cjs/react-dom-client.development.js:14576:11)
      at commitMutationEffectsOnFiber (node_modules/react-dom/cjs/react-dom-client.development.js:14591:11)
      at recursivelyTraverseMutationEffects (node_modules/react-dom/cjs/react-dom-client.development.js:14576:11)
      at commitMutationEffectsOnFiber (node_modules/react-dom/cjs/react-dom-client.development.js:14821:11)
      at recursivelyTraverseMutationEffects (node_modules/react-dom/cjs/react-dom-client.development.js:14576:11)
      at commitMutationEffectsOnFiber (node_modules/react-dom/cjs/react-dom-client.development.js:14591:11)
      at recursivelyTraverseMutationEffects (node_modules/react-dom/cjs/react-dom-client.development.js:14576:11)
      at commitMutationEffectsOnFiber (node_modules/react-dom/cjs/react-dom-client.development.js:14591:11)
      at recursivelyTraverseMutationEffects (node_modules/react-dom/cjs/react-dom-client.development.js:14576:11)
      at commitMutationEffectsOnFiber (node_modules/react-dom/cjs/react-dom-client.development.js:14591:11)
      at recursivelyTraverseMutationEffects (node_modules/react-dom/cjs/react-dom-client.development.js:14576:11)
      at commitMutationEffectsOnFiber (node_modules/react-dom/cjs/react-dom-client.development.js:15102:11)
      at recursivelyTraverseMutationEffects (node_modules/react-dom/cjs/react-dom-client.development.js:14576:11)
      at commitMutationEffectsOnFiber (node_modules/react-dom/cjs/react-dom-client.development.js:14591:11)
      at recursivelyTraverseMutationEffects (node_modules/react-dom/cjs/react-dom-client.development.js:14576:11)
      at commitMutationEffectsOnFiber (node_modules/react-dom/cjs/react-dom-client.development.js:14911:11)
      at recursivelyTraverseMutationEffects (node_modules/react-dom/cjs/react-dom-client.development.js:14576:11)
      at commitMutationEffectsOnFiber (node_modules/react-dom/cjs/react-dom-client.development.js:14591:11)
      at recursivelyTraverseMutationEffects (node_modules/react-dom/cjs/react-dom-client.development.js:14576:11)
      at commitMutationEffectsOnFiber (node_modules/react-dom/cjs/react-dom-client.development.js:14591:11)
      at recursivelyTraverseMutationEffects (node_modules/react-dom/cjs/react-dom-client.development.js:14576:11)
      at commitMutationEffectsOnFiber (node_modules/react-dom/cjs/react-dom-client.development.js:14591:11)
      at recursivelyTraverseMutationEffects (node_modules/react-dom/cjs/react-dom-client.development.js:14576:11)
      at commitMutationEffectsOnFiber (node_modules/react-dom/cjs/react-dom-client.development.js:14591:11)
      at recursivelyTraverseMutationEffects (node_modules/react-dom/cjs/react-dom-client.development.js:14576:11)
      at commitMutationEffectsOnFiber (node_modules/react-dom/cjs/react-dom-client.development.js:14911:11)
      at recursivelyTraverseMutationEffects (node_modules/react-dom/cjs/react-dom-client.development.js:14576:11)
      at commitMutationEffectsOnFiber (node_modules/react-dom/cjs/react-dom-client.development.js:14591:11)
      at recursivelyTraverseMutationEffects (node_modules/react-dom/cjs/react-dom-client.development.js:14576:11)
      at commitMutationEffectsOnFiber (node_modules/react-dom/cjs/react-dom-client.development.js:14591:11)
      at recursivelyTraverseMutationEffects (node_modules/react-dom/cjs/react-dom-client.development.js:14576:11)
      at commitMutationEffectsOnFiber (node_modules/react-dom/cjs/react-dom-client.development.js:14591:11)
      at recursivelyTraverseMutationEffects (node_modules/react-dom/cjs/react-dom-client.development.js:14576:11)
      at commitMutationEffectsOnFiber (node_modules/react-dom/cjs/react-dom-client.development.js:15102:11)
      at recursivelyTraverseMutationEffects (node_modules/react-dom/cjs/react-dom-client.development.js:14576:11)
      at commitMutationEffectsOnFiber (node_modules/react-dom/cjs/react-dom-client.development.js:14591:11)
      at recursivelyTraverseMutationEffects (node_modules/react-dom/cjs/react-dom-client.development.js:14576:11)
      at commitMutationEffectsOnFiber (node_modules/react-dom/cjs/react-dom-client.development.js:15102:11)
      at recursivelyTraverseMutationEffects (node_modules/react-dom/cjs/react-dom-client.development.js:14576:11)
      at commitMutationEffectsOnFiber (node_modules/react-dom/cjs/react-dom-client.development.js:14591:11)
      at recursivelyTraverseMutationEffects (node_modules/react-dom/cjs/react-dom-client.development.js:14576:11)
      at commitMutationEffectsOnFiber (node_modules/react-dom/cjs/react-dom-client.development.js:14591:11)
      at recursivelyTraverseMutationEffects (node_modules/react-dom/cjs/react-dom-client.development.js:14576:11)
      at commitMutationEffectsOnFiber (node_modules/react-dom/cjs/react-dom-client.development.js:15102:11)
      at recursivelyTraverseMutationEffects (node_modules/react-dom/cjs/react-dom-client.development.js:14576:11)
      at commitMutationEffectsOnFiber (node_modules/react-dom/cjs/react-dom-client.development.js:14591:11)
      at recursivelyTraverseMutationEffects (node_modules/react-dom/cjs/react-dom-client.development.js:14576:11)
      at commitMutationEffectsOnFiber (node_modules/react-dom/cjs/react-dom-client.development.js:15102:11)
      at recursivelyTraverseMutationEffects (node_modules/react-dom/cjs/react-dom-client.development.js:14576:11)
      at commitMutationEffectsOnFiber (node_modules/react-dom/cjs/react-dom-client.development.js:14591:11)

    console.error
      An update to Select inside a test was not wrapped in act(...).
      
      When testing, code that causes React state updates should be wrapped into act(...):
      
      act(() => {
        /* fire events that update state */
      });
      /* assert on the output */
      
      This ensures that you're testing the behavior the user would see in the browser. Learn more at https://react.dev/link/wrap-tests-with-act

      at node_modules/react-dom/cjs/react-dom-client.development.js:18758:19
      at runWithFiberInDEV (node_modules/react-dom/cjs/react-dom-client.development.js:874:13)
      at warnIfUpdatesNotWrappedWithActDEV (node_modules/react-dom/cjs/react-dom-client.development.js:18757:9)
      at scheduleUpdateOnFiber (node_modules/react-dom/cjs/react-dom-client.development.js:16409:11)
      at dispatchSetStateInternal (node_modules/react-dom/cjs/react-dom-client.development.js:9170:13)
      at dispatchSetState (node_modules/react-dom/cjs/react-dom-client.development.js:9127:7)
      at setRef (node_modules/@radix-ui/react-compose-refs/src/compose-refs.tsx:11:12)
      at node_modules/@radix-ui/react-compose-refs/src/compose-refs.tsx:25:23
          at Array.map (<anonymous>)
      at node_modules/@radix-ui/react-compose-refs/src/compose-refs.tsx:24:27
      at setRef (node_modules/@radix-ui/react-compose-refs/src/compose-refs.tsx:11:12)
      at node_modules/@radix-ui/react-compose-refs/src/compose-refs.tsx:25:23
          at Array.map (<anonymous>)
      at node_modules/@radix-ui/react-compose-refs/src/compose-refs.tsx:24:27
      at runWithFiberInDEV (node_modules/react-dom/cjs/react-dom-client.development.js:874:13)
      at safelyDetachRef (node_modules/react-dom/cjs/react-dom-client.development.js:13529:37)
      at commitMutationEffectsOnFiber (node_modules/react-dom/cjs/react-dom-client.development.js:14826:15)
      at recursivelyTraverseMutationEffects (node_modules/react-dom/cjs/react-dom-client.development.js:14576:11)
      at commitMutationEffectsOnFiber (node_modules/react-dom/cjs/react-dom-client.development.js:14591:11)
      at recursivelyTraverseMutationEffects (node_modules/react-dom/cjs/react-dom-client.development.js:14576:11)
      at commitMutationEffectsOnFiber (node_modules/react-dom/cjs/react-dom-client.development.js:14591:11)
      at recursivelyTraverseMutationEffects (node_modules/react-dom/cjs/react-dom-client.development.js:14576:11)
      at commitMutationEffectsOnFiber (node_modules/react-dom/cjs/react-dom-client.development.js:14591:11)
      at recursivelyTraverseMutationEffects (node_modules/react-dom/cjs/react-dom-client.development.js:14576:11)
      at commitMutationEffectsOnFiber (node_modules/react-dom/cjs/react-dom-client.development.js:14591:11)
      at recursivelyTraverseMutationEffects (node_modules/react-dom/cjs/react-dom-client.development.js:14576:11)
      at commitMutationEffectsOnFiber (node_modules/react-dom/cjs/react-dom-client.development.js:14591:11)
      at recursivelyTraverseMutationEffects (node_modules/react-dom/cjs/react-dom-client.development.js:14576:11)
      at commitMutationEffectsOnFiber (node_modules/react-dom/cjs/react-dom-client.development.js:14591:11)
      at recursivelyTraverseMutationEffects (node_modules/react-dom/cjs/react-dom-client.development.js:14576:11)
      at commitMutationEffectsOnFiber (node_modules/react-dom/cjs/react-dom-client.development.js:14591:11)
      at recursivelyTraverseMutationEffects (node_modules/react-dom/cjs/react-dom-client.development.js:14576:11)
      at commitMutationEffectsOnFiber (node_modules/react-dom/cjs/react-dom-client.development.js:15102:11)
      at recursivelyTraverseMutationEffects (node_modules/react-dom/cjs/react-dom-client.development.js:14576:11)
      at commitMutationEffectsOnFiber (node_modules/react-dom/cjs/react-dom-client.development.js:14591:11)
      at recursivelyTraverseMutationEffects (node_modules/react-dom/cjs/react-dom-client.development.js:14576:11)
      at commitMutationEffectsOnFiber (node_modules/react-dom/cjs/react-dom-client.development.js:15102:11)
      at recursivelyTraverseMutationEffects (node_modules/react-dom/cjs/react-dom-client.development.js:14576:11)
      at commitMutationEffectsOnFiber (node_modules/react-dom/cjs/react-dom-client.development.js:14591:11)
      at recursivelyTraverseMutationEffects (node_modules/react-dom/cjs/react-dom-client.development.js:14576:11)
      at commitMutationEffectsOnFiber (node_modules/react-dom/cjs/react-dom-client.development.js:14591:11)
      at recursivelyTraverseMutationEffects (node_modules/react-dom/cjs/react-dom-client.development.js:14576:11)
      at commitMutationEffectsOnFiber (node_modules/react-dom/cjs/react-dom-client.development.js:15102:11)
      at recursivelyTraverseMutationEffects (node_modules/react-dom/cjs/react-dom-client.development.js:14576:11)
      at commitMutationEffectsOnFiber (node_modules/react-dom/cjs/react-dom-client.development.js:14591:11)
      at recursivelyTraverseMutationEffects (node_modules/react-dom/cjs/react-dom-client.development.js:14576:11)
      at commitMutationEffectsOnFiber (node_modules/react-dom/cjs/react-dom-client.development.js:15102:11)
      at recursivelyTraverseMutationEffects (node_modules/react-dom/cjs/react-dom-client.development.js:14576:11)
      at commitMutationEffectsOnFiber (node_modules/react-dom/cjs/react-dom-client.development.js:14591:11)
      at recursivelyTraverseMutationEffects (node_modules/react-dom/cjs/react-dom-client.development.js:14576:11)
      at commitMutationEffectsOnFiber (node_modules/react-dom/cjs/react-dom-client.development.js:14591:11)
      at recursivelyTraverseMutationEffects (node_modules/react-dom/cjs/react-dom-client.development.js:14576:11)
      at commitMutationEffectsOnFiber (node_modules/react-dom/cjs/react-dom-client.development.js:14591:11)
      at recursivelyTraverseMutationEffects (node_modules/react-dom/cjs/react-dom-client.development.js:14576:11)
      at commitMutationEffectsOnFiber (node_modules/react-dom/cjs/react-dom-client.development.js:14821:11)
      at recursivelyTraverseMutationEffects (node_modules/react-dom/cjs/react-dom-client.development.js:14576:11)
      at commitMutationEffectsOnFiber (node_modules/react-dom/cjs/react-dom-client.development.js:14821:11)
      at recursivelyTraverseMutationEffects (node_modules/react-dom/cjs/react-dom-client.development.js:14576:11)
      at commitMutationEffectsOnFiber (node_modules/react-dom/cjs/react-dom-client.development.js:14821:11)
      at recursivelyTraverseMutationEffects (node_modules/react-dom/cjs/react-dom-client.development.js:14576:11)
      at commitMutationEffectsOnFiber (node_modules/react-dom/cjs/react-dom-client.development.js:14591:11)
      at recursivelyTraverseMutationEffects (node_modules/react-dom/cjs/react-dom-client.development.js:14576:11)
      at commitMutationEffectsOnFiber (node_modules/react-dom/cjs/react-dom-client.development.js:15102:11)
      at recursivelyTraverseMutationEffects (node_modules/react-dom/cjs/react-dom-client.development.js:14576:11)
      at commitMutationEffectsOnFiber (node_modules/react-dom/cjs/react-dom-client.development.js:15102:11)
      at recursivelyTraverseMutationEffects (node_modules/react-dom/cjs/react-dom-client.development.js:14576:11)
      at commitMutationEffectsOnFiber (node_modules/react-dom/cjs/react-dom-client.development.js:14591:11)
      at recursivelyTraverseMutationEffects (node_modules/react-dom/cjs/react-dom-client.development.js:14576:11)
      at commitMutationEffectsOnFiber (node_modules/react-dom/cjs/react-dom-client.development.js:14591:11)
      at recursivelyTraverseMutationEffects (node_modules/react-dom/cjs/react-dom-client.development.js:14576:11)
      at commitMutationEffectsOnFiber (node_modules/react-dom/cjs/react-dom-client.development.js:15102:11)
      at recursivelyTraverseMutationEffects (node_modules/react-dom/cjs/react-dom-client.development.js:14576:11)
      at commitMutationEffectsOnFiber (node_modules/react-dom/cjs/react-dom-client.development.js:14591:11)
      at recursivelyTraverseMutationEffects (node_modules/react-dom/cjs/react-dom-client.development.js:14576:11)
      at commitMutationEffectsOnFiber (node_modules/react-dom/cjs/react-dom-client.development.js:14591:11)
      at recursivelyTraverseMutationEffects (node_modules/react-dom/cjs/react-dom-client.development.js:14576:11)
      at commitMutationEffectsOnFiber (node_modules/react-dom/cjs/react-dom-client.development.js:14883:11)
      at flushMutationEffects (node_modules/react-dom/cjs/react-dom-client.development.js:17979:13)
      at commitRoot (node_modules/react-dom/cjs/react-dom-client.development.js:17953:9)
      at commitRootWhenReady (node_modules/react-dom/cjs/react-dom-client.development.js:16824:7)
      at performWorkOnRoot (node_modules/react-dom/cjs/react-dom-client.development.js:16722:15)
      at performSyncWorkOnRoot (node_modules/react-dom/cjs/react-dom-client.development.js:18972:7)
      at flushSyncWorkAcrossRoots_impl (node_modules/react-dom/cjs/react-dom-client.development.js:18814:21)
      at processRootScheduleInMicrotask (node_modules/react-dom/cjs/react-dom-client.development.js:18853:9)
      at node_modules/react-dom/cjs/react-dom-client.development.js:18991:13
      at invokeTheCallbackFunction (node_modules/jsdom/lib/jsdom/living/generated/Function.js:19:26)
      at node_modules/jsdom/lib/jsdom/browser/Window.js:613:9

    console.error
      An update to SelectItemText inside a test was not wrapped in act(...).
      
      When testing, code that causes React state updates should be wrapped into act(...):
      
      act(() => {
        /* fire events that update state */
      });
      /* assert on the output */
      
      This ensures that you're testing the behavior the user would see in the browser. Learn more at https://react.dev/link/wrap-tests-with-act

      at node_modules/react-dom/cjs/react-dom-client.development.js:18758:19
      at runWithFiberInDEV (node_modules/react-dom/cjs/react-dom-client.development.js:874:13)
      at warnIfUpdatesNotWrappedWithActDEV (node_modules/react-dom/cjs/react-dom-client.development.js:18757:9)
      at scheduleUpdateOnFiber (node_modules/react-dom/cjs/react-dom-client.development.js:16409:11)
      at dispatchSetStateInternal (node_modules/react-dom/cjs/react-dom-client.development.js:9170:13)
      at dispatchSetState (node_modules/react-dom/cjs/react-dom-client.development.js:9127:7)
      at node_modules/@radix-ui/react-select/src/select.tsx:1378:17
      at setRef (node_modules/@radix-ui/react-compose-refs/src/compose-refs.tsx:11:12)
      at node_modules/@radix-ui/react-compose-refs/src/compose-refs.tsx:25:23
          at Array.map (<anonymous>)
      at node_modules/@radix-ui/react-compose-refs/src/compose-refs.tsx:24:27
      at runWithFiberInDEV (node_modules/react-dom/cjs/react-dom-client.development.js:874:13)
      at safelyDetachRef (node_modules/react-dom/cjs/react-dom-client.development.js:13529:37)
      at commitMutationEffectsOnFiber (node_modules/react-dom/cjs/react-dom-client.development.js:14826:15)
      at recursivelyTraverseMutationEffects (node_modules/react-dom/cjs/react-dom-client.development.js:14576:11)
      at commitMutationEffectsOnFiber (node_modules/react-dom/cjs/react-dom-client.development.js:14591:11)
      at recursivelyTraverseMutationEffects (node_modules/react-dom/cjs/react-dom-client.development.js:14576:11)
      at commitMutationEffectsOnFiber (node_modules/react-dom/cjs/react-dom-client.development.js:14591:11)
      at recursivelyTraverseMutationEffects (node_modules/react-dom/cjs/react-dom-client.development.js:14576:11)
      at commitMutationEffectsOnFiber (node_modules/react-dom/cjs/react-dom-client.development.js:14821:11)
      at recursivelyTraverseMutationEffects (node_modules/react-dom/cjs/react-dom-client.development.js:14576:11)
      at commitMutationEffectsOnFiber (node_modules/react-dom/cjs/react-dom-client.development.js:14591:11)
      at recursivelyTraverseMutationEffects (node_modules/react-dom/cjs/react-dom-client.development.js:14576:11)
      at commitMutationEffectsOnFiber (node_modules/react-dom/cjs/react-dom-client.development.js:14591:11)
      at recursivelyTraverseMutationEffects (node_modules/react-dom/cjs/react-dom-client.development.js:14576:11)
      at commitMutationEffectsOnFiber (node_modules/react-dom/cjs/react-dom-client.development.js:14591:11)
      at recursivelyTraverseMutationEffects (node_modules/react-dom/cjs/react-dom-client.development.js:14576:11)
      at commitMutationEffectsOnFiber (node_modules/react-dom/cjs/react-dom-client.development.js:14591:11)
      at recursivelyTraverseMutationEffects (node_modules/react-dom/cjs/react-dom-client.development.js:14576:11)
      at commitMutationEffectsOnFiber (node_modules/react-dom/cjs/react-dom-client.development.js:15102:11)
      at recursivelyTraverseMutationEffects (node_modules/react-dom/cjs/react-dom-client.development.js:14576:11)
      at commitMutationEffectsOnFiber (node_modules/react-dom/cjs/react-dom-client.development.js:14591:11)
      at recursivelyTraverseMutationEffects (node_modules/react-dom/cjs/react-dom-client.development.js:14576:11)
      at commitMutationEffectsOnFiber (node_modules/react-dom/cjs/react-dom-client.development.js:14591:11)
      at recursivelyTraverseMutationEffects (node_modules/react-dom/cjs/react-dom-client.development.js:14576:11)
      at commitMutationEffectsOnFiber (node_modules/react-dom/cjs/react-dom-client.development.js:14591:11)
      at recursivelyTraverseMutationEffects (node_modules/react-dom/cjs/react-dom-client.development.js:14576:11)
      at commitMutationEffectsOnFiber (node_modules/react-dom/cjs/react-dom-client.development.js:14821:11)
      at recursivelyTraverseMutationEffects (node_modules/react-dom/cjs/react-dom-client.development.js:14576:11)
      at commitMutationEffectsOnFiber (node_modules/react-dom/cjs/react-dom-client.development.js:14591:11)
      at recursivelyTraverseMutationEffects (node_modules/react-dom/cjs/react-dom-client.development.js:14576:11)
      at commitMutationEffectsOnFiber (node_modules/react-dom/cjs/react-dom-client.development.js:14591:11)
      at recursivelyTraverseMutationEffects (node_modules/react-dom/cjs/react-dom-client.development.js:14576:11)
      at commitMutationEffectsOnFiber (node_modules/react-dom/cjs/react-dom-client.development.js:14591:11)
      at recursivelyTraverseMutationEffects (node_modules/react-dom/cjs/react-dom-client.development.js:14576:11)
      at commitMutationEffectsOnFiber (node_modules/react-dom/cjs/react-dom-client.development.js:14591:11)
      at recursivelyTraverseMutationEffects (node_modules/react-dom/cjs/react-dom-client.development.js:14576:11)
      at commitMutationEffectsOnFiber (node_modules/react-dom/cjs/react-dom-client.development.js:14591:11)
      at recursivelyTraverseMutationEffects (node_modules/react-dom/cjs/react-dom-client.development.js:14576:11)
      at commitMutationEffectsOnFiber (node_modules/react-dom/cjs/react-dom-client.development.js:14821:11)
      at recursivelyTraverseMutationEffects (node_modules/react-dom/cjs/react-dom-client.development.js:14576:11)
      at commitMutationEffectsOnFiber (node_modules/react-dom/cjs/react-dom-client.development.js:14591:11)
      at recursivelyTraverseMutationEffects (node_modules/react-dom/cjs/react-dom-client.development.js:14576:11)
      at commitMutationEffectsOnFiber (node_modules/react-dom/cjs/react-dom-client.development.js:14591:11)
      at recursivelyTraverseMutationEffects (node_modules/react-dom/cjs/react-dom-client.development.js:14576:11)
      at commitMutationEffectsOnFiber (node_modules/react-dom/cjs/react-dom-client.development.js:14591:11)
      at recursivelyTraverseMutationEffects (node_modules/react-dom/cjs/react-dom-client.development.js:14576:11)
      at commitMutationEffectsOnFiber (node_modules/react-dom/cjs/react-dom-client.development.js:15102:11)
      at recursivelyTraverseMutationEffects (node_modules/react-dom/cjs/react-dom-client.development.js:14576:11)
      at commitMutationEffectsOnFiber (node_modules/react-dom/cjs/react-dom-client.development.js:14591:11)
      at recursivelyTraverseMutationEffects (node_modules/react-dom/cjs/react-dom-client.development.js:14576:11)
      at commitMutationEffectsOnFiber (node_modules/react-dom/cjs/react-dom-client.development.js:14911:11)
      at recursivelyTraverseMutationEffects (node_modules/react-dom/cjs/react-dom-client.development.js:14576:11)
      at commitMutationEffectsOnFiber (node_modules/react-dom/cjs/react-dom-client.development.js:14591:11)
      at recursivelyTraverseMutationEffects (node_modules/react-dom/cjs/react-dom-client.development.js:14576:11)
      at commitMutationEffectsOnFiber (node_modules/react-dom/cjs/react-dom-client.development.js:14591:11)
      at recursivelyTraverseMutationEffects (node_modules/react-dom/cjs/react-dom-client.development.js:14576:11)
      at commitMutationEffectsOnFiber (node_modules/react-dom/cjs/react-dom-client.development.js:14591:11)
      at recursivelyTraverseMutationEffects (node_modules/react-dom/cjs/react-dom-client.development.js:14576:11)
      at commitMutationEffectsOnFiber (node_modules/react-dom/cjs/react-dom-client.development.js:14591:11)
      at recursivelyTraverseMutationEffects (node_modules/react-dom/cjs/react-dom-client.development.js:14576:11)
      at commitMutationEffectsOnFiber (node_modules/react-dom/cjs/react-dom-client.development.js:14911:11)
      at recursivelyTraverseMutationEffects (node_modules/react-dom/cjs/react-dom-client.development.js:14576:11)
      at commitMutationEffectsOnFiber (node_modules/react-dom/cjs/react-dom-client.development.js:14591:11)
      at recursivelyTraverseMutationEffects (node_modules/react-dom/cjs/react-dom-client.development.js:14576:11)
      at commitMutationEffectsOnFiber (node_modules/react-dom/cjs/react-dom-client.development.js:14591:11)
      at recursivelyTraverseMutationEffects (node_modules/react-dom/cjs/react-dom-client.development.js:14576:11)
      at commitMutationEffectsOnFiber (node_modules/react-dom/cjs/react-dom-client.development.js:14591:11)
      at recursivelyTraverseMutationEffects (node_modules/react-dom/cjs/react-dom-client.development.js:14576:11)
      at commitMutationEffectsOnFiber (node_modules/react-dom/cjs/react-dom-client.development.js:15102:11)
      at recursivelyTraverseMutationEffects (node_modules/react-dom/cjs/react-dom-client.development.js:14576:11)
      at commitMutationEffectsOnFiber (node_modules/react-dom/cjs/react-dom-client.development.js:14591:11)
      at recursivelyTraverseMutationEffects (node_modules/react-dom/cjs/react-dom-client.development.js:14576:11)
      at commitMutationEffectsOnFiber (node_modules/react-dom/cjs/react-dom-client.development.js:15102:11)
      at recursivelyTraverseMutationEffects (node_modules/react-dom/cjs/react-dom-client.development.js:14576:11)
      at commitMutationEffectsOnFiber (node_modules/react-dom/cjs/react-dom-client.development.js:14591:11)
      at recursivelyTraverseMutationEffects (node_modules/react-dom/cjs/react-dom-client.development.js:14576:11)
      at commitMutationEffectsOnFiber (node_modules/react-dom/cjs/react-dom-client.development.js:14591:11)
      at recursivelyTraverseMutationEffects (node_modules/react-dom/cjs/react-dom-client.development.js:14576:11)
      at commitMutationEffectsOnFiber (node_modules/react-dom/cjs/react-dom-client.development.js:15102:11)
      at recursivelyTraverseMutationEffects (node_modules/react-dom/cjs/react-dom-client.development.js:14576:11)
      at commitMutationEffectsOnFiber (node_modules/react-dom/cjs/react-dom-client.development.js:14591:11)
      at recursivelyTraverseMutationEffects (node_modules/react-dom/cjs/react-dom-client.development.js:14576:11)
      at commitMutationEffectsOnFiber (node_modules/react-dom/cjs/react-dom-client.development.js:15102:11)
      at recursivelyTraverseMutationEffects (node_modules/react-dom/cjs/react-dom-client.development.js:14576:11)
      at commitMutationEffectsOnFiber (node_modules/react-dom/cjs/react-dom-client.development.js:14591:11)
      at recursivelyTraverseMutationEffects (node_modules/react-dom/cjs/react-dom-client.development.js:14576:11)
      at commitMutationEffectsOnFiber (node_modules/react-dom/cjs/react-dom-client.development.js:14591:11)

    console.error
      An update to SelectItemText inside a test was not wrapped in act(...).
      
      When testing, code that causes React state updates should be wrapped into act(...):
      
      act(() => {
        /* fire events that update state */
      });
      /* assert on the output */
      
      This ensures that you're testing the behavior the user would see in the browser. Learn more at https://react.dev/link/wrap-tests-with-act

      at node_modules/react-dom/cjs/react-dom-client.development.js:18758:19
      at runWithFiberInDEV (node_modules/react-dom/cjs/react-dom-client.development.js:874:13)
      at warnIfUpdatesNotWrappedWithActDEV (node_modules/react-dom/cjs/react-dom-client.development.js:18757:9)
      at scheduleUpdateOnFiber (node_modules/react-dom/cjs/react-dom-client.development.js:16409:11)
      at dispatchSetStateInternal (node_modules/react-dom/cjs/react-dom-client.development.js:9170:13)
      at dispatchSetState (node_modules/react-dom/cjs/react-dom-client.development.js:9127:7)
      at node_modules/@radix-ui/react-select/src/select.tsx:1378:17
      at setRef (node_modules/@radix-ui/react-compose-refs/src/compose-refs.tsx:11:12)
      at node_modules/@radix-ui/react-compose-refs/src/compose-refs.tsx:25:23
          at Array.map (<anonymous>)
      at node_modules/@radix-ui/react-compose-refs/src/compose-refs.tsx:24:27
      at runWithFiberInDEV (node_modules/react-dom/cjs/react-dom-client.development.js:874:13)
      at safelyDetachRef (node_modules/react-dom/cjs/react-dom-client.development.js:13529:37)
      at commitMutationEffectsOnFiber (node_modules/react-dom/cjs/react-dom-client.development.js:14826:15)
      at recursivelyTraverseMutationEffects (node_modules/react-dom/cjs/react-dom-client.development.js:14576:11)
      at commitMutationEffectsOnFiber (node_modules/react-dom/cjs/react-dom-client.development.js:14591:11)
      at recursivelyTraverseMutationEffects (node_modules/react-dom/cjs/react-dom-client.development.js:14576:11)
      at commitMutationEffectsOnFiber (node_modules/react-dom/cjs/react-dom-client.development.js:14591:11)
      at recursivelyTraverseMutationEffects (node_modules/react-dom/cjs/react-dom-client.development.js:14576:11)
      at commitMutationEffectsOnFiber (node_modules/react-dom/cjs/react-dom-client.development.js:14821:11)
      at recursivelyTraverseMutationEffects (node_modules/react-dom/cjs/react-dom-client.development.js:14576:11)
      at commitMutationEffectsOnFiber (node_modules/react-dom/cjs/react-dom-client.development.js:14591:11)
      at recursivelyTraverseMutationEffects (node_modules/react-dom/cjs/react-dom-client.development.js:14576:11)
      at commitMutationEffectsOnFiber (node_modules/react-dom/cjs/react-dom-client.development.js:14591:11)
      at recursivelyTraverseMutationEffects (node_modules/react-dom/cjs/react-dom-client.development.js:14576:11)
      at commitMutationEffectsOnFiber (node_modules/react-dom/cjs/react-dom-client.development.js:14591:11)
      at recursivelyTraverseMutationEffects (node_modules/react-dom/cjs/react-dom-client.development.js:14576:11)
      at commitMutationEffectsOnFiber (node_modules/react-dom/cjs/react-dom-client.development.js:14591:11)
      at recursivelyTraverseMutationEffects (node_modules/react-dom/cjs/react-dom-client.development.js:14576:11)
      at commitMutationEffectsOnFiber (node_modules/react-dom/cjs/react-dom-client.development.js:15102:11)
      at recursivelyTraverseMutationEffects (node_modules/react-dom/cjs/react-dom-client.development.js:14576:11)
      at commitMutationEffectsOnFiber (node_modules/react-dom/cjs/react-dom-client.development.js:14591:11)
      at recursivelyTraverseMutationEffects (node_modules/react-dom/cjs/react-dom-client.development.js:14576:11)
      at commitMutationEffectsOnFiber (node_modules/react-dom/cjs/react-dom-client.development.js:14591:11)
      at recursivelyTraverseMutationEffects (node_modules/react-dom/cjs/react-dom-client.development.js:14576:11)
      at commitMutationEffectsOnFiber (node_modules/react-dom/cjs/react-dom-client.development.js:14591:11)
      at recursivelyTraverseMutationEffects (node_modules/react-dom/cjs/react-dom-client.development.js:14576:11)
      at commitMutationEffectsOnFiber (node_modules/react-dom/cjs/react-dom-client.development.js:14821:11)
      at recursivelyTraverseMutationEffects (node_modules/react-dom/cjs/react-dom-client.development.js:14576:11)
      at commitMutationEffectsOnFiber (node_modules/react-dom/cjs/react-dom-client.development.js:14591:11)
      at recursivelyTraverseMutationEffects (node_modules/react-dom/cjs/react-dom-client.development.js:14576:11)
      at commitMutationEffectsOnFiber (node_modules/react-dom/cjs/react-dom-client.development.js:14591:11)
      at recursivelyTraverseMutationEffects (node_modules/react-dom/cjs/react-dom-client.development.js:14576:11)
      at commitMutationEffectsOnFiber (node_modules/react-dom/cjs/react-dom-client.development.js:14591:11)
      at recursivelyTraverseMutationEffects (node_modules/react-dom/cjs/react-dom-client.development.js:14576:11)
      at commitMutationEffectsOnFiber (node_modules/react-dom/cjs/react-dom-client.development.js:14591:11)
      at recursivelyTraverseMutationEffects (node_modules/react-dom/cjs/react-dom-client.development.js:14576:11)
      at commitMutationEffectsOnFiber (node_modules/react-dom/cjs/react-dom-client.development.js:14591:11)
      at recursivelyTraverseMutationEffects (node_modules/react-dom/cjs/react-dom-client.development.js:14576:11)
      at commitMutationEffectsOnFiber (node_modules/react-dom/cjs/react-dom-client.development.js:14821:11)
      at recursivelyTraverseMutationEffects (node_modules/react-dom/cjs/react-dom-client.development.js:14576:11)
      at commitMutationEffectsOnFiber (node_modules/react-dom/cjs/react-dom-client.development.js:14591:11)
      at recursivelyTraverseMutationEffects (node_modules/react-dom/cjs/react-dom-client.development.js:14576:11)
      at commitMutationEffectsOnFiber (node_modules/react-dom/cjs/react-dom-client.development.js:14591:11)
      at recursivelyTraverseMutationEffects (node_modules/react-dom/cjs/react-dom-client.development.js:14576:11)
      at commitMutationEffectsOnFiber (node_modules/react-dom/cjs/react-dom-client.development.js:14591:11)
      at recursivelyTraverseMutationEffects (node_modules/react-dom/cjs/react-dom-client.development.js:14576:11)
      at commitMutationEffectsOnFiber (node_modules/react-dom/cjs/react-dom-client.development.js:15102:11)
      at recursivelyTraverseMutationEffects (node_modules/react-dom/cjs/react-dom-client.development.js:14576:11)
      at commitMutationEffectsOnFiber (node_modules/react-dom/cjs/react-dom-client.development.js:14591:11)
      at recursivelyTraverseMutationEffects (node_modules/react-dom/cjs/react-dom-client.development.js:14576:11)
      at commitMutationEffectsOnFiber (node_modules/react-dom/cjs/react-dom-client.development.js:14911:11)
      at recursivelyTraverseMutationEffects (node_modules/react-dom/cjs/react-dom-client.development.js:14576:11)
      at commitMutationEffectsOnFiber (node_modules/react-dom/cjs/react-dom-client.development.js:14591:11)
      at recursivelyTraverseMutationEffects (node_modules/react-dom/cjs/react-dom-client.development.js:14576:11)
      at commitMutationEffectsOnFiber (node_modules/react-dom/cjs/react-dom-client.development.js:14591:11)
      at recursivelyTraverseMutationEffects (node_modules/react-dom/cjs/react-dom-client.development.js:14576:11)
      at commitMutationEffectsOnFiber (node_modules/react-dom/cjs/react-dom-client.development.js:14591:11)
      at recursivelyTraverseMutationEffects (node_modules/react-dom/cjs/react-dom-client.development.js:14576:11)
      at commitMutationEffectsOnFiber (node_modules/react-dom/cjs/react-dom-client.development.js:14591:11)
      at recursivelyTraverseMutationEffects (node_modules/react-dom/cjs/react-dom-client.development.js:14576:11)
      at commitMutationEffectsOnFiber (node_modules/react-dom/cjs/react-dom-client.development.js:14911:11)
      at recursivelyTraverseMutationEffects (node_modules/react-dom/cjs/react-dom-client.development.js:14576:11)
      at commitMutationEffectsOnFiber (node_modules/react-dom/cjs/react-dom-client.development.js:14591:11)
      at recursivelyTraverseMutationEffects (node_modules/react-dom/cjs/react-dom-client.development.js:14576:11)
      at commitMutationEffectsOnFiber (node_modules/react-dom/cjs/react-dom-client.development.js:14591:11)
      at recursivelyTraverseMutationEffects (node_modules/react-dom/cjs/react-dom-client.development.js:14576:11)
      at commitMutationEffectsOnFiber (node_modules/react-dom/cjs/react-dom-client.development.js:14591:11)
      at recursivelyTraverseMutationEffects (node_modules/react-dom/cjs/react-dom-client.development.js:14576:11)
      at commitMutationEffectsOnFiber (node_modules/react-dom/cjs/react-dom-client.development.js:15102:11)
      at recursivelyTraverseMutationEffects (node_modules/react-dom/cjs/react-dom-client.development.js:14576:11)
      at commitMutationEffectsOnFiber (node_modules/react-dom/cjs/react-dom-client.development.js:14591:11)
      at recursivelyTraverseMutationEffects (node_modules/react-dom/cjs/react-dom-client.development.js:14576:11)
      at commitMutationEffectsOnFiber (node_modules/react-dom/cjs/react-dom-client.development.js:15102:11)
      at recursivelyTraverseMutationEffects (node_modules/react-dom/cjs/react-dom-client.development.js:14576:11)
      at commitMutationEffectsOnFiber (node_modules/react-dom/cjs/react-dom-client.development.js:14591:11)
      at recursivelyTraverseMutationEffects (node_modules/react-dom/cjs/react-dom-client.development.js:14576:11)
      at commitMutationEffectsOnFiber (node_modules/react-dom/cjs/react-dom-client.development.js:14591:11)
      at recursivelyTraverseMutationEffects (node_modules/react-dom/cjs/react-dom-client.development.js:14576:11)
      at commitMutationEffectsOnFiber (node_modules/react-dom/cjs/react-dom-client.development.js:15102:11)
      at recursivelyTraverseMutationEffects (node_modules/react-dom/cjs/react-dom-client.development.js:14576:11)
      at commitMutationEffectsOnFiber (node_modules/react-dom/cjs/react-dom-client.development.js:14591:11)
      at recursivelyTraverseMutationEffects (node_modules/react-dom/cjs/react-dom-client.development.js:14576:11)
      at commitMutationEffectsOnFiber (node_modules/react-dom/cjs/react-dom-client.development.js:15102:11)
      at recursivelyTraverseMutationEffects (node_modules/react-dom/cjs/react-dom-client.development.js:14576:11)
      at commitMutationEffectsOnFiber (node_modules/react-dom/cjs/react-dom-client.development.js:14591:11)
      at recursivelyTraverseMutationEffects (node_modules/react-dom/cjs/react-dom-client.development.js:14576:11)
      at commitMutationEffectsOnFiber (node_modules/react-dom/cjs/react-dom-client.development.js:14591:11)

    console.error
      An update to Select inside a test was not wrapped in act(...).
      
      When testing, code that causes React state updates should be wrapped into act(...):
      
      act(() => {
        /* fire events that update state */
      });
      /* assert on the output */
      
      This ensures that you're testing the behavior the user would see in the browser. Learn more at https://react.dev/link/wrap-tests-with-act

      at node_modules/react-dom/cjs/react-dom-client.development.js:18758:19
      at runWithFiberInDEV (node_modules/react-dom/cjs/react-dom-client.development.js:874:13)
      at warnIfUpdatesNotWrappedWithActDEV (node_modules/react-dom/cjs/react-dom-client.development.js:18757:9)
      at scheduleUpdateOnFiber (node_modules/react-dom/cjs/react-dom-client.development.js:16409:11)
      at dispatchSetStateInternal (node_modules/react-dom/cjs/react-dom-client.development.js:9170:13)
      at dispatchSetState (node_modules/react-dom/cjs/react-dom-client.development.js:9127:7)
      at setRef (node_modules/@radix-ui/react-compose-refs/src/compose-refs.tsx:11:12)
      at node_modules/@radix-ui/react-compose-refs/src/compose-refs.tsx:25:23
          at Array.map (<anonymous>)
      at node_modules/@radix-ui/react-compose-refs/src/compose-refs.tsx:24:27
      at setRef (node_modules/@radix-ui/react-compose-refs/src/compose-refs.tsx:11:12)
      at node_modules/@radix-ui/react-compose-refs/src/compose-refs.tsx:25:23
          at Array.map (<anonymous>)
      at node_modules/@radix-ui/react-compose-refs/src/compose-refs.tsx:24:27
      at runWithFiberInDEV (node_modules/react-dom/cjs/react-dom-client.development.js:874:13)
      at safelyDetachRef (node_modules/react-dom/cjs/react-dom-client.development.js:13529:37)
      at commitMutationEffectsOnFiber (node_modules/react-dom/cjs/react-dom-client.development.js:14826:15)
      at recursivelyTraverseMutationEffects (node_modules/react-dom/cjs/react-dom-client.development.js:14576:11)
      at commitMutationEffectsOnFiber (node_modules/react-dom/cjs/react-dom-client.development.js:14591:11)
      at recursivelyTraverseMutationEffects (node_modules/react-dom/cjs/react-dom-client.development.js:14576:11)
      at commitMutationEffectsOnFiber (node_modules/react-dom/cjs/react-dom-client.development.js:14591:11)
      at recursivelyTraverseMutationEffects (node_modules/react-dom/cjs/react-dom-client.development.js:14576:11)
      at commitMutationEffectsOnFiber (node_modules/react-dom/cjs/react-dom-client.development.js:14591:11)
      at recursivelyTraverseMutationEffects (node_modules/react-dom/cjs/react-dom-client.development.js:14576:11)
      at commitMutationEffectsOnFiber (node_modules/react-dom/cjs/react-dom-client.development.js:14591:11)
      at recursivelyTraverseMutationEffects (node_modules/react-dom/cjs/react-dom-client.development.js:14576:11)
      at commitMutationEffectsOnFiber (node_modules/react-dom/cjs/react-dom-client.development.js:14591:11)
      at recursivelyTraverseMutationEffects (node_modules/react-dom/cjs/react-dom-client.development.js:14576:11)
      at commitMutationEffectsOnFiber (node_modules/react-dom/cjs/react-dom-client.development.js:14591:11)
      at recursivelyTraverseMutationEffects (node_modules/react-dom/cjs/react-dom-client.development.js:14576:11)
      at commitMutationEffectsOnFiber (node_modules/react-dom/cjs/react-dom-client.development.js:14591:11)
      at recursivelyTraverseMutationEffects (node_modules/react-dom/cjs/react-dom-client.development.js:14576:11)
      at commitMutationEffectsOnFiber (node_modules/react-dom/cjs/react-dom-client.development.js:15102:11)
      at recursivelyTraverseMutationEffects (node_modules/react-dom/cjs/react-dom-client.development.js:14576:11)
      at commitMutationEffectsOnFiber (node_modules/react-dom/cjs/react-dom-client.development.js:14591:11)
      at recursivelyTraverseMutationEffects (node_modules/react-dom/cjs/react-dom-client.development.js:14576:11)
      at commitMutationEffectsOnFiber (node_modules/react-dom/cjs/react-dom-client.development.js:15102:11)
      at recursivelyTraverseMutationEffects (node_modules/react-dom/cjs/react-dom-client.development.js:14576:11)
      at commitMutationEffectsOnFiber (node_modules/react-dom/cjs/react-dom-client.development.js:14591:11)
      at recursivelyTraverseMutationEffects (node_modules/react-dom/cjs/react-dom-client.development.js:14576:11)
      at commitMutationEffectsOnFiber (node_modules/react-dom/cjs/react-dom-client.development.js:14591:11)
      at recursivelyTraverseMutationEffects (node_modules/react-dom/cjs/react-dom-client.development.js:14576:11)
      at commitMutationEffectsOnFiber (node_modules/react-dom/cjs/react-dom-client.development.js:15102:11)
      at recursivelyTraverseMutationEffects (node_modules/react-dom/cjs/react-dom-client.development.js:14576:11)
      at commitMutationEffectsOnFiber (node_modules/react-dom/cjs/react-dom-client.development.js:14591:11)
      at recursivelyTraverseMutationEffects (node_modules/react-dom/cjs/react-dom-client.development.js:14576:11)
      at commitMutationEffectsOnFiber (node_modules/react-dom/cjs/react-dom-client.development.js:15102:11)
      at recursivelyTraverseMutationEffects (node_modules/react-dom/cjs/react-dom-client.development.js:14576:11)
      at commitMutationEffectsOnFiber (node_modules/react-dom/cjs/react-dom-client.development.js:14591:11)
      at recursivelyTraverseMutationEffects (node_modules/react-dom/cjs/react-dom-client.development.js:14576:11)
      at commitMutationEffectsOnFiber (node_modules/react-dom/cjs/react-dom-client.development.js:14591:11)
      at recursivelyTraverseMutationEffects (node_modules/react-dom/cjs/react-dom-client.development.js:14576:11)
      at commitMutationEffectsOnFiber (node_modules/react-dom/cjs/react-dom-client.development.js:14591:11)
      at recursivelyTraverseMutationEffects (node_modules/react-dom/cjs/react-dom-client.development.js:14576:11)
      at commitMutationEffectsOnFiber (node_modules/react-dom/cjs/react-dom-client.development.js:14821:11)
      at recursivelyTraverseMutationEffects (node_modules/react-dom/cjs/react-dom-client.development.js:14576:11)
      at commitMutationEffectsOnFiber (node_modules/react-dom/cjs/react-dom-client.development.js:14821:11)
      at recursivelyTraverseMutationEffects (node_modules/react-dom/cjs/react-dom-client.development.js:14576:11)
      at commitMutationEffectsOnFiber (node_modules/react-dom/cjs/react-dom-client.development.js:14821:11)
      at recursivelyTraverseMutationEffects (node_modules/react-dom/cjs/react-dom-client.development.js:14576:11)
      at commitMutationEffectsOnFiber (node_modules/react-dom/cjs/react-dom-client.development.js:14591:11)
      at recursivelyTraverseMutationEffects (node_modules/react-dom/cjs/react-dom-client.development.js:14576:11)
      at commitMutationEffectsOnFiber (node_modules/react-dom/cjs/react-dom-client.development.js:15102:11)
      at recursivelyTraverseMutationEffects (node_modules/react-dom/cjs/react-dom-client.development.js:14576:11)
      at commitMutationEffectsOnFiber (node_modules/react-dom/cjs/react-dom-client.development.js:15102:11)
      at recursivelyTraverseMutationEffects (node_modules/react-dom/cjs/react-dom-client.development.js:14576:11)
      at commitMutationEffectsOnFiber (node_modules/react-dom/cjs/react-dom-client.development.js:14591:11)
      at recursivelyTraverseMutationEffects (node_modules/react-dom/cjs/react-dom-client.development.js:14576:11)
      at commitMutationEffectsOnFiber (node_modules/react-dom/cjs/react-dom-client.development.js:14591:11)
      at recursivelyTraverseMutationEffects (node_modules/react-dom/cjs/react-dom-client.development.js:14576:11)
      at commitMutationEffectsOnFiber (node_modules/react-dom/cjs/react-dom-client.development.js:15102:11)
      at recursivelyTraverseMutationEffects (node_modules/react-dom/cjs/react-dom-client.development.js:14576:11)
      at commitMutationEffectsOnFiber (node_modules/react-dom/cjs/react-dom-client.development.js:14591:11)
      at recursivelyTraverseMutationEffects (node_modules/react-dom/cjs/react-dom-client.development.js:14576:11)
      at commitMutationEffectsOnFiber (node_modules/react-dom/cjs/react-dom-client.development.js:14591:11)
      at recursivelyTraverseMutationEffects (node_modules/react-dom/cjs/react-dom-client.development.js:14576:11)
      at commitMutationEffectsOnFiber (node_modules/react-dom/cjs/react-dom-client.development.js:14883:11)
      at flushMutationEffects (node_modules/react-dom/cjs/react-dom-client.development.js:17979:13)
      at commitRoot (node_modules/react-dom/cjs/react-dom-client.development.js:17953:9)
      at commitRootWhenReady (node_modules/react-dom/cjs/react-dom-client.development.js:16824:7)
      at performWorkOnRoot (node_modules/react-dom/cjs/react-dom-client.development.js:16722:15)
      at performSyncWorkOnRoot (node_modules/react-dom/cjs/react-dom-client.development.js:18972:7)
      at flushSyncWorkAcrossRoots_impl (node_modules/react-dom/cjs/react-dom-client.development.js:18814:21)
      at processRootScheduleInMicrotask (node_modules/react-dom/cjs/react-dom-client.development.js:18853:9)
      at node_modules/react-dom/cjs/react-dom-client.development.js:18991:13
      at invokeTheCallbackFunction (node_modules/jsdom/lib/jsdom/living/generated/Function.js:19:26)
      at node_modules/jsdom/lib/jsdom/browser/Window.js:613:9

    console.error
      An update to SelectItemText inside a test was not wrapped in act(...).
      
      When testing, code that causes React state updates should be wrapped into act(...):
      
      act(() => {
        /* fire events that update state */
      });
      /* assert on the output */
      
      This ensures that you're testing the behavior the user would see in the browser. Learn more at https://react.dev/link/wrap-tests-with-act

      at node_modules/react-dom/cjs/react-dom-client.development.js:18758:19
      at runWithFiberInDEV (node_modules/react-dom/cjs/react-dom-client.development.js:874:13)
      at warnIfUpdatesNotWrappedWithActDEV (node_modules/react-dom/cjs/react-dom-client.development.js:18757:9)
      at scheduleUpdateOnFiber (node_modules/react-dom/cjs/react-dom-client.development.js:16409:11)
      at dispatchSetStateInternal (node_modules/react-dom/cjs/react-dom-client.development.js:9170:13)
      at dispatchSetState (node_modules/react-dom/cjs/react-dom-client.development.js:9127:7)
      at node_modules/@radix-ui/react-select/src/select.tsx:1378:17
      at setRef (node_modules/@radix-ui/react-compose-refs/src/compose-refs.tsx:11:12)
      at node_modules/@radix-ui/react-compose-refs/src/compose-refs.tsx:25:23
          at Array.map (<anonymous>)
      at node_modules/@radix-ui/react-compose-refs/src/compose-refs.tsx:24:27
      at runWithFiberInDEV (node_modules/react-dom/cjs/react-dom-client.development.js:874:13)
      at safelyDetachRef (node_modules/react-dom/cjs/react-dom-client.development.js:13529:37)
      at commitMutationEffectsOnFiber (node_modules/react-dom/cjs/react-dom-client.development.js:14826:15)
      at recursivelyTraverseMutationEffects (node_modules/react-dom/cjs/react-dom-client.development.js:14576:11)
      at commitMutationEffectsOnFiber (node_modules/react-dom/cjs/react-dom-client.development.js:14591:11)
      at recursivelyTraverseMutationEffects (node_modules/react-dom/cjs/react-dom-client.development.js:14576:11)
      at commitMutationEffectsOnFiber (node_modules/react-dom/cjs/react-dom-client.development.js:14591:11)
      at recursivelyTraverseMutationEffects (node_modules/react-dom/cjs/react-dom-client.development.js:14576:11)
      at commitMutationEffectsOnFiber (node_modules/react-dom/cjs/react-dom-client.development.js:14821:11)
      at recursivelyTraverseMutationEffects (node_modules/react-dom/cjs/react-dom-client.development.js:14576:11)
      at commitMutationEffectsOnFiber (node_modules/react-dom/cjs/react-dom-client.development.js:14591:11)
      at recursivelyTraverseMutationEffects (node_modules/react-dom/cjs/react-dom-client.development.js:14576:11)
      at commitMutationEffectsOnFiber (node_modules/react-dom/cjs/react-dom-client.development.js:14591:11)
      at recursivelyTraverseMutationEffects (node_modules/react-dom/cjs/react-dom-client.development.js:14576:11)
      at commitMutationEffectsOnFiber (node_modules/react-dom/cjs/react-dom-client.development.js:14591:11)
      at recursivelyTraverseMutationEffects (node_modules/react-dom/cjs/react-dom-client.development.js:14576:11)
      at commitMutationEffectsOnFiber (node_modules/react-dom/cjs/react-dom-client.development.js:14591:11)
      at recursivelyTraverseMutationEffects (node_modules/react-dom/cjs/react-dom-client.development.js:14576:11)
      at commitMutationEffectsOnFiber (node_modules/react-dom/cjs/react-dom-client.development.js:15102:11)
      at recursivelyTraverseMutationEffects (node_modules/react-dom/cjs/react-dom-client.development.js:14576:11)
      at commitMutationEffectsOnFiber (node_modules/react-dom/cjs/react-dom-client.development.js:14591:11)
      at recursivelyTraverseMutationEffects (node_modules/react-dom/cjs/react-dom-client.development.js:14576:11)
      at commitMutationEffectsOnFiber (node_modules/react-dom/cjs/react-dom-client.development.js:14591:11)
      at recursivelyTraverseMutationEffects (node_modules/react-dom/cjs/react-dom-client.development.js:14576:11)
      at commitMutationEffectsOnFiber (node_modules/react-dom/cjs/react-dom-client.development.js:14591:11)
      at recursivelyTraverseMutationEffects (node_modules/react-dom/cjs/react-dom-client.development.js:14576:11)
      at commitMutationEffectsOnFiber (node_modules/react-dom/cjs/react-dom-client.development.js:14821:11)
      at recursivelyTraverseMutationEffects (node_modules/react-dom/cjs/react-dom-client.development.js:14576:11)
      at commitMutationEffectsOnFiber (node_modules/react-dom/cjs/react-dom-client.development.js:14591:11)
      at recursivelyTraverseMutationEffects (node_modules/react-dom/cjs/react-dom-client.development.js:14576:11)
      at commitMutationEffectsOnFiber (node_modules/react-dom/cjs/react-dom-client.development.js:14591:11)
      at recursivelyTraverseMutationEffects (node_modules/react-dom/cjs/react-dom-client.development.js:14576:11)
      at commitMutationEffectsOnFiber (node_modules/react-dom/cjs/react-dom-client.development.js:14591:11)
      at recursivelyTraverseMutationEffects (node_modules/react-dom/cjs/react-dom-client.development.js:14576:11)
      at commitMutationEffectsOnFiber (node_modules/react-dom/cjs/react-dom-client.development.js:14591:11)
      at recursivelyTraverseMutationEffects (node_modules/react-dom/cjs/react-dom-client.development.js:14576:11)
      at commitMutationEffectsOnFiber (node_modules/react-dom/cjs/react-dom-client.development.js:14591:11)
      at recursivelyTraverseMutationEffects (node_modules/react-dom/cjs/react-dom-client.development.js:14576:11)
      at commitMutationEffectsOnFiber (node_modules/react-dom/cjs/react-dom-client.development.js:14821:11)
      at recursivelyTraverseMutationEffects (node_modules/react-dom/cjs/react-dom-client.development.js:14576:11)
      at commitMutationEffectsOnFiber (node_modules/react-dom/cjs/react-dom-client.development.js:14591:11)
      at recursivelyTraverseMutationEffects (node_modules/react-dom/cjs/react-dom-client.development.js:14576:11)
      at commitMutationEffectsOnFiber (node_modules/react-dom/cjs/react-dom-client.development.js:14591:11)
      at recursivelyTraverseMutationEffects (node_modules/react-dom/cjs/react-dom-client.development.js:14576:11)
      at commitMutationEffectsOnFiber (node_modules/react-dom/cjs/react-dom-client.development.js:14591:11)
      at recursivelyTraverseMutationEffects (node_modules/react-dom/cjs/react-dom-client.development.js:14576:11)
      at commitMutationEffectsOnFiber (node_modules/react-dom/cjs/react-dom-client.development.js:15102:11)
      at recursivelyTraverseMutationEffects (node_modules/react-dom/cjs/react-dom-client.development.js:14576:11)
      at commitMutationEffectsOnFiber (node_modules/react-dom/cjs/react-dom-client.development.js:14591:11)
      at recursivelyTraverseMutationEffects (node_modules/react-dom/cjs/react-dom-client.development.js:14576:11)
      at commitMutationEffectsOnFiber (node_modules/react-dom/cjs/react-dom-client.development.js:14911:11)
      at recursivelyTraverseMutationEffects (node_modules/react-dom/cjs/react-dom-client.development.js:14576:11)
      at commitMutationEffectsOnFiber (node_modules/react-dom/cjs/react-dom-client.development.js:14591:11)
      at recursivelyTraverseMutationEffects (node_modules/react-dom/cjs/react-dom-client.development.js:14576:11)
      at commitMutationEffectsOnFiber (node_modules/react-dom/cjs/react-dom-client.development.js:14591:11)
      at recursivelyTraverseMutationEffects (node_modules/react-dom/cjs/react-dom-client.development.js:14576:11)
      at commitMutationEffectsOnFiber (node_modules/react-dom/cjs/react-dom-client.development.js:14591:11)
      at recursivelyTraverseMutationEffects (node_modules/react-dom/cjs/react-dom-client.development.js:14576:11)
      at commitMutationEffectsOnFiber (node_modules/react-dom/cjs/react-dom-client.development.js:14591:11)
      at recursivelyTraverseMutationEffects (node_modules/react-dom/cjs/react-dom-client.development.js:14576:11)
      at commitMutationEffectsOnFiber (node_modules/react-dom/cjs/react-dom-client.development.js:14911:11)
      at recursivelyTraverseMutationEffects (node_modules/react-dom/cjs/react-dom-client.development.js:14576:11)
      at commitMutationEffectsOnFiber (node_modules/react-dom/cjs/react-dom-client.development.js:14591:11)
      at recursivelyTraverseMutationEffects (node_modules/react-dom/cjs/react-dom-client.development.js:14576:11)
      at commitMutationEffectsOnFiber (node_modules/react-dom/cjs/react-dom-client.development.js:14591:11)
      at recursivelyTraverseMutationEffects (node_modules/react-dom/cjs/react-dom-client.development.js:14576:11)
      at commitMutationEffectsOnFiber (node_modules/react-dom/cjs/react-dom-client.development.js:14591:11)
      at recursivelyTraverseMutationEffects (node_modules/react-dom/cjs/react-dom-client.development.js:14576:11)
      at commitMutationEffectsOnFiber (node_modules/react-dom/cjs/react-dom-client.development.js:15102:11)
      at recursivelyTraverseMutationEffects (node_modules/react-dom/cjs/react-dom-client.development.js:14576:11)
      at commitMutationEffectsOnFiber (node_modules/react-dom/cjs/react-dom-client.development.js:14591:11)
      at recursivelyTraverseMutationEffects (node_modules/react-dom/cjs/react-dom-client.development.js:14576:11)
      at commitMutationEffectsOnFiber (node_modules/react-dom/cjs/react-dom-client.development.js:15102:11)
      at recursivelyTraverseMutationEffects (node_modules/react-dom/cjs/react-dom-client.development.js:14576:11)
      at commitMutationEffectsOnFiber (node_modules/react-dom/cjs/react-dom-client.development.js:14591:11)
      at recursivelyTraverseMutationEffects (node_modules/react-dom/cjs/react-dom-client.development.js:14576:11)
      at commitMutationEffectsOnFiber (node_modules/react-dom/cjs/react-dom-client.development.js:14591:11)
      at recursivelyTraverseMutationEffects (node_modules/react-dom/cjs/react-dom-client.development.js:14576:11)
      at commitMutationEffectsOnFiber (node_modules/react-dom/cjs/react-dom-client.development.js:15102:11)
      at recursivelyTraverseMutationEffects (node_modules/react-dom/cjs/react-dom-client.development.js:14576:11)
      at commitMutationEffectsOnFiber (node_modules/react-dom/cjs/react-dom-client.development.js:14591:11)
      at recursivelyTraverseMutationEffects (node_modules/react-dom/cjs/react-dom-client.development.js:14576:11)
      at commitMutationEffectsOnFiber (node_modules/react-dom/cjs/react-dom-client.development.js:15102:11)
      at recursivelyTraverseMutationEffects (node_modules/react-dom/cjs/react-dom-client.development.js:14576:11)
      at commitMutationEffectsOnFiber (node_modules/react-dom/cjs/react-dom-client.development.js:14591:11)
      at recursivelyTraverseMutationEffects (node_modules/react-dom/cjs/react-dom-client.development.js:14576:11)
      at commitMutationEffectsOnFiber (node_modules/react-dom/cjs/react-dom-client.development.js:14591:11)

    console.error
      An update to SelectItemText inside a test was not wrapped in act(...).
      
      When testing, code that causes React state updates should be wrapped into act(...):
      
      act(() => {
        /* fire events that update state */
      });
      /* assert on the output */
      
      This ensures that you're testing the behavior the user would see in the browser. Learn more at https://react.dev/link/wrap-tests-with-act

      at node_modules/react-dom/cjs/react-dom-client.development.js:18758:19
      at runWithFiberInDEV (node_modules/react-dom/cjs/react-dom-client.development.js:874:13)
      at warnIfUpdatesNotWrappedWithActDEV (node_modules/react-dom/cjs/react-dom-client.development.js:18757:9)
      at scheduleUpdateOnFiber (node_modules/react-dom/cjs/react-dom-client.development.js:16409:11)
      at dispatchSetStateInternal (node_modules/react-dom/cjs/react-dom-client.development.js:9170:13)
      at dispatchSetState (node_modules/react-dom/cjs/react-dom-client.development.js:9127:7)
      at node_modules/@radix-ui/react-select/src/select.tsx:1378:17
      at setRef (node_modules/@radix-ui/react-compose-refs/src/compose-refs.tsx:11:12)
      at node_modules/@radix-ui/react-compose-refs/src/compose-refs.tsx:25:23
          at Array.map (<anonymous>)
      at node_modules/@radix-ui/react-compose-refs/src/compose-refs.tsx:24:27
      at runWithFiberInDEV (node_modules/react-dom/cjs/react-dom-client.development.js:874:13)
      at safelyDetachRef (node_modules/react-dom/cjs/react-dom-client.development.js:13529:37)
      at commitMutationEffectsOnFiber (node_modules/react-dom/cjs/react-dom-client.development.js:14826:15)
      at recursivelyTraverseMutationEffects (node_modules/react-dom/cjs/react-dom-client.development.js:14576:11)
      at commitMutationEffectsOnFiber (node_modules/react-dom/cjs/react-dom-client.development.js:14591:11)
      at recursivelyTraverseMutationEffects (node_modules/react-dom/cjs/react-dom-client.development.js:14576:11)
      at commitMutationEffectsOnFiber (node_modules/react-dom/cjs/react-dom-client.development.js:14591:11)
      at recursivelyTraverseMutationEffects (node_modules/react-dom/cjs/react-dom-client.development.js:14576:11)
      at commitMutationEffectsOnFiber (node_modules/react-dom/cjs/react-dom-client.development.js:14821:11)
      at recursivelyTraverseMutationEffects (node_modules/react-dom/cjs/react-dom-client.development.js:14576:11)
      at commitMutationEffectsOnFiber (node_modules/react-dom/cjs/react-dom-client.development.js:14591:11)
      at recursivelyTraverseMutationEffects (node_modules/react-dom/cjs/react-dom-client.development.js:14576:11)
      at commitMutationEffectsOnFiber (node_modules/react-dom/cjs/react-dom-client.development.js:14591:11)
      at recursivelyTraverseMutationEffects (node_modules/react-dom/cjs/react-dom-client.development.js:14576:11)
      at commitMutationEffectsOnFiber (node_modules/react-dom/cjs/react-dom-client.development.js:14591:11)
      at recursivelyTraverseMutationEffects (node_modules/react-dom/cjs/react-dom-client.development.js:14576:11)
      at commitMutationEffectsOnFiber (node_modules/react-dom/cjs/react-dom-client.development.js:14591:11)
      at recursivelyTraverseMutationEffects (node_modules/react-dom/cjs/react-dom-client.development.js:14576:11)
      at commitMutationEffectsOnFiber (node_modules/react-dom/cjs/react-dom-client.development.js:15102:11)
      at recursivelyTraverseMutationEffects (node_modules/react-dom/cjs/react-dom-client.development.js:14576:11)
      at commitMutationEffectsOnFiber (node_modules/react-dom/cjs/react-dom-client.development.js:14591:11)
      at recursivelyTraverseMutationEffects (node_modules/react-dom/cjs/react-dom-client.development.js:14576:11)
      at commitMutationEffectsOnFiber (node_modules/react-dom/cjs/react-dom-client.development.js:14591:11)
      at recursivelyTraverseMutationEffects (node_modules/react-dom/cjs/react-dom-client.development.js:14576:11)
      at commitMutationEffectsOnFiber (node_modules/react-dom/cjs/react-dom-client.development.js:14591:11)
      at recursivelyTraverseMutationEffects (node_modules/react-dom/cjs/react-dom-client.development.js:14576:11)
      at commitMutationEffectsOnFiber (node_modules/react-dom/cjs/react-dom-client.development.js:14821:11)
      at recursivelyTraverseMutationEffects (node_modules/react-dom/cjs/react-dom-client.development.js:14576:11)
      at commitMutationEffectsOnFiber (node_modules/react-dom/cjs/react-dom-client.development.js:14591:11)
      at recursivelyTraverseMutationEffects (node_modules/react-dom/cjs/react-dom-client.development.js:14576:11)
      at commitMutationEffectsOnFiber (node_modules/react-dom/cjs/react-dom-client.development.js:14591:11)
      at recursivelyTraverseMutationEffects (node_modules/react-dom/cjs/react-dom-client.development.js:14576:11)
      at commitMutationEffectsOnFiber (node_modules/react-dom/cjs/react-dom-client.development.js:14591:11)
      at recursivelyTraverseMutationEffects (node_modules/react-dom/cjs/react-dom-client.development.js:14576:11)
      at commitMutationEffectsOnFiber (node_modules/react-dom/cjs/react-dom-client.development.js:14591:11)
      at recursivelyTraverseMutationEffects (node_modules/react-dom/cjs/react-dom-client.development.js:14576:11)
      at commitMutationEffectsOnFiber (node_modules/react-dom/cjs/react-dom-client.development.js:14591:11)
      at recursivelyTraverseMutationEffects (node_modules/react-dom/cjs/react-dom-client.development.js:14576:11)
      at commitMutationEffectsOnFiber (node_modules/react-dom/cjs/react-dom-client.development.js:14821:11)
      at recursivelyTraverseMutationEffects (node_modules/react-dom/cjs/react-dom-client.development.js:14576:11)
      at commitMutationEffectsOnFiber (node_modules/react-dom/cjs/react-dom-client.development.js:14591:11)
      at recursivelyTraverseMutationEffects (node_modules/react-dom/cjs/react-dom-client.development.js:14576:11)
      at commitMutationEffectsOnFiber (node_modules/react-dom/cjs/react-dom-client.development.js:14591:11)
      at recursivelyTraverseMutationEffects (node_modules/react-dom/cjs/react-dom-client.development.js:14576:11)
      at commitMutationEffectsOnFiber (node_modules/react-dom/cjs/react-dom-client.development.js:14591:11)
      at recursivelyTraverseMutationEffects (node_modules/react-dom/cjs/react-dom-client.development.js:14576:11)
      at commitMutationEffectsOnFiber (node_modules/react-dom/cjs/react-dom-client.development.js:15102:11)
      at recursivelyTraverseMutationEffects (node_modules/react-dom/cjs/react-dom-client.development.js:14576:11)
      at commitMutationEffectsOnFiber (node_modules/react-dom/cjs/react-dom-client.development.js:14591:11)
      at recursivelyTraverseMutationEffects (node_modules/react-dom/cjs/react-dom-client.development.js:14576:11)
      at commitMutationEffectsOnFiber (node_modules/react-dom/cjs/react-dom-client.development.js:14911:11)
      at recursivelyTraverseMutationEffects (node_modules/react-dom/cjs/react-dom-client.development.js:14576:11)
      at commitMutationEffectsOnFiber (node_modules/react-dom/cjs/react-dom-client.development.js:14591:11)
      at recursivelyTraverseMutationEffects (node_modules/react-dom/cjs/react-dom-client.development.js:14576:11)
      at commitMutationEffectsOnFiber (node_modules/react-dom/cjs/react-dom-client.development.js:14591:11)
      at recursivelyTraverseMutationEffects (node_modules/react-dom/cjs/react-dom-client.development.js:14576:11)
      at commitMutationEffectsOnFiber (node_modules/react-dom/cjs/react-dom-client.development.js:14591:11)
      at recursivelyTraverseMutationEffects (node_modules/react-dom/cjs/react-dom-client.development.js:14576:11)
      at commitMutationEffectsOnFiber (node_modules/react-dom/cjs/react-dom-client.development.js:14591:11)
      at recursivelyTraverseMutationEffects (node_modules/react-dom/cjs/react-dom-client.development.js:14576:11)
      at commitMutationEffectsOnFiber (node_modules/react-dom/cjs/react-dom-client.development.js:14911:11)
      at recursivelyTraverseMutationEffects (node_modules/react-dom/cjs/react-dom-client.development.js:14576:11)
      at commitMutationEffectsOnFiber (node_modules/react-dom/cjs/react-dom-client.development.js:14591:11)
      at recursivelyTraverseMutationEffects (node_modules/react-dom/cjs/react-dom-client.development.js:14576:11)
      at commitMutationEffectsOnFiber (node_modules/react-dom/cjs/react-dom-client.development.js:14591:11)
      at recursivelyTraverseMutationEffects (node_modules/react-dom/cjs/react-dom-client.development.js:14576:11)
      at commitMutationEffectsOnFiber (node_modules/react-dom/cjs/react-dom-client.development.js:14591:11)
      at recursivelyTraverseMutationEffects (node_modules/react-dom/cjs/react-dom-client.development.js:14576:11)
      at commitMutationEffectsOnFiber (node_modules/react-dom/cjs/react-dom-client.development.js:15102:11)
      at recursivelyTraverseMutationEffects (node_modules/react-dom/cjs/react-dom-client.development.js:14576:11)
      at commitMutationEffectsOnFiber (node_modules/react-dom/cjs/react-dom-client.development.js:14591:11)
      at recursivelyTraverseMutationEffects (node_modules/react-dom/cjs/react-dom-client.development.js:14576:11)
      at commitMutationEffectsOnFiber (node_modules/react-dom/cjs/react-dom-client.development.js:15102:11)
      at recursivelyTraverseMutationEffects (node_modules/react-dom/cjs/react-dom-client.development.js:14576:11)
      at commitMutationEffectsOnFiber (node_modules/react-dom/cjs/react-dom-client.development.js:14591:11)
      at recursivelyTraverseMutationEffects (node_modules/react-dom/cjs/react-dom-client.development.js:14576:11)
      at commitMutationEffectsOnFiber (node_modules/react-dom/cjs/react-dom-client.development.js:14591:11)
      at recursivelyTraverseMutationEffects (node_modules/react-dom/cjs/react-dom-client.development.js:14576:11)
      at commitMutationEffectsOnFiber (node_modules/react-dom/cjs/react-dom-client.development.js:15102:11)
      at recursivelyTraverseMutationEffects (node_modules/react-dom/cjs/react-dom-client.development.js:14576:11)
      at commitMutationEffectsOnFiber (node_modules/react-dom/cjs/react-dom-client.development.js:14591:11)
      at recursivelyTraverseMutationEffects (node_modules/react-dom/cjs/react-dom-client.development.js:14576:11)
      at commitMutationEffectsOnFiber (node_modules/react-dom/cjs/react-dom-client.development.js:15102:11)
      at recursivelyTraverseMutationEffects (node_modules/react-dom/cjs/react-dom-client.development.js:14576:11)
      at commitMutationEffectsOnFiber (node_modules/react-dom/cjs/react-dom-client.development.js:14591:11)
      at recursivelyTraverseMutationEffects (node_modules/react-dom/cjs/react-dom-client.development.js:14576:11)
      at commitMutationEffectsOnFiber (node_modules/react-dom/cjs/react-dom-client.development.js:14591:11)

    console.error
      An update to Select inside a test was not wrapped in act(...).
      
      When testing, code that causes React state updates should be wrapped into act(...):
      
      act(() => {
        /* fire events that update state */
      });
      /* assert on the output */
      
      This ensures that you're testing the behavior the user would see in the browser. Learn more at https://react.dev/link/wrap-tests-with-act

      at node_modules/react-dom/cjs/react-dom-client.development.js:18758:19
      at runWithFiberInDEV (node_modules/react-dom/cjs/react-dom-client.development.js:874:13)
      at warnIfUpdatesNotWrappedWithActDEV (node_modules/react-dom/cjs/react-dom-client.development.js:18757:9)
      at scheduleUpdateOnFiber (node_modules/react-dom/cjs/react-dom-client.development.js:16409:11)
      at dispatchSetStateInternal (node_modules/react-dom/cjs/react-dom-client.development.js:9170:13)
      at dispatchSetState (node_modules/react-dom/cjs/react-dom-client.development.js:9127:7)
      at setRef (node_modules/@radix-ui/react-compose-refs/src/compose-refs.tsx:11:12)
      at node_modules/@radix-ui/react-compose-refs/src/compose-refs.tsx:25:23
          at Array.map (<anonymous>)
      at node_modules/@radix-ui/react-compose-refs/src/compose-refs.tsx:24:27
      at setRef (node_modules/@radix-ui/react-compose-refs/src/compose-refs.tsx:11:12)
      at node_modules/@radix-ui/react-compose-refs/src/compose-refs.tsx:25:23
          at Array.map (<anonymous>)
      at node_modules/@radix-ui/react-compose-refs/src/compose-refs.tsx:24:27
      at commitAttachRef (node_modules/react-dom/cjs/react-dom-client.development.js:13482:44)
      at runWithFiberInDEV (node_modules/react-dom/cjs/react-dom-client.development.js:874:13)
      at safelyAttachRef (node_modules/react-dom/cjs/react-dom-client.development.js:13500:9)
      at commitLayoutEffectOnFiber (node_modules/react-dom/cjs/react-dom-client.development.js:14089:26)
      at recursivelyTraverseLayoutEffects (node_modules/react-dom/cjs/react-dom-client.development.js:15159:11)
      at commitLayoutEffectOnFiber (node_modules/react-dom/cjs/react-dom-client.development.js:13949:11)
      at recursivelyTraverseLayoutEffects (node_modules/react-dom/cjs/react-dom-client.development.js:15159:11)
      at commitLayoutEffectOnFiber (node_modules/react-dom/cjs/react-dom-client.development.js:13949:11)
      at recursivelyTraverseLayoutEffects (node_modules/react-dom/cjs/react-dom-client.development.js:15159:11)
      at commitLayoutEffectOnFiber (node_modules/react-dom/cjs/react-dom-client.development.js:13949:11)
      at recursivelyTraverseLayoutEffects (node_modules/react-dom/cjs/react-dom-client.development.js:15159:11)
      at commitLayoutEffectOnFiber (node_modules/react-dom/cjs/react-dom-client.development.js:13949:11)
      at recursivelyTraverseLayoutEffects (node_modules/react-dom/cjs/react-dom-client.development.js:15159:11)
      at commitLayoutEffectOnFiber (node_modules/react-dom/cjs/react-dom-client.development.js:13949:11)
      at recursivelyTraverseLayoutEffects (node_modules/react-dom/cjs/react-dom-client.development.js:15159:11)
      at commitLayoutEffectOnFiber (node_modules/react-dom/cjs/react-dom-client.development.js:13949:11)
      at recursivelyTraverseLayoutEffects (node_modules/react-dom/cjs/react-dom-client.development.js:15159:11)
      at commitLayoutEffectOnFiber (node_modules/react-dom/cjs/react-dom-client.development.js:13949:11)
      at recursivelyTraverseLayoutEffects (node_modules/react-dom/cjs/react-dom-client.development.js:15159:11)
      at commitLayoutEffectOnFiber (node_modules/react-dom/cjs/react-dom-client.development.js:14165:11)
      at recursivelyTraverseLayoutEffects (node_modules/react-dom/cjs/react-dom-client.development.js:15159:11)
      at commitLayoutEffectOnFiber (node_modules/react-dom/cjs/react-dom-client.development.js:13949:11)
      at recursivelyTraverseLayoutEffects (node_modules/react-dom/cjs/react-dom-client.development.js:15159:11)
      at commitLayoutEffectOnFiber (node_modules/react-dom/cjs/react-dom-client.development.js:14165:11)
      at recursivelyTraverseLayoutEffects (node_modules/react-dom/cjs/react-dom-client.development.js:15159:11)
      at commitLayoutEffectOnFiber (node_modules/react-dom/cjs/react-dom-client.development.js:13949:11)
      at recursivelyTraverseLayoutEffects (node_modules/react-dom/cjs/react-dom-client.development.js:15159:11)
      at commitLayoutEffectOnFiber (node_modules/react-dom/cjs/react-dom-client.development.js:13949:11)
      at recursivelyTraverseLayoutEffects (node_modules/react-dom/cjs/react-dom-client.development.js:15159:11)
      at commitLayoutEffectOnFiber (node_modules/react-dom/cjs/react-dom-client.development.js:14165:11)
      at recursivelyTraverseLayoutEffects (node_modules/react-dom/cjs/react-dom-client.development.js:15159:11)
      at commitLayoutEffectOnFiber (node_modules/react-dom/cjs/react-dom-client.development.js:13949:11)
      at recursivelyTraverseLayoutEffects (node_modules/react-dom/cjs/react-dom-client.development.js:15159:11)
      at commitLayoutEffectOnFiber (node_modules/react-dom/cjs/react-dom-client.development.js:14165:11)
      at recursivelyTraverseLayoutEffects (node_modules/react-dom/cjs/react-dom-client.development.js:15159:11)
      at commitLayoutEffectOnFiber (node_modules/react-dom/cjs/react-dom-client.development.js:13949:11)
      at recursivelyTraverseLayoutEffects (node_modules/react-dom/cjs/react-dom-client.development.js:15159:11)
      at commitLayoutEffectOnFiber (node_modules/react-dom/cjs/react-dom-client.development.js:13949:11)
      at recursivelyTraverseLayoutEffects (node_modules/react-dom/cjs/react-dom-client.development.js:15159:11)
      at commitLayoutEffectOnFiber (node_modules/react-dom/cjs/react-dom-client.development.js:13949:11)
      at recursivelyTraverseLayoutEffects (node_modules/react-dom/cjs/react-dom-client.development.js:15159:11)
      at commitLayoutEffectOnFiber (node_modules/react-dom/cjs/react-dom-client.development.js:14065:11)
      at recursivelyTraverseLayoutEffects (node_modules/react-dom/cjs/react-dom-client.development.js:15159:11)
      at commitLayoutEffectOnFiber (node_modules/react-dom/cjs/react-dom-client.development.js:14065:11)
      at recursivelyTraverseLayoutEffects (node_modules/react-dom/cjs/react-dom-client.development.js:15159:11)
      at commitLayoutEffectOnFiber (node_modules/react-dom/cjs/react-dom-client.development.js:14065:11)
      at recursivelyTraverseLayoutEffects (node_modules/react-dom/cjs/react-dom-client.development.js:15159:11)
      at commitLayoutEffectOnFiber (node_modules/react-dom/cjs/react-dom-client.development.js:13949:11)
      at recursivelyTraverseLayoutEffects (node_modules/react-dom/cjs/react-dom-client.development.js:15159:11)
      at commitLayoutEffectOnFiber (node_modules/react-dom/cjs/react-dom-client.development.js:14165:11)
      at recursivelyTraverseLayoutEffects (node_modules/react-dom/cjs/react-dom-client.development.js:15159:11)
      at commitLayoutEffectOnFiber (node_modules/react-dom/cjs/react-dom-client.development.js:14165:11)
      at recursivelyTraverseLayoutEffects (node_modules/react-dom/cjs/react-dom-client.development.js:15159:11)
      at commitLayoutEffectOnFiber (node_modules/react-dom/cjs/react-dom-client.development.js:13949:11)
      at recursivelyTraverseLayoutEffects (node_modules/react-dom/cjs/react-dom-client.development.js:15159:11)
      at commitLayoutEffectOnFiber (node_modules/react-dom/cjs/react-dom-client.development.js:13949:11)
      at recursivelyTraverseLayoutEffects (node_modules/react-dom/cjs/react-dom-client.development.js:15159:11)
      at commitLayoutEffectOnFiber (node_modules/react-dom/cjs/react-dom-client.development.js:14165:11)
      at recursivelyTraverseLayoutEffects (node_modules/react-dom/cjs/react-dom-client.development.js:15159:11)
      at commitLayoutEffectOnFiber (node_modules/react-dom/cjs/react-dom-client.development.js:13949:11)
      at recursivelyTraverseLayoutEffects (node_modules/react-dom/cjs/react-dom-client.development.js:15159:11)
      at commitLayoutEffectOnFiber (node_modules/react-dom/cjs/react-dom-client.development.js:13949:11)
      at recursivelyTraverseLayoutEffects (node_modules/react-dom/cjs/react-dom-client.development.js:15159:11)
      at commitLayoutEffectOnFiber (node_modules/react-dom/cjs/react-dom-client.development.js:14031:11)
      at flushLayoutEffects (node_modules/react-dom/cjs/react-dom-client.development.js:18138:15)
      at commitRoot (node_modules/react-dom/cjs/react-dom-client.development.js:17954:9)
      at commitRootWhenReady (node_modules/react-dom/cjs/react-dom-client.development.js:16824:7)
      at performWorkOnRoot (node_modules/react-dom/cjs/react-dom-client.development.js:16722:15)
      at performSyncWorkOnRoot (node_modules/react-dom/cjs/react-dom-client.development.js:18972:7)
      at flushSyncWorkAcrossRoots_impl (node_modules/react-dom/cjs/react-dom-client.development.js:18814:21)
      at processRootScheduleInMicrotask (node_modules/react-dom/cjs/react-dom-client.development.js:18853:9)
      at node_modules/react-dom/cjs/react-dom-client.development.js:18991:13
      at invokeTheCallbackFunction (node_modules/jsdom/lib/jsdom/living/generated/Function.js:19:26)
      at node_modules/jsdom/lib/jsdom/browser/Window.js:613:9

    console.error
      An update to SelectItemText inside a test was not wrapped in act(...).
      
      When testing, code that causes React state updates should be wrapped into act(...):
      
      act(() => {
        /* fire events that update state */
      });
      /* assert on the output */
      
      This ensures that you're testing the behavior the user would see in the browser. Learn more at https://react.dev/link/wrap-tests-with-act

      at node_modules/react-dom/cjs/react-dom-client.development.js:18758:19
      at runWithFiberInDEV (node_modules/react-dom/cjs/react-dom-client.development.js:874:13)
      at warnIfUpdatesNotWrappedWithActDEV (node_modules/react-dom/cjs/react-dom-client.development.js:18757:9)
      at scheduleUpdateOnFiber (node_modules/react-dom/cjs/react-dom-client.development.js:16409:11)
      at dispatchSetStateInternal (node_modules/react-dom/cjs/react-dom-client.development.js:9170:13)
      at dispatchSetState (node_modules/react-dom/cjs/react-dom-client.development.js:9127:7)
      at node_modules/@radix-ui/react-select/src/select.tsx:1378:17
      at setRef (node_modules/@radix-ui/react-compose-refs/src/compose-refs.tsx:11:12)
      at node_modules/@radix-ui/react-compose-refs/src/compose-refs.tsx:25:23
          at Array.map (<anonymous>)
      at node_modules/@radix-ui/react-compose-refs/src/compose-refs.tsx:24:27
      at commitAttachRef (node_modules/react-dom/cjs/react-dom-client.development.js:13482:44)
      at runWithFiberInDEV (node_modules/react-dom/cjs/react-dom-client.development.js:874:13)
      at safelyAttachRef (node_modules/react-dom/cjs/react-dom-client.development.js:13500:9)
      at commitLayoutEffectOnFiber (node_modules/react-dom/cjs/react-dom-client.development.js:14089:26)
      at recursivelyTraverseLayoutEffects (node_modules/react-dom/cjs/react-dom-client.development.js:15159:11)
      at commitLayoutEffectOnFiber (node_modules/react-dom/cjs/react-dom-client.development.js:13949:11)
      at recursivelyTraverseLayoutEffects (node_modules/react-dom/cjs/react-dom-client.development.js:15159:11)
      at commitLayoutEffectOnFiber (node_modules/react-dom/cjs/react-dom-client.development.js:13949:11)
      at recursivelyTraverseLayoutEffects (node_modules/react-dom/cjs/react-dom-client.development.js:15159:11)
      at commitLayoutEffectOnFiber (node_modules/react-dom/cjs/react-dom-client.development.js:14065:11)
      at recursivelyTraverseLayoutEffects (node_modules/react-dom/cjs/react-dom-client.development.js:15159:11)
      at commitLayoutEffectOnFiber (node_modules/react-dom/cjs/react-dom-client.development.js:13949:11)
      at recursivelyTraverseLayoutEffects (node_modules/react-dom/cjs/react-dom-client.development.js:15159:11)
      at commitLayoutEffectOnFiber (node_modules/react-dom/cjs/react-dom-client.development.js:13949:11)
      at recursivelyTraverseLayoutEffects (node_modules/react-dom/cjs/react-dom-client.development.js:15159:11)
      at commitLayoutEffectOnFiber (node_modules/react-dom/cjs/react-dom-client.development.js:13949:11)
      at recursivelyTraverseLayoutEffects (node_modules/react-dom/cjs/react-dom-client.development.js:15159:11)
      at commitLayoutEffectOnFiber (node_modules/react-dom/cjs/react-dom-client.development.js:13949:11)
      at recursivelyTraverseLayoutEffects (node_modules/react-dom/cjs/react-dom-client.development.js:15159:11)
      at commitLayoutEffectOnFiber (node_modules/react-dom/cjs/react-dom-client.development.js:14165:11)
      at recursivelyTraverseLayoutEffects (node_modules/react-dom/cjs/react-dom-client.development.js:15159:11)
      at commitLayoutEffectOnFiber (node_modules/react-dom/cjs/react-dom-client.development.js:13949:11)
      at recursivelyTraverseLayoutEffects (node_modules/react-dom/cjs/react-dom-client.development.js:15159:11)
      at commitLayoutEffectOnFiber (node_modules/react-dom/cjs/react-dom-client.development.js:13949:11)
      at recursivelyTraverseLayoutEffects (node_modules/react-dom/cjs/react-dom-client.development.js:15159:11)
      at commitLayoutEffectOnFiber (node_modules/react-dom/cjs/react-dom-client.development.js:13949:11)
      at recursivelyTraverseLayoutEffects (node_modules/react-dom/cjs/react-dom-client.development.js:15159:11)
      at commitLayoutEffectOnFiber (node_modules/react-dom/cjs/react-dom-client.development.js:14065:11)
      at recursivelyTraverseLayoutEffects (node_modules/react-dom/cjs/react-dom-client.development.js:15159:11)
      at commitLayoutEffectOnFiber (node_modules/react-dom/cjs/react-dom-client.development.js:13949:11)
      at recursivelyTraverseLayoutEffects (node_modules/react-dom/cjs/react-dom-client.development.js:15159:11)
      at commitLayoutEffectOnFiber (node_modules/react-dom/cjs/react-dom-client.development.js:13949:11)
      at recursivelyTraverseLayoutEffects (node_modules/react-dom/cjs/react-dom-client.development.js:15159:11)
      at commitLayoutEffectOnFiber (node_modules/react-dom/cjs/react-dom-client.development.js:13949:11)
      at recursivelyTraverseLayoutEffects (node_modules/react-dom/cjs/react-dom-client.development.js:15159:11)
      at commitLayoutEffectOnFiber (node_modules/react-dom/cjs/react-dom-client.development.js:13949:11)
      at recursivelyTraverseLayoutEffects (node_modules/react-dom/cjs/react-dom-client.development.js:15159:11)
      at commitLayoutEffectOnFiber (node_modules/react-dom/cjs/react-dom-client.development.js:13949:11)
      at recursivelyTraverseLayoutEffects (node_modules/react-dom/cjs/react-dom-client.development.js:15159:11)
      at commitLayoutEffectOnFiber (node_modules/react-dom/cjs/react-dom-client.development.js:14065:11)
      at recursivelyTraverseLayoutEffects (node_modules/react-dom/cjs/react-dom-client.development.js:15159:11)
      at commitLayoutEffectOnFiber (node_modules/react-dom/cjs/react-dom-client.development.js:13949:11)
      at recursivelyTraverseLayoutEffects (node_modules/react-dom/cjs/react-dom-client.development.js:15159:11)
      at commitLayoutEffectOnFiber (node_modules/react-dom/cjs/react-dom-client.development.js:13949:11)
      at recursivelyTraverseLayoutEffects (node_modules/react-dom/cjs/react-dom-client.development.js:15159:11)
      at commitLayoutEffectOnFiber (node_modules/react-dom/cjs/react-dom-client.development.js:13949:11)
      at recursivelyTraverseLayoutEffects (node_modules/react-dom/cjs/react-dom-client.development.js:15159:11)
      at commitLayoutEffectOnFiber (node_modules/react-dom/cjs/react-dom-client.development.js:14165:11)
      at recursivelyTraverseLayoutEffects (node_modules/react-dom/cjs/react-dom-client.development.js:15159:11)
      at commitLayoutEffectOnFiber (node_modules/react-dom/cjs/react-dom-client.development.js:13949:11)
      at recursivelyTraverseLayoutEffects (node_modules/react-dom/cjs/react-dom-client.development.js:15159:11)
      at commitLayoutEffectOnFiber (node_modules/react-dom/cjs/react-dom-client.development.js:14165:11)
      at recursivelyTraverseLayoutEffects (node_modules/react-dom/cjs/react-dom-client.development.js:15159:11)
      at commitLayoutEffectOnFiber (node_modules/react-dom/cjs/react-dom-client.development.js:13949:11)
      at recursivelyTraverseLayoutEffects (node_modules/react-dom/cjs/react-dom-client.development.js:15159:11)
      at commitLayoutEffectOnFiber (node_modules/react-dom/cjs/react-dom-client.development.js:13949:11)
      at recursivelyTraverseLayoutEffects (node_modules/react-dom/cjs/react-dom-client.development.js:15159:11)
      at commitLayoutEffectOnFiber (node_modules/react-dom/cjs/react-dom-client.development.js:13949:11)
      at recursivelyTraverseLayoutEffects (node_modules/react-dom/cjs/react-dom-client.development.js:15159:11)
      at commitLayoutEffectOnFiber (node_modules/react-dom/cjs/react-dom-client.development.js:13949:11)
      at recursivelyTraverseLayoutEffects (node_modules/react-dom/cjs/react-dom-client.development.js:15159:11)
      at commitLayoutEffectOnFiber (node_modules/react-dom/cjs/react-dom-client.development.js:14165:11)
      at recursivelyTraverseLayoutEffects (node_modules/react-dom/cjs/react-dom-client.development.js:15159:11)
      at commitLayoutEffectOnFiber (node_modules/react-dom/cjs/react-dom-client.development.js:13949:11)
      at recursivelyTraverseLayoutEffects (node_modules/react-dom/cjs/react-dom-client.development.js:15159:11)
      at commitLayoutEffectOnFiber (node_modules/react-dom/cjs/react-dom-client.development.js:13949:11)
      at recursivelyTraverseLayoutEffects (node_modules/react-dom/cjs/react-dom-client.development.js:15159:11)
      at commitLayoutEffectOnFiber (node_modules/react-dom/cjs/react-dom-client.development.js:13949:11)
      at recursivelyTraverseLayoutEffects (node_modules/react-dom/cjs/react-dom-client.development.js:15159:11)
      at commitLayoutEffectOnFiber (node_modules/react-dom/cjs/react-dom-client.development.js:14165:11)
      at recursivelyTraverseLayoutEffects (node_modules/react-dom/cjs/react-dom-client.development.js:15159:11)
      at commitLayoutEffectOnFiber (node_modules/react-dom/cjs/react-dom-client.development.js:13949:11)
      at recursivelyTraverseLayoutEffects (node_modules/react-dom/cjs/react-dom-client.development.js:15159:11)
      at commitLayoutEffectOnFiber (node_modules/react-dom/cjs/react-dom-client.development.js:14165:11)
      at recursivelyTraverseLayoutEffects (node_modules/react-dom/cjs/react-dom-client.development.js:15159:11)
      at commitLayoutEffectOnFiber (node_modules/react-dom/cjs/react-dom-client.development.js:13949:11)
      at recursivelyTraverseLayoutEffects (node_modules/react-dom/cjs/react-dom-client.development.js:15159:11)
      at commitLayoutEffectOnFiber (node_modules/react-dom/cjs/react-dom-client.development.js:13949:11)
      at recursivelyTraverseLayoutEffects (node_modules/react-dom/cjs/react-dom-client.development.js:15159:11)
      at commitLayoutEffectOnFiber (node_modules/react-dom/cjs/react-dom-client.development.js:14165:11)
      at recursivelyTraverseLayoutEffects (node_modules/react-dom/cjs/react-dom-client.development.js:15159:11)
      at commitLayoutEffectOnFiber (node_modules/react-dom/cjs/react-dom-client.development.js:13949:11)
      at recursivelyTraverseLayoutEffects (node_modules/react-dom/cjs/react-dom-client.development.js:15159:11)
      at commitLayoutEffectOnFiber (node_modules/react-dom/cjs/react-dom-client.development.js:14165:11)
      at recursivelyTraverseLayoutEffects (node_modules/react-dom/cjs/react-dom-client.development.js:15159:11)
      at commitLayoutEffectOnFiber (node_modules/react-dom/cjs/react-dom-client.development.js:13949:11)
      at recursivelyTraverseLayoutEffects (node_modules/react-dom/cjs/react-dom-client.development.js:15159:11)

    console.error
      An update to SelectItemText inside a test was not wrapped in act(...).
      
      When testing, code that causes React state updates should be wrapped into act(...):
      
      act(() => {
        /* fire events that update state */
      });
      /* assert on the output */
      
      This ensures that you're testing the behavior the user would see in the browser. Learn more at https://react.dev/link/wrap-tests-with-act

      at node_modules/react-dom/cjs/react-dom-client.development.js:18758:19
      at runWithFiberInDEV (node_modules/react-dom/cjs/react-dom-client.development.js:874:13)
      at warnIfUpdatesNotWrappedWithActDEV (node_modules/react-dom/cjs/react-dom-client.development.js:18757:9)
      at scheduleUpdateOnFiber (node_modules/react-dom/cjs/react-dom-client.development.js:16409:11)
      at dispatchSetStateInternal (node_modules/react-dom/cjs/react-dom-client.development.js:9170:13)
      at dispatchSetState (node_modules/react-dom/cjs/react-dom-client.development.js:9127:7)
      at node_modules/@radix-ui/react-select/src/select.tsx:1378:17
      at setRef (node_modules/@radix-ui/react-compose-refs/src/compose-refs.tsx:11:12)
      at node_modules/@radix-ui/react-compose-refs/src/compose-refs.tsx:25:23
          at Array.map (<anonymous>)
      at node_modules/@radix-ui/react-compose-refs/src/compose-refs.tsx:24:27
      at commitAttachRef (node_modules/react-dom/cjs/react-dom-client.development.js:13482:44)
      at runWithFiberInDEV (node_modules/react-dom/cjs/react-dom-client.development.js:874:13)
      at safelyAttachRef (node_modules/react-dom/cjs/react-dom-client.development.js:13500:9)
      at commitLayoutEffectOnFiber (node_modules/react-dom/cjs/react-dom-client.development.js:14089:26)
      at recursivelyTraverseLayoutEffects (node_modules/react-dom/cjs/react-dom-client.development.js:15159:11)
      at commitLayoutEffectOnFiber (node_modules/react-dom/cjs/react-dom-client.development.js:13949:11)
      at recursivelyTraverseLayoutEffects (node_modules/react-dom/cjs/react-dom-client.development.js:15159:11)
      at commitLayoutEffectOnFiber (node_modules/react-dom/cjs/react-dom-client.development.js:13949:11)
      at recursivelyTraverseLayoutEffects (node_modules/react-dom/cjs/react-dom-client.development.js:15159:11)
      at commitLayoutEffectOnFiber (node_modules/react-dom/cjs/react-dom-client.development.js:14065:11)
      at recursivelyTraverseLayoutEffects (node_modules/react-dom/cjs/react-dom-client.development.js:15159:11)
      at commitLayoutEffectOnFiber (node_modules/react-dom/cjs/react-dom-client.development.js:13949:11)
      at recursivelyTraverseLayoutEffects (node_modules/react-dom/cjs/react-dom-client.development.js:15159:11)
      at commitLayoutEffectOnFiber (node_modules/react-dom/cjs/react-dom-client.development.js:13949:11)
      at recursivelyTraverseLayoutEffects (node_modules/react-dom/cjs/react-dom-client.development.js:15159:11)
      at commitLayoutEffectOnFiber (node_modules/react-dom/cjs/react-dom-client.development.js:13949:11)
      at recursivelyTraverseLayoutEffects (node_modules/react-dom/cjs/react-dom-client.development.js:15159:11)
      at commitLayoutEffectOnFiber (node_modules/react-dom/cjs/react-dom-client.development.js:13949:11)
      at recursivelyTraverseLayoutEffects (node_modules/react-dom/cjs/react-dom-client.development.js:15159:11)
      at commitLayoutEffectOnFiber (node_modules/react-dom/cjs/react-dom-client.development.js:14165:11)
      at recursivelyTraverseLayoutEffects (node_modules/react-dom/cjs/react-dom-client.development.js:15159:11)
      at commitLayoutEffectOnFiber (node_modules/react-dom/cjs/react-dom-client.development.js:13949:11)
      at recursivelyTraverseLayoutEffects (node_modules/react-dom/cjs/react-dom-client.development.js:15159:11)
      at commitLayoutEffectOnFiber (node_modules/react-dom/cjs/react-dom-client.development.js:13949:11)
      at recursivelyTraverseLayoutEffects (node_modules/react-dom/cjs/react-dom-client.development.js:15159:11)
      at commitLayoutEffectOnFiber (node_modules/react-dom/cjs/react-dom-client.development.js:13949:11)
      at recursivelyTraverseLayoutEffects (node_modules/react-dom/cjs/react-dom-client.development.js:15159:11)
      at commitLayoutEffectOnFiber (node_modules/react-dom/cjs/react-dom-client.development.js:14065:11)
      at recursivelyTraverseLayoutEffects (node_modules/react-dom/cjs/react-dom-client.development.js:15159:11)
      at commitLayoutEffectOnFiber (node_modules/react-dom/cjs/react-dom-client.development.js:13949:11)
      at recursivelyTraverseLayoutEffects (node_modules/react-dom/cjs/react-dom-client.development.js:15159:11)
      at commitLayoutEffectOnFiber (node_modules/react-dom/cjs/react-dom-client.development.js:13949:11)
      at recursivelyTraverseLayoutEffects (node_modules/react-dom/cjs/react-dom-client.development.js:15159:11)
      at commitLayoutEffectOnFiber (node_modules/react-dom/cjs/react-dom-client.development.js:13949:11)
      at recursivelyTraverseLayoutEffects (node_modules/react-dom/cjs/react-dom-client.development.js:15159:11)
      at commitLayoutEffectOnFiber (node_modules/react-dom/cjs/react-dom-client.development.js:13949:11)
      at recursivelyTraverseLayoutEffects (node_modules/react-dom/cjs/react-dom-client.development.js:15159:11)
      at commitLayoutEffectOnFiber (node_modules/react-dom/cjs/react-dom-client.development.js:13949:11)
      at recursivelyTraverseLayoutEffects (node_modules/react-dom/cjs/react-dom-client.development.js:15159:11)
      at commitLayoutEffectOnFiber (node_modules/react-dom/cjs/react-dom-client.development.js:14065:11)
      at recursivelyTraverseLayoutEffects (node_modules/react-dom/cjs/react-dom-client.development.js:15159:11)
      at commitLayoutEffectOnFiber (node_modules/react-dom/cjs/react-dom-client.development.js:13949:11)
      at recursivelyTraverseLayoutEffects (node_modules/react-dom/cjs/react-dom-client.development.js:15159:11)
      at commitLayoutEffectOnFiber (node_modules/react-dom/cjs/react-dom-client.development.js:13949:11)
      at recursivelyTraverseLayoutEffects (node_modules/react-dom/cjs/react-dom-client.development.js:15159:11)
      at commitLayoutEffectOnFiber (node_modules/react-dom/cjs/react-dom-client.development.js:13949:11)
      at recursivelyTraverseLayoutEffects (node_modules/react-dom/cjs/react-dom-client.development.js:15159:11)
      at commitLayoutEffectOnFiber (node_modules/react-dom/cjs/react-dom-client.development.js:14165:11)
      at recursivelyTraverseLayoutEffects (node_modules/react-dom/cjs/react-dom-client.development.js:15159:11)
      at commitLayoutEffectOnFiber (node_modules/react-dom/cjs/react-dom-client.development.js:13949:11)
      at recursivelyTraverseLayoutEffects (node_modules/react-dom/cjs/react-dom-client.development.js:15159:11)
      at commitLayoutEffectOnFiber (node_modules/react-dom/cjs/react-dom-client.development.js:14165:11)
      at recursivelyTraverseLayoutEffects (node_modules/react-dom/cjs/react-dom-client.development.js:15159:11)
      at commitLayoutEffectOnFiber (node_modules/react-dom/cjs/react-dom-client.development.js:13949:11)
      at recursivelyTraverseLayoutEffects (node_modules/react-dom/cjs/react-dom-client.development.js:15159:11)
      at commitLayoutEffectOnFiber (node_modules/react-dom/cjs/react-dom-client.development.js:13949:11)
      at recursivelyTraverseLayoutEffects (node_modules/react-dom/cjs/react-dom-client.development.js:15159:11)
      at commitLayoutEffectOnFiber (node_modules/react-dom/cjs/react-dom-client.development.js:13949:11)
      at recursivelyTraverseLayoutEffects (node_modules/react-dom/cjs/react-dom-client.development.js:15159:11)
      at commitLayoutEffectOnFiber (node_modules/react-dom/cjs/react-dom-client.development.js:13949:11)
      at recursivelyTraverseLayoutEffects (node_modules/react-dom/cjs/react-dom-client.development.js:15159:11)
      at commitLayoutEffectOnFiber (node_modules/react-dom/cjs/react-dom-client.development.js:14165:11)
      at recursivelyTraverseLayoutEffects (node_modules/react-dom/cjs/react-dom-client.development.js:15159:11)
      at commitLayoutEffectOnFiber (node_modules/react-dom/cjs/react-dom-client.development.js:13949:11)
      at recursivelyTraverseLayoutEffects (node_modules/react-dom/cjs/react-dom-client.development.js:15159:11)
      at commitLayoutEffectOnFiber (node_modules/react-dom/cjs/react-dom-client.development.js:13949:11)
      at recursivelyTraverseLayoutEffects (node_modules/react-dom/cjs/react-dom-client.development.js:15159:11)
      at commitLayoutEffectOnFiber (node_modules/react-dom/cjs/react-dom-client.development.js:13949:11)
      at recursivelyTraverseLayoutEffects (node_modules/react-dom/cjs/react-dom-client.development.js:15159:11)
      at commitLayoutEffectOnFiber (node_modules/react-dom/cjs/react-dom-client.development.js:14165:11)
      at recursivelyTraverseLayoutEffects (node_modules/react-dom/cjs/react-dom-client.development.js:15159:11)
      at commitLayoutEffectOnFiber (node_modules/react-dom/cjs/react-dom-client.development.js:13949:11)
      at recursivelyTraverseLayoutEffects (node_modules/react-dom/cjs/react-dom-client.development.js:15159:11)
      at commitLayoutEffectOnFiber (node_modules/react-dom/cjs/react-dom-client.development.js:14165:11)
      at recursivelyTraverseLayoutEffects (node_modules/react-dom/cjs/react-dom-client.development.js:15159:11)
      at commitLayoutEffectOnFiber (node_modules/react-dom/cjs/react-dom-client.development.js:13949:11)
      at recursivelyTraverseLayoutEffects (node_modules/react-dom/cjs/react-dom-client.development.js:15159:11)
      at commitLayoutEffectOnFiber (node_modules/react-dom/cjs/react-dom-client.development.js:13949:11)
      at recursivelyTraverseLayoutEffects (node_modules/react-dom/cjs/react-dom-client.development.js:15159:11)
      at commitLayoutEffectOnFiber (node_modules/react-dom/cjs/react-dom-client.development.js:14165:11)
      at recursivelyTraverseLayoutEffects (node_modules/react-dom/cjs/react-dom-client.development.js:15159:11)
      at commitLayoutEffectOnFiber (node_modules/react-dom/cjs/react-dom-client.development.js:13949:11)
      at recursivelyTraverseLayoutEffects (node_modules/react-dom/cjs/react-dom-client.development.js:15159:11)
      at commitLayoutEffectOnFiber (node_modules/react-dom/cjs/react-dom-client.development.js:14165:11)
      at recursivelyTraverseLayoutEffects (node_modules/react-dom/cjs/react-dom-client.development.js:15159:11)
      at commitLayoutEffectOnFiber (node_modules/react-dom/cjs/react-dom-client.development.js:13949:11)
      at recursivelyTraverseLayoutEffects (node_modules/react-dom/cjs/react-dom-client.development.js:15159:11)

    console.error
      An update to SelectItemText inside a test was not wrapped in act(...).
      
      When testing, code that causes React state updates should be wrapped into act(...):
      
      act(() => {
        /* fire events that update state */
      });
      /* assert on the output */
      
      This ensures that you're testing the behavior the user would see in the browser. Learn more at https://react.dev/link/wrap-tests-with-act

      at node_modules/react-dom/cjs/react-dom-client.development.js:18758:19
      at runWithFiberInDEV (node_modules/react-dom/cjs/react-dom-client.development.js:874:13)
      at warnIfUpdatesNotWrappedWithActDEV (node_modules/react-dom/cjs/react-dom-client.development.js:18757:9)
      at scheduleUpdateOnFiber (node_modules/react-dom/cjs/react-dom-client.development.js:16409:11)
      at dispatchSetStateInternal (node_modules/react-dom/cjs/react-dom-client.development.js:9170:13)
      at dispatchSetState (node_modules/react-dom/cjs/react-dom-client.development.js:9127:7)
      at node_modules/@radix-ui/react-select/src/select.tsx:1378:17
      at setRef (node_modules/@radix-ui/react-compose-refs/src/compose-refs.tsx:11:12)
      at node_modules/@radix-ui/react-compose-refs/src/compose-refs.tsx:25:23
          at Array.map (<anonymous>)
      at node_modules/@radix-ui/react-compose-refs/src/compose-refs.tsx:24:27
      at commitAttachRef (node_modules/react-dom/cjs/react-dom-client.development.js:13482:44)
      at runWithFiberInDEV (node_modules/react-dom/cjs/react-dom-client.development.js:874:13)
      at safelyAttachRef (node_modules/react-dom/cjs/react-dom-client.development.js:13500:9)
      at commitLayoutEffectOnFiber (node_modules/react-dom/cjs/react-dom-client.development.js:14089:26)
      at recursivelyTraverseLayoutEffects (node_modules/react-dom/cjs/react-dom-client.development.js:15159:11)
      at commitLayoutEffectOnFiber (node_modules/react-dom/cjs/react-dom-client.development.js:13949:11)
      at recursivelyTraverseLayoutEffects (node_modules/react-dom/cjs/react-dom-client.development.js:15159:11)
      at commitLayoutEffectOnFiber (node_modules/react-dom/cjs/react-dom-client.development.js:13949:11)
      at recursivelyTraverseLayoutEffects (node_modules/react-dom/cjs/react-dom-client.development.js:15159:11)
      at commitLayoutEffectOnFiber (node_modules/react-dom/cjs/react-dom-client.development.js:14065:11)
      at recursivelyTraverseLayoutEffects (node_modules/react-dom/cjs/react-dom-client.development.js:15159:11)
      at commitLayoutEffectOnFiber (node_modules/react-dom/cjs/react-dom-client.development.js:13949:11)
      at recursivelyTraverseLayoutEffects (node_modules/react-dom/cjs/react-dom-client.development.js:15159:11)
      at commitLayoutEffectOnFiber (node_modules/react-dom/cjs/react-dom-client.development.js:13949:11)
      at recursivelyTraverseLayoutEffects (node_modules/react-dom/cjs/react-dom-client.development.js:15159:11)
      at commitLayoutEffectOnFiber (node_modules/react-dom/cjs/react-dom-client.development.js:13949:11)
      at recursivelyTraverseLayoutEffects (node_modules/react-dom/cjs/react-dom-client.development.js:15159:11)
      at commitLayoutEffectOnFiber (node_modules/react-dom/cjs/react-dom-client.development.js:13949:11)
      at recursivelyTraverseLayoutEffects (node_modules/react-dom/cjs/react-dom-client.development.js:15159:11)
      at commitLayoutEffectOnFiber (node_modules/react-dom/cjs/react-dom-client.development.js:14165:11)
      at recursivelyTraverseLayoutEffects (node_modules/react-dom/cjs/react-dom-client.development.js:15159:11)
      at commitLayoutEffectOnFiber (node_modules/react-dom/cjs/react-dom-client.development.js:13949:11)
      at recursivelyTraverseLayoutEffects (node_modules/react-dom/cjs/react-dom-client.development.js:15159:11)
      at commitLayoutEffectOnFiber (node_modules/react-dom/cjs/react-dom-client.development.js:13949:11)
      at recursivelyTraverseLayoutEffects (node_modules/react-dom/cjs/react-dom-client.development.js:15159:11)
      at commitLayoutEffectOnFiber (node_modules/react-dom/cjs/react-dom-client.development.js:13949:11)
      at recursivelyTraverseLayoutEffects (node_modules/react-dom/cjs/react-dom-client.development.js:15159:11)
      at commitLayoutEffectOnFiber (node_modules/react-dom/cjs/react-dom-client.development.js:14065:11)
      at recursivelyTraverseLayoutEffects (node_modules/react-dom/cjs/react-dom-client.development.js:15159:11)
      at commitLayoutEffectOnFiber (node_modules/react-dom/cjs/react-dom-client.development.js:13949:11)
      at recursivelyTraverseLayoutEffects (node_modules/react-dom/cjs/react-dom-client.development.js:15159:11)
      at commitLayoutEffectOnFiber (node_modules/react-dom/cjs/react-dom-client.development.js:13949:11)
      at recursivelyTraverseLayoutEffects (node_modules/react-dom/cjs/react-dom-client.development.js:15159:11)
      at commitLayoutEffectOnFiber (node_modules/react-dom/cjs/react-dom-client.development.js:13949:11)
      at recursivelyTraverseLayoutEffects (node_modules/react-dom/cjs/react-dom-client.development.js:15159:11)
      at commitLayoutEffectOnFiber (node_modules/react-dom/cjs/react-dom-client.development.js:13949:11)
      at recursivelyTraverseLayoutEffects (node_modules/react-dom/cjs/react-dom-client.development.js:15159:11)
      at commitLayoutEffectOnFiber (node_modules/react-dom/cjs/react-dom-client.development.js:13949:11)
      at recursivelyTraverseLayoutEffects (node_modules/react-dom/cjs/react-dom-client.development.js:15159:11)
      at commitLayoutEffectOnFiber (node_modules/react-dom/cjs/react-dom-client.development.js:14065:11)
      at recursivelyTraverseLayoutEffects (node_modules/react-dom/cjs/react-dom-client.development.js:15159:11)
      at commitLayoutEffectOnFiber (node_modules/react-dom/cjs/react-dom-client.development.js:13949:11)
      at recursivelyTraverseLayoutEffects (node_modules/react-dom/cjs/react-dom-client.development.js:15159:11)
      at commitLayoutEffectOnFiber (node_modules/react-dom/cjs/react-dom-client.development.js:13949:11)
      at recursivelyTraverseLayoutEffects (node_modules/react-dom/cjs/react-dom-client.development.js:15159:11)
      at commitLayoutEffectOnFiber (node_modules/react-dom/cjs/react-dom-client.development.js:13949:11)
      at recursivelyTraverseLayoutEffects (node_modules/react-dom/cjs/react-dom-client.development.js:15159:11)
      at commitLayoutEffectOnFiber (node_modules/react-dom/cjs/react-dom-client.development.js:14165:11)
      at recursivelyTraverseLayoutEffects (node_modules/react-dom/cjs/react-dom-client.development.js:15159:11)
      at commitLayoutEffectOnFiber (node_modules/react-dom/cjs/react-dom-client.development.js:13949:11)
      at recursivelyTraverseLayoutEffects (node_modules/react-dom/cjs/react-dom-client.development.js:15159:11)
      at commitLayoutEffectOnFiber (node_modules/react-dom/cjs/react-dom-client.development.js:14165:11)
      at recursivelyTraverseLayoutEffects (node_modules/react-dom/cjs/react-dom-client.development.js:15159:11)
      at commitLayoutEffectOnFiber (node_modules/react-dom/cjs/react-dom-client.development.js:13949:11)
      at recursivelyTraverseLayoutEffects (node_modules/react-dom/cjs/react-dom-client.development.js:15159:11)
      at commitLayoutEffectOnFiber (node_modules/react-dom/cjs/react-dom-client.development.js:13949:11)
      at recursivelyTraverseLayoutEffects (node_modules/react-dom/cjs/react-dom-client.development.js:15159:11)
      at commitLayoutEffectOnFiber (node_modules/react-dom/cjs/react-dom-client.development.js:13949:11)
      at recursivelyTraverseLayoutEffects (node_modules/react-dom/cjs/react-dom-client.development.js:15159:11)
      at commitLayoutEffectOnFiber (node_modules/react-dom/cjs/react-dom-client.development.js:13949:11)
      at recursivelyTraverseLayoutEffects (node_modules/react-dom/cjs/react-dom-client.development.js:15159:11)
      at commitLayoutEffectOnFiber (node_modules/react-dom/cjs/react-dom-client.development.js:14165:11)
      at recursivelyTraverseLayoutEffects (node_modules/react-dom/cjs/react-dom-client.development.js:15159:11)
      at commitLayoutEffectOnFiber (node_modules/react-dom/cjs/react-dom-client.development.js:13949:11)
      at recursivelyTraverseLayoutEffects (node_modules/react-dom/cjs/react-dom-client.development.js:15159:11)
      at commitLayoutEffectOnFiber (node_modules/react-dom/cjs/react-dom-client.development.js:13949:11)
      at recursivelyTraverseLayoutEffects (node_modules/react-dom/cjs/react-dom-client.development.js:15159:11)
      at commitLayoutEffectOnFiber (node_modules/react-dom/cjs/react-dom-client.development.js:13949:11)
      at recursivelyTraverseLayoutEffects (node_modules/react-dom/cjs/react-dom-client.development.js:15159:11)
      at commitLayoutEffectOnFiber (node_modules/react-dom/cjs/react-dom-client.development.js:14165:11)
      at recursivelyTraverseLayoutEffects (node_modules/react-dom/cjs/react-dom-client.development.js:15159:11)
      at commitLayoutEffectOnFiber (node_modules/react-dom/cjs/react-dom-client.development.js:13949:11)
      at recursivelyTraverseLayoutEffects (node_modules/react-dom/cjs/react-dom-client.development.js:15159:11)
      at commitLayoutEffectOnFiber (node_modules/react-dom/cjs/react-dom-client.development.js:14165:11)
      at recursivelyTraverseLayoutEffects (node_modules/react-dom/cjs/react-dom-client.development.js:15159:11)
      at commitLayoutEffectOnFiber (node_modules/react-dom/cjs/react-dom-client.development.js:13949:11)
      at recursivelyTraverseLayoutEffects (node_modules/react-dom/cjs/react-dom-client.development.js:15159:11)
      at commitLayoutEffectOnFiber (node_modules/react-dom/cjs/react-dom-client.development.js:13949:11)
      at recursivelyTraverseLayoutEffects (node_modules/react-dom/cjs/react-dom-client.development.js:15159:11)
      at commitLayoutEffectOnFiber (node_modules/react-dom/cjs/react-dom-client.development.js:14165:11)
      at recursivelyTraverseLayoutEffects (node_modules/react-dom/cjs/react-dom-client.development.js:15159:11)
      at commitLayoutEffectOnFiber (node_modules/react-dom/cjs/react-dom-client.development.js:13949:11)
      at recursivelyTraverseLayoutEffects (node_modules/react-dom/cjs/react-dom-client.development.js:15159:11)
      at commitLayoutEffectOnFiber (node_modules/react-dom/cjs/react-dom-client.development.js:14165:11)
      at recursivelyTraverseLayoutEffects (node_modules/react-dom/cjs/react-dom-client.development.js:15159:11)
      at commitLayoutEffectOnFiber (node_modules/react-dom/cjs/react-dom-client.development.js:13949:11)
      at recursivelyTraverseLayoutEffects (node_modules/react-dom/cjs/react-dom-client.development.js:15159:11)

    console.error
      An update to Select inside a test was not wrapped in act(...).
      
      When testing, code that causes React state updates should be wrapped into act(...):
      
      act(() => {
        /* fire events that update state */
      });
      /* assert on the output */
      
      This ensures that you're testing the behavior the user would see in the browser. Learn more at https://react.dev/link/wrap-tests-with-act

      at node_modules/react-dom/cjs/react-dom-client.development.js:18758:19
      at runWithFiberInDEV (node_modules/react-dom/cjs/react-dom-client.development.js:874:13)
      at warnIfUpdatesNotWrappedWithActDEV (node_modules/react-dom/cjs/react-dom-client.development.js:18757:9)
      at scheduleUpdateOnFiber (node_modules/react-dom/cjs/react-dom-client.development.js:16409:11)
      at dispatchSetStateInternal (node_modules/react-dom/cjs/react-dom-client.development.js:9170:13)
      at dispatchSetState (node_modules/react-dom/cjs/react-dom-client.development.js:9127:7)
      at setRef (node_modules/@radix-ui/react-compose-refs/src/compose-refs.tsx:11:12)
      at node_modules/@radix-ui/react-compose-refs/src/compose-refs.tsx:25:23
          at Array.map (<anonymous>)
      at node_modules/@radix-ui/react-compose-refs/src/compose-refs.tsx:24:27
      at setRef (node_modules/@radix-ui/react-compose-refs/src/compose-refs.tsx:11:12)
      at node_modules/@radix-ui/react-compose-refs/src/compose-refs.tsx:25:23
          at Array.map (<anonymous>)
      at node_modules/@radix-ui/react-compose-refs/src/compose-refs.tsx:24:27
      at commitAttachRef (node_modules/react-dom/cjs/react-dom-client.development.js:13482:44)
      at runWithFiberInDEV (node_modules/react-dom/cjs/react-dom-client.development.js:874:13)
      at safelyAttachRef (node_modules/react-dom/cjs/react-dom-client.development.js:13500:9)
      at commitLayoutEffectOnFiber (node_modules/react-dom/cjs/react-dom-client.development.js:14089:26)
      at recursivelyTraverseLayoutEffects (node_modules/react-dom/cjs/react-dom-client.development.js:15159:11)
      at commitLayoutEffectOnFiber (node_modules/react-dom/cjs/react-dom-client.development.js:13949:11)
      at recursivelyTraverseLayoutEffects (node_modules/react-dom/cjs/react-dom-client.development.js:15159:11)
      at commitLayoutEffectOnFiber (node_modules/react-dom/cjs/react-dom-client.development.js:13949:11)
      at recursivelyTraverseLayoutEffects (node_modules/react-dom/cjs/react-dom-client.development.js:15159:11)
      at commitLayoutEffectOnFiber (node_modules/react-dom/cjs/react-dom-client.development.js:13949:11)
      at recursivelyTraverseLayoutEffects (node_modules/react-dom/cjs/react-dom-client.development.js:15159:11)
      at commitLayoutEffectOnFiber (node_modules/react-dom/cjs/react-dom-client.development.js:13949:11)
      at recursivelyTraverseLayoutEffects (node_modules/react-dom/cjs/react-dom-client.development.js:15159:11)
      at commitLayoutEffectOnFiber (node_modules/react-dom/cjs/react-dom-client.development.js:13949:11)
      at recursivelyTraverseLayoutEffects (node_modules/react-dom/cjs/react-dom-client.development.js:15159:11)
      at commitLayoutEffectOnFiber (node_modules/react-dom/cjs/react-dom-client.development.js:13949:11)
      at recursivelyTraverseLayoutEffects (node_modules/react-dom/cjs/react-dom-client.development.js:15159:11)
      at commitLayoutEffectOnFiber (node_modules/react-dom/cjs/react-dom-client.development.js:13949:11)
      at recursivelyTraverseLayoutEffects (node_modules/react-dom/cjs/react-dom-client.development.js:15159:11)
      at commitLayoutEffectOnFiber (node_modules/react-dom/cjs/react-dom-client.development.js:14165:11)
      at recursivelyTraverseLayoutEffects (node_modules/react-dom/cjs/react-dom-client.development.js:15159:11)
      at commitLayoutEffectOnFiber (node_modules/react-dom/cjs/react-dom-client.development.js:13949:11)
      at recursivelyTraverseLayoutEffects (node_modules/react-dom/cjs/react-dom-client.development.js:15159:11)
      at commitLayoutEffectOnFiber (node_modules/react-dom/cjs/react-dom-client.development.js:14165:11)
      at recursivelyTraverseLayoutEffects (node_modules/react-dom/cjs/react-dom-client.development.js:15159:11)
      at commitLayoutEffectOnFiber (node_modules/react-dom/cjs/react-dom-client.development.js:13949:11)
      at recursivelyTraverseLayoutEffects (node_modules/react-dom/cjs/react-dom-client.development.js:15159:11)
      at commitLayoutEffectOnFiber (node_modules/react-dom/cjs/react-dom-client.development.js:13949:11)
      at recursivelyTraverseLayoutEffects (node_modules/react-dom/cjs/react-dom-client.development.js:15159:11)
      at commitLayoutEffectOnFiber (node_modules/react-dom/cjs/react-dom-client.development.js:14165:11)
      at recursivelyTraverseLayoutEffects (node_modules/react-dom/cjs/react-dom-client.development.js:15159:11)
      at commitLayoutEffectOnFiber (node_modules/react-dom/cjs/react-dom-client.development.js:13949:11)
      at recursivelyTraverseLayoutEffects (node_modules/react-dom/cjs/react-dom-client.development.js:15159:11)
      at commitLayoutEffectOnFiber (node_modules/react-dom/cjs/react-dom-client.development.js:14165:11)
      at recursivelyTraverseLayoutEffects (node_modules/react-dom/cjs/react-dom-client.development.js:15159:11)
      at commitLayoutEffectOnFiber (node_modules/react-dom/cjs/react-dom-client.development.js:13949:11)
      at recursivelyTraverseLayoutEffects (node_modules/react-dom/cjs/react-dom-client.development.js:15159:11)
      at commitLayoutEffectOnFiber (node_modules/react-dom/cjs/react-dom-client.development.js:13949:11)
      at recursivelyTraverseLayoutEffects (node_modules/react-dom/cjs/react-dom-client.development.js:15159:11)
      at commitLayoutEffectOnFiber (node_modules/react-dom/cjs/react-dom-client.development.js:13949:11)
      at recursivelyTraverseLayoutEffects (node_modules/react-dom/cjs/react-dom-client.development.js:15159:11)
      at commitLayoutEffectOnFiber (node_modules/react-dom/cjs/react-dom-client.development.js:14065:11)
      at recursivelyTraverseLayoutEffects (node_modules/react-dom/cjs/react-dom-client.development.js:15159:11)
      at commitLayoutEffectOnFiber (node_modules/react-dom/cjs/react-dom-client.development.js:14065:11)
      at recursivelyTraverseLayoutEffects (node_modules/react-dom/cjs/react-dom-client.development.js:15159:11)
      at commitLayoutEffectOnFiber (node_modules/react-dom/cjs/react-dom-client.development.js:14065:11)
      at recursivelyTraverseLayoutEffects (node_modules/react-dom/cjs/react-dom-client.development.js:15159:11)
      at commitLayoutEffectOnFiber (node_modules/react-dom/cjs/react-dom-client.development.js:13949:11)
      at recursivelyTraverseLayoutEffects (node_modules/react-dom/cjs/react-dom-client.development.js:15159:11)
      at commitLayoutEffectOnFiber (node_modules/react-dom/cjs/react-dom-client.development.js:14165:11)
      at recursivelyTraverseLayoutEffects (node_modules/react-dom/cjs/react-dom-client.development.js:15159:11)
      at commitLayoutEffectOnFiber (node_modules/react-dom/cjs/react-dom-client.development.js:14165:11)
      at recursivelyTraverseLayoutEffects (node_modules/react-dom/cjs/react-dom-client.development.js:15159:11)
      at commitLayoutEffectOnFiber (node_modules/react-dom/cjs/react-dom-client.development.js:13949:11)
      at recursivelyTraverseLayoutEffects (node_modules/react-dom/cjs/react-dom-client.development.js:15159:11)
      at commitLayoutEffectOnFiber (node_modules/react-dom/cjs/react-dom-client.development.js:13949:11)
      at recursivelyTraverseLayoutEffects (node_modules/react-dom/cjs/react-dom-client.development.js:15159:11)
      at commitLayoutEffectOnFiber (node_modules/react-dom/cjs/react-dom-client.development.js:14165:11)
      at recursivelyTraverseLayoutEffects (node_modules/react-dom/cjs/react-dom-client.development.js:15159:11)
      at commitLayoutEffectOnFiber (node_modules/react-dom/cjs/react-dom-client.development.js:13949:11)
      at recursivelyTraverseLayoutEffects (node_modules/react-dom/cjs/react-dom-client.development.js:15159:11)
      at commitLayoutEffectOnFiber (node_modules/react-dom/cjs/react-dom-client.development.js:13949:11)
      at recursivelyTraverseLayoutEffects (node_modules/react-dom/cjs/react-dom-client.development.js:15159:11)
      at commitLayoutEffectOnFiber (node_modules/react-dom/cjs/react-dom-client.development.js:14031:11)
      at flushLayoutEffects (node_modules/react-dom/cjs/react-dom-client.development.js:18138:15)
      at commitRoot (node_modules/react-dom/cjs/react-dom-client.development.js:17954:9)
      at commitRootWhenReady (node_modules/react-dom/cjs/react-dom-client.development.js:16824:7)
      at performWorkOnRoot (node_modules/react-dom/cjs/react-dom-client.development.js:16722:15)
      at performSyncWorkOnRoot (node_modules/react-dom/cjs/react-dom-client.development.js:18972:7)
      at flushSyncWorkAcrossRoots_impl (node_modules/react-dom/cjs/react-dom-client.development.js:18814:21)
      at processRootScheduleInMicrotask (node_modules/react-dom/cjs/react-dom-client.development.js:18853:9)
      at node_modules/react-dom/cjs/react-dom-client.development.js:18991:13
      at invokeTheCallbackFunction (node_modules/jsdom/lib/jsdom/living/generated/Function.js:19:26)
      at node_modules/jsdom/lib/jsdom/browser/Window.js:613:9

    console.error
      An update to SelectItemText inside a test was not wrapped in act(...).
      
      When testing, code that causes React state updates should be wrapped into act(...):
      
      act(() => {
        /* fire events that update state */
      });
      /* assert on the output */
      
      This ensures that you're testing the behavior the user would see in the browser. Learn more at https://react.dev/link/wrap-tests-with-act

      at node_modules/react-dom/cjs/react-dom-client.development.js:18758:19
      at runWithFiberInDEV (node_modules/react-dom/cjs/react-dom-client.development.js:874:13)
      at warnIfUpdatesNotWrappedWithActDEV (node_modules/react-dom/cjs/react-dom-client.development.js:18757:9)
      at scheduleUpdateOnFiber (node_modules/react-dom/cjs/react-dom-client.development.js:16409:11)
      at dispatchSetStateInternal (node_modules/react-dom/cjs/react-dom-client.development.js:9170:13)
      at dispatchSetState (node_modules/react-dom/cjs/react-dom-client.development.js:9127:7)
      at node_modules/@radix-ui/react-select/src/select.tsx:1378:17
      at setRef (node_modules/@radix-ui/react-compose-refs/src/compose-refs.tsx:11:12)
      at node_modules/@radix-ui/react-compose-refs/src/compose-refs.tsx:25:23
          at Array.map (<anonymous>)
      at node_modules/@radix-ui/react-compose-refs/src/compose-refs.tsx:24:27
      at commitAttachRef (node_modules/react-dom/cjs/react-dom-client.development.js:13482:44)
      at runWithFiberInDEV (node_modules/react-dom/cjs/react-dom-client.development.js:874:13)
      at safelyAttachRef (node_modules/react-dom/cjs/react-dom-client.development.js:13500:9)
      at commitLayoutEffectOnFiber (node_modules/react-dom/cjs/react-dom-client.development.js:14089:26)
      at recursivelyTraverseLayoutEffects (node_modules/react-dom/cjs/react-dom-client.development.js:15159:11)
      at commitLayoutEffectOnFiber (node_modules/react-dom/cjs/react-dom-client.development.js:13949:11)
      at recursivelyTraverseLayoutEffects (node_modules/react-dom/cjs/react-dom-client.development.js:15159:11)
      at commitLayoutEffectOnFiber (node_modules/react-dom/cjs/react-dom-client.development.js:13949:11)
      at recursivelyTraverseLayoutEffects (node_modules/react-dom/cjs/react-dom-client.development.js:15159:11)
      at commitLayoutEffectOnFiber (node_modules/react-dom/cjs/react-dom-client.development.js:14065:11)
      at recursivelyTraverseLayoutEffects (node_modules/react-dom/cjs/react-dom-client.development.js:15159:11)
      at commitLayoutEffectOnFiber (node_modules/react-dom/cjs/react-dom-client.development.js:13949:11)
      at recursivelyTraverseLayoutEffects (node_modules/react-dom/cjs/react-dom-client.development.js:15159:11)
      at commitLayoutEffectOnFiber (node_modules/react-dom/cjs/react-dom-client.development.js:13949:11)
      at recursivelyTraverseLayoutEffects (node_modules/react-dom/cjs/react-dom-client.development.js:15159:11)
      at commitLayoutEffectOnFiber (node_modules/react-dom/cjs/react-dom-client.development.js:13949:11)
      at recursivelyTraverseLayoutEffects (node_modules/react-dom/cjs/react-dom-client.development.js:15159:11)
      at commitLayoutEffectOnFiber (node_modules/react-dom/cjs/react-dom-client.development.js:13949:11)
      at recursivelyTraverseLayoutEffects (node_modules/react-dom/cjs/react-dom-client.development.js:15159:11)
      at commitLayoutEffectOnFiber (node_modules/react-dom/cjs/react-dom-client.development.js:14165:11)
      at recursivelyTraverseLayoutEffects (node_modules/react-dom/cjs/react-dom-client.development.js:15159:11)
      at commitLayoutEffectOnFiber (node_modules/react-dom/cjs/react-dom-client.development.js:13949:11)
      at recursivelyTraverseLayoutEffects (node_modules/react-dom/cjs/react-dom-client.development.js:15159:11)
      at commitLayoutEffectOnFiber (node_modules/react-dom/cjs/react-dom-client.development.js:13949:11)
      at recursivelyTraverseLayoutEffects (node_modules/react-dom/cjs/react-dom-client.development.js:15159:11)
      at commitLayoutEffectOnFiber (node_modules/react-dom/cjs/react-dom-client.development.js:13949:11)
      at recursivelyTraverseLayoutEffects (node_modules/react-dom/cjs/react-dom-client.development.js:15159:11)
      at commitLayoutEffectOnFiber (node_modules/react-dom/cjs/react-dom-client.development.js:14065:11)
      at recursivelyTraverseLayoutEffects (node_modules/react-dom/cjs/react-dom-client.development.js:15159:11)
      at commitLayoutEffectOnFiber (node_modules/react-dom/cjs/react-dom-client.development.js:13949:11)
      at recursivelyTraverseLayoutEffects (node_modules/react-dom/cjs/react-dom-client.development.js:15159:11)
      at commitLayoutEffectOnFiber (node_modules/react-dom/cjs/react-dom-client.development.js:13949:11)
      at recursivelyTraverseLayoutEffects (node_modules/react-dom/cjs/react-dom-client.development.js:15159:11)
      at commitLayoutEffectOnFiber (node_modules/react-dom/cjs/react-dom-client.development.js:13949:11)
      at recursivelyTraverseLayoutEffects (node_modules/react-dom/cjs/react-dom-client.development.js:15159:11)
      at commitLayoutEffectOnFiber (node_modules/react-dom/cjs/react-dom-client.development.js:13949:11)
      at recursivelyTraverseLayoutEffects (node_modules/react-dom/cjs/react-dom-client.development.js:15159:11)
      at commitLayoutEffectOnFiber (node_modules/react-dom/cjs/react-dom-client.development.js:13949:11)
      at recursivelyTraverseLayoutEffects (node_modules/react-dom/cjs/react-dom-client.development.js:15159:11)
      at commitLayoutEffectOnFiber (node_modules/react-dom/cjs/react-dom-client.development.js:14065:11)
      at recursivelyTraverseLayoutEffects (node_modules/react-dom/cjs/react-dom-client.development.js:15159:11)
      at commitLayoutEffectOnFiber (node_modules/react-dom/cjs/react-dom-client.development.js:13949:11)
      at recursivelyTraverseLayoutEffects (node_modules/react-dom/cjs/react-dom-client.development.js:15159:11)
      at commitLayoutEffectOnFiber (node_modules/react-dom/cjs/react-dom-client.development.js:13949:11)
      at recursivelyTraverseLayoutEffects (node_modules/react-dom/cjs/react-dom-client.development.js:15159:11)
      at commitLayoutEffectOnFiber (node_modules/react-dom/cjs/react-dom-client.development.js:13949:11)
      at recursivelyTraverseLayoutEffects (node_modules/react-dom/cjs/react-dom-client.development.js:15159:11)
      at commitLayoutEffectOnFiber (node_modules/react-dom/cjs/react-dom-client.development.js:14165:11)
      at recursivelyTraverseLayoutEffects (node_modules/react-dom/cjs/react-dom-client.development.js:15159:11)
      at commitLayoutEffectOnFiber (node_modules/react-dom/cjs/react-dom-client.development.js:13949:11)
      at recursivelyTraverseLayoutEffects (node_modules/react-dom/cjs/react-dom-client.development.js:15159:11)
      at commitLayoutEffectOnFiber (node_modules/react-dom/cjs/react-dom-client.development.js:14165:11)
      at recursivelyTraverseLayoutEffects (node_modules/react-dom/cjs/react-dom-client.development.js:15159:11)
      at commitLayoutEffectOnFiber (node_modules/react-dom/cjs/react-dom-client.development.js:13949:11)
      at recursivelyTraverseLayoutEffects (node_modules/react-dom/cjs/react-dom-client.development.js:15159:11)
      at commitLayoutEffectOnFiber (node_modules/react-dom/cjs/react-dom-client.development.js:13949:11)
      at recursivelyTraverseLayoutEffects (node_modules/react-dom/cjs/react-dom-client.development.js:15159:11)
      at commitLayoutEffectOnFiber (node_modules/react-dom/cjs/react-dom-client.development.js:13949:11)
      at recursivelyTraverseLayoutEffects (node_modules/react-dom/cjs/react-dom-client.development.js:15159:11)
      at commitLayoutEffectOnFiber (node_modules/react-dom/cjs/react-dom-client.development.js:13949:11)
      at recursivelyTraverseLayoutEffects (node_modules/react-dom/cjs/react-dom-client.development.js:15159:11)
      at commitLayoutEffectOnFiber (node_modules/react-dom/cjs/react-dom-client.development.js:14165:11)
      at recursivelyTraverseLayoutEffects (node_modules/react-dom/cjs/react-dom-client.development.js:15159:11)
      at commitLayoutEffectOnFiber (node_modules/react-dom/cjs/react-dom-client.development.js:13949:11)
      at recursivelyTraverseLayoutEffects (node_modules/react-dom/cjs/react-dom-client.development.js:15159:11)
      at commitLayoutEffectOnFiber (node_modules/react-dom/cjs/react-dom-client.development.js:13949:11)
      at recursivelyTraverseLayoutEffects (node_modules/react-dom/cjs/react-dom-client.development.js:15159:11)
      at commitLayoutEffectOnFiber (node_modules/react-dom/cjs/react-dom-client.development.js:13949:11)
      at recursivelyTraverseLayoutEffects (node_modules/react-dom/cjs/react-dom-client.development.js:15159:11)
      at commitLayoutEffectOnFiber (node_modules/react-dom/cjs/react-dom-client.development.js:14165:11)
      at recursivelyTraverseLayoutEffects (node_modules/react-dom/cjs/react-dom-client.development.js:15159:11)
      at commitLayoutEffectOnFiber (node_modules/react-dom/cjs/react-dom-client.development.js:13949:11)
      at recursivelyTraverseLayoutEffects (node_modules/react-dom/cjs/react-dom-client.development.js:15159:11)
      at commitLayoutEffectOnFiber (node_modules/react-dom/cjs/react-dom-client.development.js:14165:11)
      at recursivelyTraverseLayoutEffects (node_modules/react-dom/cjs/react-dom-client.development.js:15159:11)
      at commitLayoutEffectOnFiber (node_modules/react-dom/cjs/react-dom-client.development.js:13949:11)
      at recursivelyTraverseLayoutEffects (node_modules/react-dom/cjs/react-dom-client.development.js:15159:11)
      at commitLayoutEffectOnFiber (node_modules/react-dom/cjs/react-dom-client.development.js:13949:11)
      at recursivelyTraverseLayoutEffects (node_modules/react-dom/cjs/react-dom-client.development.js:15159:11)
      at commitLayoutEffectOnFiber (node_modules/react-dom/cjs/react-dom-client.development.js:14165:11)
      at recursivelyTraverseLayoutEffects (node_modules/react-dom/cjs/react-dom-client.development.js:15159:11)
      at commitLayoutEffectOnFiber (node_modules/react-dom/cjs/react-dom-client.development.js:13949:11)
      at recursivelyTraverseLayoutEffects (node_modules/react-dom/cjs/react-dom-client.development.js:15159:11)
      at commitLayoutEffectOnFiber (node_modules/react-dom/cjs/react-dom-client.development.js:14165:11)
      at recursivelyTraverseLayoutEffects (node_modules/react-dom/cjs/react-dom-client.development.js:15159:11)
      at commitLayoutEffectOnFiber (node_modules/react-dom/cjs/react-dom-client.development.js:13949:11)
      at recursivelyTraverseLayoutEffects (node_modules/react-dom/cjs/react-dom-client.development.js:15159:11)

    console.error
      An update to SelectItemText inside a test was not wrapped in act(...).
      
      When testing, code that causes React state updates should be wrapped into act(...):
      
      act(() => {
        /* fire events that update state */
      });
      /* assert on the output */
      
      This ensures that you're testing the behavior the user would see in the browser. Learn more at https://react.dev/link/wrap-tests-with-act

      at node_modules/react-dom/cjs/react-dom-client.development.js:18758:19
      at runWithFiberInDEV (node_modules/react-dom/cjs/react-dom-client.development.js:874:13)
      at warnIfUpdatesNotWrappedWithActDEV (node_modules/react-dom/cjs/react-dom-client.development.js:18757:9)
      at scheduleUpdateOnFiber (node_modules/react-dom/cjs/react-dom-client.development.js:16409:11)
      at dispatchSetStateInternal (node_modules/react-dom/cjs/react-dom-client.development.js:9170:13)
      at dispatchSetState (node_modules/react-dom/cjs/react-dom-client.development.js:9127:7)
      at node_modules/@radix-ui/react-select/src/select.tsx:1378:17
      at setRef (node_modules/@radix-ui/react-compose-refs/src/compose-refs.tsx:11:12)
      at node_modules/@radix-ui/react-compose-refs/src/compose-refs.tsx:25:23
          at Array.map (<anonymous>)
      at node_modules/@radix-ui/react-compose-refs/src/compose-refs.tsx:24:27
      at commitAttachRef (node_modules/react-dom/cjs/react-dom-client.development.js:13482:44)
      at runWithFiberInDEV (node_modules/react-dom/cjs/react-dom-client.development.js:874:13)
      at safelyAttachRef (node_modules/react-dom/cjs/react-dom-client.development.js:13500:9)
      at commitLayoutEffectOnFiber (node_modules/react-dom/cjs/react-dom-client.development.js:14089:26)
      at recursivelyTraverseLayoutEffects (node_modules/react-dom/cjs/react-dom-client.development.js:15159:11)
      at commitLayoutEffectOnFiber (node_modules/react-dom/cjs/react-dom-client.development.js:13949:11)
      at recursivelyTraverseLayoutEffects (node_modules/react-dom/cjs/react-dom-client.development.js:15159:11)
      at commitLayoutEffectOnFiber (node_modules/react-dom/cjs/react-dom-client.development.js:13949:11)
      at recursivelyTraverseLayoutEffects (node_modules/react-dom/cjs/react-dom-client.development.js:15159:11)
      at commitLayoutEffectOnFiber (node_modules/react-dom/cjs/react-dom-client.development.js:14065:11)
      at recursivelyTraverseLayoutEffects (node_modules/react-dom/cjs/react-dom-client.development.js:15159:11)
      at commitLayoutEffectOnFiber (node_modules/react-dom/cjs/react-dom-client.development.js:13949:11)
      at recursivelyTraverseLayoutEffects (node_modules/react-dom/cjs/react-dom-client.development.js:15159:11)
      at commitLayoutEffectOnFiber (node_modules/react-dom/cjs/react-dom-client.development.js:13949:11)
      at recursivelyTraverseLayoutEffects (node_modules/react-dom/cjs/react-dom-client.development.js:15159:11)
      at commitLayoutEffectOnFiber (node_modules/react-dom/cjs/react-dom-client.development.js:13949:11)
      at recursivelyTraverseLayoutEffects (node_modules/react-dom/cjs/react-dom-client.development.js:15159:11)
      at commitLayoutEffectOnFiber (node_modules/react-dom/cjs/react-dom-client.development.js:13949:11)
      at recursivelyTraverseLayoutEffects (node_modules/react-dom/cjs/react-dom-client.development.js:15159:11)
      at commitLayoutEffectOnFiber (node_modules/react-dom/cjs/react-dom-client.development.js:14165:11)
      at recursivelyTraverseLayoutEffects (node_modules/react-dom/cjs/react-dom-client.development.js:15159:11)
      at commitLayoutEffectOnFiber (node_modules/react-dom/cjs/react-dom-client.development.js:13949:11)
      at recursivelyTraverseLayoutEffects (node_modules/react-dom/cjs/react-dom-client.development.js:15159:11)
      at commitLayoutEffectOnFiber (node_modules/react-dom/cjs/react-dom-client.development.js:13949:11)
      at recursivelyTraverseLayoutEffects (node_modules/react-dom/cjs/react-dom-client.development.js:15159:11)
      at commitLayoutEffectOnFiber (node_modules/react-dom/cjs/react-dom-client.development.js:13949:11)
      at recursivelyTraverseLayoutEffects (node_modules/react-dom/cjs/react-dom-client.development.js:15159:11)
      at commitLayoutEffectOnFiber (node_modules/react-dom/cjs/react-dom-client.development.js:14165:11)
      at recursivelyTraverseLayoutEffects (node_modules/react-dom/cjs/react-dom-client.development.js:15159:11)
      at commitLayoutEffectOnFiber (node_modules/react-dom/cjs/react-dom-client.development.js:14065:11)
      at recursivelyTraverseLayoutEffects (node_modules/react-dom/cjs/react-dom-client.development.js:15159:11)
      at commitLayoutEffectOnFiber (node_modules/react-dom/cjs/react-dom-client.development.js:13949:11)
      at recursivelyTraverseLayoutEffects (node_modules/react-dom/cjs/react-dom-client.development.js:15159:11)
      at commitLayoutEffectOnFiber (node_modules/react-dom/cjs/react-dom-client.development.js:13949:11)
      at recursivelyTraverseLayoutEffects (node_modules/react-dom/cjs/react-dom-client.development.js:15159:11)
      at commitLayoutEffectOnFiber (node_modules/react-dom/cjs/react-dom-client.development.js:13949:11)
      at recursivelyTraverseLayoutEffects (node_modules/react-dom/cjs/react-dom-client.development.js:15159:11)
      at commitLayoutEffectOnFiber (node_modules/react-dom/cjs/react-dom-client.development.js:13949:11)
      at recursivelyTraverseLayoutEffects (node_modules/react-dom/cjs/react-dom-client.development.js:15159:11)
      at commitLayoutEffectOnFiber (node_modules/react-dom/cjs/react-dom-client.development.js:13949:11)
      at recursivelyTraverseLayoutEffects (node_modules/react-dom/cjs/react-dom-client.development.js:15159:11)
      at commitLayoutEffectOnFiber (node_modules/react-dom/cjs/react-dom-client.development.js:14065:11)
      at recursivelyTraverseLayoutEffects (node_modules/react-dom/cjs/react-dom-client.development.js:15159:11)
      at commitLayoutEffectOnFiber (node_modules/react-dom/cjs/react-dom-client.development.js:13949:11)
      at recursivelyTraverseLayoutEffects (node_modules/react-dom/cjs/react-dom-client.development.js:15159:11)
      at commitLayoutEffectOnFiber (node_modules/react-dom/cjs/react-dom-client.development.js:13949:11)
      at recursivelyTraverseLayoutEffects (node_modules/react-dom/cjs/react-dom-client.development.js:15159:11)
      at commitLayoutEffectOnFiber (node_modules/react-dom/cjs/react-dom-client.development.js:13949:11)
      at recursivelyTraverseLayoutEffects (node_modules/react-dom/cjs/react-dom-client.development.js:15159:11)
      at commitLayoutEffectOnFiber (node_modules/react-dom/cjs/react-dom-client.development.js:14165:11)
      at recursivelyTraverseLayoutEffects (node_modules/react-dom/cjs/react-dom-client.development.js:15159:11)
      at commitLayoutEffectOnFiber (node_modules/react-dom/cjs/react-dom-client.development.js:13949:11)
      at recursivelyTraverseLayoutEffects (node_modules/react-dom/cjs/react-dom-client.development.js:15159:11)
      at commitLayoutEffectOnFiber (node_modules/react-dom/cjs/react-dom-client.development.js:14165:11)
      at recursivelyTraverseLayoutEffects (node_modules/react-dom/cjs/react-dom-client.development.js:15159:11)
      at commitLayoutEffectOnFiber (node_modules/react-dom/cjs/react-dom-client.development.js:13949:11)
      at recursivelyTraverseLayoutEffects (node_modules/react-dom/cjs/react-dom-client.development.js:15159:11)
      at commitLayoutEffectOnFiber (node_modules/react-dom/cjs/react-dom-client.development.js:13949:11)
      at recursivelyTraverseLayoutEffects (node_modules/react-dom/cjs/react-dom-client.development.js:15159:11)
      at commitLayoutEffectOnFiber (node_modules/react-dom/cjs/react-dom-client.development.js:13949:11)
      at recursivelyTraverseLayoutEffects (node_modules/react-dom/cjs/react-dom-client.development.js:15159:11)
      at commitLayoutEffectOnFiber (node_modules/react-dom/cjs/react-dom-client.development.js:13949:11)
      at recursivelyTraverseLayoutEffects (node_modules/react-dom/cjs/react-dom-client.development.js:15159:11)
      at commitLayoutEffectOnFiber (node_modules/react-dom/cjs/react-dom-client.development.js:14165:11)
      at recursivelyTraverseLayoutEffects (node_modules/react-dom/cjs/react-dom-client.development.js:15159:11)
      at commitLayoutEffectOnFiber (node_modules/react-dom/cjs/react-dom-client.development.js:13949:11)
      at recursivelyTraverseLayoutEffects (node_modules/react-dom/cjs/react-dom-client.development.js:15159:11)
      at commitLayoutEffectOnFiber (node_modules/react-dom/cjs/react-dom-client.development.js:13949:11)
      at recursivelyTraverseLayoutEffects (node_modules/react-dom/cjs/react-dom-client.development.js:15159:11)
      at commitLayoutEffectOnFiber (node_modules/react-dom/cjs/react-dom-client.development.js:13949:11)
      at recursivelyTraverseLayoutEffects (node_modules/react-dom/cjs/react-dom-client.development.js:15159:11)
      at commitLayoutEffectOnFiber (node_modules/react-dom/cjs/react-dom-client.development.js:14165:11)
      at recursivelyTraverseLayoutEffects (node_modules/react-dom/cjs/react-dom-client.development.js:15159:11)
      at commitLayoutEffectOnFiber (node_modules/react-dom/cjs/react-dom-client.development.js:13949:11)
      at recursivelyTraverseLayoutEffects (node_modules/react-dom/cjs/react-dom-client.development.js:15159:11)
      at commitLayoutEffectOnFiber (node_modules/react-dom/cjs/react-dom-client.development.js:14165:11)
      at recursivelyTraverseLayoutEffects (node_modules/react-dom/cjs/react-dom-client.development.js:15159:11)
      at commitLayoutEffectOnFiber (node_modules/react-dom/cjs/react-dom-client.development.js:13949:11)
      at recursivelyTraverseLayoutEffects (node_modules/react-dom/cjs/react-dom-client.development.js:15159:11)
      at commitLayoutEffectOnFiber (node_modules/react-dom/cjs/react-dom-client.development.js:13949:11)
      at recursivelyTraverseLayoutEffects (node_modules/react-dom/cjs/react-dom-client.development.js:15159:11)
      at commitLayoutEffectOnFiber (node_modules/react-dom/cjs/react-dom-client.development.js:14165:11)
      at recursivelyTraverseLayoutEffects (node_modules/react-dom/cjs/react-dom-client.development.js:15159:11)
      at commitLayoutEffectOnFiber (node_modules/react-dom/cjs/react-dom-client.development.js:13949:11)
      at recursivelyTraverseLayoutEffects (node_modules/react-dom/cjs/react-dom-client.development.js:15159:11)
      at commitLayoutEffectOnFiber (node_modules/react-dom/cjs/react-dom-client.development.js:14165:11)
      at recursivelyTraverseLayoutEffects (node_modules/react-dom/cjs/react-dom-client.development.js:15159:11)

    console.error
      An update to Select inside a test was not wrapped in act(...).
      
      When testing, code that causes React state updates should be wrapped into act(...):
      
      act(() => {
        /* fire events that update state */
      });
      /* assert on the output */
      
      This ensures that you're testing the behavior the user would see in the browser. Learn more at https://react.dev/link/wrap-tests-with-act

      at node_modules/react-dom/cjs/react-dom-client.development.js:18758:19
      at runWithFiberInDEV (node_modules/react-dom/cjs/react-dom-client.development.js:874:13)
      at warnIfUpdatesNotWrappedWithActDEV (node_modules/react-dom/cjs/react-dom-client.development.js:18757:9)
      at scheduleUpdateOnFiber (node_modules/react-dom/cjs/react-dom-client.development.js:16409:11)
      at dispatchSetStateInternal (node_modules/react-dom/cjs/react-dom-client.development.js:9170:13)
      at dispatchSetState (node_modules/react-dom/cjs/react-dom-client.development.js:9127:7)
      at setRef (node_modules/@radix-ui/react-compose-refs/src/compose-refs.tsx:11:12)
      at node_modules/@radix-ui/react-compose-refs/src/compose-refs.tsx:25:23
          at Array.map (<anonymous>)
      at node_modules/@radix-ui/react-compose-refs/src/compose-refs.tsx:24:27
      at setRef (node_modules/@radix-ui/react-compose-refs/src/compose-refs.tsx:11:12)
      at node_modules/@radix-ui/react-compose-refs/src/compose-refs.tsx:25:23
          at Array.map (<anonymous>)
      at node_modules/@radix-ui/react-compose-refs/src/compose-refs.tsx:24:27
      at commitAttachRef (node_modules/react-dom/cjs/react-dom-client.development.js:13482:44)
      at runWithFiberInDEV (node_modules/react-dom/cjs/react-dom-client.development.js:874:13)
      at safelyAttachRef (node_modules/react-dom/cjs/react-dom-client.development.js:13500:9)
      at commitLayoutEffectOnFiber (node_modules/react-dom/cjs/react-dom-client.development.js:14089:26)
      at recursivelyTraverseLayoutEffects (node_modules/react-dom/cjs/react-dom-client.development.js:15159:11)
      at commitLayoutEffectOnFiber (node_modules/react-dom/cjs/react-dom-client.development.js:13949:11)
      at recursivelyTraverseLayoutEffects (node_modules/react-dom/cjs/react-dom-client.development.js:15159:11)
      at commitLayoutEffectOnFiber (node_modules/react-dom/cjs/react-dom-client.development.js:13949:11)
      at recursivelyTraverseLayoutEffects (node_modules/react-dom/cjs/react-dom-client.development.js:15159:11)
      at commitLayoutEffectOnFiber (node_modules/react-dom/cjs/react-dom-client.development.js:13949:11)
      at recursivelyTraverseLayoutEffects (node_modules/react-dom/cjs/react-dom-client.development.js:15159:11)
      at commitLayoutEffectOnFiber (node_modules/react-dom/cjs/react-dom-client.development.js:13949:11)
      at recursivelyTraverseLayoutEffects (node_modules/react-dom/cjs/react-dom-client.development.js:15159:11)
      at commitLayoutEffectOnFiber (node_modules/react-dom/cjs/react-dom-client.development.js:13949:11)
      at recursivelyTraverseLayoutEffects (node_modules/react-dom/cjs/react-dom-client.development.js:15159:11)
      at commitLayoutEffectOnFiber (node_modules/react-dom/cjs/react-dom-client.development.js:13949:11)
      at recursivelyTraverseLayoutEffects (node_modules/react-dom/cjs/react-dom-client.development.js:15159:11)
      at commitLayoutEffectOnFiber (node_modules/react-dom/cjs/react-dom-client.development.js:13949:11)
      at recursivelyTraverseLayoutEffects (node_modules/react-dom/cjs/react-dom-client.development.js:15159:11)
      at commitLayoutEffectOnFiber (node_modules/react-dom/cjs/react-dom-client.development.js:14165:11)
      at recursivelyTraverseLayoutEffects (node_modules/react-dom/cjs/react-dom-client.development.js:15159:11)
      at commitLayoutEffectOnFiber (node_modules/react-dom/cjs/react-dom-client.development.js:13949:11)
      at recursivelyTraverseLayoutEffects (node_modules/react-dom/cjs/react-dom-client.development.js:15159:11)
      at commitLayoutEffectOnFiber (node_modules/react-dom/cjs/react-dom-client.development.js:14165:11)
      at recursivelyTraverseLayoutEffects (node_modules/react-dom/cjs/react-dom-client.development.js:15159:11)
      at commitLayoutEffectOnFiber (node_modules/react-dom/cjs/react-dom-client.development.js:13949:11)
      at recursivelyTraverseLayoutEffects (node_modules/react-dom/cjs/react-dom-client.development.js:15159:11)
      at commitLayoutEffectOnFiber (node_modules/react-dom/cjs/react-dom-client.development.js:13949:11)
      at recursivelyTraverseLayoutEffects (node_modules/react-dom/cjs/react-dom-client.development.js:15159:11)
      at commitLayoutEffectOnFiber (node_modules/react-dom/cjs/react-dom-client.development.js:14165:11)
      at recursivelyTraverseLayoutEffects (node_modules/react-dom/cjs/react-dom-client.development.js:15159:11)
      at commitLayoutEffectOnFiber (node_modules/react-dom/cjs/react-dom-client.development.js:13949:11)
      at recursivelyTraverseLayoutEffects (node_modules/react-dom/cjs/react-dom-client.development.js:15159:11)
      at commitLayoutEffectOnFiber (node_modules/react-dom/cjs/react-dom-client.development.js:14165:11)
      at recursivelyTraverseLayoutEffects (node_modules/react-dom/cjs/react-dom-client.development.js:15159:11)
      at commitLayoutEffectOnFiber (node_modules/react-dom/cjs/react-dom-client.development.js:13949:11)
      at recursivelyTraverseLayoutEffects (node_modules/react-dom/cjs/react-dom-client.development.js:15159:11)
      at commitLayoutEffectOnFiber (node_modules/react-dom/cjs/react-dom-client.development.js:13949:11)
      at recursivelyTraverseLayoutEffects (node_modules/react-dom/cjs/react-dom-client.development.js:15159:11)
      at commitLayoutEffectOnFiber (node_modules/react-dom/cjs/react-dom-client.development.js:13949:11)
      at recursivelyTraverseLayoutEffects (node_modules/react-dom/cjs/react-dom-client.development.js:15159:11)
      at commitLayoutEffectOnFiber (node_modules/react-dom/cjs/react-dom-client.development.js:14065:11)
      at recursivelyTraverseLayoutEffects (node_modules/react-dom/cjs/react-dom-client.development.js:15159:11)
      at commitLayoutEffectOnFiber (node_modules/react-dom/cjs/react-dom-client.development.js:14065:11)
      at recursivelyTraverseLayoutEffects (node_modules/react-dom/cjs/react-dom-client.development.js:15159:11)
      at commitLayoutEffectOnFiber (node_modules/react-dom/cjs/react-dom-client.development.js:14065:11)
      at recursivelyTraverseLayoutEffects (node_modules/react-dom/cjs/react-dom-client.development.js:15159:11)
      at commitLayoutEffectOnFiber (node_modules/react-dom/cjs/react-dom-client.development.js:13949:11)
      at recursivelyTraverseLayoutEffects (node_modules/react-dom/cjs/react-dom-client.development.js:15159:11)
      at commitLayoutEffectOnFiber (node_modules/react-dom/cjs/react-dom-client.development.js:14165:11)
      at recursivelyTraverseLayoutEffects (node_modules/react-dom/cjs/react-dom-client.development.js:15159:11)
      at commitLayoutEffectOnFiber (node_modules/react-dom/cjs/react-dom-client.development.js:14165:11)
      at recursivelyTraverseLayoutEffects (node_modules/react-dom/cjs/react-dom-client.development.js:15159:11)
      at commitLayoutEffectOnFiber (node_modules/react-dom/cjs/react-dom-client.development.js:13949:11)
      at recursivelyTraverseLayoutEffects (node_modules/react-dom/cjs/react-dom-client.development.js:15159:11)
      at commitLayoutEffectOnFiber (node_modules/react-dom/cjs/react-dom-client.development.js:13949:11)
      at recursivelyTraverseLayoutEffects (node_modules/react-dom/cjs/react-dom-client.development.js:15159:11)
      at commitLayoutEffectOnFiber (node_modules/react-dom/cjs/react-dom-client.development.js:14165:11)
      at recursivelyTraverseLayoutEffects (node_modules/react-dom/cjs/react-dom-client.development.js:15159:11)
      at commitLayoutEffectOnFiber (node_modules/react-dom/cjs/react-dom-client.development.js:13949:11)
      at recursivelyTraverseLayoutEffects (node_modules/react-dom/cjs/react-dom-client.development.js:15159:11)
      at commitLayoutEffectOnFiber (node_modules/react-dom/cjs/react-dom-client.development.js:13949:11)
      at recursivelyTraverseLayoutEffects (node_modules/react-dom/cjs/react-dom-client.development.js:15159:11)
      at commitLayoutEffectOnFiber (node_modules/react-dom/cjs/react-dom-client.development.js:14031:11)
      at flushLayoutEffects (node_modules/react-dom/cjs/react-dom-client.development.js:18138:15)
      at commitRoot (node_modules/react-dom/cjs/react-dom-client.development.js:17954:9)
      at commitRootWhenReady (node_modules/react-dom/cjs/react-dom-client.development.js:16824:7)
      at performWorkOnRoot (node_modules/react-dom/cjs/react-dom-client.development.js:16722:15)
      at performSyncWorkOnRoot (node_modules/react-dom/cjs/react-dom-client.development.js:18972:7)
      at flushSyncWorkAcrossRoots_impl (node_modules/react-dom/cjs/react-dom-client.development.js:18814:21)
      at processRootScheduleInMicrotask (node_modules/react-dom/cjs/react-dom-client.development.js:18853:9)
      at node_modules/react-dom/cjs/react-dom-client.development.js:18991:13
      at invokeTheCallbackFunction (node_modules/jsdom/lib/jsdom/living/generated/Function.js:19:26)
      at node_modules/jsdom/lib/jsdom/browser/Window.js:613:9

    console.error
      An update to SelectItemText inside a test was not wrapped in act(...).
      
      When testing, code that causes React state updates should be wrapped into act(...):
      
      act(() => {
        /* fire events that update state */
      });
      /* assert on the output */
      
      This ensures that you're testing the behavior the user would see in the browser. Learn more at https://react.dev/link/wrap-tests-with-act

      at node_modules/react-dom/cjs/react-dom-client.development.js:18758:19
      at runWithFiberInDEV (node_modules/react-dom/cjs/react-dom-client.development.js:874:13)
      at warnIfUpdatesNotWrappedWithActDEV (node_modules/react-dom/cjs/react-dom-client.development.js:18757:9)
      at scheduleUpdateOnFiber (node_modules/react-dom/cjs/react-dom-client.development.js:16409:11)
      at dispatchSetStateInternal (node_modules/react-dom/cjs/react-dom-client.development.js:9170:13)
      at dispatchSetState (node_modules/react-dom/cjs/react-dom-client.development.js:9127:7)
      at node_modules/@radix-ui/react-select/src/select.tsx:1378:17
      at setRef (node_modules/@radix-ui/react-compose-refs/src/compose-refs.tsx:11:12)
      at node_modules/@radix-ui/react-compose-refs/src/compose-refs.tsx:25:23
          at Array.map (<anonymous>)
      at node_modules/@radix-ui/react-compose-refs/src/compose-refs.tsx:24:27
      at commitAttachRef (node_modules/react-dom/cjs/react-dom-client.development.js:13482:44)
      at runWithFiberInDEV (node_modules/react-dom/cjs/react-dom-client.development.js:874:13)
      at safelyAttachRef (node_modules/react-dom/cjs/react-dom-client.development.js:13500:9)
      at commitLayoutEffectOnFiber (node_modules/react-dom/cjs/react-dom-client.development.js:14089:26)
      at recursivelyTraverseLayoutEffects (node_modules/react-dom/cjs/react-dom-client.development.js:15159:11)
      at commitLayoutEffectOnFiber (node_modules/react-dom/cjs/react-dom-client.development.js:13949:11)
      at recursivelyTraverseLayoutEffects (node_modules/react-dom/cjs/react-dom-client.development.js:15159:11)
      at commitLayoutEffectOnFiber (node_modules/react-dom/cjs/react-dom-client.development.js:13949:11)
      at recursivelyTraverseLayoutEffects (node_modules/react-dom/cjs/react-dom-client.development.js:15159:11)
      at commitLayoutEffectOnFiber (node_modules/react-dom/cjs/react-dom-client.development.js:14065:11)
      at recursivelyTraverseLayoutEffects (node_modules/react-dom/cjs/react-dom-client.development.js:15159:11)
      at commitLayoutEffectOnFiber (node_modules/react-dom/cjs/react-dom-client.development.js:13949:11)
      at recursivelyTraverseLayoutEffects (node_modules/react-dom/cjs/react-dom-client.development.js:15159:11)
      at commitLayoutEffectOnFiber (node_modules/react-dom/cjs/react-dom-client.development.js:13949:11)
      at recursivelyTraverseLayoutEffects (node_modules/react-dom/cjs/react-dom-client.development.js:15159:11)
      at commitLayoutEffectOnFiber (node_modules/react-dom/cjs/react-dom-client.development.js:13949:11)
      at recursivelyTraverseLayoutEffects (node_modules/react-dom/cjs/react-dom-client.development.js:15159:11)
      at commitLayoutEffectOnFiber (node_modules/react-dom/cjs/react-dom-client.development.js:13949:11)
      at recursivelyTraverseLayoutEffects (node_modules/react-dom/cjs/react-dom-client.development.js:15159:11)
      at commitLayoutEffectOnFiber (node_modules/react-dom/cjs/react-dom-client.development.js:14165:11)
      at recursivelyTraverseLayoutEffects (node_modules/react-dom/cjs/react-dom-client.development.js:15159:11)
      at commitLayoutEffectOnFiber (node_modules/react-dom/cjs/react-dom-client.development.js:13949:11)
      at recursivelyTraverseLayoutEffects (node_modules/react-dom/cjs/react-dom-client.development.js:15159:11)
      at commitLayoutEffectOnFiber (node_modules/react-dom/cjs/react-dom-client.development.js:13949:11)
      at recursivelyTraverseLayoutEffects (node_modules/react-dom/cjs/react-dom-client.development.js:15159:11)
      at commitLayoutEffectOnFiber (node_modules/react-dom/cjs/react-dom-client.development.js:13949:11)
      at recursivelyTraverseLayoutEffects (node_modules/react-dom/cjs/react-dom-client.development.js:15159:11)
      at commitLayoutEffectOnFiber (node_modules/react-dom/cjs/react-dom-client.development.js:14065:11)
      at recursivelyTraverseLayoutEffects (node_modules/react-dom/cjs/react-dom-client.development.js:15159:11)
      at commitLayoutEffectOnFiber (node_modules/react-dom/cjs/react-dom-client.development.js:13949:11)
      at recursivelyTraverseLayoutEffects (node_modules/react-dom/cjs/react-dom-client.development.js:15159:11)
      at commitLayoutEffectOnFiber (node_modules/react-dom/cjs/react-dom-client.development.js:13949:11)
      at recursivelyTraverseLayoutEffects (node_modules/react-dom/cjs/react-dom-client.development.js:15159:11)
      at commitLayoutEffectOnFiber (node_modules/react-dom/cjs/react-dom-client.development.js:13949:11)
      at recursivelyTraverseLayoutEffects (node_modules/react-dom/cjs/react-dom-client.development.js:15159:11)
      at commitLayoutEffectOnFiber (node_modules/react-dom/cjs/react-dom-client.development.js:13949:11)
      at recursivelyTraverseLayoutEffects (node_modules/react-dom/cjs/react-dom-client.development.js:15159:11)
      at commitLayoutEffectOnFiber (node_modules/react-dom/cjs/react-dom-client.development.js:13949:11)
      at recursivelyTraverseLayoutEffects (node_modules/react-dom/cjs/react-dom-client.development.js:15159:11)
      at commitLayoutEffectOnFiber (node_modules/react-dom/cjs/react-dom-client.development.js:14065:11)
      at recursivelyTraverseLayoutEffects (node_modules/react-dom/cjs/react-dom-client.development.js:15159:11)
      at commitLayoutEffectOnFiber (node_modules/react-dom/cjs/react-dom-client.development.js:13949:11)
      at recursivelyTraverseLayoutEffects (node_modules/react-dom/cjs/react-dom-client.development.js:15159:11)
      at commitLayoutEffectOnFiber (node_modules/react-dom/cjs/react-dom-client.development.js:13949:11)
      at recursivelyTraverseLayoutEffects (node_modules/react-dom/cjs/react-dom-client.development.js:15159:11)
      at commitLayoutEffectOnFiber (node_modules/react-dom/cjs/react-dom-client.development.js:13949:11)
      at recursivelyTraverseLayoutEffects (node_modules/react-dom/cjs/react-dom-client.development.js:15159:11)
      at commitLayoutEffectOnFiber (node_modules/react-dom/cjs/react-dom-client.development.js:14165:11)
      at recursivelyTraverseLayoutEffects (node_modules/react-dom/cjs/react-dom-client.development.js:15159:11)
      at commitLayoutEffectOnFiber (node_modules/react-dom/cjs/react-dom-client.development.js:13949:11)
      at recursivelyTraverseLayoutEffects (node_modules/react-dom/cjs/react-dom-client.development.js:15159:11)
      at commitLayoutEffectOnFiber (node_modules/react-dom/cjs/react-dom-client.development.js:14165:11)
      at recursivelyTraverseLayoutEffects (node_modules/react-dom/cjs/react-dom-client.development.js:15159:11)
      at commitLayoutEffectOnFiber (node_modules/react-dom/cjs/react-dom-client.development.js:13949:11)
      at recursivelyTraverseLayoutEffects (node_modules/react-dom/cjs/react-dom-client.development.js:15159:11)
      at commitLayoutEffectOnFiber (node_modules/react-dom/cjs/react-dom-client.development.js:13949:11)
      at recursivelyTraverseLayoutEffects (node_modules/react-dom/cjs/react-dom-client.development.js:15159:11)
      at commitLayoutEffectOnFiber (node_modules/react-dom/cjs/react-dom-client.development.js:13949:11)
      at recursivelyTraverseLayoutEffects (node_modules/react-dom/cjs/react-dom-client.development.js:15159:11)
      at commitLayoutEffectOnFiber (node_modules/react-dom/cjs/react-dom-client.development.js:13949:11)
      at recursivelyTraverseLayoutEffects (node_modules/react-dom/cjs/react-dom-client.development.js:15159:11)
      at commitLayoutEffectOnFiber (node_modules/react-dom/cjs/react-dom-client.development.js:14165:11)
      at recursivelyTraverseLayoutEffects (node_modules/react-dom/cjs/react-dom-client.development.js:15159:11)
      at commitLayoutEffectOnFiber (node_modules/react-dom/cjs/react-dom-client.development.js:13949:11)
      at recursivelyTraverseLayoutEffects (node_modules/react-dom/cjs/react-dom-client.development.js:15159:11)
      at commitLayoutEffectOnFiber (node_modules/react-dom/cjs/react-dom-client.development.js:13949:11)
      at recursivelyTraverseLayoutEffects (node_modules/react-dom/cjs/react-dom-client.development.js:15159:11)
      at commitLayoutEffectOnFiber (node_modules/react-dom/cjs/react-dom-client.development.js:13949:11)
      at recursivelyTraverseLayoutEffects (node_modules/react-dom/cjs/react-dom-client.development.js:15159:11)
      at commitLayoutEffectOnFiber (node_modules/react-dom/cjs/react-dom-client.development.js:14165:11)
      at recursivelyTraverseLayoutEffects (node_modules/react-dom/cjs/react-dom-client.development.js:15159:11)
      at commitLayoutEffectOnFiber (node_modules/react-dom/cjs/react-dom-client.development.js:13949:11)
      at recursivelyTraverseLayoutEffects (node_modules/react-dom/cjs/react-dom-client.development.js:15159:11)
      at commitLayoutEffectOnFiber (node_modules/react-dom/cjs/react-dom-client.development.js:14165:11)
      at recursivelyTraverseLayoutEffects (node_modules/react-dom/cjs/react-dom-client.development.js:15159:11)
      at commitLayoutEffectOnFiber (node_modules/react-dom/cjs/react-dom-client.development.js:13949:11)
      at recursivelyTraverseLayoutEffects (node_modules/react-dom/cjs/react-dom-client.development.js:15159:11)
      at commitLayoutEffectOnFiber (node_modules/react-dom/cjs/react-dom-client.development.js:13949:11)
      at recursivelyTraverseLayoutEffects (node_modules/react-dom/cjs/react-dom-client.development.js:15159:11)
      at commitLayoutEffectOnFiber (node_modules/react-dom/cjs/react-dom-client.development.js:14165:11)
      at recursivelyTraverseLayoutEffects (node_modules/react-dom/cjs/react-dom-client.development.js:15159:11)
      at commitLayoutEffectOnFiber (node_modules/react-dom/cjs/react-dom-client.development.js:13949:11)
      at recursivelyTraverseLayoutEffects (node_modules/react-dom/cjs/react-dom-client.development.js:15159:11)
      at commitLayoutEffectOnFiber (node_modules/react-dom/cjs/react-dom-client.development.js:14165:11)
      at recursivelyTraverseLayoutEffects (node_modules/react-dom/cjs/react-dom-client.development.js:15159:11)
      at commitLayoutEffectOnFiber (node_modules/react-dom/cjs/react-dom-client.development.js:13949:11)
      at recursivelyTraverseLayoutEffects (node_modules/react-dom/cjs/react-dom-client.development.js:15159:11)

    console.error
      An update to SelectItemText inside a test was not wrapped in act(...).
      
      When testing, code that causes React state updates should be wrapped into act(...):
      
      act(() => {
        /* fire events that update state */
      });
      /* assert on the output */
      
      This ensures that you're testing the behavior the user would see in the browser. Learn more at https://react.dev/link/wrap-tests-with-act

      at node_modules/react-dom/cjs/react-dom-client.development.js:18758:19
      at runWithFiberInDEV (node_modules/react-dom/cjs/react-dom-client.development.js:874:13)
      at warnIfUpdatesNotWrappedWithActDEV (node_modules/react-dom/cjs/react-dom-client.development.js:18757:9)
      at scheduleUpdateOnFiber (node_modules/react-dom/cjs/react-dom-client.development.js:16409:11)
      at dispatchSetStateInternal (node_modules/react-dom/cjs/react-dom-client.development.js:9170:13)
      at dispatchSetState (node_modules/react-dom/cjs/react-dom-client.development.js:9127:7)
      at node_modules/@radix-ui/react-select/src/select.tsx:1378:17
      at setRef (node_modules/@radix-ui/react-compose-refs/src/compose-refs.tsx:11:12)
      at node_modules/@radix-ui/react-compose-refs/src/compose-refs.tsx:25:23
          at Array.map (<anonymous>)
      at node_modules/@radix-ui/react-compose-refs/src/compose-refs.tsx:24:27
      at commitAttachRef (node_modules/react-dom/cjs/react-dom-client.development.js:13482:44)
      at runWithFiberInDEV (node_modules/react-dom/cjs/react-dom-client.development.js:874:13)
      at safelyAttachRef (node_modules/react-dom/cjs/react-dom-client.development.js:13500:9)
      at commitLayoutEffectOnFiber (node_modules/react-dom/cjs/react-dom-client.development.js:14089:26)
      at recursivelyTraverseLayoutEffects (node_modules/react-dom/cjs/react-dom-client.development.js:15159:11)
      at commitLayoutEffectOnFiber (node_modules/react-dom/cjs/react-dom-client.development.js:13949:11)
      at recursivelyTraverseLayoutEffects (node_modules/react-dom/cjs/react-dom-client.development.js:15159:11)
      at commitLayoutEffectOnFiber (node_modules/react-dom/cjs/react-dom-client.development.js:13949:11)
      at recursivelyTraverseLayoutEffects (node_modules/react-dom/cjs/react-dom-client.development.js:15159:11)
      at commitLayoutEffectOnFiber (node_modules/react-dom/cjs/react-dom-client.development.js:14065:11)
      at recursivelyTraverseLayoutEffects (node_modules/react-dom/cjs/react-dom-client.development.js:15159:11)
      at commitLayoutEffectOnFiber (node_modules/react-dom/cjs/react-dom-client.development.js:13949:11)
      at recursivelyTraverseLayoutEffects (node_modules/react-dom/cjs/react-dom-client.development.js:15159:11)
      at commitLayoutEffectOnFiber (node_modules/react-dom/cjs/react-dom-client.development.js:13949:11)
      at recursivelyTraverseLayoutEffects (node_modules/react-dom/cjs/react-dom-client.development.js:15159:11)
      at commitLayoutEffectOnFiber (node_modules/react-dom/cjs/react-dom-client.development.js:13949:11)
      at recursivelyTraverseLayoutEffects (node_modules/react-dom/cjs/react-dom-client.development.js:15159:11)
      at commitLayoutEffectOnFiber (node_modules/react-dom/cjs/react-dom-client.development.js:13949:11)
      at recursivelyTraverseLayoutEffects (node_modules/react-dom/cjs/react-dom-client.development.js:15159:11)
      at commitLayoutEffectOnFiber (node_modules/react-dom/cjs/react-dom-client.development.js:14165:11)
      at recursivelyTraverseLayoutEffects (node_modules/react-dom/cjs/react-dom-client.development.js:15159:11)
      at commitLayoutEffectOnFiber (node_modules/react-dom/cjs/react-dom-client.development.js:13949:11)
      at recursivelyTraverseLayoutEffects (node_modules/react-dom/cjs/react-dom-client.development.js:15159:11)
      at commitLayoutEffectOnFiber (node_modules/react-dom/cjs/react-dom-client.development.js:13949:11)
      at recursivelyTraverseLayoutEffects (node_modules/react-dom/cjs/react-dom-client.development.js:15159:11)
      at commitLayoutEffectOnFiber (node_modules/react-dom/cjs/react-dom-client.development.js:13949:11)
      at recursivelyTraverseLayoutEffects (node_modules/react-dom/cjs/react-dom-client.development.js:15159:11)
      at commitLayoutEffectOnFiber (node_modules/react-dom/cjs/react-dom-client.development.js:14065:11)
      at recursivelyTraverseLayoutEffects (node_modules/react-dom/cjs/react-dom-client.development.js:15159:11)
      at commitLayoutEffectOnFiber (node_modules/react-dom/cjs/react-dom-client.development.js:13949:11)
      at recursivelyTraverseLayoutEffects (node_modules/react-dom/cjs/react-dom-client.development.js:15159:11)
      at commitLayoutEffectOnFiber (node_modules/react-dom/cjs/react-dom-client.development.js:13949:11)
      at recursivelyTraverseLayoutEffects (node_modules/react-dom/cjs/react-dom-client.development.js:15159:11)
      at commitLayoutEffectOnFiber (node_modules/react-dom/cjs/react-dom-client.development.js:13949:11)
      at recursivelyTraverseLayoutEffects (node_modules/react-dom/cjs/react-dom-client.development.js:15159:11)
      at commitLayoutEffectOnFiber (node_modules/react-dom/cjs/react-dom-client.development.js:13949:11)
      at recursivelyTraverseLayoutEffects (node_modules/react-dom/cjs/react-dom-client.development.js:15159:11)
      at commitLayoutEffectOnFiber (node_modules/react-dom/cjs/react-dom-client.development.js:13949:11)
      at recursivelyTraverseLayoutEffects (node_modules/react-dom/cjs/react-dom-client.development.js:15159:11)
      at commitLayoutEffectOnFiber (node_modules/react-dom/cjs/react-dom-client.development.js:14065:11)
      at recursivelyTraverseLayoutEffects (node_modules/react-dom/cjs/react-dom-client.development.js:15159:11)
      at commitLayoutEffectOnFiber (node_modules/react-dom/cjs/react-dom-client.development.js:13949:11)
      at recursivelyTraverseLayoutEffects (node_modules/react-dom/cjs/react-dom-client.development.js:15159:11)
      at commitLayoutEffectOnFiber (node_modules/react-dom/cjs/react-dom-client.development.js:13949:11)
      at recursivelyTraverseLayoutEffects (node_modules/react-dom/cjs/react-dom-client.development.js:15159:11)
      at commitLayoutEffectOnFiber (node_modules/react-dom/cjs/react-dom-client.development.js:13949:11)
      at recursivelyTraverseLayoutEffects (node_modules/react-dom/cjs/react-dom-client.development.js:15159:11)
      at commitLayoutEffectOnFiber (node_modules/react-dom/cjs/react-dom-client.development.js:14165:11)
      at recursivelyTraverseLayoutEffects (node_modules/react-dom/cjs/react-dom-client.development.js:15159:11)
      at commitLayoutEffectOnFiber (node_modules/react-dom/cjs/react-dom-client.development.js:13949:11)
      at recursivelyTraverseLayoutEffects (node_modules/react-dom/cjs/react-dom-client.development.js:15159:11)
      at commitLayoutEffectOnFiber (node_modules/react-dom/cjs/react-dom-client.development.js:14165:11)
      at recursivelyTraverseLayoutEffects (node_modules/react-dom/cjs/react-dom-client.development.js:15159:11)
      at commitLayoutEffectOnFiber (node_modules/react-dom/cjs/react-dom-client.development.js:13949:11)
      at recursivelyTraverseLayoutEffects (node_modules/react-dom/cjs/react-dom-client.development.js:15159:11)
      at commitLayoutEffectOnFiber (node_modules/react-dom/cjs/react-dom-client.development.js:13949:11)
      at recursivelyTraverseLayoutEffects (node_modules/react-dom/cjs/react-dom-client.development.js:15159:11)
      at commitLayoutEffectOnFiber (node_modules/react-dom/cjs/react-dom-client.development.js:13949:11)
      at recursivelyTraverseLayoutEffects (node_modules/react-dom/cjs/react-dom-client.development.js:15159:11)
      at commitLayoutEffectOnFiber (node_modules/react-dom/cjs/react-dom-client.development.js:13949:11)
      at recursivelyTraverseLayoutEffects (node_modules/react-dom/cjs/react-dom-client.development.js:15159:11)
      at commitLayoutEffectOnFiber (node_modules/react-dom/cjs/react-dom-client.development.js:14165:11)
      at recursivelyTraverseLayoutEffects (node_modules/react-dom/cjs/react-dom-client.development.js:15159:11)
      at commitLayoutEffectOnFiber (node_modules/react-dom/cjs/react-dom-client.development.js:13949:11)
      at recursivelyTraverseLayoutEffects (node_modules/react-dom/cjs/react-dom-client.development.js:15159:11)
      at commitLayoutEffectOnFiber (node_modules/react-dom/cjs/react-dom-client.development.js:13949:11)
      at recursivelyTraverseLayoutEffects (node_modules/react-dom/cjs/react-dom-client.development.js:15159:11)
      at commitLayoutEffectOnFiber (node_modules/react-dom/cjs/react-dom-client.development.js:13949:11)
      at recursivelyTraverseLayoutEffects (node_modules/react-dom/cjs/react-dom-client.development.js:15159:11)
      at commitLayoutEffectOnFiber (node_modules/react-dom/cjs/react-dom-client.development.js:14165:11)
      at recursivelyTraverseLayoutEffects (node_modules/react-dom/cjs/react-dom-client.development.js:15159:11)
      at commitLayoutEffectOnFiber (node_modules/react-dom/cjs/react-dom-client.development.js:13949:11)
      at recursivelyTraverseLayoutEffects (node_modules/react-dom/cjs/react-dom-client.development.js:15159:11)
      at commitLayoutEffectOnFiber (node_modules/react-dom/cjs/react-dom-client.development.js:14165:11)
      at recursivelyTraverseLayoutEffects (node_modules/react-dom/cjs/react-dom-client.development.js:15159:11)
      at commitLayoutEffectOnFiber (node_modules/react-dom/cjs/react-dom-client.development.js:13949:11)
      at recursivelyTraverseLayoutEffects (node_modules/react-dom/cjs/react-dom-client.development.js:15159:11)
      at commitLayoutEffectOnFiber (node_modules/react-dom/cjs/react-dom-client.development.js:13949:11)
      at recursivelyTraverseLayoutEffects (node_modules/react-dom/cjs/react-dom-client.development.js:15159:11)
      at commitLayoutEffectOnFiber (node_modules/react-dom/cjs/react-dom-client.development.js:14165:11)
      at recursivelyTraverseLayoutEffects (node_modules/react-dom/cjs/react-dom-client.development.js:15159:11)
      at commitLayoutEffectOnFiber (node_modules/react-dom/cjs/react-dom-client.development.js:13949:11)
      at recursivelyTraverseLayoutEffects (node_modules/react-dom/cjs/react-dom-client.development.js:15159:11)
      at commitLayoutEffectOnFiber (node_modules/react-dom/cjs/react-dom-client.development.js:14165:11)
      at recursivelyTraverseLayoutEffects (node_modules/react-dom/cjs/react-dom-client.development.js:15159:11)
      at commitLayoutEffectOnFiber (node_modules/react-dom/cjs/react-dom-client.development.js:13949:11)
      at recursivelyTraverseLayoutEffects (node_modules/react-dom/cjs/react-dom-client.development.js:15159:11)

    console.error
      An update to Select inside a test was not wrapped in act(...).
      
      When testing, code that causes React state updates should be wrapped into act(...):
      
      act(() => {
        /* fire events that update state */
      });
      /* assert on the output */
      
      This ensures that you're testing the behavior the user would see in the browser. Learn more at https://react.dev/link/wrap-tests-with-act

      at node_modules/react-dom/cjs/react-dom-client.development.js:18758:19
      at runWithFiberInDEV (node_modules/react-dom/cjs/react-dom-client.development.js:874:13)
      at warnIfUpdatesNotWrappedWithActDEV (node_modules/react-dom/cjs/react-dom-client.development.js:18757:9)
      at scheduleUpdateOnFiber (node_modules/react-dom/cjs/react-dom-client.development.js:16409:11)
      at dispatchSetStateInternal (node_modules/react-dom/cjs/react-dom-client.development.js:9170:13)
      at dispatchSetState (node_modules/react-dom/cjs/react-dom-client.development.js:9127:7)
      at setRef (node_modules/@radix-ui/react-compose-refs/src/compose-refs.tsx:11:12)
      at node_modules/@radix-ui/react-compose-refs/src/compose-refs.tsx:25:23
          at Array.map (<anonymous>)
      at node_modules/@radix-ui/react-compose-refs/src/compose-refs.tsx:24:27
      at setRef (node_modules/@radix-ui/react-compose-refs/src/compose-refs.tsx:11:12)
      at node_modules/@radix-ui/react-compose-refs/src/compose-refs.tsx:25:23
          at Array.map (<anonymous>)
      at node_modules/@radix-ui/react-compose-refs/src/compose-refs.tsx:24:27
      at commitAttachRef (node_modules/react-dom/cjs/react-dom-client.development.js:13482:44)
      at runWithFiberInDEV (node_modules/react-dom/cjs/react-dom-client.development.js:874:13)
      at safelyAttachRef (node_modules/react-dom/cjs/react-dom-client.development.js:13500:9)
      at commitLayoutEffectOnFiber (node_modules/react-dom/cjs/react-dom-client.development.js:14089:26)
      at recursivelyTraverseLayoutEffects (node_modules/react-dom/cjs/react-dom-client.development.js:15159:11)
      at commitLayoutEffectOnFiber (node_modules/react-dom/cjs/react-dom-client.development.js:13949:11)
      at recursivelyTraverseLayoutEffects (node_modules/react-dom/cjs/react-dom-client.development.js:15159:11)
      at commitLayoutEffectOnFiber (node_modules/react-dom/cjs/react-dom-client.development.js:13949:11)
      at recursivelyTraverseLayoutEffects (node_modules/react-dom/cjs/react-dom-client.development.js:15159:11)
      at commitLayoutEffectOnFiber (node_modules/react-dom/cjs/react-dom-client.development.js:13949:11)
      at recursivelyTraverseLayoutEffects (node_modules/react-dom/cjs/react-dom-client.development.js:15159:11)
      at commitLayoutEffectOnFiber (node_modules/react-dom/cjs/react-dom-client.development.js:13949:11)
      at recursivelyTraverseLayoutEffects (node_modules/react-dom/cjs/react-dom-client.development.js:15159:11)
      at commitLayoutEffectOnFiber (node_modules/react-dom/cjs/react-dom-client.development.js:13949:11)
      at recursivelyTraverseLayoutEffects (node_modules/react-dom/cjs/react-dom-client.development.js:15159:11)
      at commitLayoutEffectOnFiber (node_modules/react-dom/cjs/react-dom-client.development.js:13949:11)
      at recursivelyTraverseLayoutEffects (node_modules/react-dom/cjs/react-dom-client.development.js:15159:11)
      at commitLayoutEffectOnFiber (node_modules/react-dom/cjs/react-dom-client.development.js:13949:11)
      at recursivelyTraverseLayoutEffects (node_modules/react-dom/cjs/react-dom-client.development.js:15159:11)
      at commitLayoutEffectOnFiber (node_modules/react-dom/cjs/react-dom-client.development.js:14165:11)
      at recursivelyTraverseLayoutEffects (node_modules/react-dom/cjs/react-dom-client.development.js:15159:11)
      at commitLayoutEffectOnFiber (node_modules/react-dom/cjs/react-dom-client.development.js:13949:11)
      at recursivelyTraverseLayoutEffects (node_modules/react-dom/cjs/react-dom-client.development.js:15159:11)
      at commitLayoutEffectOnFiber (node_modules/react-dom/cjs/react-dom-client.development.js:14165:11)
      at recursivelyTraverseLayoutEffects (node_modules/react-dom/cjs/react-dom-client.development.js:15159:11)
      at commitLayoutEffectOnFiber (node_modules/react-dom/cjs/react-dom-client.development.js:13949:11)
      at recursivelyTraverseLayoutEffects (node_modules/react-dom/cjs/react-dom-client.development.js:15159:11)
      at commitLayoutEffectOnFiber (node_modules/react-dom/cjs/react-dom-client.development.js:13949:11)
      at recursivelyTraverseLayoutEffects (node_modules/react-dom/cjs/react-dom-client.development.js:15159:11)
      at commitLayoutEffectOnFiber (node_modules/react-dom/cjs/react-dom-client.development.js:14165:11)
      at recursivelyTraverseLayoutEffects (node_modules/react-dom/cjs/react-dom-client.development.js:15159:11)
      at commitLayoutEffectOnFiber (node_modules/react-dom/cjs/react-dom-client.development.js:13949:11)
      at recursivelyTraverseLayoutEffects (node_modules/react-dom/cjs/react-dom-client.development.js:15159:11)
      at commitLayoutEffectOnFiber (node_modules/react-dom/cjs/react-dom-client.development.js:14165:11)
      at recursivelyTraverseLayoutEffects (node_modules/react-dom/cjs/react-dom-client.development.js:15159:11)
      at commitLayoutEffectOnFiber (node_modules/react-dom/cjs/react-dom-client.development.js:13949:11)
      at recursivelyTraverseLayoutEffects (node_modules/react-dom/cjs/react-dom-client.development.js:15159:11)
      at commitLayoutEffectOnFiber (node_modules/react-dom/cjs/react-dom-client.development.js:13949:11)
      at recursivelyTraverseLayoutEffects (node_modules/react-dom/cjs/react-dom-client.development.js:15159:11)
      at commitLayoutEffectOnFiber (node_modules/react-dom/cjs/react-dom-client.development.js:13949:11)
      at recursivelyTraverseLayoutEffects (node_modules/react-dom/cjs/react-dom-client.development.js:15159:11)
      at commitLayoutEffectOnFiber (node_modules/react-dom/cjs/react-dom-client.development.js:14065:11)
      at recursivelyTraverseLayoutEffects (node_modules/react-dom/cjs/react-dom-client.development.js:15159:11)
      at commitLayoutEffectOnFiber (node_modules/react-dom/cjs/react-dom-client.development.js:14065:11)
      at recursivelyTraverseLayoutEffects (node_modules/react-dom/cjs/react-dom-client.development.js:15159:11)
      at commitLayoutEffectOnFiber (node_modules/react-dom/cjs/react-dom-client.development.js:14065:11)
      at recursivelyTraverseLayoutEffects (node_modules/react-dom/cjs/react-dom-client.development.js:15159:11)
      at commitLayoutEffectOnFiber (node_modules/react-dom/cjs/react-dom-client.development.js:13949:11)
      at recursivelyTraverseLayoutEffects (node_modules/react-dom/cjs/react-dom-client.development.js:15159:11)
      at commitLayoutEffectOnFiber (node_modules/react-dom/cjs/react-dom-client.development.js:14165:11)
      at recursivelyTraverseLayoutEffects (node_modules/react-dom/cjs/react-dom-client.development.js:15159:11)
      at commitLayoutEffectOnFiber (node_modules/react-dom/cjs/react-dom-client.development.js:14165:11)
      at recursivelyTraverseLayoutEffects (node_modules/react-dom/cjs/react-dom-client.development.js:15159:11)
      at commitLayoutEffectOnFiber (node_modules/react-dom/cjs/react-dom-client.development.js:13949:11)
      at recursivelyTraverseLayoutEffects (node_modules/react-dom/cjs/react-dom-client.development.js:15159:11)
      at commitLayoutEffectOnFiber (node_modules/react-dom/cjs/react-dom-client.development.js:13949:11)
      at recursivelyTraverseLayoutEffects (node_modules/react-dom/cjs/react-dom-client.development.js:15159:11)
      at commitLayoutEffectOnFiber (node_modules/react-dom/cjs/react-dom-client.development.js:14165:11)
      at recursivelyTraverseLayoutEffects (node_modules/react-dom/cjs/react-dom-client.development.js:15159:11)
      at commitLayoutEffectOnFiber (node_modules/react-dom/cjs/react-dom-client.development.js:13949:11)
      at recursivelyTraverseLayoutEffects (node_modules/react-dom/cjs/react-dom-client.development.js:15159:11)
      at commitLayoutEffectOnFiber (node_modules/react-dom/cjs/react-dom-client.development.js:13949:11)
      at recursivelyTraverseLayoutEffects (node_modules/react-dom/cjs/react-dom-client.development.js:15159:11)
      at commitLayoutEffectOnFiber (node_modules/react-dom/cjs/react-dom-client.development.js:14031:11)
      at flushLayoutEffects (node_modules/react-dom/cjs/react-dom-client.development.js:18138:15)
      at commitRoot (node_modules/react-dom/cjs/react-dom-client.development.js:17954:9)
      at commitRootWhenReady (node_modules/react-dom/cjs/react-dom-client.development.js:16824:7)
      at performWorkOnRoot (node_modules/react-dom/cjs/react-dom-client.development.js:16722:15)
      at performSyncWorkOnRoot (node_modules/react-dom/cjs/react-dom-client.development.js:18972:7)
      at flushSyncWorkAcrossRoots_impl (node_modules/react-dom/cjs/react-dom-client.development.js:18814:21)
      at processRootScheduleInMicrotask (node_modules/react-dom/cjs/react-dom-client.development.js:18853:9)
      at node_modules/react-dom/cjs/react-dom-client.development.js:18991:13
      at invokeTheCallbackFunction (node_modules/jsdom/lib/jsdom/living/generated/Function.js:19:26)
      at node_modules/jsdom/lib/jsdom/browser/Window.js:613:9

    console.error
      An update to SelectItemText inside a test was not wrapped in act(...).
      
      When testing, code that causes React state updates should be wrapped into act(...):
      
      act(() => {
        /* fire events that update state */
      });
      /* assert on the output */
      
      This ensures that you're testing the behavior the user would see in the browser. Learn more at https://react.dev/link/wrap-tests-with-act

      at node_modules/react-dom/cjs/react-dom-client.development.js:18758:19
      at runWithFiberInDEV (node_modules/react-dom/cjs/react-dom-client.development.js:874:13)
      at warnIfUpdatesNotWrappedWithActDEV (node_modules/react-dom/cjs/react-dom-client.development.js:18757:9)
      at scheduleUpdateOnFiber (node_modules/react-dom/cjs/react-dom-client.development.js:16409:11)
      at dispatchSetStateInternal (node_modules/react-dom/cjs/react-dom-client.development.js:9170:13)
      at dispatchSetState (node_modules/react-dom/cjs/react-dom-client.development.js:9127:7)
      at node_modules/@radix-ui/react-select/src/select.tsx:1378:17
      at setRef (node_modules/@radix-ui/react-compose-refs/src/compose-refs.tsx:11:12)
      at node_modules/@radix-ui/react-compose-refs/src/compose-refs.tsx:25:23
          at Array.map (<anonymous>)
      at node_modules/@radix-ui/react-compose-refs/src/compose-refs.tsx:24:27
      at commitAttachRef (node_modules/react-dom/cjs/react-dom-client.development.js:13482:44)
      at runWithFiberInDEV (node_modules/react-dom/cjs/react-dom-client.development.js:874:13)
      at safelyAttachRef (node_modules/react-dom/cjs/react-dom-client.development.js:13500:9)
      at commitLayoutEffectOnFiber (node_modules/react-dom/cjs/react-dom-client.development.js:14089:26)
      at recursivelyTraverseLayoutEffects (node_modules/react-dom/cjs/react-dom-client.development.js:15159:11)
      at commitLayoutEffectOnFiber (node_modules/react-dom/cjs/react-dom-client.development.js:13949:11)
      at recursivelyTraverseLayoutEffects (node_modules/react-dom/cjs/react-dom-client.development.js:15159:11)
      at commitLayoutEffectOnFiber (node_modules/react-dom/cjs/react-dom-client.development.js:13949:11)
      at recursivelyTraverseLayoutEffects (node_modules/react-dom/cjs/react-dom-client.development.js:15159:11)
      at commitLayoutEffectOnFiber (node_modules/react-dom/cjs/react-dom-client.development.js:14065:11)
      at recursivelyTraverseLayoutEffects (node_modules/react-dom/cjs/react-dom-client.development.js:15159:11)
      at commitLayoutEffectOnFiber (node_modules/react-dom/cjs/react-dom-client.development.js:13949:11)
      at recursivelyTraverseLayoutEffects (node_modules/react-dom/cjs/react-dom-client.development.js:15159:11)
      at commitLayoutEffectOnFiber (node_modules/react-dom/cjs/react-dom-client.development.js:13949:11)
      at recursivelyTraverseLayoutEffects (node_modules/react-dom/cjs/react-dom-client.development.js:15159:11)
      at commitLayoutEffectOnFiber (node_modules/react-dom/cjs/react-dom-client.development.js:13949:11)
      at recursivelyTraverseLayoutEffects (node_modules/react-dom/cjs/react-dom-client.development.js:15159:11)
      at commitLayoutEffectOnFiber (node_modules/react-dom/cjs/react-dom-client.development.js:13949:11)
      at recursivelyTraverseLayoutEffects (node_modules/react-dom/cjs/react-dom-client.development.js:15159:11)
      at commitLayoutEffectOnFiber (node_modules/react-dom/cjs/react-dom-client.development.js:14165:11)
      at recursivelyTraverseLayoutEffects (node_modules/react-dom/cjs/react-dom-client.development.js:15159:11)
      at commitLayoutEffectOnFiber (node_modules/react-dom/cjs/react-dom-client.development.js:13949:11)
      at recursivelyTraverseLayoutEffects (node_modules/react-dom/cjs/react-dom-client.development.js:15159:11)
      at commitLayoutEffectOnFiber (node_modules/react-dom/cjs/react-dom-client.development.js:13949:11)
      at recursivelyTraverseLayoutEffects (node_modules/react-dom/cjs/react-dom-client.development.js:15159:11)
      at commitLayoutEffectOnFiber (node_modules/react-dom/cjs/react-dom-client.development.js:13949:11)
      at recursivelyTraverseLayoutEffects (node_modules/react-dom/cjs/react-dom-client.development.js:15159:11)
      at commitLayoutEffectOnFiber (node_modules/react-dom/cjs/react-dom-client.development.js:14065:11)
      at recursivelyTraverseLayoutEffects (node_modules/react-dom/cjs/react-dom-client.development.js:15159:11)
      at commitLayoutEffectOnFiber (node_modules/react-dom/cjs/react-dom-client.development.js:13949:11)
      at recursivelyTraverseLayoutEffects (node_modules/react-dom/cjs/react-dom-client.development.js:15159:11)
      at commitLayoutEffectOnFiber (node_modules/react-dom/cjs/react-dom-client.development.js:13949:11)
      at recursivelyTraverseLayoutEffects (node_modules/react-dom/cjs/react-dom-client.development.js:15159:11)
      at commitLayoutEffectOnFiber (node_modules/react-dom/cjs/react-dom-client.development.js:13949:11)
      at recursivelyTraverseLayoutEffects (node_modules/react-dom/cjs/react-dom-client.development.js:15159:11)
      at commitLayoutEffectOnFiber (node_modules/react-dom/cjs/react-dom-client.development.js:13949:11)
      at recursivelyTraverseLayoutEffects (node_modules/react-dom/cjs/react-dom-client.development.js:15159:11)
      at commitLayoutEffectOnFiber (node_modules/react-dom/cjs/react-dom-client.development.js:13949:11)
      at recursivelyTraverseLayoutEffects (node_modules/react-dom/cjs/react-dom-client.development.js:15159:11)
      at commitLayoutEffectOnFiber (node_modules/react-dom/cjs/react-dom-client.development.js:14065:11)
      at recursivelyTraverseLayoutEffects (node_modules/react-dom/cjs/react-dom-client.development.js:15159:11)
      at commitLayoutEffectOnFiber (node_modules/react-dom/cjs/react-dom-client.development.js:13949:11)
      at recursivelyTraverseLayoutEffects (node_modules/react-dom/cjs/react-dom-client.development.js:15159:11)
      at commitLayoutEffectOnFiber (node_modules/react-dom/cjs/react-dom-client.development.js:13949:11)
      at recursivelyTraverseLayoutEffects (node_modules/react-dom/cjs/react-dom-client.development.js:15159:11)
      at commitLayoutEffectOnFiber (node_modules/react-dom/cjs/react-dom-client.development.js:13949:11)
      at recursivelyTraverseLayoutEffects (node_modules/react-dom/cjs/react-dom-client.development.js:15159:11)
      at commitLayoutEffectOnFiber (node_modules/react-dom/cjs/react-dom-client.development.js:14165:11)
      at recursivelyTraverseLayoutEffects (node_modules/react-dom/cjs/react-dom-client.development.js:15159:11)
      at commitLayoutEffectOnFiber (node_modules/react-dom/cjs/react-dom-client.development.js:13949:11)
      at recursivelyTraverseLayoutEffects (node_modules/react-dom/cjs/react-dom-client.development.js:15159:11)
      at commitLayoutEffectOnFiber (node_modules/react-dom/cjs/react-dom-client.development.js:14165:11)
      at recursivelyTraverseLayoutEffects (node_modules/react-dom/cjs/react-dom-client.development.js:15159:11)
      at commitLayoutEffectOnFiber (node_modules/react-dom/cjs/react-dom-client.development.js:13949:11)
      at recursivelyTraverseLayoutEffects (node_modules/react-dom/cjs/react-dom-client.development.js:15159:11)
      at commitLayoutEffectOnFiber (node_modules/react-dom/cjs/react-dom-client.development.js:13949:11)
      at recursivelyTraverseLayoutEffects (node_modules/react-dom/cjs/react-dom-client.development.js:15159:11)
      at commitLayoutEffectOnFiber (node_modules/react-dom/cjs/react-dom-client.development.js:13949:11)
      at recursivelyTraverseLayoutEffects (node_modules/react-dom/cjs/react-dom-client.development.js:15159:11)
      at commitLayoutEffectOnFiber (node_modules/react-dom/cjs/react-dom-client.development.js:13949:11)
      at recursivelyTraverseLayoutEffects (node_modules/react-dom/cjs/react-dom-client.development.js:15159:11)
      at commitLayoutEffectOnFiber (node_modules/react-dom/cjs/react-dom-client.development.js:14165:11)
      at recursivelyTraverseLayoutEffects (node_modules/react-dom/cjs/react-dom-client.development.js:15159:11)
      at commitLayoutEffectOnFiber (node_modules/react-dom/cjs/react-dom-client.development.js:13949:11)
      at recursivelyTraverseLayoutEffects (node_modules/react-dom/cjs/react-dom-client.development.js:15159:11)
      at commitLayoutEffectOnFiber (node_modules/react-dom/cjs/react-dom-client.development.js:13949:11)
      at recursivelyTraverseLayoutEffects (node_modules/react-dom/cjs/react-dom-client.development.js:15159:11)
      at commitLayoutEffectOnFiber (node_modules/react-dom/cjs/react-dom-client.development.js:13949:11)
      at recursivelyTraverseLayoutEffects (node_modules/react-dom/cjs/react-dom-client.development.js:15159:11)
      at commitLayoutEffectOnFiber (node_modules/react-dom/cjs/react-dom-client.development.js:14165:11)
      at recursivelyTraverseLayoutEffects (node_modules/react-dom/cjs/react-dom-client.development.js:15159:11)
      at commitLayoutEffectOnFiber (node_modules/react-dom/cjs/react-dom-client.development.js:13949:11)
      at recursivelyTraverseLayoutEffects (node_modules/react-dom/cjs/react-dom-client.development.js:15159:11)
      at commitLayoutEffectOnFiber (node_modules/react-dom/cjs/react-dom-client.development.js:14165:11)
      at recursivelyTraverseLayoutEffects (node_modules/react-dom/cjs/react-dom-client.development.js:15159:11)
      at commitLayoutEffectOnFiber (node_modules/react-dom/cjs/react-dom-client.development.js:13949:11)
      at recursivelyTraverseLayoutEffects (node_modules/react-dom/cjs/react-dom-client.development.js:15159:11)
      at commitLayoutEffectOnFiber (node_modules/react-dom/cjs/react-dom-client.development.js:13949:11)
      at recursivelyTraverseLayoutEffects (node_modules/react-dom/cjs/react-dom-client.development.js:15159:11)
      at commitLayoutEffectOnFiber (node_modules/react-dom/cjs/react-dom-client.development.js:14165:11)
      at recursivelyTraverseLayoutEffects (node_modules/react-dom/cjs/react-dom-client.development.js:15159:11)
      at commitLayoutEffectOnFiber (node_modules/react-dom/cjs/react-dom-client.development.js:13949:11)
      at recursivelyTraverseLayoutEffects (node_modules/react-dom/cjs/react-dom-client.development.js:15159:11)
      at commitLayoutEffectOnFiber (node_modules/react-dom/cjs/react-dom-client.development.js:14165:11)
      at recursivelyTraverseLayoutEffects (node_modules/react-dom/cjs/react-dom-client.development.js:15159:11)
      at commitLayoutEffectOnFiber (node_modules/react-dom/cjs/react-dom-client.development.js:13949:11)
      at recursivelyTraverseLayoutEffects (node_modules/react-dom/cjs/react-dom-client.development.js:15159:11)

    console.error
      An update to SelectItemText inside a test was not wrapped in act(...).
      
      When testing, code that causes React state updates should be wrapped into act(...):
      
      act(() => {
        /* fire events that update state */
      });
      /* assert on the output */
      
      This ensures that you're testing the behavior the user would see in the browser. Learn more at https://react.dev/link/wrap-tests-with-act

      at node_modules/react-dom/cjs/react-dom-client.development.js:18758:19
      at runWithFiberInDEV (node_modules/react-dom/cjs/react-dom-client.development.js:874:13)
      at warnIfUpdatesNotWrappedWithActDEV (node_modules/react-dom/cjs/react-dom-client.development.js:18757:9)
      at scheduleUpdateOnFiber (node_modules/react-dom/cjs/react-dom-client.development.js:16409:11)
      at dispatchSetStateInternal (node_modules/react-dom/cjs/react-dom-client.development.js:9170:13)
      at dispatchSetState (node_modules/react-dom/cjs/react-dom-client.development.js:9127:7)
      at node_modules/@radix-ui/react-select/src/select.tsx:1378:17
      at setRef (node_modules/@radix-ui/react-compose-refs/src/compose-refs.tsx:11:12)
      at node_modules/@radix-ui/react-compose-refs/src/compose-refs.tsx:25:23
          at Array.map (<anonymous>)
      at node_modules/@radix-ui/react-compose-refs/src/compose-refs.tsx:24:27
      at commitAttachRef (node_modules/react-dom/cjs/react-dom-client.development.js:13482:44)
      at runWithFiberInDEV (node_modules/react-dom/cjs/react-dom-client.development.js:874:13)
      at safelyAttachRef (node_modules/react-dom/cjs/react-dom-client.development.js:13500:9)
      at commitLayoutEffectOnFiber (node_modules/react-dom/cjs/react-dom-client.development.js:14089:26)
      at recursivelyTraverseLayoutEffects (node_modules/react-dom/cjs/react-dom-client.development.js:15159:11)
      at commitLayoutEffectOnFiber (node_modules/react-dom/cjs/react-dom-client.development.js:13949:11)
      at recursivelyTraverseLayoutEffects (node_modules/react-dom/cjs/react-dom-client.development.js:15159:11)
      at commitLayoutEffectOnFiber (node_modules/react-dom/cjs/react-dom-client.development.js:13949:11)
      at recursivelyTraverseLayoutEffects (node_modules/react-dom/cjs/react-dom-client.development.js:15159:11)
      at commitLayoutEffectOnFiber (node_modules/react-dom/cjs/react-dom-client.development.js:14065:11)
      at recursivelyTraverseLayoutEffects (node_modules/react-dom/cjs/react-dom-client.development.js:15159:11)
      at commitLayoutEffectOnFiber (node_modules/react-dom/cjs/react-dom-client.development.js:13949:11)
      at recursivelyTraverseLayoutEffects (node_modules/react-dom/cjs/react-dom-client.development.js:15159:11)
      at commitLayoutEffectOnFiber (node_modules/react-dom/cjs/react-dom-client.development.js:13949:11)
      at recursivelyTraverseLayoutEffects (node_modules/react-dom/cjs/react-dom-client.development.js:15159:11)
      at commitLayoutEffectOnFiber (node_modules/react-dom/cjs/react-dom-client.development.js:13949:11)
      at recursivelyTraverseLayoutEffects (node_modules/react-dom/cjs/react-dom-client.development.js:15159:11)
      at commitLayoutEffectOnFiber (node_modules/react-dom/cjs/react-dom-client.development.js:13949:11)
      at recursivelyTraverseLayoutEffects (node_modules/react-dom/cjs/react-dom-client.development.js:15159:11)
      at commitLayoutEffectOnFiber (node_modules/react-dom/cjs/react-dom-client.development.js:14165:11)
      at recursivelyTraverseLayoutEffects (node_modules/react-dom/cjs/react-dom-client.development.js:15159:11)
      at commitLayoutEffectOnFiber (node_modules/react-dom/cjs/react-dom-client.development.js:13949:11)
      at recursivelyTraverseLayoutEffects (node_modules/react-dom/cjs/react-dom-client.development.js:15159:11)
      at commitLayoutEffectOnFiber (node_modules/react-dom/cjs/react-dom-client.development.js:13949:11)
      at recursivelyTraverseLayoutEffects (node_modules/react-dom/cjs/react-dom-client.development.js:15159:11)
      at commitLayoutEffectOnFiber (node_modules/react-dom/cjs/react-dom-client.development.js:13949:11)
      at recursivelyTraverseLayoutEffects (node_modules/react-dom/cjs/react-dom-client.development.js:15159:11)
      at commitLayoutEffectOnFiber (node_modules/react-dom/cjs/react-dom-client.development.js:14065:11)
      at recursivelyTraverseLayoutEffects (node_modules/react-dom/cjs/react-dom-client.development.js:15159:11)
      at commitLayoutEffectOnFiber (node_modules/react-dom/cjs/react-dom-client.development.js:13949:11)
      at recursivelyTraverseLayoutEffects (node_modules/react-dom/cjs/react-dom-client.development.js:15159:11)
      at commitLayoutEffectOnFiber (node_modules/react-dom/cjs/react-dom-client.development.js:13949:11)
      at recursivelyTraverseLayoutEffects (node_modules/react-dom/cjs/react-dom-client.development.js:15159:11)
      at commitLayoutEffectOnFiber (node_modules/react-dom/cjs/react-dom-client.development.js:13949:11)
      at recursivelyTraverseLayoutEffects (node_modules/react-dom/cjs/react-dom-client.development.js:15159:11)
      at commitLayoutEffectOnFiber (node_modules/react-dom/cjs/react-dom-client.development.js:13949:11)
      at recursivelyTraverseLayoutEffects (node_modules/react-dom/cjs/react-dom-client.development.js:15159:11)
      at commitLayoutEffectOnFiber (node_modules/react-dom/cjs/react-dom-client.development.js:13949:11)
      at recursivelyTraverseLayoutEffects (node_modules/react-dom/cjs/react-dom-client.development.js:15159:11)
      at commitLayoutEffectOnFiber (node_modules/react-dom/cjs/react-dom-client.development.js:14065:11)
      at recursivelyTraverseLayoutEffects (node_modules/react-dom/cjs/react-dom-client.development.js:15159:11)
      at commitLayoutEffectOnFiber (node_modules/react-dom/cjs/react-dom-client.development.js:13949:11)
      at recursivelyTraverseLayoutEffects (node_modules/react-dom/cjs/react-dom-client.development.js:15159:11)
      at commitLayoutEffectOnFiber (node_modules/react-dom/cjs/react-dom-client.development.js:13949:11)
      at recursivelyTraverseLayoutEffects (node_modules/react-dom/cjs/react-dom-client.development.js:15159:11)
      at commitLayoutEffectOnFiber (node_modules/react-dom/cjs/react-dom-client.development.js:13949:11)
      at recursivelyTraverseLayoutEffects (node_modules/react-dom/cjs/react-dom-client.development.js:15159:11)
      at commitLayoutEffectOnFiber (node_modules/react-dom/cjs/react-dom-client.development.js:14165:11)
      at recursivelyTraverseLayoutEffects (node_modules/react-dom/cjs/react-dom-client.development.js:15159:11)
      at commitLayoutEffectOnFiber (node_modules/react-dom/cjs/react-dom-client.development.js:13949:11)
      at recursivelyTraverseLayoutEffects (node_modules/react-dom/cjs/react-dom-client.development.js:15159:11)
      at commitLayoutEffectOnFiber (node_modules/react-dom/cjs/react-dom-client.development.js:14165:11)
      at recursivelyTraverseLayoutEffects (node_modules/react-dom/cjs/react-dom-client.development.js:15159:11)
      at commitLayoutEffectOnFiber (node_modules/react-dom/cjs/react-dom-client.development.js:13949:11)
      at recursivelyTraverseLayoutEffects (node_modules/react-dom/cjs/react-dom-client.development.js:15159:11)
      at commitLayoutEffectOnFiber (node_modules/react-dom/cjs/react-dom-client.development.js:13949:11)
      at recursivelyTraverseLayoutEffects (node_modules/react-dom/cjs/react-dom-client.development.js:15159:11)
      at commitLayoutEffectOnFiber (node_modules/react-dom/cjs/react-dom-client.development.js:13949:11)
      at recursivelyTraverseLayoutEffects (node_modules/react-dom/cjs/react-dom-client.development.js:15159:11)
      at commitLayoutEffectOnFiber (node_modules/react-dom/cjs/react-dom-client.development.js:13949:11)
      at recursivelyTraverseLayoutEffects (node_modules/react-dom/cjs/react-dom-client.development.js:15159:11)
      at commitLayoutEffectOnFiber (node_modules/react-dom/cjs/react-dom-client.development.js:14165:11)
      at recursivelyTraverseLayoutEffects (node_modules/react-dom/cjs/react-dom-client.development.js:15159:11)
      at commitLayoutEffectOnFiber (node_modules/react-dom/cjs/react-dom-client.development.js:13949:11)
      at recursivelyTraverseLayoutEffects (node_modules/react-dom/cjs/react-dom-client.development.js:15159:11)
      at commitLayoutEffectOnFiber (node_modules/react-dom/cjs/react-dom-client.development.js:13949:11)
      at recursivelyTraverseLayoutEffects (node_modules/react-dom/cjs/react-dom-client.development.js:15159:11)
      at commitLayoutEffectOnFiber (node_modules/react-dom/cjs/react-dom-client.development.js:13949:11)
      at recursivelyTraverseLayoutEffects (node_modules/react-dom/cjs/react-dom-client.development.js:15159:11)
      at commitLayoutEffectOnFiber (node_modules/react-dom/cjs/react-dom-client.development.js:14165:11)
      at recursivelyTraverseLayoutEffects (node_modules/react-dom/cjs/react-dom-client.development.js:15159:11)
      at commitLayoutEffectOnFiber (node_modules/react-dom/cjs/react-dom-client.development.js:13949:11)
      at recursivelyTraverseLayoutEffects (node_modules/react-dom/cjs/react-dom-client.development.js:15159:11)
      at commitLayoutEffectOnFiber (node_modules/react-dom/cjs/react-dom-client.development.js:14165:11)
      at recursivelyTraverseLayoutEffects (node_modules/react-dom/cjs/react-dom-client.development.js:15159:11)
      at commitLayoutEffectOnFiber (node_modules/react-dom/cjs/react-dom-client.development.js:13949:11)
      at recursivelyTraverseLayoutEffects (node_modules/react-dom/cjs/react-dom-client.development.js:15159:11)
      at commitLayoutEffectOnFiber (node_modules/react-dom/cjs/react-dom-client.development.js:13949:11)
      at recursivelyTraverseLayoutEffects (node_modules/react-dom/cjs/react-dom-client.development.js:15159:11)
      at commitLayoutEffectOnFiber (node_modules/react-dom/cjs/react-dom-client.development.js:14165:11)
      at recursivelyTraverseLayoutEffects (node_modules/react-dom/cjs/react-dom-client.development.js:15159:11)
      at commitLayoutEffectOnFiber (node_modules/react-dom/cjs/react-dom-client.development.js:13949:11)
      at recursivelyTraverseLayoutEffects (node_modules/react-dom/cjs/react-dom-client.development.js:15159:11)
      at commitLayoutEffectOnFiber (node_modules/react-dom/cjs/react-dom-client.development.js:14165:11)
      at recursivelyTraverseLayoutEffects (node_modules/react-dom/cjs/react-dom-client.development.js:15159:11)
      at commitLayoutEffectOnFiber (node_modules/react-dom/cjs/react-dom-client.development.js:13949:11)
      at recursivelyTraverseLayoutEffects (node_modules/react-dom/cjs/react-dom-client.development.js:15159:11)

    console.error
      An update to Presence inside a test was not wrapped in act(...).
      
      When testing, code that causes React state updates should be wrapped into act(...):
      
      act(() => {
        /* fire events that update state */
      });
      /* assert on the output */
      
      This ensures that you're testing the behavior the user would see in the browser. Learn more at https://react.dev/link/wrap-tests-with-act

      at node_modules/react-dom/cjs/react-dom-client.development.js:18758:19
      at runWithFiberInDEV (node_modules/react-dom/cjs/react-dom-client.development.js:874:13)
      at warnIfUpdatesNotWrappedWithActDEV (node_modules/react-dom/cjs/react-dom-client.development.js:18757:9)
      at scheduleUpdateOnFiber (node_modules/react-dom/cjs/react-dom-client.development.js:16409:11)
      at dispatchReducerAction (node_modules/react-dom/cjs/react-dom-client.development.js:9117:13)
      at node_modules/@radix-ui/react-presence/src/presence.tsx:151:7
      at Object.react_stack_bottom_frame (node_modules/react-dom/cjs/react-dom-client.development.js:25989:20)
      at runWithFiberInDEV (node_modules/react-dom/cjs/react-dom-client.development.js:874:13)
      at commitHookEffectListMount (node_modules/react-dom/cjs/react-dom-client.development.js:13249:29)
      at commitHookLayoutEffects (node_modules/react-dom/cjs/react-dom-client.development.js:13213:11)
      at commitLayoutEffectOnFiber (node_modules/react-dom/cjs/react-dom-client.development.js:13951:13)
      at recursivelyTraverseLayoutEffects (node_modules/react-dom/cjs/react-dom-client.development.js:15159:11)
      at commitLayoutEffectOnFiber (node_modules/react-dom/cjs/react-dom-client.development.js:13949:11)
      at recursivelyTraverseLayoutEffects (node_modules/react-dom/cjs/react-dom-client.development.js:15159:11)
      at commitLayoutEffectOnFiber (node_modules/react-dom/cjs/react-dom-client.development.js:14065:11)
      at recursivelyTraverseLayoutEffects (node_modules/react-dom/cjs/react-dom-client.development.js:15159:11)
      at commitLayoutEffectOnFiber (node_modules/react-dom/cjs/react-dom-client.development.js:13949:11)
      at recursivelyTraverseLayoutEffects (node_modules/react-dom/cjs/react-dom-client.development.js:15159:11)
      at commitLayoutEffectOnFiber (node_modules/react-dom/cjs/react-dom-client.development.js:13949:11)
      at recursivelyTraverseLayoutEffects (node_modules/react-dom/cjs/react-dom-client.development.js:15159:11)
      at commitLayoutEffectOnFiber (node_modules/react-dom/cjs/react-dom-client.development.js:14165:11)
      at recursivelyTraverseLayoutEffects (node_modules/react-dom/cjs/react-dom-client.development.js:15159:11)
      at commitLayoutEffectOnFiber (node_modules/react-dom/cjs/react-dom-client.development.js:13949:11)
      at recursivelyTraverseLayoutEffects (node_modules/react-dom/cjs/react-dom-client.development.js:15159:11)
      at commitLayoutEffectOnFiber (node_modules/react-dom/cjs/react-dom-client.development.js:13949:11)
      at recursivelyTraverseLayoutEffects (node_modules/react-dom/cjs/react-dom-client.development.js:15159:11)
      at commitLayoutEffectOnFiber (node_modules/react-dom/cjs/react-dom-client.development.js:13949:11)
      at recursivelyTraverseLayoutEffects (node_modules/react-dom/cjs/react-dom-client.development.js:15159:11)
      at commitLayoutEffectOnFiber (node_modules/react-dom/cjs/react-dom-client.development.js:13949:11)
      at recursivelyTraverseLayoutEffects (node_modules/react-dom/cjs/react-dom-client.development.js:15159:11)
      at commitLayoutEffectOnFiber (node_modules/react-dom/cjs/react-dom-client.development.js:14065:11)
      at recursivelyTraverseLayoutEffects (node_modules/react-dom/cjs/react-dom-client.development.js:15159:11)
      at commitLayoutEffectOnFiber (node_modules/react-dom/cjs/react-dom-client.development.js:14065:11)
      at recursivelyTraverseLayoutEffects (node_modules/react-dom/cjs/react-dom-client.development.js:15159:11)
      at commitLayoutEffectOnFiber (node_modules/react-dom/cjs/react-dom-client.development.js:14165:11)
      at recursivelyTraverseLayoutEffects (node_modules/react-dom/cjs/react-dom-client.development.js:15159:11)
      at commitLayoutEffectOnFiber (node_modules/react-dom/cjs/react-dom-client.development.js:14065:11)
      at recursivelyTraverseLayoutEffects (node_modules/react-dom/cjs/react-dom-client.development.js:15159:11)
      at commitLayoutEffectOnFiber (node_modules/react-dom/cjs/react-dom-client.development.js:14065:11)
      at recursivelyTraverseLayoutEffects (node_modules/react-dom/cjs/react-dom-client.development.js:15159:11)
      at commitLayoutEffectOnFiber (node_modules/react-dom/cjs/react-dom-client.development.js:14065:11)
      at recursivelyTraverseLayoutEffects (node_modules/react-dom/cjs/react-dom-client.development.js:15159:11)
      at commitLayoutEffectOnFiber (node_modules/react-dom/cjs/react-dom-client.development.js:14065:11)
      at recursivelyTraverseLayoutEffects (node_modules/react-dom/cjs/react-dom-client.development.js:15159:11)
      at commitLayoutEffectOnFiber (node_modules/react-dom/cjs/react-dom-client.development.js:13949:11)
      at recursivelyTraverseLayoutEffects (node_modules/react-dom/cjs/react-dom-client.development.js:15159:11)
      at commitLayoutEffectOnFiber (node_modules/react-dom/cjs/react-dom-client.development.js:14165:11)
      at recursivelyTraverseLayoutEffects (node_modules/react-dom/cjs/react-dom-client.development.js:15159:11)
      at commitLayoutEffectOnFiber (node_modules/react-dom/cjs/react-dom-client.development.js:14165:11)
      at recursivelyTraverseLayoutEffects (node_modules/react-dom/cjs/react-dom-client.development.js:15159:11)
      at commitLayoutEffectOnFiber (node_modules/react-dom/cjs/react-dom-client.development.js:13949:11)
      at recursivelyTraverseLayoutEffects (node_modules/react-dom/cjs/react-dom-client.development.js:15159:11)
      at commitLayoutEffectOnFiber (node_modules/react-dom/cjs/react-dom-client.development.js:13949:11)
      at recursivelyTraverseLayoutEffects (node_modules/react-dom/cjs/react-dom-client.development.js:15159:11)
      at commitLayoutEffectOnFiber (node_modules/react-dom/cjs/react-dom-client.development.js:14165:11)
      at recursivelyTraverseLayoutEffects (node_modules/react-dom/cjs/react-dom-client.development.js:15159:11)
      at commitLayoutEffectOnFiber (node_modules/react-dom/cjs/react-dom-client.development.js:13949:11)
      at recursivelyTraverseLayoutEffects (node_modules/react-dom/cjs/react-dom-client.development.js:15159:11)
      at commitLayoutEffectOnFiber (node_modules/react-dom/cjs/react-dom-client.development.js:13949:11)
      at recursivelyTraverseLayoutEffects (node_modules/react-dom/cjs/react-dom-client.development.js:15159:11)
      at commitLayoutEffectOnFiber (node_modules/react-dom/cjs/react-dom-client.development.js:14031:11)
      at flushLayoutEffects (node_modules/react-dom/cjs/react-dom-client.development.js:18138:15)
      at commitRoot (node_modules/react-dom/cjs/react-dom-client.development.js:17954:9)
      at commitRootWhenReady (node_modules/react-dom/cjs/react-dom-client.development.js:16824:7)
      at performWorkOnRoot (node_modules/react-dom/cjs/react-dom-client.development.js:16722:15)
      at performSyncWorkOnRoot (node_modules/react-dom/cjs/react-dom-client.development.js:18972:7)
      at flushSyncWorkAcrossRoots_impl (node_modules/react-dom/cjs/react-dom-client.development.js:18814:21)
      at processRootScheduleInMicrotask (node_modules/react-dom/cjs/react-dom-client.development.js:18853:9)
      at node_modules/react-dom/cjs/react-dom-client.development.js:18991:13
      at invokeTheCallbackFunction (node_modules/jsdom/lib/jsdom/living/generated/Function.js:19:26)
      at node_modules/jsdom/lib/jsdom/browser/Window.js:613:9

    console.error
      An update to CheckboxProvider inside a test was not wrapped in act(...).
      
      When testing, code that causes React state updates should be wrapped into act(...):
      
      act(() => {
        /* fire events that update state */
      });
      /* assert on the output */
      
      This ensures that you're testing the behavior the user would see in the browser. Learn more at https://react.dev/link/wrap-tests-with-act

      at node_modules/react-dom/cjs/react-dom-client.development.js:18758:19
      at runWithFiberInDEV (node_modules/react-dom/cjs/react-dom-client.development.js:874:13)
      at warnIfUpdatesNotWrappedWithActDEV (node_modules/react-dom/cjs/react-dom-client.development.js:18757:9)
      at scheduleUpdateOnFiber (node_modules/react-dom/cjs/react-dom-client.development.js:16409:11)
      at dispatchSetStateInternal (node_modules/react-dom/cjs/react-dom-client.development.js:9170:13)
      at dispatchSetState (node_modules/react-dom/cjs/react-dom-client.development.js:9127:7)
      at setRef (node_modules/@radix-ui/react-compose-refs/src/compose-refs.tsx:11:12)
      at node_modules/@radix-ui/react-compose-refs/src/compose-refs.tsx:25:23
          at Array.map (<anonymous>)
      at node_modules/@radix-ui/react-compose-refs/src/compose-refs.tsx:24:27
      at commitAttachRef (node_modules/react-dom/cjs/react-dom-client.development.js:13482:44)
      at runWithFiberInDEV (node_modules/react-dom/cjs/react-dom-client.development.js:874:13)
      at safelyAttachRef (node_modules/react-dom/cjs/react-dom-client.development.js:13500:9)
      at commitLayoutEffectOnFiber (node_modules/react-dom/cjs/react-dom-client.development.js:14089:26)
      at recursivelyTraverseLayoutEffects (node_modules/react-dom/cjs/react-dom-client.development.js:15159:11)
      at commitLayoutEffectOnFiber (node_modules/react-dom/cjs/react-dom-client.development.js:13949:11)
      at recursivelyTraverseLayoutEffects (node_modules/react-dom/cjs/react-dom-client.development.js:15159:11)
      at commitLayoutEffectOnFiber (node_modules/react-dom/cjs/react-dom-client.development.js:13949:11)
      at recursivelyTraverseLayoutEffects (node_modules/react-dom/cjs/react-dom-client.development.js:15159:11)
      at commitLayoutEffectOnFiber (node_modules/react-dom/cjs/react-dom-client.development.js:14165:11)
      at recursivelyTraverseLayoutEffects (node_modules/react-dom/cjs/react-dom-client.development.js:15159:11)
      at commitLayoutEffectOnFiber (node_modules/react-dom/cjs/react-dom-client.development.js:13949:11)
      at recursivelyTraverseLayoutEffects (node_modules/react-dom/cjs/react-dom-client.development.js:15159:11)
      at commitLayoutEffectOnFiber (node_modules/react-dom/cjs/react-dom-client.development.js:13949:11)
      at recursivelyTraverseLayoutEffects (node_modules/react-dom/cjs/react-dom-client.development.js:15159:11)
      at commitLayoutEffectOnFiber (node_modules/react-dom/cjs/react-dom-client.development.js:13949:11)
      at recursivelyTraverseLayoutEffects (node_modules/react-dom/cjs/react-dom-client.development.js:15159:11)
      at commitLayoutEffectOnFiber (node_modules/react-dom/cjs/react-dom-client.development.js:13949:11)
      at recursivelyTraverseLayoutEffects (node_modules/react-dom/cjs/react-dom-client.development.js:15159:11)
      at commitLayoutEffectOnFiber (node_modules/react-dom/cjs/react-dom-client.development.js:14065:11)
      at recursivelyTraverseLayoutEffects (node_modules/react-dom/cjs/react-dom-client.development.js:15159:11)
      at commitLayoutEffectOnFiber (node_modules/react-dom/cjs/react-dom-client.development.js:14065:11)
      at recursivelyTraverseLayoutEffects (node_modules/react-dom/cjs/react-dom-client.development.js:15159:11)
      at commitLayoutEffectOnFiber (node_modules/react-dom/cjs/react-dom-client.development.js:14165:11)
      at recursivelyTraverseLayoutEffects (node_modules/react-dom/cjs/react-dom-client.development.js:15159:11)
      at commitLayoutEffectOnFiber (node_modules/react-dom/cjs/react-dom-client.development.js:14065:11)
      at recursivelyTraverseLayoutEffects (node_modules/react-dom/cjs/react-dom-client.development.js:15159:11)
      at commitLayoutEffectOnFiber (node_modules/react-dom/cjs/react-dom-client.development.js:14065:11)
      at recursivelyTraverseLayoutEffects (node_modules/react-dom/cjs/react-dom-client.development.js:15159:11)
      at commitLayoutEffectOnFiber (node_modules/react-dom/cjs/react-dom-client.development.js:14065:11)
      at recursivelyTraverseLayoutEffects (node_modules/react-dom/cjs/react-dom-client.development.js:15159:11)
      at commitLayoutEffectOnFiber (node_modules/react-dom/cjs/react-dom-client.development.js:14065:11)
      at recursivelyTraverseLayoutEffects (node_modules/react-dom/cjs/react-dom-client.development.js:15159:11)
      at commitLayoutEffectOnFiber (node_modules/react-dom/cjs/react-dom-client.development.js:13949:11)
      at recursivelyTraverseLayoutEffects (node_modules/react-dom/cjs/react-dom-client.development.js:15159:11)
      at commitLayoutEffectOnFiber (node_modules/react-dom/cjs/react-dom-client.development.js:14165:11)
      at recursivelyTraverseLayoutEffects (node_modules/react-dom/cjs/react-dom-client.development.js:15159:11)
      at commitLayoutEffectOnFiber (node_modules/react-dom/cjs/react-dom-client.development.js:14165:11)
      at recursivelyTraverseLayoutEffects (node_modules/react-dom/cjs/react-dom-client.development.js:15159:11)
      at commitLayoutEffectOnFiber (node_modules/react-dom/cjs/react-dom-client.development.js:13949:11)
      at recursivelyTraverseLayoutEffects (node_modules/react-dom/cjs/react-dom-client.development.js:15159:11)
      at commitLayoutEffectOnFiber (node_modules/react-dom/cjs/react-dom-client.development.js:13949:11)
      at recursivelyTraverseLayoutEffects (node_modules/react-dom/cjs/react-dom-client.development.js:15159:11)
      at commitLayoutEffectOnFiber (node_modules/react-dom/cjs/react-dom-client.development.js:14165:11)
      at recursivelyTraverseLayoutEffects (node_modules/react-dom/cjs/react-dom-client.development.js:15159:11)
      at commitLayoutEffectOnFiber (node_modules/react-dom/cjs/react-dom-client.development.js:13949:11)
      at recursivelyTraverseLayoutEffects (node_modules/react-dom/cjs/react-dom-client.development.js:15159:11)
      at commitLayoutEffectOnFiber (node_modules/react-dom/cjs/react-dom-client.development.js:13949:11)
      at recursivelyTraverseLayoutEffects (node_modules/react-dom/cjs/react-dom-client.development.js:15159:11)
      at commitLayoutEffectOnFiber (node_modules/react-dom/cjs/react-dom-client.development.js:14031:11)
      at flushLayoutEffects (node_modules/react-dom/cjs/react-dom-client.development.js:18138:15)
      at commitRoot (node_modules/react-dom/cjs/react-dom-client.development.js:17954:9)
      at commitRootWhenReady (node_modules/react-dom/cjs/react-dom-client.development.js:16824:7)
      at performWorkOnRoot (node_modules/react-dom/cjs/react-dom-client.development.js:16722:15)
      at performSyncWorkOnRoot (node_modules/react-dom/cjs/react-dom-client.development.js:18972:7)
      at flushSyncWorkAcrossRoots_impl (node_modules/react-dom/cjs/react-dom-client.development.js:18814:21)
      at processRootScheduleInMicrotask (node_modules/react-dom/cjs/react-dom-client.development.js:18853:9)
      at node_modules/react-dom/cjs/react-dom-client.development.js:18991:13
      at invokeTheCallbackFunction (node_modules/jsdom/lib/jsdom/living/generated/Function.js:19:26)
      at node_modules/jsdom/lib/jsdom/browser/Window.js:613:9

    console.error
      An update to CheckboxProvider inside a test was not wrapped in act(...).
      
      When testing, code that causes React state updates should be wrapped into act(...):
      
      act(() => {
        /* fire events that update state */
      });
      /* assert on the output */
      
      This ensures that you're testing the behavior the user would see in the browser. Learn more at https://react.dev/link/wrap-tests-with-act

      at node_modules/react-dom/cjs/react-dom-client.development.js:18758:19
      at runWithFiberInDEV (node_modules/react-dom/cjs/react-dom-client.development.js:874:13)
      at warnIfUpdatesNotWrappedWithActDEV (node_modules/react-dom/cjs/react-dom-client.development.js:18757:9)
      at scheduleUpdateOnFiber (node_modules/react-dom/cjs/react-dom-client.development.js:16409:11)
      at dispatchSetStateInternal (node_modules/react-dom/cjs/react-dom-client.development.js:9170:13)
      at dispatchSetState (node_modules/react-dom/cjs/react-dom-client.development.js:9127:7)
      at setRef (node_modules/@radix-ui/react-compose-refs/src/compose-refs.tsx:11:12)
      at node_modules/@radix-ui/react-compose-refs/src/compose-refs.tsx:25:23
          at Array.map (<anonymous>)
      at node_modules/@radix-ui/react-compose-refs/src/compose-refs.tsx:24:27
      at commitAttachRef (node_modules/react-dom/cjs/react-dom-client.development.js:13482:44)
      at runWithFiberInDEV (node_modules/react-dom/cjs/react-dom-client.development.js:874:13)
      at safelyAttachRef (node_modules/react-dom/cjs/react-dom-client.development.js:13500:9)
      at commitLayoutEffectOnFiber (node_modules/react-dom/cjs/react-dom-client.development.js:14089:26)
      at recursivelyTraverseLayoutEffects (node_modules/react-dom/cjs/react-dom-client.development.js:15159:11)
      at commitLayoutEffectOnFiber (node_modules/react-dom/cjs/react-dom-client.development.js:13949:11)
      at recursivelyTraverseLayoutEffects (node_modules/react-dom/cjs/react-dom-client.development.js:15159:11)
      at commitLayoutEffectOnFiber (node_modules/react-dom/cjs/react-dom-client.development.js:13949:11)
      at recursivelyTraverseLayoutEffects (node_modules/react-dom/cjs/react-dom-client.development.js:15159:11)
      at commitLayoutEffectOnFiber (node_modules/react-dom/cjs/react-dom-client.development.js:14165:11)
      at recursivelyTraverseLayoutEffects (node_modules/react-dom/cjs/react-dom-client.development.js:15159:11)
      at commitLayoutEffectOnFiber (node_modules/react-dom/cjs/react-dom-client.development.js:13949:11)
      at recursivelyTraverseLayoutEffects (node_modules/react-dom/cjs/react-dom-client.development.js:15159:11)
      at commitLayoutEffectOnFiber (node_modules/react-dom/cjs/react-dom-client.development.js:13949:11)
      at recursivelyTraverseLayoutEffects (node_modules/react-dom/cjs/react-dom-client.development.js:15159:11)
      at commitLayoutEffectOnFiber (node_modules/react-dom/cjs/react-dom-client.development.js:13949:11)
      at recursivelyTraverseLayoutEffects (node_modules/react-dom/cjs/react-dom-client.development.js:15159:11)
      at commitLayoutEffectOnFiber (node_modules/react-dom/cjs/react-dom-client.development.js:13949:11)
      at recursivelyTraverseLayoutEffects (node_modules/react-dom/cjs/react-dom-client.development.js:15159:11)
      at commitLayoutEffectOnFiber (node_modules/react-dom/cjs/react-dom-client.development.js:14065:11)
      at recursivelyTraverseLayoutEffects (node_modules/react-dom/cjs/react-dom-client.development.js:15159:11)
      at commitLayoutEffectOnFiber (node_modules/react-dom/cjs/react-dom-client.development.js:14065:11)
      at recursivelyTraverseLayoutEffects (node_modules/react-dom/cjs/react-dom-client.development.js:15159:11)
      at commitLayoutEffectOnFiber (node_modules/react-dom/cjs/react-dom-client.development.js:14165:11)
      at recursivelyTraverseLayoutEffects (node_modules/react-dom/cjs/react-dom-client.development.js:15159:11)
      at commitLayoutEffectOnFiber (node_modules/react-dom/cjs/react-dom-client.development.js:14065:11)
      at recursivelyTraverseLayoutEffects (node_modules/react-dom/cjs/react-dom-client.development.js:15159:11)
      at commitLayoutEffectOnFiber (node_modules/react-dom/cjs/react-dom-client.development.js:14065:11)
      at recursivelyTraverseLayoutEffects (node_modules/react-dom/cjs/react-dom-client.development.js:15159:11)
      at commitLayoutEffectOnFiber (node_modules/react-dom/cjs/react-dom-client.development.js:14065:11)
      at recursivelyTraverseLayoutEffects (node_modules/react-dom/cjs/react-dom-client.development.js:15159:11)
      at commitLayoutEffectOnFiber (node_modules/react-dom/cjs/react-dom-client.development.js:14065:11)
      at recursivelyTraverseLayoutEffects (node_modules/react-dom/cjs/react-dom-client.development.js:15159:11)
      at commitLayoutEffectOnFiber (node_modules/react-dom/cjs/react-dom-client.development.js:13949:11)
      at recursivelyTraverseLayoutEffects (node_modules/react-dom/cjs/react-dom-client.development.js:15159:11)
      at commitLayoutEffectOnFiber (node_modules/react-dom/cjs/react-dom-client.development.js:14165:11)
      at recursivelyTraverseLayoutEffects (node_modules/react-dom/cjs/react-dom-client.development.js:15159:11)
      at commitLayoutEffectOnFiber (node_modules/react-dom/cjs/react-dom-client.development.js:14165:11)
      at recursivelyTraverseLayoutEffects (node_modules/react-dom/cjs/react-dom-client.development.js:15159:11)
      at commitLayoutEffectOnFiber (node_modules/react-dom/cjs/react-dom-client.development.js:13949:11)
      at recursivelyTraverseLayoutEffects (node_modules/react-dom/cjs/react-dom-client.development.js:15159:11)
      at commitLayoutEffectOnFiber (node_modules/react-dom/cjs/react-dom-client.development.js:13949:11)
      at recursivelyTraverseLayoutEffects (node_modules/react-dom/cjs/react-dom-client.development.js:15159:11)
      at commitLayoutEffectOnFiber (node_modules/react-dom/cjs/react-dom-client.development.js:14165:11)
      at recursivelyTraverseLayoutEffects (node_modules/react-dom/cjs/react-dom-client.development.js:15159:11)
      at commitLayoutEffectOnFiber (node_modules/react-dom/cjs/react-dom-client.development.js:13949:11)
      at recursivelyTraverseLayoutEffects (node_modules/react-dom/cjs/react-dom-client.development.js:15159:11)
      at commitLayoutEffectOnFiber (node_modules/react-dom/cjs/react-dom-client.development.js:13949:11)
      at recursivelyTraverseLayoutEffects (node_modules/react-dom/cjs/react-dom-client.development.js:15159:11)
      at commitLayoutEffectOnFiber (node_modules/react-dom/cjs/react-dom-client.development.js:14031:11)
      at flushLayoutEffects (node_modules/react-dom/cjs/react-dom-client.development.js:18138:15)
      at commitRoot (node_modules/react-dom/cjs/react-dom-client.development.js:17954:9)
      at commitRootWhenReady (node_modules/react-dom/cjs/react-dom-client.development.js:16824:7)
      at performWorkOnRoot (node_modules/react-dom/cjs/react-dom-client.development.js:16722:15)
      at performSyncWorkOnRoot (node_modules/react-dom/cjs/react-dom-client.development.js:18972:7)
      at flushSyncWorkAcrossRoots_impl (node_modules/react-dom/cjs/react-dom-client.development.js:18814:21)
      at processRootScheduleInMicrotask (node_modules/react-dom/cjs/react-dom-client.development.js:18853:9)
      at node_modules/react-dom/cjs/react-dom-client.development.js:18991:13
      at invokeTheCallbackFunction (node_modules/jsdom/lib/jsdom/living/generated/Function.js:19:26)
      at node_modules/jsdom/lib/jsdom/browser/Window.js:613:9

    console.error
      An update to CheckboxProvider inside a test was not wrapped in act(...).
      
      When testing, code that causes React state updates should be wrapped into act(...):
      
      act(() => {
        /* fire events that update state */
      });
      /* assert on the output */
      
      This ensures that you're testing the behavior the user would see in the browser. Learn more at https://react.dev/link/wrap-tests-with-act

      at node_modules/react-dom/cjs/react-dom-client.development.js:18758:19
      at runWithFiberInDEV (node_modules/react-dom/cjs/react-dom-client.development.js:874:13)
      at warnIfUpdatesNotWrappedWithActDEV (node_modules/react-dom/cjs/react-dom-client.development.js:18757:9)
      at scheduleUpdateOnFiber (node_modules/react-dom/cjs/react-dom-client.development.js:16409:11)
      at dispatchSetStateInternal (node_modules/react-dom/cjs/react-dom-client.development.js:9170:13)
      at dispatchSetState (node_modules/react-dom/cjs/react-dom-client.development.js:9127:7)
      at setRef (node_modules/@radix-ui/react-compose-refs/src/compose-refs.tsx:11:12)
      at node_modules/@radix-ui/react-compose-refs/src/compose-refs.tsx:25:23
          at Array.map (<anonymous>)
      at node_modules/@radix-ui/react-compose-refs/src/compose-refs.tsx:24:27
      at runWithFiberInDEV (node_modules/react-dom/cjs/react-dom-client.development.js:874:13)
      at safelyDetachRef (node_modules/react-dom/cjs/react-dom-client.development.js:13529:37)
      at commitDeletionEffectsOnFiber (node_modules/react-dom/cjs/react-dom-client.development.js:14291:13)
      at recursivelyTraverseDeletionEffects (node_modules/react-dom/cjs/react-dom-client.development.js:14223:9)
      at commitDeletionEffectsOnFiber (node_modules/react-dom/cjs/react-dom-client.development.js:14378:11)
      at recursivelyTraverseDeletionEffects (node_modules/react-dom/cjs/react-dom-client.development.js:14223:9)
      at commitDeletionEffectsOnFiber (node_modules/react-dom/cjs/react-dom-client.development.js:14378:11)
      at recursivelyTraverseMutationEffects (node_modules/react-dom/cjs/react-dom-client.development.js:14555:11)
      at commitMutationEffectsOnFiber (node_modules/react-dom/cjs/react-dom-client.development.js:15102:11)
      at recursivelyTraverseMutationEffects (node_modules/react-dom/cjs/react-dom-client.development.js:14576:11)
      at commitMutationEffectsOnFiber (node_modules/react-dom/cjs/react-dom-client.development.js:14591:11)
      at recursivelyTraverseMutationEffects (node_modules/react-dom/cjs/react-dom-client.development.js:14576:11)
      at commitMutationEffectsOnFiber (node_modules/react-dom/cjs/react-dom-client.development.js:14591:11)
      at recursivelyTraverseMutationEffects (node_modules/react-dom/cjs/react-dom-client.development.js:14576:11)
      at commitMutationEffectsOnFiber (node_modules/react-dom/cjs/react-dom-client.development.js:14591:11)
      at recursivelyTraverseMutationEffects (node_modules/react-dom/cjs/react-dom-client.development.js:14576:11)
      at commitMutationEffectsOnFiber (node_modules/react-dom/cjs/react-dom-client.development.js:14591:11)
      at recursivelyTraverseMutationEffects (node_modules/react-dom/cjs/react-dom-client.development.js:14576:11)
      at commitMutationEffectsOnFiber (node_modules/react-dom/cjs/react-dom-client.development.js:14821:11)
      at recursivelyTraverseMutationEffects (node_modules/react-dom/cjs/react-dom-client.development.js:14576:11)
      at commitMutationEffectsOnFiber (node_modules/react-dom/cjs/react-dom-client.development.js:14821:11)
      at recursivelyTraverseMutationEffects (node_modules/react-dom/cjs/react-dom-client.development.js:14576:11)
      at commitMutationEffectsOnFiber (node_modules/react-dom/cjs/react-dom-client.development.js:15102:11)
      at recursivelyTraverseMutationEffects (node_modules/react-dom/cjs/react-dom-client.development.js:14576:11)
      at commitMutationEffectsOnFiber (node_modules/react-dom/cjs/react-dom-client.development.js:14821:11)
      at recursivelyTraverseMutationEffects (node_modules/react-dom/cjs/react-dom-client.development.js:14576:11)
      at commitMutationEffectsOnFiber (node_modules/react-dom/cjs/react-dom-client.development.js:14821:11)
      at recursivelyTraverseMutationEffects (node_modules/react-dom/cjs/react-dom-client.development.js:14576:11)
      at commitMutationEffectsOnFiber (node_modules/react-dom/cjs/react-dom-client.development.js:14821:11)
      at recursivelyTraverseMutationEffects (node_modules/react-dom/cjs/react-dom-client.development.js:14576:11)
      at commitMutationEffectsOnFiber (node_modules/react-dom/cjs/react-dom-client.development.js:14821:11)
      at recursivelyTraverseMutationEffects (node_modules/react-dom/cjs/react-dom-client.development.js:14576:11)
      at commitMutationEffectsOnFiber (node_modules/react-dom/cjs/react-dom-client.development.js:14591:11)
      at recursivelyTraverseMutationEffects (node_modules/react-dom/cjs/react-dom-client.development.js:14576:11)
      at commitMutationEffectsOnFiber (node_modules/react-dom/cjs/react-dom-client.development.js:15102:11)
      at recursivelyTraverseMutationEffects (node_modules/react-dom/cjs/react-dom-client.development.js:14576:11)
      at commitMutationEffectsOnFiber (node_modules/react-dom/cjs/react-dom-client.development.js:15102:11)
      at recursivelyTraverseMutationEffects (node_modules/react-dom/cjs/react-dom-client.development.js:14576:11)
      at commitMutationEffectsOnFiber (node_modules/react-dom/cjs/react-dom-client.development.js:14591:11)
      at recursivelyTraverseMutationEffects (node_modules/react-dom/cjs/react-dom-client.development.js:14576:11)
      at commitMutationEffectsOnFiber (node_modules/react-dom/cjs/react-dom-client.development.js:14591:11)
      at recursivelyTraverseMutationEffects (node_modules/react-dom/cjs/react-dom-client.development.js:14576:11)
      at commitMutationEffectsOnFiber (node_modules/react-dom/cjs/react-dom-client.development.js:15102:11)
      at recursivelyTraverseMutationEffects (node_modules/react-dom/cjs/react-dom-client.development.js:14576:11)
      at commitMutationEffectsOnFiber (node_modules/react-dom/cjs/react-dom-client.development.js:14591:11)
      at recursivelyTraverseMutationEffects (node_modules/react-dom/cjs/react-dom-client.development.js:14576:11)
      at commitMutationEffectsOnFiber (node_modules/react-dom/cjs/react-dom-client.development.js:14591:11)
      at recursivelyTraverseMutationEffects (node_modules/react-dom/cjs/react-dom-client.development.js:14576:11)
      at commitMutationEffectsOnFiber (node_modules/react-dom/cjs/react-dom-client.development.js:14883:11)
      at flushMutationEffects (node_modules/react-dom/cjs/react-dom-client.development.js:17979:13)
      at commitRoot (node_modules/react-dom/cjs/react-dom-client.development.js:17953:9)
      at commitRootWhenReady (node_modules/react-dom/cjs/react-dom-client.development.js:16824:7)
      at performWorkOnRoot (node_modules/react-dom/cjs/react-dom-client.development.js:16722:15)
      at performSyncWorkOnRoot (node_modules/react-dom/cjs/react-dom-client.development.js:18972:7)
      at flushSyncWorkAcrossRoots_impl (node_modules/react-dom/cjs/react-dom-client.development.js:18814:21)
      at processRootScheduleInMicrotask (node_modules/react-dom/cjs/react-dom-client.development.js:18853:9)
      at node_modules/react-dom/cjs/react-dom-client.development.js:18991:13
      at invokeTheCallbackFunction (node_modules/jsdom/lib/jsdom/living/generated/Function.js:19:26)
      at node_modules/jsdom/lib/jsdom/browser/Window.js:613:9

  ● HRM Pages › EmployeeListPage › 4. Cho nghỉ việc (Resign) - hiện modal xác nhận

    Unable to find an element with the text: Xác nhận nghỉ việc. This could be because the text is broken up by multiple elements. In this case, you can provide a function for your text matcher to make your matcher more flexible.

    Ignored nodes: comments, script, style
    [36m<body>[39m
      [36m<div>[39m
        [36m<div[39m
          [33mclass[39m=[32m"flex flex-col h-full"[39m
        [36m>[39m
          [36m<div[39m
            [33mclass[39m=[32m"bg-[#3d6b59] h-12 flex items-center px-6 shadow-md z-10 shrink-0"[39m
          [36m>[39m
            [36m<svg[39m
              [33maria-hidden[39m=[32m"true"[39m
              [33mclass[39m=[32m"lucide lucide-users text-white h-5 w-5 mr-2"[39m
              [33mfill[39m=[32m"none"[39m
              [33mheight[39m=[32m"24"[39m
              [33mstroke[39m=[32m"currentColor"[39m
              [33mstroke-linecap[39m=[32m"round"[39m
              [33mstroke-linejoin[39m=[32m"round"[39m
              [33mstroke-width[39m=[32m"2"[39m
              [33mviewBox[39m=[32m"0 0 24 24"[39m
              [33mwidth[39m=[32m"24"[39m
              [33mxmlns[39m=[32m"http://www.w3.org/2000/svg"[39m
            [36m>[39m
              [36m<path[39m
                [33md[39m=[32m"M16 21v-2a4 4 0 0 0-4-4H6a4 4 0 0 0-4 4v2"[39m
              [36m/>[39m
              [36m<path[39m
                [33md[39m=[32m"M16 3.128a4 4 0 0 1 0 7.744"[39m
              [36m/>[39m
              [36m<path[39m
                [33md[39m=[32m"M22 21v-2a4 4 0 0 0-3-3.87"[39m
              [36m/>[39m
              [36m<circle[39m
                [33mcx[39m=[32m"9"[39m
                [33mcy[39m=[32m"7"[39m
                [33mr[39m=[32m"4"[39m
              [36m/>[39m
            [36m</svg>[39m
            [36m<span[39m
              [33mclass[39m=[32m"text-white font-bold tracking-wide"[39m
            [36m>[39m
              [0mDANH SÁCH NHÂN VIÊN[0m
            [36m</span>[39m
          [36m</div>[39m
          [36m<div[39m
            [33mclass[39m=[32m"flex items-center gap-4 px-4 py-3 border-b bg-background flex-wrap"[39m
          [36m>[39m
            [36m<div[39m
              [33mclass[39m=[32m"flex items-center gap-2"[39m
            [36m>[39m
              [36m<span[39m
                [33mclass[39m=[32m"text-sm text-muted-foreground whitespace-nowrap"[39m
              [36m>[39m
                [0mNhân viên[0m
              [36m</span>[39m
              [36m<div[39m
                [33mclass[39m=[32m"relative"[39m
              [36m>[39m
                [36m<svg[39m
                  [33maria-hidden[39m=[32m"true"[39m
                  [33mclass[39m=[32m"lucide lucide-search absolute left-2.5 top-1/2 -translate-y-1/2 h-3.5 w-3.5 text-muted-foreground"[39m
                  [33mfill[39m=[32m"none"[39m
                  [33mheight[39m=[32m"24"[39m
                  [33mstroke[39m=[32m"currentColor"[39m
                  [33mstroke-linecap[39m=[32m"round"[39m
                  [33mstroke-linejoin[39m=[32m"round"[39m
                  [33mstroke-width[39m=[32m"2"[39m
                  [33mviewBox[39m=[32m"0 0 24 24"[39m
                  [33mwidth[39m=[32m"24"[39m
                  [33mxmlns[39m=[32m"http://www.w3.org/2000/svg"[39m
                [36m>[39m
                  [36m<path[39m
                    [33md[39m=[32m"m21 21-4.34-4.34"[39m
                  [36m/>[39m
                  [36m<circle[39m
                    [33mcx[39m=[32m"11"[39m
                    [33mcy[39m=[32m"11"[39m
                    [33mr[39m=[32m"8"[39m
                  [36m/>[39m
                [36m</svg>[39m
                [36m<input[39m
                  [33mclass[39m=[32m"flex rounded-md border border-input bg-transparent px-3 py-1 text-sm shadow-sm transition-colors file:border-0 file:bg-transparent file:text-sm file:font-medium placeholder:text-muted-foreground focus-visible:outline-none focus-visible:ring-1 focus-visible:ring-ring disabled:cursor-not-allowed disabled:opacity-50 pl-8 w-44 h-8"[39m
                  [33mplaceholder[39m=[32m"Tìm kiếm nhân viên"[39m
                  [33mvalue[39m=[32m""[39m
                [36m/>[39m
              [36m</div>[39m
            [36m</div>[39m
            [36m<div[39m
              [33mclass[39m=[32m"flex items-center gap-2"[39m
            [36m>[39m
              [36m<span[39m
                [33mclass[39m=[32m"text-sm text-muted-foreground whitespace-nowrap"[39m
              [36m>[39m
                [0mTrạng thái[0m
              [36m</span>[39m
              [36m<button[39m
                [33maria-autocomplete[39m=[32m"none"[39m
                [33maria-controls[39m=[32m"radix-_r_17_"[39m
                [33maria-expanded[39m=[32m"false"[39m
                [33mclass[39m=[32m"flex items-center justify-between whitespace-nowrap rounded-md border border-input bg-transparent px-3 py-2 text-sm shadow-sm ring-offset-background placeholder:text-muted-foreground focus:outline-none focus:ring-1 focus:ring-ring disabled:cursor-not-allowed disabled:opacity-50 [&>span]:line-clamp-1 w-40 h-8"[39m
                [33mdata-state[39m=[32m"closed"[39m
                [33mdir[39m=[32m"ltr"[39m
                [33mrole[39m=[32m"combobox"[39m
                [33mtype[39m=[32m"button"[39m
              [36m>[39m
                [36m<span[39m
                  [33mstyle[39m=[32m"pointer-events: none;"[39m
                [36m>[39m
                  [0mTất cả[0m
                [36m</span>[39m
                [36m<svg[39m
                  [33maria-hidden[39m=[32m"true"[39m
                  [33mclass[39m=[32m"lucide lucide-chevron-down h-4 w-4 opacity-50"[39m
                  [33mfill[39m=[32m"none"[39m
                  [33mheight[39m=[32m"24"[39m
                  [33mstroke[39m=[32m"currentColor"[39m
                  [33mstroke-linecap[39m=[32m"round"[39m
                  [33mstroke-linejoin[39m=[32m"round"[39m
                  [33mstroke-width[39m=[32m"2"[39m
                  [33mviewBox[39m=[32m"0 0 24 24"[39m
                  [33mwidth[39m=[32m"24"[39m
                  [33mxmlns[39m=[32m"http://www.w3.org/2000/svg"[39m
                [36m>[39m
                  [36m<path[39m
                    [33md[39m=[32m"m6 9 6 6 6-6"[39m
                  [36m/>[39m
                [36m</svg>[39m
              [36m</button>[39m
            [36m</div>[39m
            [36m<div[39m
              [33mclass[39m=[32m"flex items-center gap-2"[39m
            [36m>[39m
              [36m<span[39m
                [33mclass[39m=[32m"text-sm text-muted-foreground whitespace-nowrap"[39m
              [36m>[39m
                [0mPhòng ban[0m
              [36m</span>[39m
              [36m<button[39m
                [33maria-autocomplete[39m=[32m"none"[39m
                [33maria-controls[39m=[32m"radix-_r_18_"[39m
                [33maria-expanded[39m=[32m"false"[39m
                [33mclass[39m=[32m"flex items-center justify-between whitespace-nowrap rounded-md border border-input bg-transparent px-3 py-2 text-sm shadow-sm ring-offset-background placeholder:text-muted-foreground focus:outline-none focus:ring-1 focus:ring-ring disabled:cursor-not-allowed disabled:opacity-50 [&>span]:line-clamp-1 w-48 h-8"[39m
                [33mdata-state[39m=[32m"closed"[39m
                [33mdir[39m=[32m"ltr"[39m
                [33mrole[39m=[32m"combobox"[39m
                [33mtype[39m=[32m"button"[39m
              [36m>[39m
                [36m<span...

      137 |
      138 |       // Resign modal opens
    > 139 |       await waitFor(() => {
          |                    ^
      140 |         expect(screen.getByText('Xác nhận nghỉ việc')).toBeInTheDocument()
      141 |       })
      142 |

      at waitForWrapper (node_modules/@testing-library/dom/dist/wait-for.js:163:27)
      at Object.<anonymous> (src/__tests__/hrm/pages.test.tsx:139:20)

FAIL src/__tests__/payroll/pages.test.tsx
  ● Console

    console.error
      TypeError: Cannot read properties of undefined (reading 'then')
          at handleDownloadPdf (/Users/tphuc263/Project/hrm_proj/frontend/src/pages/payroll/MyPayrollPage.tsx:68:47)
          at handleDownloadPdf (/Users/tphuc263/Project/hrm_proj/frontend/src/pages/payroll/MyPayrollPage.tsx:124:42)
          at executeDispatch (/Users/tphuc263/Project/hrm_proj/frontend/node_modules/react-dom/cjs/react-dom-client.development.js:19116:9)
          at runWithFiberInDEV (/Users/tphuc263/Project/hrm_proj/frontend/node_modules/react-dom/cjs/react-dom-client.development.js:874:13)
          at processDispatchQueue (/Users/tphuc263/Project/hrm_proj/frontend/node_modules/react-dom/cjs/react-dom-client.development.js:19166:19)
          at /Users/tphuc263/Project/hrm_proj/frontend/node_modules/react-dom/cjs/react-dom-client.development.js:19767:9
          at batchedUpdates$1 (/Users/tphuc263/Project/hrm_proj/frontend/node_modules/react-dom/cjs/react-dom-client.development.js:3255:40)
          at dispatchEventForPluginEventSystem (/Users/tphuc263/Project/hrm_proj/frontend/node_modules/react-dom/cjs/react-dom-client.development.js:19320:7)
          at dispatchEvent (/Users/tphuc263/Project/hrm_proj/frontend/node_modules/react-dom/cjs/react-dom-client.development.js:23585:11)
          at dispatchDiscreteEvent (/Users/tphuc263/Project/hrm_proj/frontend/node_modules/react-dom/cjs/react-dom-client.development.js:23553:11)
          at HTMLDivElement.callTheUserObjectsOperation (/Users/tphuc263/Project/hrm_proj/frontend/node_modules/jsdom/lib/jsdom/living/generated/EventListener.js:26:30)
          at innerInvokeEventListeners (/Users/tphuc263/Project/hrm_proj/frontend/node_modules/jsdom/lib/jsdom/living/events/EventTarget-impl.js:350:25)
          at invokeEventListeners (/Users/tphuc263/Project/hrm_proj/frontend/node_modules/jsdom/lib/jsdom/living/events/EventTarget-impl.js:286:3)
          at HTMLButtonElementImpl._dispatch (/Users/tphuc263/Project/hrm_proj/frontend/node_modules/jsdom/lib/jsdom/living/events/EventTarget-impl.js:233:9)
          at HTMLButtonElementImpl.dispatchEvent (/Users/tphuc263/Project/hrm_proj/frontend/node_modules/jsdom/lib/jsdom/living/events/EventTarget-impl.js:104:17)
          at HTMLButtonElement.dispatchEvent (/Users/tphuc263/Project/hrm_proj/frontend/node_modules/jsdom/lib/jsdom/living/generated/EventTarget.js:241:34)
          at /Users/tphuc263/Project/hrm_proj/frontend/node_modules/@testing-library/user-event/dist/cjs/event/dispatchEvent.js:45:43
          at /Users/tphuc263/Project/hrm_proj/frontend/node_modules/@testing-library/react/dist/pure.js:107:16
          at /Users/tphuc263/Project/hrm_proj/frontend/node_modules/@testing-library/react/dist/act-compat.js:47:24
          at process.env.NODE_ENV.exports.act (/Users/tphuc263/Project/hrm_proj/frontend/node_modules/react/cjs/react.development.js:814:22)
          at /Users/tphuc263/Project/hrm_proj/frontend/node_modules/@testing-library/react/dist/act-compat.js:46:25
          at Object.eventWrapper (/Users/tphuc263/Project/hrm_proj/frontend/node_modules/@testing-library/react/dist/pure.js:106:28)
          at Object.wrapEvent (/Users/tphuc263/Project/hrm_proj/frontend/node_modules/@testing-library/user-event/dist/cjs/event/wrapEvent.js:6:28)
          at Object.dispatchEvent (/Users/tphuc263/Project/hrm_proj/frontend/node_modules/@testing-library/user-event/dist/cjs/event/dispatchEvent.js:45:22)
          at Object.dispatchUIEvent (/Users/tphuc263/Project/hrm_proj/frontend/node_modules/@testing-library/user-event/dist/cjs/event/dispatchEvent.js:22:26)
          at Mouse.up (/Users/tphuc263/Project/hrm_proj/frontend/node_modules/@testing-library/user-event/dist/cjs/system/pointer/mouse.js:100:30)
          at PointerHost.release (/Users/tphuc263/Project/hrm_proj/frontend/node_modules/@testing-library/user-event/dist/cjs/system/pointer/index.js:87:24)
          at pointerAction (/Users/tphuc263/Project/hrm_proj/frontend/node_modules/@testing-library/user-event/dist/cjs/pointer/index.js:54:47)
          at Object.pointer (/Users/tphuc263/Project/hrm_proj/frontend/node_modules/@testing-library/user-event/dist/cjs/pointer/index.js:27:9)
          at Object.asyncWrapper (/Users/tphuc263/Project/hrm_proj/frontend/node_modules/@testing-library/react/dist/pure.js:87:22)
          at Object.<anonymous> (/Users/tphuc263/Project/hrm_proj/frontend/src/__tests__/payroll/pages.test.tsx:229:7)

      227 |       render(<MyPayrollPage />)
      228 |       const btn = await screen.findByRole('button', { name: /Tải PDF/i })
    > 229 |       await userEvent.click(btn)
          |       ^
      230 |
      231 |       expect(html2pdf).toHaveBeenCalled()
      232 |     })

      at process.env.NODE_ENV.reportGlobalError (node_modules/react-dom/cjs/react-dom-client.development.js:25513:23)
      at executeDispatch (node_modules/react-dom/cjs/react-dom-client.development.js:19118:9)
      at runWithFiberInDEV (node_modules/react-dom/cjs/react-dom-client.development.js:874:13)
      at processDispatchQueue (node_modules/react-dom/cjs/react-dom-client.development.js:19166:19)
      at node_modules/react-dom/cjs/react-dom-client.development.js:19767:9
      at batchedUpdates$1 (node_modules/react-dom/cjs/react-dom-client.development.js:3255:40)
      at dispatchEventForPluginEventSystem (node_modules/react-dom/cjs/react-dom-client.development.js:19320:7)
      at dispatchEvent (node_modules/react-dom/cjs/react-dom-client.development.js:23585:11)
      at dispatchDiscreteEvent (node_modules/react-dom/cjs/react-dom-client.development.js:23553:11)
      at HTMLDivElement.callTheUserObjectsOperation (node_modules/jsdom/lib/jsdom/living/generated/EventListener.js:26:30)
      at innerInvokeEventListeners (node_modules/jsdom/lib/jsdom/living/events/EventTarget-impl.js:350:25)
      at invokeEventListeners (node_modules/jsdom/lib/jsdom/living/events/EventTarget-impl.js:286:3)
      at HTMLButtonElementImpl._dispatch (node_modules/jsdom/lib/jsdom/living/events/EventTarget-impl.js:233:9)
      at HTMLButtonElementImpl.dispatchEvent (node_modules/jsdom/lib/jsdom/living/events/EventTarget-impl.js:104:17)
      at HTMLButtonElement.dispatchEvent (node_modules/jsdom/lib/jsdom/living/generated/EventTarget.js:241:34)
      at node_modules/@testing-library/user-event/dist/cjs/event/dispatchEvent.js:45:43
      at node_modules/@testing-library/react/dist/pure.js:107:16
      at node_modules/@testing-library/react/dist/act-compat.js:47:24
      at process.env.NODE_ENV.exports.act (node_modules/react/cjs/react.development.js:814:22)
      at node_modules/@testing-library/react/dist/act-compat.js:46:25
      at Object.eventWrapper (node_modules/@testing-library/react/dist/pure.js:106:28)
      at Object.wrapEvent (node_modules/@testing-library/user-event/dist/cjs/event/wrapEvent.js:6:28)
      at Object.dispatchEvent (node_modules/@testing-library/user-event/dist/cjs/event/dispatchEvent.js:45:22)
      at Object.dispatchUIEvent (node_modules/@testing-library/user-event/dist/cjs/event/dispatchEvent.js:22:26)
      at Mouse.up (node_modules/@testing-library/user-event/dist/cjs/system/pointer/mouse.js:100:30)
      at PointerHost.release (node_modules/@testing-library/user-event/dist/cjs/system/pointer/index.js:87:24)
      at pointerAction (node_modules/@testing-library/user-event/dist/cjs/pointer/index.js:54:47)
      at Object.pointer (node_modules/@testing-library/user-event/dist/cjs/pointer/index.js:27:9)
      at Object.asyncWrapper (node_modules/@testing-library/react/dist/pure.js:87:22)
      at Object.<anonymous> (src/__tests__/payroll/pages.test.tsx:229:7)

  ● Payroll Pages › PayrollListPage › 3. Mở modal Tạo bảng lương -> generatePayroll

    Unable to find role="button" and name `/Xác nhận tạo/i`

    Ignored nodes: comments, script, style
    [36m<body>[39m
      [36m<div>[39m
        [36m<div[39m
          [33mclass[39m=[32m"flex flex-col h-full bg-gray-50/50 min-h-0"[39m
        [36m>[39m
          [36m<div[39m
            [33mclass[39m=[32m"bg-[#3d6b59] h-12 flex items-center justify-between px-6 shadow-md z-10 shrink-0"[39m
          [36m>[39m
            [36m<div[39m
              [33mclass[39m=[32m"flex items-center"[39m
            [36m>[39m
              [36m<svg[39m
                [33maria-hidden[39m=[32m"true"[39m
                [33mclass[39m=[32m"lucide lucide-list-checks text-white h-5 w-5 mr-2"[39m
                [33mfill[39m=[32m"none"[39m
                [33mheight[39m=[32m"24"[39m
                [33mstroke[39m=[32m"currentColor"[39m
                [33mstroke-linecap[39m=[32m"round"[39m
                [33mstroke-linejoin[39m=[32m"round"[39m
                [33mstroke-width[39m=[32m"2"[39m
                [33mviewBox[39m=[32m"0 0 24 24"[39m
                [33mwidth[39m=[32m"24"[39m
                [33mxmlns[39m=[32m"http://www.w3.org/2000/svg"[39m
              [36m>[39m
                [36m<path[39m
                  [33md[39m=[32m"M13 5h8"[39m
                [36m/>[39m
                [36m<path[39m
                  [33md[39m=[32m"M13 12h8"[39m
                [36m/>[39m
                [36m<path[39m
                  [33md[39m=[32m"M13 19h8"[39m
                [36m/>[39m
                [36m<path[39m
                  [33md[39m=[32m"m3 17 2 2 4-4"[39m
                [36m/>[39m
                [36m<path[39m
                  [33md[39m=[32m"m3 7 2 2 4-4"[39m
                [36m/>[39m
              [36m</svg>[39m
              [36m<span[39m
                [33mclass[39m=[32m"text-white font-bold tracking-wide"[39m
              [36m>[39m
                [0mQUẢN LÝ LƯƠNG[0m
              [36m</span>[39m
            [36m</div>[39m
            [36m<div[39m
              [33mclass[39m=[32m"flex items-center gap-3"[39m
            [36m>[39m
              [36m<div[39m
                [33mclass[39m=[32m"flex items-center gap-2 bg-white/20 border border-white/20 rounded-md px-3 py-1 focus-within:ring-2 focus-within:ring-white/50 transition-all"[39m
              [36m>[39m
                [36m<svg[39m
                  [33maria-hidden[39m=[32m"true"[39m
                  [33mclass[39m=[32m"lucide lucide-calendar w-4 h-4 text-white"[39m
                  [33mfill[39m=[32m"none"[39m
                  [33mheight[39m=[32m"24"[39m
                  [33mstroke[39m=[32m"currentColor"[39m
                  [33mstroke-linecap[39m=[32m"round"[39m
                  [33mstroke-linejoin[39m=[32m"round"[39m
                  [33mstroke-width[39m=[32m"2"[39m
                  [33mviewBox[39m=[32m"0 0 24 24"[39m
                  [33mwidth[39m=[32m"24"[39m
                  [33mxmlns[39m=[32m"http://www.w3.org/2000/svg"[39m
                [36m>[39m
                  [36m<path[39m
                    [33md[39m=[32m"M8 2v4"[39m
                  [36m/>[39m
                  [36m<path[39m
                    [33md[39m=[32m"M16 2v4"[39m
                  [36m/>[39m
                  [36m<rect[39m
                    [33mheight[39m=[32m"18"[39m
                    [33mrx[39m=[32m"2"[39m
                    [33mwidth[39m=[32m"18"[39m
                    [33mx[39m=[32m"3"[39m
                    [33my[39m=[32m"4"[39m
                  [36m/>[39m
                  [36m<path[39m
                    [33md[39m=[32m"M3 10h18"[39m
                  [36m/>[39m
                [36m</svg>[39m
                [36m<input[39m
                  [33mclass[39m=[32m"bg-transparent border-none text-sm text-white outline-none w-[130px] [&::-webkit-calendar-picker-indicator]:filter [&::-webkit-calendar-picker-indicator]:invert"[39m
                  [33mtype[39m=[32m"month"[39m
                  [33mvalue[39m=[32m"2026-05"[39m
                [36m/>[39m
              [36m</div>[39m
              [36m<button[39m
                [33mclass[39m=[32m"inline-flex items-center justify-center gap-2 whitespace-nowrap font-medium transition-colors focus-visible:outline-none focus-visible:ring-1 focus-visible:ring-ring disabled:pointer-events-none disabled:opacity-50 [&_svg]:pointer-events-none [&_svg]:size-4 [&_svg]:shrink-0 shadow-sm h-8 rounded-md px-3 text-xs bg-white text-[#3d6b59] hover:bg-white/90"[39m
              [36m>[39m
                [36m<svg[39m
                  [33maria-hidden[39m=[32m"true"[39m
                  [33mclass[39m=[32m"lucide lucide-plus w-4 h-4 mr-1"[39m
                  [33mfill[39m=[32m"none"[39m
                  [33mheight[39m=[32m"24"[39m
                  [33mstroke[39m=[32m"currentColor"[39m
                  [33mstroke-linecap[39m=[32m"round"[39m
                  [33mstroke-linejoin[39m=[32m"round"[39m
                  [33mstroke-width[39m=[32m"2"[39m
                  [33mviewBox[39m=[32m"0 0 24 24"[39m
                  [33mwidth[39m=[32m"24"[39m
                  [33mxmlns[39m=[32m"http://www.w3.org/2000/svg"[39m
                [36m>[39m
                  [36m<path[39m
                    [33md[39m=[32m"M5 12h14"[39m
                  [36m/>[39m
                  [36m<path[39m
                    [33md[39m=[32m"M12 5v14"[39m
                  [36m/>[39m
                [36m</svg>[39m
                [0m Tạo bảng lương tháng[0m
              [36m</button>[39m
            [36m</div>[39m
          [36m</div>[39m
          [36m<div[39m
            [33mclass[39m=[32m"p-6 flex-1 flex flex-col gap-4 min-h-0 overflow-hidden text-sm"[39m
          [36m>[39m
            [36m<div[39m
              [33mclass[39m=[32m"flex items-center justify-between bg-white p-4 rounded-lg shadow-sm border"[39m
            [36m>[39m
              [36m<div[39m
                [33mclass[39m=[32m"flex items-center gap-2"[39m
              [36m>[39m
                [36m<div[39m
                  [33mclass[39m=[32m"relative"[39m
                [36m>[39m
                  [36m<svg[39m
                    [33maria-hidden[39m=[32m"true"[39m
                    [33mclass[39m=[32m"lucide lucide-search absolute left-2.5 top-1/2 -translate-y-1/2 h-4 w-4 text-gray-400"[39m
                    [33mfill[39m=[32m"none"[39m
                    [33mheight[39m=[32m"24"[39m
                    [33mstroke[39m=[32m"currentColor"[39m
                    [33mstroke-linecap[39m=[32m"round"[39m
                    [33mstroke-linejoin[39m=[32m"round"[39m
                    [33mstroke-width[39m=[32m"2"[39m
                    [33mviewBox[39m=[32m"0 0 24 24"[39m
                    [33mwidth[39m=[32m"24"[39m
                    [33mxmlns[39m=[32m"http://www.w3.org/2000/svg"[39m
                  [36m>[39m
                    [36m<path[39m
                      [33md[39m=[32m"m21 21-4.34-4.34"[39m
                    [36m/>[39m
                    [36m<circle[39m
                      [33mcx[39m=[32m"11"[39m
                      [33mcy[39m=[32m"11"[39m
                      [33mr[39m=[32m"8"[39m
                    [36m/>[39m
                  [36m</svg>[39m
                  [36m<input[39m
                    [33mclass[39m=[32m"flex h-9 rounded-md border border-input bg-transparent px-3 p...

      144 |       await userEvent.click(btn)
      145 |
    > 146 |       const submitBtn = await screen.findByRole('button', { name: /Xác nhận tạo/i })
          |                                      ^
      147 |       await userEvent.click(submitBtn)
      148 |
      149 |       await waitFor(() => expect(payrollApi.generatePayroll).toHaveBeenCalled())

      at waitForWrapper (node_modules/@testing-library/dom/dist/wait-for.js:163:27)
      at node_modules/@testing-library/dom/dist/query-helpers.js:86:33
      at Object.findByRole (src/__tests__/payroll/pages.test.tsx:146:38)

  ● Payroll Pages › MyPayrollPage › 1. Render thông tin phiếu lương

    Found multiple elements with the text: /15.000.000/

    Here are the matching elements:

    Ignored nodes: comments, script, style
    [36m<span[39m
      [33mclass[39m=[32m"font-medium"[39m
    [36m>[39m
      [0m15.000.000 ₫[0m
    [36m</span>[39m

    Ignored nodes: comments, script, style
    [36m<p[39m
      [33mclass[39m=[32m"text-2xl font-bold text-primary"[39m
    [36m>[39m
      [0m15.000.000 ₫[0m
    [36m</p>[39m

    (If this is intentional, then use the `*AllBy*` variant of the query (like `queryAllByText`, `getAllByText`, or `findAllByText`)).

    Ignored nodes: comments, script, style
    [36m<body>[39m
      [36m<div>[39m
        [36m<div[39m
          [33mclass[39m=[32m"flex flex-col h-full bg-gray-50 flex-1 overflow-hidden"[39m
        [36m>[39m
          [36m<div[39m
            [33mclass[39m=[32m"bg-[#3d6b59] h-12 flex items-center px-6 shadow-md z-10 shrink-0"[39m
          [36m>[39m
            [36m<svg[39m
              [33maria-hidden[39m=[32m"true"[39m
              [33mclass[39m=[32m"lucide lucide-wallet text-white h-5 w-5 mr-2"[39m
              [33mfill[39m=[32m"none"[39m
              [33mheight[39m=[32m"24"[39m
              [33mstroke[39m=[32m"currentColor"[39m
              [33mstroke-linecap[39m=[32m"round"[39m
              [33mstroke-linejoin[39m=[32m"round"[39m
              [33mstroke-width[39m=[32m"2"[39m
              [33mviewBox[39m=[32m"0 0 24 24"[39m
              [33mwidth[39m=[32m"24"[39m
              [33mxmlns[39m=[32m"http://www.w3.org/2000/svg"[39m
            [36m>[39m
              [36m<path[39m
                [33md[39m=[32m"M19 7V4a1 1 0 0 0-1-1H5a2 2 0 0 0 0 4h15a1 1 0 0 1 1 1v4h-3a2 2 0 0 0 0 4h3a1 1 0 0 0 1-1v-2a1 1 0 0 0-1-1"[39m
              [36m/>[39m
              [36m<path[39m
                [33md[39m=[32m"M3 5v14a2 2 0 0 0 2 2h15a1 1 0 0 0 1-1v-4"[39m
              [36m/>[39m
            [36m</svg>[39m
            [36m<span[39m
              [33mclass[39m=[32m"text-white font-bold tracking-wide"[39m
            [36m>[39m
              [0mLƯƠNG CỦA TÔI[0m
            [36m</span>[39m
          [36m</div>[39m
          [36m<div[39m
            [33mclass[39m=[32m"p-6 overflow-auto"[39m
          [36m>[39m
            [36m<div[39m
              [33mclass[39m=[32m"max-w-5xl mx-auto w-full space-y-6"[39m
            [36m>[39m
              [36m<div[39m
                [33mclass[39m=[32m"flex items-center justify-between bg-white p-6 rounded-xl shadow-sm border border-gray-100"[39m
              [36m>[39m
                [36m<div>[39m
                  [36m<div />[39m
                  [36m<p[39m
                    [33mclass[39m=[32m"text-gray-500 mt-1"[39m
                  [36m>[39m
                    [0mLịch sử các phiếu lương đã được duyệt.[0m
                  [36m</p>[39m
                [36m</div>[39m
              [36m</div>[39m
              [36m<div[39m
                [33mclass[39m=[32m"grid gap-6"[39m
              [36m>[39m
                [36m<div[39m
                  [33mclass[39m=[32m"bg-white rounded-xl shadow-sm border border-gray-200 overflow-hidden relative"[39m
                  [33mid[39m=[32m"payroll-card-1"[39m
                [36m>[39m
                  [36m<div[39m
                    [33mclass[39m=[32m"bg-gray-50 border-b p-4 flex justify-between items-center"[39m
                  [36m>[39m
                    [36m<div[39m
                      [33mclass[39m=[32m"flex items-center gap-3"[39m
                    [36m>[39m
                      [36m<div[39m
                        [33mclass[39m=[32m"bg-primary/10 p-2 rounded-lg text-primary"[39m
                      [36m>[39m
                        [36m<svg[39m
                          [33maria-hidden[39m=[32m"true"[39m
                          [33mclass[39m=[32m"lucide lucide-calendar w-5 h-5"[39m
                          [33mfill[39m=[32m"none"[39m
                          [33mheight[39m=[32m"24"[39m
                          [33mstroke[39m=[32m"currentColor"[39m
                          [33mstroke-linecap[39m=[32m"round"[39m
                          [33mstroke-linejoin[39m=[32m"round"[39m
                          [33mstroke-width[39m=[32m"2"[39m
                          [33mviewBox[39m=[32m"0 0 24 24"[39m
                          [33mwidth[39m=[32m"24"[39m
                          [33mxmlns[39m=[32m"http://www.w3.org/2000/svg"[39m
                        [36m>[39m
                          [36m<path[39m
                            [33md[39m=[32m"M8 2v4"[39m
                          [36m/>[39m
                          [36m<path[39m
                            [33md[39m=[32m"M16 2v4"[39m
                          [36m/>[39m
                          [36m<rect[39m
                            [33mheight[39m=[32m"18"[39m
                            [33mrx[39m=[32m"2"[39m
                            [33mwidth[39m=[32m"18"[39m
                            [33mx[39m=[32m"3"[39m
                            [33my[39m=[32m"4"[39m
                          [36m/>[39m
                          [36m<path[39m
                            [33md[39m=[32m"M3 10h18"[39m
                          [36m/>[39m
                        [36m</svg>[39m
                      [36m</div>[39m
                      [36m<div>[39m
                        [36m<h3[39m
                          [33mclass[39m=[32m"font-semibold text-gray-900"[39m
                        [36m>[39m
                          [0mTháng [0m
                          [0m10[0m
                        [36m</h3>[39m
                        [36m<p[39m
                          [33mclass[39m=[32m"text-xs text-gray-500"[39m
                        [36m>[39m
                          [0mNgày công: [0m
                          [0m22[0m
                          [0m / [0m
                          [0m22[0m
                        [36m</p>[39m
                      [36m</div>[39m
                    [36m</div>[39m
                    [36m<div[39m
                      [33mclass[39m=[32m"flex items-center gap-3"[39m
                    [36m>[39m
                      [36m<button[39m
                        [33mclass[39m=[32m"inline-flex items-center justify-center gap-2 whitespace-nowrap font-medium transition-colors focus-visible:outline-none focus-visible:ring-1 focus-visible:ring-ring disabled:pointer-events-none disabled:opacity-50 [&_svg]:pointer-events-none [&_svg]:size-4 [&_svg]:shrink-0 border border-input bg-background shadow-sm hover:bg-accent h-8 rounded-md px-3 text-xs text-gray-600 hover:text-primary"[39m
                        [33mdata-html2canvas-ignore[39m=[32m"true"[39m
                      [36m>[39m
                        [36m<svg[39m
                          [33maria-hidden[39m=[32m"true"[39m
                          [33mclass[39m=[32m"lucide lucide-download w-4 h-4 mr-2"[39m
                          [33mfill[39m=[32m"none"[39m
                          [33mheight[39m=[32m"24"[39m
                          [33mstroke[39m=[32m"currentColor"[39m
                          [33mstroke-linecap[39m=[32m"round"[39m
                          [33mstroke-linejoin[39m=[32m"round"[39m
                          [33mstroke-width[39m=[32m"2"[39m
                          [33mviewBox[39m=[32m"0 0 24 24"[39m
                          [33mwidth[39m=[32m"24"[39m
                          [33mxmlns[39m=[32m"http://www.w3.org/2000/svg"[39m
                        [36m>[39m
                          [36m<path[39m
                            [33md[39m=[32m"M12 15V3"[39m
                          [36m/>[39m
                          [36m<path[39m
                            [33md[39m=[32m"M21 15v4a2 2 0 0 1-2 2H5a2 2 0 0 1-2-2v-4"[39m
                          [36m/>[39m
                          [36m<path[39m
                            [33md[3...

      211 |     it('1. Render thông tin phiếu lương', async () => {
      212 |       render(<MyPayrollPage />)
    > 213 |       await waitFor(() => {
          |                    ^
      214 |         expect(screen.getByText(/15.000.000/)).toBeInTheDocument()
      215 |       })
      216 |     })

      at waitForWrapper (node_modules/@testing-library/dom/dist/wait-for.js:163:27)
      at Object.<anonymous> (src/__tests__/payroll/pages.test.tsx:213:20)

  ● Payroll Pages › MyPayrollPage › 2. Download PDF gọi html2pdf

    TypeError: Cannot read properties of undefined (reading 'then')

      66 |       element.classList.add('pdf-exporting');
      67 |
    > 68 |       html2pdf().set(opt).from(element).save().then(() => {
         |                                               ^
      69 |         element.classList.remove('pdf-exporting');
      70 |       });
      71 |     }

      at handleDownloadPdf (src/pages/payroll/MyPayrollPage.tsx:68:47)
      at handleDownloadPdf (src/pages/payroll/MyPayrollPage.tsx:124:42)
      at executeDispatch (node_modules/react-dom/cjs/react-dom-client.development.js:19116:9)
      at runWithFiberInDEV (node_modules/react-dom/cjs/react-dom-client.development.js:874:13)
      at processDispatchQueue (node_modules/react-dom/cjs/react-dom-client.development.js:19166:19)
      at node_modules/react-dom/cjs/react-dom-client.development.js:19767:9
      at batchedUpdates$1 (node_modules/react-dom/cjs/react-dom-client.development.js:3255:40)
      at dispatchEventForPluginEventSystem (node_modules/react-dom/cjs/react-dom-client.development.js:19320:7)
      at dispatchEvent (node_modules/react-dom/cjs/react-dom-client.development.js:23585:11)
      at dispatchDiscreteEvent (node_modules/react-dom/cjs/react-dom-client.development.js:23553:11)
      at HTMLDivElement.callTheUserObjectsOperation (node_modules/jsdom/lib/jsdom/living/generated/EventListener.js:26:30)
      at innerInvokeEventListeners (node_modules/jsdom/lib/jsdom/living/events/EventTarget-impl.js:350:25)
      at invokeEventListeners (node_modules/jsdom/lib/jsdom/living/events/EventTarget-impl.js:286:3)
      at HTMLButtonElementImpl._dispatch (node_modules/jsdom/lib/jsdom/living/events/EventTarget-impl.js:233:9)
      at HTMLButtonElementImpl.dispatchEvent (node_modules/jsdom/lib/jsdom/living/events/EventTarget-impl.js:104:17)
      at HTMLButtonElement.dispatchEvent (node_modules/jsdom/lib/jsdom/living/generated/EventTarget.js:241:34)
      at node_modules/@testing-library/user-event/dist/cjs/event/dispatchEvent.js:45:43
      at node_modules/@testing-library/react/dist/pure.js:107:16
      at node_modules/@testing-library/react/dist/act-compat.js:47:24
      at process.env.NODE_ENV.exports.act (node_modules/react/cjs/react.development.js:814:22)
      at node_modules/@testing-library/react/dist/act-compat.js:46:25
      at Object.eventWrapper (node_modules/@testing-library/react/dist/pure.js:106:28)
      at Object.wrapEvent (node_modules/@testing-library/user-event/dist/cjs/event/wrapEvent.js:6:28)
      at Object.dispatchEvent (node_modules/@testing-library/user-event/dist/cjs/event/dispatchEvent.js:45:22)
      at Object.dispatchUIEvent (node_modules/@testing-library/user-event/dist/cjs/event/dispatchEvent.js:22:26)
      at Mouse.up (node_modules/@testing-library/user-event/dist/cjs/system/pointer/mouse.js:100:30)
      at PointerHost.release (node_modules/@testing-library/user-event/dist/cjs/system/pointer/index.js:87:24)
      at pointerAction (node_modules/@testing-library/user-event/dist/cjs/pointer/index.js:54:47)
      at Object.pointer (node_modules/@testing-library/user-event/dist/cjs/pointer/index.js:27:9)
      at Object.asyncWrapper (node_modules/@testing-library/react/dist/pure.js:87:22)
      at Object.<anonymous> (src/__tests__/payroll/pages.test.tsx:229:7)

FAIL src/__tests__/attendance/pages.test.tsx
  ● Console

    console.error
      An update to MonthlyAttendancePage inside a test was not wrapped in act(...).
      
      When testing, code that causes React state updates should be wrapped into act(...):
      
      act(() => {
        /* fire events that update state */
      });
      /* assert on the output */
      
      This ensures that you're testing the behavior the user would see in the browser. Learn more at https://react.dev/link/wrap-tests-with-act

      104 |           sortDir: 'desc',
      105 |         })
    > 106 |         setRecords(data.content)
          |         ^
      107 |         setTotalPages(Math.max(1, data.totalPages))
      108 |         setTotalItems(data.totalElements)
      109 |

      at node_modules/react-dom/cjs/react-dom-client.development.js:18758:19
      at runWithFiberInDEV (node_modules/react-dom/cjs/react-dom-client.development.js:874:13)
      at warnIfUpdatesNotWrappedWithActDEV (node_modules/react-dom/cjs/react-dom-client.development.js:18757:9)
      at scheduleUpdateOnFiber (node_modules/react-dom/cjs/react-dom-client.development.js:16409:11)
      at dispatchSetStateInternal (node_modules/react-dom/cjs/react-dom-client.development.js:9170:13)
      at dispatchSetState (node_modules/react-dom/cjs/react-dom-client.development.js:9127:7)
      at setRecords (src/pages/attendance/MonthlyAttendancePage.tsx:106:9)

    console.error
      An update to MonthlyAttendancePage inside a test was not wrapped in act(...).
      
      When testing, code that causes React state updates should be wrapped into act(...):
      
      act(() => {
        /* fire events that update state */
      });
      /* assert on the output */
      
      This ensures that you're testing the behavior the user would see in the browser. Learn more at https://react.dev/link/wrap-tests-with-act

      105 |         })
      106 |         setRecords(data.content)
    > 107 |         setTotalPages(Math.max(1, data.totalPages))
          |         ^
      108 |         setTotalItems(data.totalElements)
      109 |
      110 |         const totalWorkDays = data.content.filter((r) => r.status !== 'ABSENT').length

      at node_modules/react-dom/cjs/react-dom-client.development.js:18758:19
      at runWithFiberInDEV (node_modules/react-dom/cjs/react-dom-client.development.js:874:13)
      at warnIfUpdatesNotWrappedWithActDEV (node_modules/react-dom/cjs/react-dom-client.development.js:18757:9)
      at scheduleUpdateOnFiber (node_modules/react-dom/cjs/react-dom-client.development.js:16409:11)
      at dispatchSetStateInternal (node_modules/react-dom/cjs/react-dom-client.development.js:9170:13)
      at dispatchSetState (node_modules/react-dom/cjs/react-dom-client.development.js:9127:7)
      at setTotalPages (src/pages/attendance/MonthlyAttendancePage.tsx:107:9)

    console.error
      An update to MonthlyAttendancePage inside a test was not wrapped in act(...).
      
      When testing, code that causes React state updates should be wrapped into act(...):
      
      act(() => {
        /* fire events that update state */
      });
      /* assert on the output */
      
      This ensures that you're testing the behavior the user would see in the browser. Learn more at https://react.dev/link/wrap-tests-with-act

      106 |         setRecords(data.content)
      107 |         setTotalPages(Math.max(1, data.totalPages))
    > 108 |         setTotalItems(data.totalElements)
          |         ^
      109 |
      110 |         const totalWorkDays = data.content.filter((r) => r.status !== 'ABSENT').length
      111 |         const lateCount = data.content.filter((r) => r.status === 'LATE').length

      at node_modules/react-dom/cjs/react-dom-client.development.js:18758:19
      at runWithFiberInDEV (node_modules/react-dom/cjs/react-dom-client.development.js:874:13)
      at warnIfUpdatesNotWrappedWithActDEV (node_modules/react-dom/cjs/react-dom-client.development.js:18757:9)
      at scheduleUpdateOnFiber (node_modules/react-dom/cjs/react-dom-client.development.js:16409:11)
      at dispatchSetStateInternal (node_modules/react-dom/cjs/react-dom-client.development.js:9170:13)
      at dispatchSetState (node_modules/react-dom/cjs/react-dom-client.development.js:9127:7)
      at setTotalItems (src/pages/attendance/MonthlyAttendancePage.tsx:108:9)

    console.error
      An update to MonthlyAttendancePage inside a test was not wrapped in act(...).
      
      When testing, code that causes React state updates should be wrapped into act(...):
      
      act(() => {
        /* fire events that update state */
      });
      /* assert on the output */
      
      This ensures that you're testing the behavior the user would see in the browser. Learn more at https://react.dev/link/wrap-tests-with-act

      112 |         const totalOvertimeHours = data.content.reduce((sum, r) => sum + Number(r.overtimeHours || 0), 0)
      113 |
    > 114 |         setStats({
          |         ^
      115 |           employeeId: data.content[0]?.employeeId || 0,
      116 |           employeeCode: data.content[0]?.employeeCode || '-',
      117 |           employeeName: data.content[0]?.employeeName || user?.employeeName || user?.username || '-',

      at node_modules/react-dom/cjs/react-dom-client.development.js:18758:19
      at runWithFiberInDEV (node_modules/react-dom/cjs/react-dom-client.development.js:874:13)
      at warnIfUpdatesNotWrappedWithActDEV (node_modules/react-dom/cjs/react-dom-client.development.js:18757:9)
      at scheduleUpdateOnFiber (node_modules/react-dom/cjs/react-dom-client.development.js:16409:11)
      at dispatchSetStateInternal (node_modules/react-dom/cjs/react-dom-client.development.js:9170:13)
      at dispatchSetState (node_modules/react-dom/cjs/react-dom-client.development.js:9127:7)
      at setStats (src/pages/attendance/MonthlyAttendancePage.tsx:114:9)

    console.error
      An update to MonthlyAttendancePage inside a test was not wrapped in act(...).
      
      When testing, code that causes React state updates should be wrapped into act(...):
      
      act(() => {
        /* fire events that update state */
      });
      /* assert on the output */
      
      This ensures that you're testing the behavior the user would see in the browser. Learn more at https://react.dev/link/wrap-tests-with-act

      130 |       setTotalItems(0)
      131 |     } finally {
    > 132 |       setLoading(false)
          |       ^
      133 |     }
      134 |   }, [employeeId, isAdmin, month, user?.employeeName, user?.username, currentPage])
      135 |

      at node_modules/react-dom/cjs/react-dom-client.development.js:18758:19
      at runWithFiberInDEV (node_modules/react-dom/cjs/react-dom-client.development.js:874:13)
      at warnIfUpdatesNotWrappedWithActDEV (node_modules/react-dom/cjs/react-dom-client.development.js:18757:9)
      at scheduleUpdateOnFiber (node_modules/react-dom/cjs/react-dom-client.development.js:16409:11)
      at dispatchSetStateInternal (node_modules/react-dom/cjs/react-dom-client.development.js:9170:13)
      at dispatchSetState (node_modules/react-dom/cjs/react-dom-client.development.js:9127:7)
      at setLoading (src/pages/attendance/MonthlyAttendancePage.tsx:132:7)

  ● Attendance Pages › MonthlyAttendancePage › 1. Render stats view (User) - hiện stats từ records

    Found multiple elements with the text: 1

    Here are the matching elements:

    Ignored nodes: comments, script, style
    [36m<p[39m
      [33mclass[39m=[32m"font-medium"[39m
    [36m>[39m
      [0m1[0m
    [36m</p>[39m

    Ignored nodes: comments, script, style
    [36m<p[39m
      [33mclass[39m=[32m"font-medium"[39m
    [36m>[39m
      [0m1[0m
    [36m</p>[39m

    Ignored nodes: comments, script, style
    [36m<td[39m
      [33mclass[39m=[32m"p-3 align-middle [&:has([role=checkbox])]:pr-0"[39m
    [36m>[39m
      [0m1[0m
    [36m</td>[39m

    (If this is intentional, then use the `*AllBy*` variant of the query (like `queryAllByText`, `getAllByText`, or `findAllByText`)).

    Ignored nodes: comments, script, style
    [36m<body>[39m
      [36m<div>[39m
        [36m<div[39m
          [33mclass[39m=[32m"flex-1 flex flex-col overflow-hidden"[39m
        [36m>[39m
          [36m<div[39m
            [33mclass[39m=[32m"bg-[#3d6b59] h-12 flex items-center justify-between px-6 shadow-md z-10"[39m
          [36m>[39m
            [36m<div[39m
              [33mclass[39m=[32m"flex items-center"[39m
            [36m>[39m
              [36m<svg[39m
                [33maria-hidden[39m=[32m"true"[39m
                [33mclass[39m=[32m"lucide lucide-calendar text-white h-5 w-5 mr-2"[39m
                [33mfill[39m=[32m"none"[39m
                [33mheight[39m=[32m"24"[39m
                [33mstroke[39m=[32m"currentColor"[39m
                [33mstroke-linecap[39m=[32m"round"[39m
                [33mstroke-linejoin[39m=[32m"round"[39m
                [33mstroke-width[39m=[32m"2"[39m
                [33mviewBox[39m=[32m"0 0 24 24"[39m
                [33mwidth[39m=[32m"24"[39m
                [33mxmlns[39m=[32m"http://www.w3.org/2000/svg"[39m
              [36m>[39m
                [36m<path[39m
                  [33md[39m=[32m"M8 2v4"[39m
                [36m/>[39m
                [36m<path[39m
                  [33md[39m=[32m"M16 2v4"[39m
                [36m/>[39m
                [36m<rect[39m
                  [33mheight[39m=[32m"18"[39m
                  [33mrx[39m=[32m"2"[39m
                  [33mwidth[39m=[32m"18"[39m
                  [33mx[39m=[32m"3"[39m
                  [33my[39m=[32m"4"[39m
                [36m/>[39m
                [36m<path[39m
                  [33md[39m=[32m"M3 10h18"[39m
                [36m/>[39m
              [36m</svg>[39m
              [36m<span[39m
                [33mclass[39m=[32m"text-white font-bold tracking-wide"[39m
              [36m>[39m
                [0mCÔNG THÁNG[0m
              [36m</span>[39m
            [36m</div>[39m
            [36m<button[39m
              [33mclass[39m=[32m"inline-flex items-center justify-center gap-2 whitespace-nowrap font-medium transition-colors focus-visible:outline-none focus-visible:ring-1 focus-visible:ring-ring disabled:pointer-events-none disabled:opacity-50 [&_svg]:pointer-events-none [&_svg]:size-4 [&_svg]:shrink-0 shadow-sm h-8 rounded-md px-3 text-xs bg-white text-[#3d6b59] hover:bg-white/90"[39m
            [36m>[39m
              [36m<svg[39m
                [33maria-hidden[39m=[32m"true"[39m
                [33mclass[39m=[32m"lucide lucide-file-down h-4 w-4 mr-1"[39m
                [33mfill[39m=[32m"none"[39m
                [33mheight[39m=[32m"24"[39m
                [33mstroke[39m=[32m"currentColor"[39m
                [33mstroke-linecap[39m=[32m"round"[39m
                [33mstroke-linejoin[39m=[32m"round"[39m
                [33mstroke-width[39m=[32m"2"[39m
                [33mviewBox[39m=[32m"0 0 24 24"[39m
                [33mwidth[39m=[32m"24"[39m
                [33mxmlns[39m=[32m"http://www.w3.org/2000/svg"[39m
              [36m>[39m
                [36m<path[39m
                  [33md[39m=[32m"M6 22a2 2 0 0 1-2-2V4a2 2 0 0 1 2-2h8a2.4 2.4 0 0 1 1.704.706l3.588 3.588A2.4 2.4 0 0 1 20 8v12a2 2 0 0 1-2 2z"[39m
                [36m/>[39m
                [36m<path[39m
                  [33md[39m=[32m"M14 2v5a1 1 0 0 0 1 1h5"[39m
                [36m/>[39m
                [36m<path[39m
                  [33md[39m=[32m"M12 18v-6"[39m
                [36m/>[39m
                [36m<path[39m
                  [33md[39m=[32m"m9 15 3 3 3-3"[39m
                [36m/>[39m
              [36m</svg>[39m
              [0mBáo cáo Excel[0m
            [36m</button>[39m
          [36m</div>[39m
          [36m<div[39m
            [33mclass[39m=[32m"p-6 overflow-auto flex-1"[39m
          [36m>[39m
            [36m<div[39m
              [33mclass[39m=[32m"mb-4 flex items-center justify-between gap-3"[39m
            [36m>[39m
              [36m<div />[39m
            [36m</div>[39m
            [36m<div[39m
              [33mclass[39m=[32m"bg-white border rounded-md p-4 mb-4 space-y-4"[39m
            [36m>[39m
              [36m<div[39m
                [33mclass[39m=[32m"grid grid-cols-1 md:grid-cols-3 gap-4"[39m
              [36m>[39m
                [36m<div>[39m
                  [36m<label[39m
                    [33mclass[39m=[32m"text-sm text-muted-foreground mb-1 block"[39m
                  [36m>[39m
                    [0mTháng làm việc[0m
                  [36m</label>[39m
                  [36m<div[39m
                    [33mclass[39m=[32m"relative"[39m
                  [36m>[39m
                    [36m<input[39m
                      [33mclass[39m=[32m"flex h-9 w-full rounded-md border border-input bg-transparent px-3 py-1 text-sm shadow-sm transition-colors file:border-0 file:bg-transparent file:text-sm file:font-medium placeholder:text-muted-foreground focus-visible:outline-none focus-visible:ring-1 focus-visible:ring-ring disabled:cursor-not-allowed disabled:opacity-50 pr-8"[39m
                      [33mtype[39m=[32m"month"[39m
                      [33mvalue[39m=[32m"2026-05"[39m
                    [36m/>[39m
                    [36m<svg[39m
                      [33maria-hidden[39m=[32m"true"[39m
                      [33mclass[39m=[32m"lucide lucide-calendar absolute right-2 top-1/2 -translate-y-1/2 h-4 w-4 text-muted-foreground"[39m
                      [33mfill[39m=[32m"none"[39m
                      [33mheight[39m=[32m"24"[39m
                      [33mstroke[39m=[32m"currentColor"[39m
                      [33mstroke-linecap[39m=[32m"round"[39m
                      [33mstroke-linejoin[39m=[32m"round"[39m
                      [33mstroke-width[39m=[32m"2"[39m
                      [33mviewBox[39m=[32m"0 0 24 24"[39m
                      [33mwidth[39m=[32m"24"[39m
                      [33mxmlns[39m=[32m"http://www.w3.org/2000/svg"[39m
                    [36m>[39m
                      [36m<path[39m
                        [33md[39m=[32m"M8 2v4"[39m
                      [36m/>[39m
                      [36m<path[39m
                        [33md[39m=[32m"M16 2v4"[39m
                      [36m/>[39m
                      [36m<rect[39m
                        [33mheight[39m=[32m"18"[39m
                        [33mrx[39m=[32m"2"[39m
                        [33mwidth[39m=[32m"18"[39m
                        [33mx[39m=[32m"3"[39m
                        [33my[39m=[32m"4"[39m
                      [36m/>[39m
                      [36m<path[39m
                        [33md[39m=[32m"M3 10h18"[39m
                      [36m/>[39m
                    [36m</svg>[39m
                  [36m</div>[39m
                [36m</div>[39m
                [36m<div[39m
                  [33mclass[39m=[32m"flex items-end"[39m
                [36m>[39m
                  [36m<button[39m
                    [33mclass[39m=[32m"inline-flex items-center justify-center gap-2 whitespace-nowrap rounded-md text-sm font-medium transition-colors focus-visible:outline-none focus-visible:ring-1 focus-visible:ring-ring disabled:pointer-events-none disabled:opacity-50 [&_svg]:pointer-events-none [&_svg]:size-4 [&_svg]:shrink-0 border border-input bg-background ...

      173 |       })
      174 |       render(<MonthlyAttendancePage />)
    > 175 |       await waitFor(() => {
          |                    ^
      176 |         // Stats should show: 2 work days (both not ABSENT), 1 late, 1 OT hour
      177 |         expect(screen.getByText('2')).toBeInTheDocument() // totalWorkDays
      178 |         expect(screen.getByText('1')).toBeInTheDocument() // lateCount or OT hours

      at waitForWrapper (node_modules/@testing-library/dom/dist/wait-for.js:163:27)
      at Object.<anonymous> (src/__tests__/attendance/pages.test.tsx:175:20)

  ● Attendance Pages › MonthlyAttendancePage › 2. Filter theo tháng - page renders with month input

    TestingLibraryElementError: Found a label with the text of: /Tháng làm việc/i, however no form control was found associated to that label. Make sure you're using the "for" attribute or "aria-labelledby" attribute correctly.

    Ignored nodes: comments, script, style
    [36m<body>[39m
      [36m<div>[39m
        [36m<div[39m
          [33mclass[39m=[32m"flex-1 flex flex-col overflow-hidden"[39m
        [36m>[39m
          [36m<div[39m
            [33mclass[39m=[32m"bg-[#3d6b59] h-12 flex items-center justify-between px-6 shadow-md z-10"[39m
          [36m>[39m
            [36m<div[39m
              [33mclass[39m=[32m"flex items-center"[39m
            [36m>[39m
              [36m<svg[39m
                [33maria-hidden[39m=[32m"true"[39m
                [33mclass[39m=[32m"lucide lucide-calendar text-white h-5 w-5 mr-2"[39m
                [33mfill[39m=[32m"none"[39m
                [33mheight[39m=[32m"24"[39m
                [33mstroke[39m=[32m"currentColor"[39m
                [33mstroke-linecap[39m=[32m"round"[39m
                [33mstroke-linejoin[39m=[32m"round"[39m
                [33mstroke-width[39m=[32m"2"[39m
                [33mviewBox[39m=[32m"0 0 24 24"[39m
                [33mwidth[39m=[32m"24"[39m
                [33mxmlns[39m=[32m"http://www.w3.org/2000/svg"[39m
              [36m>[39m
                [36m<path[39m
                  [33md[39m=[32m"M8 2v4"[39m
                [36m/>[39m
                [36m<path[39m
                  [33md[39m=[32m"M16 2v4"[39m
                [36m/>[39m
                [36m<rect[39m
                  [33mheight[39m=[32m"18"[39m
                  [33mrx[39m=[32m"2"[39m
                  [33mwidth[39m=[32m"18"[39m
                  [33mx[39m=[32m"3"[39m
                  [33my[39m=[32m"4"[39m
                [36m/>[39m
                [36m<path[39m
                  [33md[39m=[32m"M3 10h18"[39m
                [36m/>[39m
              [36m</svg>[39m
              [36m<span[39m
                [33mclass[39m=[32m"text-white font-bold tracking-wide"[39m
              [36m>[39m
                [0mCÔNG THÁNG[0m
              [36m</span>[39m
            [36m</div>[39m
            [36m<button[39m
              [33mclass[39m=[32m"inline-flex items-center justify-center gap-2 whitespace-nowrap font-medium transition-colors focus-visible:outline-none focus-visible:ring-1 focus-visible:ring-ring disabled:pointer-events-none disabled:opacity-50 [&_svg]:pointer-events-none [&_svg]:size-4 [&_svg]:shrink-0 shadow-sm h-8 rounded-md px-3 text-xs bg-white text-[#3d6b59] hover:bg-white/90"[39m
            [36m>[39m
              [36m<svg[39m
                [33maria-hidden[39m=[32m"true"[39m
                [33mclass[39m=[32m"lucide lucide-file-down h-4 w-4 mr-1"[39m
                [33mfill[39m=[32m"none"[39m
                [33mheight[39m=[32m"24"[39m
                [33mstroke[39m=[32m"currentColor"[39m
                [33mstroke-linecap[39m=[32m"round"[39m
                [33mstroke-linejoin[39m=[32m"round"[39m
                [33mstroke-width[39m=[32m"2"[39m
                [33mviewBox[39m=[32m"0 0 24 24"[39m
                [33mwidth[39m=[32m"24"[39m
                [33mxmlns[39m=[32m"http://www.w3.org/2000/svg"[39m
              [36m>[39m
                [36m<path[39m
                  [33md[39m=[32m"M6 22a2 2 0 0 1-2-2V4a2 2 0 0 1 2-2h8a2.4 2.4 0 0 1 1.704.706l3.588 3.588A2.4 2.4 0 0 1 20 8v12a2 2 0 0 1-2 2z"[39m
                [36m/>[39m
                [36m<path[39m
                  [33md[39m=[32m"M14 2v5a1 1 0 0 0 1 1h5"[39m
                [36m/>[39m
                [36m<path[39m
                  [33md[39m=[32m"M12 18v-6"[39m
                [36m/>[39m
                [36m<path[39m
                  [33md[39m=[32m"m9 15 3 3 3-3"[39m
                [36m/>[39m
              [36m</svg>[39m
              [0mBáo cáo Excel[0m
            [36m</button>[39m
          [36m</div>[39m
          [36m<div[39m
            [33mclass[39m=[32m"p-6 overflow-auto flex-1"[39m
          [36m>[39m
            [36m<div[39m
              [33mclass[39m=[32m"mb-4 flex items-center justify-between gap-3"[39m
            [36m>[39m
              [36m<div />[39m
            [36m</div>[39m
            [36m<div[39m
              [33mclass[39m=[32m"bg-white border rounded-md p-4 mb-4 space-y-4"[39m
            [36m>[39m
              [36m<div[39m
                [33mclass[39m=[32m"grid grid-cols-1 md:grid-cols-3 gap-4"[39m
              [36m>[39m
                [36m<div>[39m
                  [36m<label[39m
                    [33mclass[39m=[32m"text-sm text-muted-foreground mb-1 block"[39m
                  [36m>[39m
                    [0mTháng làm việc[0m
                  [36m</label>[39m
                  [36m<div[39m
                    [33mclass[39m=[32m"relative"[39m
                  [36m>[39m
                    [36m<input[39m
                      [33mclass[39m=[32m"flex h-9 w-full rounded-md border border-input bg-transparent px-3 py-1 text-sm shadow-sm transition-colors file:border-0 file:bg-transparent file:text-sm file:font-medium placeholder:text-muted-foreground focus-visible:outline-none focus-visible:ring-1 focus-visible:ring-ring disabled:cursor-not-allowed disabled:opacity-50 pr-8"[39m
                      [33mtype[39m=[32m"month"[39m
                      [33mvalue[39m=[32m"2026-05"[39m
                    [36m/>[39m
                    [36m<svg[39m
                      [33maria-hidden[39m=[32m"true"[39m
                      [33mclass[39m=[32m"lucide lucide-calendar absolute right-2 top-1/2 -translate-y-1/2 h-4 w-4 text-muted-foreground"[39m
                      [33mfill[39m=[32m"none"[39m
                      [33mheight[39m=[32m"24"[39m
                      [33mstroke[39m=[32m"currentColor"[39m
                      [33mstroke-linecap[39m=[32m"round"[39m
                      [33mstroke-linejoin[39m=[32m"round"[39m
                      [33mstroke-width[39m=[32m"2"[39m
                      [33mviewBox[39m=[32m"0 0 24 24"[39m
                      [33mwidth[39m=[32m"24"[39m
                      [33mxmlns[39m=[32m"http://www.w3.org/2000/svg"[39m
                    [36m>[39m
                      [36m<path[39m
                        [33md[39m=[32m"M8 2v4"[39m
                      [36m/>[39m
                      [36m<path[39m
                        [33md[39m=[32m"M16 2v4"[39m
                      [36m/>[39m
                      [36m<rect[39m
                        [33mheight[39m=[32m"18"[39m
                        [33mrx[39m=[32m"2"[39m
                        [33mwidth[39m=[32m"18"[39m
                        [33mx[39m=[32m"3"[39m
                        [33my[39m=[32m"4"[39m
                      [36m/>[39m
                      [36m<path[39m
                        [33md[39m=[32m"M3 10h18"[39m
                      [36m/>[39m
                    [36m</svg>[39m
                  [36m</div>[39m
                [36m</div>[39m
                [36m<div[39m
                  [33mclass[39m=[32m"flex items-end"[39m
                [36m>[39m
                  [36m<button[39m
                    [33mclass[39m=[32m"inline-flex items-center justify-center gap-2 whitespace-nowrap rounded-md text-sm font-medium transition-colors focus-visible:outline-none focus-visible:ring-1 focus-visible:ring-ring disabled:pointer-events-none disabled:opacity-50 [&_svg]:pointer-events-none [&_svg]:size-4 [&_svg]:shrink-0 border border-input bg-background ...

      183 |       render(<MonthlyAttendancePage />)
      184 |       // Check month input exists
    > 185 |       const monthInput = screen.getByLabelText(/Tháng làm việc/i) ||
          |                                 ^
      186 |         screen.getByDisplayValue(new RegExp(`${new Date().getFullYear()}`))
      187 |       expect(monthInput).toBeInTheDocument()
      188 |     })

      at Object.getElementError (node_modules/@testing-library/dom/dist/config.js:37:19)
      at getAllByLabelText (node_modules/@testing-library/dom/dist/queries/label-text.js:108:40)
      at node_modules/@testing-library/dom/dist/query-helpers.js:52:17
      at node_modules/@testing-library/dom/dist/query-helpers.js:95:19
      at Object.getByLabelText (src/__tests__/attendance/pages.test.tsx:185:33)

  ● Attendance Pages › OvertimeRegistrationPage › 2. Click tạo mới -> mở modal đăng ký

    Found multiple elements with the text: /Đăng ký tăng ca/i

    Here are the matching elements:

    Ignored nodes: comments, script, style
    [36m<button[39m
      [33mclass[39m=[32m"inline-flex items-center justify-center whitespace-nowrap text-sm font-medium focus-visible:outline-none focus-visible:ring-1 focus-visible:ring-ring disabled:pointer-events-none disabled:opacity-50 [&_svg]:pointer-events-none [&_svg]:size-4 [&_svg]:shrink-0 py-2 bg-[#3d6b59] hover:bg-[#2d4f42] text-white shadow-lg hover:shadow-xl transition-all gap-2 h-11 px-6 rounded-xl"[39m
    [36m>[39m
      [36m<svg[39m
        [33maria-hidden[39m=[32m"true"[39m
        [33mclass[39m=[32m"lucide lucide-plus h-5 w-5"[39m
        [33mfill[39m=[32m"none"[39m
        [33mheight[39m=[32m"24"[39m
        [33mstroke[39m=[32m"currentColor"[39m
        [33mstroke-linecap[39m=[32m"round"[39m
        [33mstroke-linejoin[39m=[32m"round"[39m
        [33mstroke-width[39m=[32m"2"[39m
        [33mviewBox[39m=[32m"0 0 24 24"[39m
        [33mwidth[39m=[32m"24"[39m
        [33mxmlns[39m=[32m"http://www.w3.org/2000/svg"[39m
      [36m>[39m
        [36m<path[39m
          [33md[39m=[32m"M5 12h14"[39m
        [36m/>[39m
        [36m<path[39m
          [33md[39m=[32m"M12 5v14"[39m
        [36m/>[39m
      [36m</svg>[39m
      [0mĐăng ký tăng ca mới[0m
    [36m</button>[39m

    Ignored nodes: comments, script, style
    [36m<h2[39m
      [33mclass[39m=[32m"text-xl font-bold flex items-center gap-2"[39m
    [36m>[39m
      [36m<svg[39m
        [33maria-hidden[39m=[32m"true"[39m
        [33mclass[39m=[32m"lucide lucide-send h-5 w-5"[39m
        [33mfill[39m=[32m"none"[39m
        [33mheight[39m=[32m"24"[39m
        [33mstroke[39m=[32m"currentColor"[39m
        [33mstroke-linecap[39m=[32m"round"[39m
        [33mstroke-linejoin[39m=[32m"round"[39m
        [33mstroke-width[39m=[32m"2"[39m
        [33mviewBox[39m=[32m"0 0 24 24"[39m
        [33mwidth[39m=[32m"24"[39m
        [33mxmlns[39m=[32m"http://www.w3.org/2000/svg"[39m
      [36m>[39m
        [36m<path[39m
          [33md[39m=[32m"M14.536 21.686a.5.5 0 0 0 .937-.024l6.5-19a.496.496 0 0 0-.635-.635l-19 6.5a.5.5 0 0 0-.024.937l7.93 3.18a2 2 0 0 1 1.112 1.11z"[39m
        [36m/>[39m
        [36m<path[39m
          [33md[39m=[32m"m21.854 2.147-10.94 10.939"[39m
        [36m/>[39m
      [36m</svg>[39m
      [0mĐăng ký tăng ca[0m
    [36m</h2>[39m

    (If this is intentional, then use the `*AllBy*` variant of the query (like `queryAllByText`, `getAllByText`, or `findAllByText`)).

    Ignored nodes: comments, script, style
    [36m<body>[39m
      [36m<div>[39m
        [36m<div[39m
          [33mclass[39m=[32m"flex-1 flex flex-col h-full bg-slate-50"[39m
        [36m>[39m
          [36m<div[39m
            [33mclass[39m=[32m"bg-[#3d6b59] h-12 flex items-center px-6 shadow-md z-10"[39m
          [36m>[39m
            [36m<svg[39m
              [33maria-hidden[39m=[32m"true"[39m
              [33mclass[39m=[32m"lucide lucide-clock text-white h-5 w-5 mr-2"[39m
              [33mfill[39m=[32m"none"[39m
              [33mheight[39m=[32m"24"[39m
              [33mstroke[39m=[32m"currentColor"[39m
              [33mstroke-linecap[39m=[32m"round"[39m
              [33mstroke-linejoin[39m=[32m"round"[39m
              [33mstroke-width[39m=[32m"2"[39m
              [33mviewBox[39m=[32m"0 0 24 24"[39m
              [33mwidth[39m=[32m"24"[39m
              [33mxmlns[39m=[32m"http://www.w3.org/2000/svg"[39m
            [36m>[39m
              [36m<circle[39m
                [33mcx[39m=[32m"12"[39m
                [33mcy[39m=[32m"12"[39m
                [33mr[39m=[32m"10"[39m
              [36m/>[39m
              [36m<path[39m
                [33md[39m=[32m"M12 6v6l4 2"[39m
              [36m/>[39m
            [36m</svg>[39m
            [36m<span[39m
              [33mclass[39m=[32m"text-white font-bold tracking-wide"[39m
            [36m>[39m
              [0mQUẢN LÝ TĂNG CA[0m
            [36m</span>[39m
          [36m</div>[39m
          [36m<div[39m
            [33mclass[39m=[32m"flex-1 overflow-auto p-4 md:p-8"[39m
          [36m>[39m
            [36m<div[39m
              [33mclass[39m=[32m"max-w-7xl mx-auto space-y-6"[39m
            [36m>[39m
              [36m<div[39m
                [33mclass[39m=[32m"flex flex-col md:flex-row md:items-center justify-between gap-4"[39m
              [36m>[39m
                [36m<div[39m
                  [33mclass[39m=[32m"flex bg-white p-1.5 rounded-2xl shadow-sm border w-fit"[39m
                [36m>[39m
                  [36m<button[39m
                    [33mclass[39m=[32m"px-6 py-2.5 rounded-xl text-sm font-bold transition-all bg-[#3d6b59] text-white shadow-md"[39m
                  [36m>[39m
                    [0mĐơn đăng ký[0m
                  [36m</button>[39m
                  [36m<button[39m
                    [33mclass[39m=[32m"px-6 py-2.5 rounded-xl text-sm font-bold transition-all text-slate-500 hover:bg-slate-100"[39m
                  [36m>[39m
                    [0mBảng chấm công OT[0m
                  [36m</button>[39m
                [36m</div>[39m
                [36m<button[39m
                  [33mclass[39m=[32m"inline-flex items-center justify-center whitespace-nowrap text-sm font-medium focus-visible:outline-none focus-visible:ring-1 focus-visible:ring-ring disabled:pointer-events-none disabled:opacity-50 [&_svg]:pointer-events-none [&_svg]:size-4 [&_svg]:shrink-0 py-2 bg-[#3d6b59] hover:bg-[#2d4f42] text-white shadow-lg hover:shadow-xl transition-all gap-2 h-11 px-6 rounded-xl"[39m
                [36m>[39m
                  [36m<svg[39m
                    [33maria-hidden[39m=[32m"true"[39m
                    [33mclass[39m=[32m"lucide lucide-plus h-5 w-5"[39m
                    [33mfill[39m=[32m"none"[39m
                    [33mheight[39m=[32m"24"[39m
                    [33mstroke[39m=[32m"currentColor"[39m
                    [33mstroke-linecap[39m=[32m"round"[39m
                    [33mstroke-linejoin[39m=[32m"round"[39m
                    [33mstroke-width[39m=[32m"2"[39m
                    [33mviewBox[39m=[32m"0 0 24 24"[39m
                    [33mwidth[39m=[32m"24"[39m
                    [33mxmlns[39m=[32m"http://www.w3.org/2000/svg"[39m
                  [36m>[39m
                    [36m<path[39m
                      [33md[39m=[32m"M5 12h14"[39m
                    [36m/>[39m
                    [36m<path[39m
                      [33md[39m=[32m"M12 5v14"[39m
                    [36m/>[39m
                  [36m</svg>[39m
                  [0mĐăng ký tăng ca mới[0m
                [36m</button>[39m
              [36m</div>[39m
              [36m<div[39m
                [33mclass[39m=[32m"bg-white rounded-3xl shadow-xl border border-slate-200/60 overflow-hidden"[39m
              [36m>[39m
                [36m<div[39m
                  [33mclass[39m=[32m"p-6 border-b bg-slate-50/50"[39m
                [36m>[39m
                  [36m<div[39m
                    [33mclass[39m=[32m"flex flex-col md:flex-row gap-4"[39m
                  [36m>[39m
                    [36m<div[39m
                      [33mclass[39m=[32m"flex-1 relative group"[39m
                    [36m>[39m
                      [36m<input[39m
                        [33mclass[39m=[32m"flex w-full border px-3 py-1 text-sm shadow-sm file:border-0 file:bg-transparent file:text-sm file:font-medium placeholder:text-muted-foreground focus-visible:outline-none focus-visible:ring-1 focus-visible:ring-ring disabled:cursor-not-allowed disabled:opacity-50 pl-12 h-12 bg-white border-slate-200 rounded-xl focus:ring-[#3d6b59] group-hover:border-slate-300 transition-all"[39m
                        [33mplaceholder[39m=[32m"Tìm kiếm theo mã, tên hoặc lý do..."[39m
                        [33mvalue[39m=[32m""[39m
                      [36m/>[39m
                      [36m<svg[39m
                        [33maria-hidden[39m=[32m"true"[39m
                        [33mclass[39m=[32m"lucide lucide-search absolute left-4 top-1/2 -translate-y-1/2 h-5 w-5 text-slate-400 group-focus-within:text-[#3d6b59] transition-colors"[39m
                        [33mfill[39m=[32m"none"[39m
                        [33mheight[39m=[32m"24"[39m
                        [33mstroke[39m=[32m"currentColor"[39m
                        [33mstroke-linecap[39m=[32m"round"[39m
                        [33mstroke-linejoin[39m=[32m"round"[39m
                        [33mstroke-width[39m=[32m"2"[39m
                        [33mviewBox[39m=[32m"0 0 24 24"[39m
                        [33mwidth[39m=[32m"24"[39m
                        [33mxmlns[39m=[32m"http://www.w3.org/2000/svg"[39m
                      [36m>[39m
                        [36m<path[39m
                          [33md[39m=[32m"m21 21-4.34-4.34"[39m
                        [36m/>[39m
                        [36m<circle[39m
                          [33mcx[39m=[32m"11"[39m
                          [33mcy[39m=[32m"11"[39m
                          [33mr[39m=[32m"8"[39m
                        [36m/>[39m
                      [36m</svg>[39m
                    [36m</div>[39m
                    [36m<select[39m
                      [33mclass[39m=[32m"h-12 bg-white rounded-xl border-slate-200 px-4 text-sm font-medium focus:outline-none focus:ring-2 focus:ring-[#3d6b59]"[39m
                    [36m>[39m
                      [36m<option[39m
                        [33mvalue[39m=[32m""[39m
                      [36m>[39m
                        [0mTất cả trạng thái[0m
                      [36m</option>[39m
                      [36m<option[39m
                        [33mvalue[39m=[32m"PENDING"[39m
                      [36m>[39m
                        [0mChờ duyệt[0m
               ...

      233 |       await userEvent.click(createBtn)
      234 |
    > 235 |       await waitFor(() => {
          |                    ^
      236 |         expect(screen.getByText(/Đăng ký tăng ca/i)).toBeInTheDocument()
      237 |       })
      238 |     })

      at waitForWrapper (node_modules/@testing-library/dom/dist/wait-for.js:163:27)
      at Object.<anonymous> (src/__tests__/attendance/pages.test.tsx:235:20)

  ● Attendance Pages › OvertimeRegistrationPage › 5. Admin: Từ chối OT

    Found multiple elements with the role "textbox" and name ""

    Here are the matching elements:

    Ignored nodes: comments, script, style
    [36m<input[39m
      [33mclass[39m=[32m"flex w-full border px-3 py-1 text-sm shadow-sm file:border-0 file:bg-transparent file:text-sm file:font-medium placeholder:text-muted-foreground focus-visible:outline-none focus-visible:ring-1 focus-visible:ring-ring disabled:cursor-not-allowed disabled:opacity-50 pl-12 h-12 bg-white border-slate-200 rounded-xl focus:ring-[#3d6b59] group-hover:border-slate-300 transition-all"[39m
      [33mplaceholder[39m=[32m"Tìm kiếm theo mã, tên hoặc lý do..."[39m
      [33mvalue[39m=[32m""[39m
    [36m/>[39m

    Ignored nodes: comments, script, style
    [36m<textarea[39m
      [33mclass[39m=[32m"flex w-full border bg-transparent px-3 py-2 text-sm shadow-sm placeholder:text-muted-foreground focus-visible:outline-none focus-visible:ring-1 focus-visible:ring-ring disabled:cursor-not-allowed disabled:opacity-50 pl-9 min-h-[120px] rounded-xl border-slate-200 focus:ring-red-500"[39m
      [33mplaceholder[39m=[32m"Nhập nội dung..."[39m
    [36m/>[39m

    (If this is intentional, then use the `*AllBy*` variant of the query (like `queryAllByText`, `getAllByText`, or `findAllByText`)).

    Ignored nodes: comments, script, style
    [36m<body>[39m
      [36m<div>[39m
        [36m<div[39m
          [33mclass[39m=[32m"flex-1 flex flex-col h-full bg-slate-50"[39m
        [36m>[39m
          [36m<div[39m
            [33mclass[39m=[32m"bg-[#3d6b59] h-12 flex items-center px-6 shadow-md z-10"[39m
          [36m>[39m
            [36m<svg[39m
              [33maria-hidden[39m=[32m"true"[39m
              [33mclass[39m=[32m"lucide lucide-clock text-white h-5 w-5 mr-2"[39m
              [33mfill[39m=[32m"none"[39m
              [33mheight[39m=[32m"24"[39m
              [33mstroke[39m=[32m"currentColor"[39m
              [33mstroke-linecap[39m=[32m"round"[39m
              [33mstroke-linejoin[39m=[32m"round"[39m
              [33mstroke-width[39m=[32m"2"[39m
              [33mviewBox[39m=[32m"0 0 24 24"[39m
              [33mwidth[39m=[32m"24"[39m
              [33mxmlns[39m=[32m"http://www.w3.org/2000/svg"[39m
            [36m>[39m
              [36m<circle[39m
                [33mcx[39m=[32m"12"[39m
                [33mcy[39m=[32m"12"[39m
                [33mr[39m=[32m"10"[39m
              [36m/>[39m
              [36m<path[39m
                [33md[39m=[32m"M12 6v6l4 2"[39m
              [36m/>[39m
            [36m</svg>[39m
            [36m<span[39m
              [33mclass[39m=[32m"text-white font-bold tracking-wide"[39m
            [36m>[39m
              [0mQUẢN LÝ TĂNG CA[0m
            [36m</span>[39m
          [36m</div>[39m
          [36m<div[39m
            [33mclass[39m=[32m"flex-1 overflow-auto p-4 md:p-8"[39m
          [36m>[39m
            [36m<div[39m
              [33mclass[39m=[32m"max-w-7xl mx-auto space-y-6"[39m
            [36m>[39m
              [36m<div[39m
                [33mclass[39m=[32m"flex flex-col md:flex-row md:items-center justify-between gap-4"[39m
              [36m>[39m
                [36m<div[39m
                  [33mclass[39m=[32m"flex bg-white p-1.5 rounded-2xl shadow-sm border w-fit"[39m
                [36m>[39m
                  [36m<button[39m
                    [33mclass[39m=[32m"px-6 py-2.5 rounded-xl text-sm font-bold transition-all bg-[#3d6b59] text-white shadow-md"[39m
                  [36m>[39m
                    [0mĐơn đăng ký[0m
                  [36m</button>[39m
                  [36m<button[39m
                    [33mclass[39m=[32m"px-6 py-2.5 rounded-xl text-sm font-bold transition-all text-slate-500 hover:bg-slate-100"[39m
                  [36m>[39m
                    [0mBảng chấm công OT[0m
                  [36m</button>[39m
                [36m</div>[39m
              [36m</div>[39m
              [36m<div[39m
                [33mclass[39m=[32m"bg-white rounded-3xl shadow-xl border border-slate-200/60 overflow-hidden"[39m
              [36m>[39m
                [36m<div[39m
                  [33mclass[39m=[32m"p-6 border-b bg-slate-50/50"[39m
                [36m>[39m
                  [36m<div[39m
                    [33mclass[39m=[32m"flex flex-col md:flex-row gap-4"[39m
                  [36m>[39m
                    [36m<div[39m
                      [33mclass[39m=[32m"flex-1 relative group"[39m
                    [36m>[39m
                      [36m<input[39m
                        [33mclass[39m=[32m"flex w-full border px-3 py-1 text-sm shadow-sm file:border-0 file:bg-transparent file:text-sm file:font-medium placeholder:text-muted-foreground focus-visible:outline-none focus-visible:ring-1 focus-visible:ring-ring disabled:cursor-not-allowed disabled:opacity-50 pl-12 h-12 bg-white border-slate-200 rounded-xl focus:ring-[#3d6b59] group-hover:border-slate-300 transition-all"[39m
                        [33mplaceholder[39m=[32m"Tìm kiếm theo mã, tên hoặc lý do..."[39m
                        [33mvalue[39m=[32m""[39m
                      [36m/>[39m
                      [36m<svg[39m
                        [33maria-hidden[39m=[32m"true"[39m
                        [33mclass[39m=[32m"lucide lucide-search absolute left-4 top-1/2 -translate-y-1/2 h-5 w-5 text-slate-400 group-focus-within:text-[#3d6b59] transition-colors"[39m
                        [33mfill[39m=[32m"none"[39m
                        [33mheight[39m=[32m"24"[39m
                        [33mstroke[39m=[32m"currentColor"[39m
                        [33mstroke-linecap[39m=[32m"round"[39m
                        [33mstroke-linejoin[39m=[32m"round"[39m
                        [33mstroke-width[39m=[32m"2"[39m
                        [33mviewBox[39m=[32m"0 0 24 24"[39m
                        [33mwidth[39m=[32m"24"[39m
                        [33mxmlns[39m=[32m"http://www.w3.org/2000/svg"[39m
                      [36m>[39m
                        [36m<path[39m
                          [33md[39m=[32m"m21 21-4.34-4.34"[39m
                        [36m/>[39m
                        [36m<circle[39m
                          [33mcx[39m=[32m"11"[39m
                          [33mcy[39m=[32m"11"[39m
                          [33mr[39m=[32m"8"[39m
                        [36m/>[39m
                      [36m</svg>[39m
                    [36m</div>[39m
                    [36m<select[39m
                      [33mclass[39m=[32m"h-12 bg-white rounded-xl border-slate-200 px-4 text-sm font-medium focus:outline-none focus:ring-2 focus:ring-[#3d6b59]"[39m
                    [36m>[39m
                      [36m<option[39m
                        [33mvalue[39m=[32m""[39m
                      [36m>[39m
                        [0mTất cả trạng thái[0m
                      [36m</option>[39m
                      [36m<option[39m
                        [33mvalue[39m=[32m"PENDING"[39m
                      [36m>[39m
                        [0mChờ duyệt[0m
                      [36m</option>[39m
                      [36m<option[39m
                        [33mvalue[39m=[32m"APPROVED"[39m
                      [36m>[39m
                        [0mĐã duyệt[0m
                      [36m</option>[39m
                      [36m<option[39m
                        [33mvalue[39m=[32m"REJECTED"[39m
                      [36m>[39m
                        [0mTừ chối[0m
                      [36m</option>[39m
                      [36m<option[39m
                        [33mvalue[39m=[32m"CANCELLED"[39m
                      [36m>[39m
                        [0mĐã hủy[0m
                      [36m</option>[39m
                    [36m</select>[39m
                    [36m<button[39m
                      [33mclass[39m=[32m"inline-flex items-center justify-center whitespace-nowrap text-sm font-medium transition-colors focus-visible:outline-none focus-visible:ring-1 focus-visible:ring-ring disabled:pointer-events-none disabled:opacity-50 [&_svg]:pointer-events-none [&_svg]:size-4 [&_svg]:shrink-0 border bg-background shadow-sm hover:text-accent-foreground py-2 h-12 px-5 rounded-xl border-slate-200 hover:bg-slate-100 gap-2"[39m
                    [36m>[39m
                      [36m<svg[39m
                        [33maria-hidden[39m=[32m"true"[39m
                        [33mclass[39m=[32m"lucide lucide-refresh-cw h-4 w-4"[39m
                        [33mfill[39m=[32m"none"[39m
                        [33mheight[39m=[32m"24"[39m
                        [33mstroke[39m...

      280 |
      281 |       // PromptModal uses textarea, not input
    > 282 |       const textarea = await screen.findByRole('textbox', { name: '' })
          |                                     ^
      283 |       // If multiple textboxes, find the one in the modal (textarea)
      284 |       const textboxes = screen.getAllByRole('textbox')
      285 |       const promptTextbox = textboxes[textboxes.length - 1] // Prompt modal textarea is last

      at waitForWrapper (node_modules/@testing-library/dom/dist/wait-for.js:163:27)
      at node_modules/@testing-library/dom/dist/query-helpers.js:86:33
      at Object.findByRole (src/__tests__/attendance/pages.test.tsx:282:37)

Test Suites: 8 failed, 1 passed, 9 total
Tests:       26 failed, 81 passed, 107 total
Snapshots:   0 total
Time:        4.681 s, estimated 5 s
Ran all test suites.
